Initialized native services in: C:\Users\13880\.gradle\native
Initialized jansi services in: C:\Users\13880\.gradle\native
Received JVM installation metadata from 'C:\Program Files\Eclipse Adoptium\jdk-8.0.482.8-hotspot': {JAVA_HOME=C:\Program Files\Eclipse Adoptium\jdk-8.0.482.8-hotspot\jre, JAVA_VERSION=1.8.0_482, JAVA_VENDOR=Temurin, RUNTIME_NAME=OpenJDK Runtime Environment, RUNTIME_VERSION=1.8.0_482-b08, VM_NAME=OpenJDK 64-Bit Server VM, VM_VERSION=25.482-b08, VM_VENDOR=Temurin, OS_ARCH=amd64}
Starting process 'command 'C:\Users\13880\.jdks\ms-17.0.18\bin\java.exe''. Working directory: C:\Users\13880\.gradle\.tmp\tmp-jvm1595926327332095352probe Command: C:\Users\13880\.jdks\ms-17.0.18\bin\java.exe -cp . JavaProbe
Successfully started process 'command 'C:\Users\13880\.jdks\ms-17.0.18\bin\java.exe''
Received JVM installation metadata from 'C:\Users\13880\.jdks\ms-17.0.18': {JAVA_HOME=C:\Users\13880\.jdks\ms-17.0.18, JAVA_VERSION=17.0.18, JAVA_VENDOR=Microsoft, RUNTIME_NAME=OpenJDK Runtime Environment, RUNTIME_VERSION=17.0.18+8-LTS, VM_NAME=OpenJDK 64-Bit Server VM, VM_VERSION=17.0.18+8-LTS, VM_VENDOR=Microsoft, OS_ARCH=amd64}
Found daemon DaemonInfo{pid=34424, address=[c01d644a-1e26-4be0-953f-21f423ba3152 port:58797, addresses:[/127.0.0.1]], state=Idle, lastBusy=1775656797510, context=DefaultDaemonContext[uid=87cf13ab-0d63-49cf-a5bd-d7991917cbb5,javaHome=C:\Program Files\Eclipse Adoptium\jdk-8.0.482.8-hotspot,daemonRegistryDir=C:\Users\13880\.gradle\daemon,pid=34424,idleTimeout=10800000,priority=NORMAL,applyInstrumentationAgent=true,daemonOpts=-Xmx2048m,-Dfile.encoding=UTF-8,-Duser.country=CN,-Duser.language=zh,-Duser.variant]} however its context does not match the desired criteria.
Java home is different.
Wanted: DefaultDaemonContext[uid=null,javaHome=C:\Users\13880\.jdks\ms-17.0.18,daemonRegistryDir=C:\Users\13880\.gradle\daemon,pid=33552,idleTimeout=null,priority=NORMAL,applyInstrumentationAgent=true,daemonOpts=--add-opens=java.base/java.util=ALL-UNNAMED,--add-opens=java.base/java.lang=ALL-UNNAMED,--add-opens=java.base/java.lang.invoke=ALL-UNNAMED,--add-opens=java.prefs/java.util.prefs=ALL-UNNAMED,--add-opens=java.base/java.nio.charset=ALL-UNNAMED,--add-opens=java.base/java.net=ALL-UNNAMED,--add-opens=java.base/java.util.concurrent.atomic=ALL-UNNAMED,-Xmx2048m,-Dfile.encoding=UTF-8,-Duser.country=CN,-Duser.language=zh,-Duser.variant]
Actual: DefaultDaemonContext[uid=87cf13ab-0d63-49cf-a5bd-d7991917cbb5,javaHome=C:\Program Files\Eclipse Adoptium\jdk-8.0.482.8-hotspot,daemonRegistryDir=C:\Users\13880\.gradle\daemon,pid=34424,idleTimeout=10800000,priority=NORMAL,applyInstrumentationAgent=true,daemonOpts=-Xmx2048m,-Dfile.encoding=UTF-8,-Duser.country=CN,-Duser.language=zh,-Duser.variant]

  Looking for a different daemon...
The client will now receive all logging from the daemon (pid: 25132). The daemon log file: C:\Users\13880\.gradle\daemon\8.2\daemon-25132.out.log
Starting 12th build in daemon [uptime: 9 mins 38.274 secs, performance: 100%, GC rate: 0.00/s, heap usage: 0% of 2 GiB]
Using 20 worker leases.
Now considering [D:\workspace\workbuddy\csBaby] as hierarchies to watch
Watching the file system is configured to be enabled if available
File system watching is active
Starting Build
The configuration classpath is both resolvable and consumable. This is considered a legacy configuration and it will eventually only be possible to be one of these.
The configuration classpath is both consumable and declarable. This combination is incorrect, only one of these flags should be set.
The configuration classpath is both resolvable and consumable. This is considered a legacy configuration and it will eventually only be possible to be one of these.
The configuration classpath is both consumable and declarable. This combination is incorrect, only one of these flags should be set.
Settings evaluated using settings file 'D:\workspace\workbuddy\csBaby\settings.gradle.kts'.
Projects loaded. Root project using build file 'D:\workspace\workbuddy\csBaby\build.gradle.kts'.
Included projects: [root project '�ͷ�С��', project ':app']

> Configure project :
Evaluating root project '�ͷ�С��' using build file 'D:\workspace\workbuddy\csBaby\build.gradle.kts'.
The configuration detachedConfiguration1 is both resolvable and consumable. This is considered a legacy configuration and it will eventually only be possible to be one of these.
The configuration detachedConfiguration1 is both consumable and declarable. This combination is incorrect, only one of these flags should be set.
The configuration detachedConfiguration1 is both resolvable and consumable. This is considered a legacy configuration and it will eventually only be possible to be one of these.
The configuration detachedConfiguration1 is both consumable and declarable. This combination is incorrect, only one of these flags should be set.
The configuration detachedConfiguration2 is both resolvable and consumable. This is considered a legacy configuration and it will eventually only be possible to be one of these.
The configuration detachedConfiguration2 is both consumable and declarable. This combination is incorrect, only one of these flags should be set.
The configuration detachedConfiguration2 is both resolvable and consumable. This is considered a legacy configuration and it will eventually only be possible to be one of these.
The configuration detachedConfiguration2 is both consumable and declarable. This combination is incorrect, only one of these flags should be set.
The configuration detachedConfiguration3 is both resolvable and consumable. This is considered a legacy configuration and it will eventually only be possible to be one of these.
The configuration detachedConfiguration3 is both consumable and declarable. This combination is incorrect, only one of these flags should be set.
The configuration detachedConfiguration3 is both resolvable and consumable. This is considered a legacy configuration and it will eventually only be possible to be one of these.
The configuration detachedConfiguration3 is both consumable and declarable. This combination is incorrect, only one of these flags should be set.
The configuration :classpath is both resolvable and consumable. This is considered a legacy configuration and it will eventually only be possible to be one of these.
The configuration :classpath is both consumable and declarable. This combination is incorrect, only one of these flags should be set.
The configuration :classpath is both resolvable and consumable. This is considered a legacy configuration and it will eventually only be possible to be one of these.
The configuration :classpath is both consumable and declarable. This combination is incorrect, only one of these flags should be set.

> Configure project :app
Evaluating project ':app' using build file 'D:\workspace\workbuddy\csBaby\app\build.gradle.kts'.
The configuration :app:classpath is both resolvable and consumable. This is considered a legacy configuration and it will eventually only be possible to be one of these.
The configuration :app:classpath is both consumable and declarable. This combination is incorrect, only one of these flags should be set.
The configuration :app:classpath is both resolvable and consumable. This is considered a legacy configuration and it will eventually only be possible to be one of these.
The configuration :app:classpath is both consumable and declarable. This combination is incorrect, only one of these flags should be set.
Using default execution profile
Using Kotlin Gradle Plugin gradle82 variant
Caching disabled for Kotlin DSL accessors for project ':app' because:
  Build cache is disabled
Skipping Kotlin DSL accessors for project ':app' as it is up-to-date.
All projects evaluated.
The configuration :classpath is both resolvable and consumable. This is considered a legacy configuration and it will eventually only be possible to be one of these.
The configuration :classpath is both consumable and declarable. This combination is incorrect, only one of these flags should be set.
The configuration :classpath is both resolvable and consumable. This is considered a legacy configuration and it will eventually only be possible to be one of these.
The configuration :classpath is both consumable and declarable. This combination is incorrect, only one of these flags should be set.
The configuration :classpath is both resolvable and consumable. This is considered a legacy configuration and it will eventually only be possible to be one of these.
The configuration :classpath is both consumable and declarable. This combination is incorrect, only one of these flags should be set.
The configuration :classpath is both resolvable and consumable. This is considered a legacy configuration and it will eventually only be possible to be one of these.
The configuration :classpath is both consumable and declarable. This combination is incorrect, only one of these flags should be set.
The configuration :classpath is both resolvable and consumable. This is considered a legacy configuration and it will eventually only be possible to be one of these.
The configuration :classpath is both consumable and declarable. This combination is incorrect, only one of these flags should be set.
The configuration :app:classpath is both resolvable and consumable. This is considered a legacy configuration and it will eventually only be possible to be one of these.
The configuration :app:classpath is both consumable and declarable. This combination is incorrect, only one of these flags should be set.
The configuration :app:classpath is both resolvable and consumable. This is considered a legacy configuration and it will eventually only be possible to be one of these.
The configuration :app:classpath is both consumable and declarable. This combination is incorrect, only one of these flags should be set.
The configuration :app:classpath is both resolvable and consumable. This is considered a legacy configuration and it will eventually only be possible to be one of these.
The configuration :app:classpath is both consumable and declarable. This combination is incorrect, only one of these flags should be set.
The configuration :app:classpath is both resolvable and consumable. This is considered a legacy configuration and it will eventually only be possible to be one of these.
The configuration :app:classpath is both consumable and declarable. This combination is incorrect, only one of these flags should be set.
The configuration :app:classpath is both resolvable and consumable. This is considered a legacy configuration and it will eventually only be possible to be one of these.
The configuration :app:classpath is both consumable and declarable. This combination is incorrect, only one of these flags should be set.
Task name matched 'assembleDebug'
Selected primary task 'assembleDebug' from project :
Tasks to be executed: [task ':app:preBuild', task ':app:preDebugBuild', task ':app:mergeDebugNativeDebugMetadata', task ':app:checkKotlinGradlePluginConfigurationErrors', task ':app:generateDebugBuildConfig', task ':app:checkDebugAarMetadata', task ':app:generateDebugResValues', task ':app:mapDebugSourceSetPaths', task ':app:generateDebugResources', task ':app:mergeDebugResources', task ':app:packageDebugResources', task ':app:parseDebugLocalResources', task ':app:createDebugCompatibleScreenManifests', task ':app:extractDeepLinksDebug', task ':app:processDebugMainManifest', task ':app:processDebugManifest', task ':app:processDebugManifestForPackage', task ':app:processDebugResources', task ':app:kaptGenerateStubsDebugKotlin', task ':app:kaptDebugKotlin', task ':app:compileDebugKotlin', task ':app:javaPreCompileDebug', task ':app:compileDebugJavaWithJavac', task ':app:mergeDebugShaders', task ':app:compileDebugShaders', task ':app:generateDebugAssets', task ':app:mergeDebugAssets', task ':app:compressDebugAssets', task ':app:desugarDebugFileDependencies', task ':app:hiltAggregateDepsDebug', task ':app:hiltJavaCompileDebug', task ':app:transformDebugClassesWithAsm', task ':app:dexBuilderDebug', task ':app:mergeDebugGlobalSynthetics', task ':app:processDebugJavaRes', task ':app:mergeDebugJavaResource', task ':app:checkDebugDuplicateClasses', task ':app:mergeExtDexDebug', task ':app:mergeLibDexDebug', task ':app:mergeProjectDexDebug', task ':app:mergeDebugJniLibFolders', task ':app:mergeDebugNativeLibs', task ':app:stripDebugDebugSymbols', task ':app:validateSigningDebug', task ':app:writeDebugAppMetadata', task ':app:writeDebugSigningConfigVersions', task ':app:packageDebug', task ':app:createDebugApkListingFileRedirect', task ':app:assembleDebug']
Tasks that were excluded: []
Resolve mutations for :app:preBuild (Thread[Execution worker,5,main]) started.
:app:preBuild (Thread[Execution worker,5,main]) started.

> Task :app:preBuild UP-TO-DATE
Skipping task ':app:preBuild' as it has no actions.
Resolve mutations for :app:preDebugBuild (Thread[Execution worker,5,main]) started.
:app:preDebugBuild (Thread[Execution worker,5,main]) started.

> Task :app:preDebugBuild UP-TO-DATE
Skipping task ':app:preDebugBuild' as it has no actions.
Resolve mutations for :app:mergeDebugNativeDebugMetadata (Thread[Execution worker,5,main]) started.
:app:mergeDebugNativeDebugMetadata (Thread[Execution worker,5,main]) started.

> Task :app:mergeDebugNativeDebugMetadata NO-SOURCE
Skipping task ':app:mergeDebugNativeDebugMetadata' as it has no source files and no previous output files.
Resolve mutations for :app:checkKotlinGradlePluginConfigurationErrors (Thread[Execution worker Thread 13,5,main]) started.
:app:checkKotlinGradlePluginConfigurationErrors (Thread[Execution worker Thread 13,5,main]) started.

> Task :app:checkKotlinGradlePluginConfigurationErrors
Caching disabled for task ':app:checkKotlinGradlePluginConfigurationErrors' because:
  Build cache is disabled
Task ':app:checkKotlinGradlePluginConfigurationErrors' is not up-to-date because:
  Task has not declared any outputs despite executing actions.
Resolve mutations for :app:generateDebugBuildConfig (Thread[Execution worker Thread 13,5,main]) started.
:app:generateDebugBuildConfig (Thread[Execution worker Thread 13,5,main]) started.

> Task :app:generateDebugBuildConfig UP-TO-DATE
Caching disabled for task ':app:generateDebugBuildConfig' because:
  Build cache is disabled
Skipping task ':app:generateDebugBuildConfig' as it is up-to-date.
Resolve mutations for :app:checkDebugAarMetadata (Thread[Execution worker Thread 13,5,main]) started.
:app:checkDebugAarMetadata (Thread[Execution worker Thread 15,5,main]) started.

> Task :app:checkDebugAarMetadata UP-TO-DATE
Transforming hilt-work-1.1.0.aar (androidx.hilt:hilt-work:1.1.0) with JetifyTransform
Transforming work-runtime-2.9.0.aar (androidx.work:work-runtime:2.9.0) with JetifyTransform
Transforming navigation-common-ktx-2.7.6.aar (androidx.navigation:navigation-common-ktx:2.7.6) with JetifyTransform
Transforming navigation-runtime-ktx-2.7.6.aar (androidx.navigation:navigation-runtime-ktx:2.7.6) with JetifyTransform
Transforming navigation-compose-2.7.6.aar (androidx.navigation:navigation-compose:2.7.6) with JetifyTransform
Transforming hilt-navigation-compose-1.1.0.aar (androidx.hilt:hilt-navigation-compose:1.1.0) with JetifyTransform
Transforming navigation-runtime-2.7.6.aar (androidx.navigation:navigation-runtime:2.7.6) with JetifyTransform
Transforming navigation-runtime-2.7.6.aar (androidx.navigation:navigation-runtime:2.7.6) with ExtractAarTransform
Transforming navigation-runtime-2.7.6.aar (androidx.navigation:navigation-runtime:2.7.6) with AarTransform
Transforming material3-1.1.2.aar (androidx.compose.material3:material3:1.1.2) with JetifyTransform
Transforming material3-1.1.2.aar (androidx.compose.material3:material3:1.1.2) with ExtractAarTransform
Transforming material3-1.1.2.aar (androidx.compose.material3:material3:1.1.2) with AarTransform
Transforming work-runtime-ktx-2.9.0.aar (androidx.work:work-runtime-ktx:2.9.0) with JetifyTransform
Transforming navigation-common-2.7.6.aar (androidx.navigation:navigation-common:2.7.6) with JetifyTransform
Transforming hilt-navigation-1.1.0.aar (androidx.hilt:hilt-navigation:1.1.0) with JetifyTransform
Transforming navigation-common-2.7.6.aar (androidx.navigation:navigation-common:2.7.6) with ExtractAarTransform
Transforming navigation-common-2.7.6.aar (androidx.navigation:navigation-common:2.7.6) with AarTransform
Transforming work-runtime-ktx-2.9.0.aar (androidx.work:work-runtime-ktx:2.9.0) with ExtractAarTransform
Transforming hilt-navigation-1.1.0.aar (androidx.hilt:hilt-navigation:1.1.0) with ExtractAarTransform
Transforming work-runtime-ktx-2.9.0.aar (androidx.work:work-runtime-ktx:2.9.0) with AarTransform
Transforming work-runtime-2.9.0.aar (androidx.work:work-runtime:2.9.0) with ExtractAarTransform
Transforming hilt-work-1.1.0.aar (androidx.hilt:hilt-work:1.1.0) with ExtractAarTransform
Transforming hilt-navigation-1.1.0.aar (androidx.hilt:hilt-navigation:1.1.0) with AarTransform
Transforming hilt-work-1.1.0.aar (androidx.hilt:hilt-work:1.1.0) with AarTransform
Transforming work-runtime-2.9.0.aar (androidx.work:work-runtime:2.9.0) with AarTransform
Transforming hilt-navigation-compose-1.1.0.aar (androidx.hilt:hilt-navigation-compose:1.1.0) with ExtractAarTransform
Transforming hilt-navigation-compose-1.1.0.aar (androidx.hilt:hilt-navigation-compose:1.1.0) with AarTransform
Transforming navigation-common-ktx-2.7.6.aar (androidx.navigation:navigation-common-ktx:2.7.6) with ExtractAarTransform
Transforming navigation-runtime-ktx-2.7.6.aar (androidx.navigation:navigation-runtime-ktx:2.7.6) with ExtractAarTransform
Transforming navigation-common-ktx-2.7.6.aar (androidx.navigation:navigation-common-ktx:2.7.6) with AarTransform
Transforming navigation-runtime-ktx-2.7.6.aar (androidx.navigation:navigation-runtime-ktx:2.7.6) with AarTransform
Transforming navigation-compose-2.7.6.aar (androidx.navigation:navigation-compose:2.7.6) with ExtractAarTransform
Transforming navigation-compose-2.7.6.aar (androidx.navigation:navigation-compose:2.7.6) with AarTransform
Transforming coil-compose-base-2.5.0.aar (io.coil-kt:coil-compose-base:2.5.0) with JetifyTransform
Transforming coil-compose-base-2.5.0.aar (io.coil-kt:coil-compose-base:2.5.0) with ExtractAarTransform
Transforming coil-compose-base-2.5.0.aar (io.coil-kt:coil-compose-base:2.5.0) with AarTransform
Transforming ui-geometry-release.aar (androidx.compose.ui:ui-geometry-android:1.5.4) with JetifyTransform
Transforming ui-geometry-release.aar (androidx.compose.ui:ui-geometry-android:1.5.4) with ExtractAarTransform
Transforming ui-geometry-release.aar (androidx.compose.ui:ui-geometry-android:1.5.4) with AarTransform
Transforming ui-text-release.aar (androidx.compose.ui:ui-text-android:1.5.4) with JetifyTransform
Transforming ui-text-release.aar (androidx.compose.ui:ui-text-android:1.5.4) with ExtractAarTransform
Transforming ui-text-release.aar (androidx.compose.ui:ui-text-android:1.5.4) with AarTransform
Transforming activity-1.8.2.aar (androidx.activity:activity:1.8.2) with JetifyTransform
Transforming animation-core-release.aar (androidx.compose.animation:animation-core-android:1.5.4) with JetifyTransform
Transforming activity-ktx-1.8.2.aar (androidx.activity:activity-ktx:1.8.2) with JetifyTransform
Transforming animation-core-release.aar (androidx.compose.animation:animation-core-android:1.5.4) with ExtractAarTransform
Transforming ui-tooling-preview-release.aar (androidx.compose.ui:ui-tooling-preview-android:1.5.4) with JetifyTransform
Transforming animation-core-release.aar (androidx.compose.animation:animation-core-android:1.5.4) with AarTransform
Transforming ui-tooling-preview-release.aar (androidx.compose.ui:ui-tooling-preview-android:1.5.4) with ExtractAarTransform
Transforming activity-1.8.2.aar (androidx.activity:activity:1.8.2) with ExtractAarTransform
Transforming ui-tooling-preview-release.aar (androidx.compose.ui:ui-tooling-preview-android:1.5.4) with AarTransform
Transforming activity-1.8.2.aar (androidx.activity:activity:1.8.2) with AarTransform
Transforming animation-release.aar (androidx.compose.animation:animation-android:1.5.4) with JetifyTransform
Transforming ui-test-manifest-1.5.4.aar (androidx.compose.ui:ui-test-manifest:1.5.4) with JetifyTransform
Transforming activity-ktx-1.8.2.aar (androidx.activity:activity-ktx:1.8.2) with ExtractAarTransform
Transforming ui-test-manifest-1.5.4.aar (androidx.compose.ui:ui-test-manifest:1.5.4) with ExtractAarTransform
Transforming activity-ktx-1.8.2.aar (androidx.activity:activity-ktx:1.8.2) with AarTransform
Transforming animation-release.aar (androidx.compose.animation:animation-android:1.5.4) with ExtractAarTransform
Transforming foundation-release.aar (androidx.compose.foundation:foundation-android:1.5.4) with JetifyTransform
Transforming animation-release.aar (androidx.compose.animation:animation-android:1.5.4) with AarTransform
Transforming ui-test-manifest-1.5.4.aar (androidx.compose.ui:ui-test-manifest:1.5.4) with AarTransform
Transforming foundation-release.aar (androidx.compose.foundation:foundation-android:1.5.4) with ExtractAarTransform
Transforming ui-util-release.aar (androidx.compose.ui:ui-util-android:1.5.4) with JetifyTransform
Transforming activity-compose-1.8.2.aar (androidx.activity:activity-compose:1.8.2) with JetifyTransform
Transforming foundation-release.aar (androidx.compose.foundation:foundation-android:1.5.4) with AarTransform
Transforming ui-util-release.aar (androidx.compose.ui:ui-util-android:1.5.4) with ExtractAarTransform
Transforming activity-compose-1.8.2.aar (androidx.activity:activity-compose:1.8.2) with ExtractAarTransform
Transforming activity-compose-1.8.2.aar (androidx.activity:activity-compose:1.8.2) with AarTransform
Transforming ui-util-release.aar (androidx.compose.ui:ui-util-android:1.5.4) with AarTransform
Transforming hilt-android-2.48.1.aar (com.google.dagger:hilt-android:2.48.1) with JetifyTransform
Transforming lifecycle-livedata-2.6.2.aar (androidx.lifecycle:lifecycle-livedata:2.6.2) with JetifyTransform
Transforming lifecycle-livedata-2.6.2.aar (androidx.lifecycle:lifecycle-livedata:2.6.2) with ExtractAarTransform
Transforming hilt-android-2.48.1.aar (com.google.dagger:hilt-android:2.48.1) with ExtractAarTransform
Transforming lifecycle-service-2.6.2.aar (androidx.lifecycle:lifecycle-service:2.6.2) with JetifyTransform
Transforming hilt-android-2.48.1.aar (com.google.dagger:hilt-android:2.48.1) with AarTransform
Transforming lifecycle-service-2.6.2.aar (androidx.lifecycle:lifecycle-service:2.6.2) with ExtractAarTransform
Transforming material-icons-extended-release.aar (androidx.compose.material:material-icons-extended-android:1.5.4) with JetifyTransform
Transforming lifecycle-livedata-2.6.2.aar (androidx.lifecycle:lifecycle-livedata:2.6.2) with AarTransform
Transforming material-icons-extended-release.aar (androidx.compose.material:material-icons-extended-android:1.5.4) with ExtractAarTransform
Transforming material-icons-extended-release.aar (androidx.compose.material:material-icons-extended-android:1.5.4) with AarTransform
Transforming lifecycle-livedata-core-2.6.2.aar (androidx.lifecycle:lifecycle-livedata-core:2.6.2) with JetifyTransform
Transforming savedstate-ktx-1.2.1.aar (androidx.savedstate:savedstate-ktx:1.2.1) with JetifyTransform
Transforming lifecycle-livedata-core-2.6.2.aar (androidx.lifecycle:lifecycle-livedata-core:2.6.2) with ExtractAarTransform
Transforming lifecycle-service-2.6.2.aar (androidx.lifecycle:lifecycle-service:2.6.2) with AarTransform
Transforming lifecycle-livedata-core-2.6.2.aar (androidx.lifecycle:lifecycle-livedata-core:2.6.2) with AarTransform
Transforming savedstate-ktx-1.2.1.aar (androidx.savedstate:savedstate-ktx:1.2.1) with ExtractAarTransform
Transforming savedstate-ktx-1.2.1.aar (androidx.savedstate:savedstate-ktx:1.2.1) with AarTransform
Transforming lifecycle-viewmodel-ktx-2.6.2.aar (androidx.lifecycle:lifecycle-viewmodel-ktx:2.6.2) with JetifyTransform
Transforming ui-graphics-release.aar (androidx.compose.ui:ui-graphics-android:1.5.4) with JetifyTransform
Transforming lifecycle-viewmodel-ktx-2.6.2.aar (androidx.lifecycle:lifecycle-viewmodel-ktx:2.6.2) with ExtractAarTransform
Transforming ui-graphics-release.aar (androidx.compose.ui:ui-graphics-android:1.5.4) with ExtractAarTransform
Transforming lifecycle-viewmodel-ktx-2.6.2.aar (androidx.lifecycle:lifecycle-viewmodel-ktx:2.6.2) with AarTransform
Transforming ui-graphics-release.aar (androidx.compose.ui:ui-graphics-android:1.5.4) with AarTransform
Transforming ui-unit-release.aar (androidx.compose.ui:ui-unit-android:1.5.4) with JetifyTransform
Transforming ui-unit-release.aar (androidx.compose.ui:ui-unit-android:1.5.4) with ExtractAarTransform
Transforming lifecycle-viewmodel-2.6.2.aar (androidx.lifecycle:lifecycle-viewmodel:2.6.2) with JetifyTransform
Transforming ui-unit-release.aar (androidx.compose.ui:ui-unit-android:1.5.4) with AarTransform
Transforming lifecycle-viewmodel-2.6.2.aar (androidx.lifecycle:lifecycle-viewmodel:2.6.2) with ExtractAarTransform
Transforming material-release.aar (androidx.compose.material:material-android:1.5.4) with JetifyTransform
Transforming lifecycle-viewmodel-2.6.2.aar (androidx.lifecycle:lifecycle-viewmodel:2.6.2) with AarTransform
Transforming material-release.aar (androidx.compose.material:material-android:1.5.4) with ExtractAarTransform
Transforming material-release.aar (androidx.compose.material:material-android:1.5.4) with AarTransform
Transforming coil-compose-2.5.0.aar (io.coil-kt:coil-compose:2.5.0) with JetifyTransform
Transforming coil-compose-2.5.0.aar (io.coil-kt:coil-compose:2.5.0) with ExtractAarTransform
Transforming lifecycle-livedata-2.6.2.aar (androidx.lifecycle:lifecycle-livedata:2.6.2) with JetifyTransform
Transforming coil-compose-2.5.0.aar (io.coil-kt:coil-compose:2.5.0) with AarTransform
Transforming lifecycle-livedata-2.6.2.aar (androidx.lifecycle:lifecycle-livedata:2.6.2) with ExtractAarTransform
Transforming savedstate-1.2.1.aar (androidx.savedstate:savedstate:1.2.1) with JetifyTransform
Transforming lifecycle-livedata-2.6.2.aar (androidx.lifecycle:lifecycle-livedata:2.6.2) with AarTransform
Transforming savedstate-1.2.1.aar (androidx.savedstate:savedstate:1.2.1) with ExtractAarTransform
Transforming savedstate-1.2.1.aar (androidx.savedstate:savedstate:1.2.1) with AarTransform
Transforming emoji2-1.4.0.aar (androidx.emoji2:emoji2:1.4.0) with JetifyTransform
Transforming emoji2-1.4.0.aar (androidx.emoji2:emoji2:1.4.0) with ExtractAarTransform
Transforming emoji2-1.4.0.aar (androidx.emoji2:emoji2:1.4.0) with AarTransform
Transforming ui-release.aar (androidx.compose.ui:ui-android:1.5.4) with JetifyTransform
Transforming ui-release.aar (androidx.compose.ui:ui-android:1.5.4) with ExtractAarTransform
Transforming ui-release.aar (androidx.compose.ui:ui-android:1.5.4) with AarTransform
Transforming lifecycle-runtime-compose-2.6.2.aar (androidx.lifecycle:lifecycle-runtime-compose:2.6.2) with JetifyTransform
Transforming lifecycle-runtime-compose-2.6.2.aar (androidx.lifecycle:lifecycle-runtime-compose:2.6.2) with ExtractAarTransform
Transforming lifecycle-runtime-compose-2.6.2.aar (androidx.lifecycle:lifecycle-runtime-compose:2.6.2) with AarTransform
Transforming lifecycle-process-2.6.2.aar (androidx.lifecycle:lifecycle-process:2.6.2) with JetifyTransform
Transforming lifecycle-process-2.6.2.aar (androidx.lifecycle:lifecycle-process:2.6.2) with ExtractAarTransform
Transforming fragment-1.5.1.aar (androidx.fragment:fragment:1.5.1) with JetifyTransform
Transforming fragment-1.5.1.aar (androidx.fragment:fragment:1.5.1) with ExtractAarTransform
Transforming fragment-1.5.1.aar (androidx.fragment:fragment:1.5.1) with AarTransform
Transforming lifecycle-process-2.6.2.aar (androidx.lifecycle:lifecycle-process:2.6.2) with AarTransform
Transforming lifecycle-viewmodel-savedstate-2.6.2.aar (androidx.lifecycle:lifecycle-viewmodel-savedstate:2.6.2) with JetifyTransform
Transforming lifecycle-viewmodel-2.6.2.aar (androidx.lifecycle:lifecycle-viewmodel:2.6.2) with JetifyTransform
Transforming lifecycle-viewmodel-2.6.2.aar (androidx.lifecycle:lifecycle-viewmodel:2.6.2) with ExtractAarTransform
Transforming lifecycle-viewmodel-savedstate-2.6.2.aar (androidx.lifecycle:lifecycle-viewmodel-savedstate:2.6.2) with ExtractAarTransform
Transforming lifecycle-viewmodel-2.6.2.aar (androidx.lifecycle:lifecycle-viewmodel:2.6.2) with AarTransform
Transforming loader-1.0.0.aar (androidx.loader:loader:1.0.0) with JetifyTransform
Transforming lifecycle-viewmodel-savedstate-2.6.2.aar (androidx.lifecycle:lifecycle-viewmodel-savedstate:2.6.2) with AarTransform
Transforming vectordrawable-animated-1.1.0.aar (androidx.vectordrawable:vectordrawable-animated:1.1.0) with JetifyTransform
Transforming lifecycle-runtime-2.6.2.aar (androidx.lifecycle:lifecycle-runtime:2.6.2) with JetifyTransform
Transforming loader-1.0.0.aar (androidx.loader:loader:1.0.0) with ExtractAarTransform
Transforming vectordrawable-animated-1.1.0.aar (androidx.vectordrawable:vectordrawable-animated:1.1.0) with ExtractAarTransform
Transforming loader-1.0.0.aar (androidx.loader:loader:1.0.0) with AarTransform
Transforming lifecycle-runtime-2.6.2.aar (androidx.lifecycle:lifecycle-runtime:2.6.2) with ExtractAarTransform
Transforming ui-tooling-data-release.aar (androidx.compose.ui:ui-tooling-data-android:1.5.4) with JetifyTransform
Transforming material-ripple-release.aar (androidx.compose.material:material-ripple-android:1.5.4) with JetifyTransform
Transforming vectordrawable-animated-1.1.0.aar (androidx.vectordrawable:vectordrawable-animated:1.1.0) with AarTransform
Transforming lifecycle-runtime-2.6.2.aar (androidx.lifecycle:lifecycle-runtime:2.6.2) with AarTransform
Transforming ui-tooling-data-release.aar (androidx.compose.ui:ui-tooling-data-android:1.5.4) with ExtractAarTransform
Transforming coil-base-2.5.0.aar (io.coil-kt:coil-base:2.5.0) with JetifyTransform
Transforming material-ripple-release.aar (androidx.compose.material:material-ripple-android:1.5.4) with ExtractAarTransform
Transforming ui-tooling-data-release.aar (androidx.compose.ui:ui-tooling-data-android:1.5.4) with AarTransform
Transforming material-icons-core-release.aar (androidx.compose.material:material-icons-core-android:1.5.4) with JetifyTransform
Transforming vectordrawable-1.1.0.aar (androidx.vectordrawable:vectordrawable:1.1.0) with JetifyTransform
Transforming coil-base-2.5.0.aar (io.coil-kt:coil-base:2.5.0) with ExtractAarTransform
Transforming vectordrawable-1.1.0.aar (androidx.vectordrawable:vectordrawable:1.1.0) with ExtractAarTransform
Transforming vectordrawable-1.1.0.aar (androidx.vectordrawable:vectordrawable:1.1.0) with AarTransform
Transforming material-ripple-release.aar (androidx.compose.material:material-ripple-android:1.5.4) with AarTransform
Transforming vectordrawable-1.1.0.aar (androidx.vectordrawable:vectordrawable:1.1.0) with JetifyTransform
Transforming material-icons-core-release.aar (androidx.compose.material:material-icons-core-android:1.5.4) with ExtractAarTransform
Transforming vectordrawable-1.1.0.aar (androidx.vectordrawable:vectordrawable:1.1.0) with ExtractAarTransform
Transforming viewpager-1.0.0.aar (androidx.viewpager:viewpager:1.0.0) with JetifyTransform
Transforming core-1.12.0.aar (androidx.core:core:1.12.0) with JetifyTransform
Transforming viewpager-1.0.0.aar (androidx.viewpager:viewpager:1.0.0) with ExtractAarTransform
Transforming lifecycle-viewmodel-compose-2.6.2.aar (androidx.lifecycle:lifecycle-viewmodel-compose:2.6.2) with JetifyTransform
Transforming coil-base-2.5.0.aar (io.coil-kt:coil-base:2.5.0) with AarTransform
Transforming core-1.12.0.aar (androidx.core:core:1.12.0) with JetifyTransform
Transforming core-1.12.0.aar (androidx.core:core:1.12.0) with JetifyTransform
Transforming core-1.12.0.aar (androidx.core:core:1.12.0) with ExtractAarTransform
Transforming viewpager-1.0.0.aar (androidx.viewpager:viewpager:1.0.0) with AarTransform
Transforming core-1.12.0.aar (androidx.core:core:1.12.0) with JetifyTransform
Transforming core-1.12.0.aar (androidx.core:core:1.12.0) with JetifyTransform
Transforming vectordrawable-1.1.0.aar (androidx.vectordrawable:vectordrawable:1.1.0) with AarTransform
Transforming material-icons-core-release.aar (androidx.compose.material:material-icons-core-android:1.5.4) with AarTransform
Transforming core-1.12.0.aar (androidx.core:core:1.12.0) with JetifyTransform
Transforming appcompat-resources-1.6.1.aar (androidx.appcompat:appcompat-resources:1.6.1) with JetifyTransform
Transforming core-1.12.0.aar (androidx.core:core:1.12.0) with ExtractAarTransform
Transforming lifecycle-runtime-ktx-2.6.2.aar (androidx.lifecycle:lifecycle-runtime-ktx:2.6.2) with JetifyTransform
Transforming core-1.12.0.aar (androidx.core:core:1.12.0) with ExtractAarTransform
Transforming accompanist-drawablepainter-0.32.0.aar (com.google.accompanist:accompanist-drawablepainter:0.32.0) with JetifyTransform
Transforming lifecycle-runtime-ktx-2.6.2.aar (androidx.lifecycle:lifecycle-runtime-ktx:2.6.2) with ExtractAarTransform
Transforming core-1.12.0.aar (androidx.core:core:1.12.0) with AarTransform
Transforming core-1.12.0.aar (androidx.core:core:1.12.0) with ExtractAarTransform
Transforming core-1.12.0.aar (androidx.core:core:1.12.0) with ExtractAarTransform
Transforming customview-poolingcontainer-1.0.0.aar (androidx.customview:customview-poolingcontainer:1.0.0) with JetifyTransform
Transforming foundation-layout-release.aar (androidx.compose.foundation:foundation-layout-android:1.5.4) with JetifyTransform
Transforming lifecycle-viewmodel-compose-2.6.2.aar (androidx.lifecycle:lifecycle-viewmodel-compose:2.6.2) with ExtractAarTransform
Transforming foundation-layout-release.aar (androidx.compose.foundation:foundation-layout-android:1.5.4) with ExtractAarTransform
Transforming core-ktx-1.12.0.aar (androidx.core:core-ktx:1.12.0) with JetifyTransform
Transforming customview-poolingcontainer-1.0.0.aar (androidx.customview:customview-poolingcontainer:1.0.0) with ExtractAarTransform
Transforming core-ktx-1.12.0.aar (androidx.core:core-ktx:1.12.0) with ExtractAarTransform
Transforming room-ktx-2.6.1.aar (androidx.room:room-ktx:2.6.1) with JetifyTransform
Transforming core-1.12.0.aar (androidx.core:core:1.12.0) with AarTransform
Transforming core-1.12.0.aar (androidx.core:core:1.12.0) with AarTransform
Transforming room-ktx-2.6.1.aar (androidx.room:room-ktx:2.6.1) with ExtractAarTransform
Transforming datastore-preferences-1.0.0.aar (androidx.datastore:datastore-preferences:1.0.0) with JetifyTransform
Transforming lifecycle-runtime-ktx-2.6.2.aar (androidx.lifecycle:lifecycle-runtime-ktx:2.6.2) with AarTransform
Transforming accompanist-drawablepainter-0.32.0.aar (com.google.accompanist:accompanist-drawablepainter:0.32.0) with ExtractAarTransform
Transforming core-1.12.0.aar (androidx.core:core:1.12.0) with AarTransform
Transforming accompanist-drawablepainter-0.32.0.aar (com.google.accompanist:accompanist-drawablepainter:0.32.0) with AarTransform
Transforming ui-tooling-release.aar (androidx.compose.ui:ui-tooling-android:1.5.4) with JetifyTransform
Transforming core-1.12.0.aar (androidx.core:core:1.12.0) with AarTransform
Transforming appcompat-resources-1.6.1.aar (androidx.appcompat:appcompat-resources:1.6.1) with ExtractAarTransform
Transforming core-1.12.0.aar (androidx.core:core:1.12.0) with ExtractAarTransform
Transforming appcompat-resources-1.6.1.aar (androidx.appcompat:appcompat-resources:1.6.1) with AarTransform
Transforming customview-1.0.0.aar (androidx.customview:customview:1.0.0) with JetifyTransform
Transforming runtime-saveable-release.aar (androidx.compose.runtime:runtime-saveable-android:1.5.4) with JetifyTransform
Transforming ui-tooling-release.aar (androidx.compose.ui:ui-tooling-android:1.5.4) with ExtractAarTransform
Transforming autofill-1.0.0.aar (androidx.autofill:autofill:1.0.0) with JetifyTransform
Transforming ui-tooling-release.aar (androidx.compose.ui:ui-tooling-android:1.5.4) with AarTransform
Transforming datastore-preferences-1.0.0.aar (androidx.datastore:datastore-preferences:1.0.0) with ExtractAarTransform
Transforming sqlite-2.4.0.aar (androidx.sqlite:sqlite:2.4.0) with JetifyTransform
Transforming timber-5.0.1.aar (com.jakewharton.timber:timber:5.0.1) with JetifyTransform
Transforming room-ktx-2.6.1.aar (androidx.room:room-ktx:2.6.1) with AarTransform
Transforming core-ktx-1.12.0.aar (androidx.core:core-ktx:1.12.0) with AarTransform
Transforming customview-poolingcontainer-1.0.0.aar (androidx.customview:customview-poolingcontainer:1.0.0) with AarTransform
Transforming coil-2.5.0.aar (io.coil-kt:coil:2.5.0) with JetifyTransform
Transforming foundation-layout-release.aar (androidx.compose.foundation:foundation-layout-android:1.5.4) with AarTransform
Transforming lifecycle-viewmodel-compose-2.6.2.aar (androidx.lifecycle:lifecycle-viewmodel-compose:2.6.2) with AarTransform
Transforming annotation-experimental-1.3.0.aar (androidx.annotation:annotation-experimental:1.3.0) with JetifyTransform
Transforming coil-2.5.0.aar (io.coil-kt:coil:2.5.0) with ExtractAarTransform
Transforming annotation-experimental-1.3.0.aar (androidx.annotation:annotation-experimental:1.3.0) with ExtractAarTransform
Transforming core-runtime-2.2.0.aar (androidx.arch.core:core-runtime:2.2.0) with JetifyTransform
Transforming sqlite-framework-2.4.0.aar (androidx.sqlite:sqlite-framework:2.4.0) with JetifyTransform
Transforming profileinstaller-1.3.1.aar (androidx.profileinstaller:profileinstaller:1.3.1) with JetifyTransform
Transforming sqlite-framework-2.4.0.aar (androidx.sqlite:sqlite-framework:2.4.0) with ExtractAarTransform
Transforming profileinstaller-1.3.1.aar (androidx.profileinstaller:profileinstaller:1.3.1) with ExtractAarTransform
Transforming runtime-release.aar (androidx.compose.runtime:runtime-android:1.5.4) with JetifyTransform
Transforming sqlite-2.4.0.aar (androidx.sqlite:sqlite:2.4.0) with ExtractAarTransform
Transforming timber-5.0.1.aar (com.jakewharton.timber:timber:5.0.1) with ExtractAarTransform
Transforming datastore-preferences-1.0.0.aar (androidx.datastore:datastore-preferences:1.0.0) with AarTransform
Transforming room-runtime-2.6.1.aar (androidx.room:room-runtime:2.6.1) with JetifyTransform
Transforming room-runtime-2.6.1.aar (androidx.room:room-runtime:2.6.1) with ExtractAarTransform
Transforming autofill-1.0.0.aar (androidx.autofill:autofill:1.0.0) with ExtractAarTransform
Transforming runtime-saveable-release.aar (androidx.compose.runtime:runtime-saveable-android:1.5.4) with ExtractAarTransform
Transforming customview-1.0.0.aar (androidx.customview:customview:1.0.0) with ExtractAarTransform
Transforming runtime-saveable-release.aar (androidx.compose.runtime:runtime-saveable-android:1.5.4) with AarTransform
Transforming core-1.12.0.aar (androidx.core:core:1.12.0) with AarTransform
Transforming tracing-1.0.0.aar (androidx.tracing:tracing:1.0.0) with JetifyTransform
Transforming customview-1.0.0.aar (androidx.customview:customview:1.0.0) with AarTransform
Transforming exifinterface-1.3.6.aar (androidx.exifinterface:exifinterface:1.3.6) with JetifyTransform
Transforming autofill-1.0.0.aar (androidx.autofill:autofill:1.0.0) with AarTransform
Transforming exifinterface-1.3.6.aar (androidx.exifinterface:exifinterface:1.3.6) with ExtractAarTransform
Transforming dagger-lint-aar-2.48.1.aar (com.google.dagger:dagger-lint-aar:2.48.1) with JetifyTransform
Transforming versionedparcelable-1.1.1.aar (androidx.versionedparcelable:versionedparcelable:1.1.1) with JetifyTransform
Transforming room-runtime-2.6.1.aar (androidx.room:room-runtime:2.6.1) with AarTransform
Transforming interpolator-1.0.0.aar (androidx.interpolator:interpolator:1.0.0) with JetifyTransform
Transforming interpolator-1.0.0.aar (androidx.interpolator:interpolator:1.0.0) with JetifyTransform
Transforming timber-5.0.1.aar (com.jakewharton.timber:timber:5.0.1) with AarTransform
Transforming sqlite-2.4.0.aar (androidx.sqlite:sqlite:2.4.0) with AarTransform
Transforming datastore-1.0.0.aar (androidx.datastore:datastore:1.0.0) with JetifyTransform
Transforming runtime-release.aar (androidx.compose.runtime:runtime-android:1.5.4) with ExtractAarTransform
Transforming datastore-1.0.0.aar (androidx.datastore:datastore:1.0.0) with ExtractAarTransform
Transforming profileinstaller-1.3.1.aar (androidx.profileinstaller:profileinstaller:1.3.1) with AarTransform
Transforming datastore-1.0.0.aar (androidx.datastore:datastore:1.0.0) with AarTransform
Transforming sqlite-framework-2.4.0.aar (androidx.sqlite:sqlite-framework:2.4.0) with AarTransform
Transforming core-runtime-2.2.0.aar (androidx.arch.core:core-runtime:2.2.0) with ExtractAarTransform
Transforming startup-runtime-1.1.1.aar (androidx.startup:startup-runtime:1.1.1) with JetifyTransform
Transforming coil-2.5.0.aar (io.coil-kt:coil:2.5.0) with AarTransform
Transforming annotation-experimental-1.3.0.aar (androidx.annotation:annotation-experimental:1.3.0) with AarTransform
Transforming startup-runtime-1.1.1.aar (androidx.startup:startup-runtime:1.1.1) with ExtractAarTransform
Transforming core-runtime-2.2.0.aar (androidx.arch.core:core-runtime:2.2.0) with AarTransform
Transforming runtime-release.aar (androidx.compose.runtime:runtime-android:1.5.4) with AarTransform
Transforming interpolator-1.0.0.aar (androidx.interpolator:interpolator:1.0.0) with ExtractAarTransform
Transforming interpolator-1.0.0.aar (androidx.interpolator:interpolator:1.0.0) with ExtractAarTransform
Transforming interpolator-1.0.0.aar (androidx.interpolator:interpolator:1.0.0) with AarTransform
Transforming versionedparcelable-1.1.1.aar (androidx.versionedparcelable:versionedparcelable:1.1.1) with ExtractAarTransform
Transforming dagger-lint-aar-2.48.1.aar (com.google.dagger:dagger-lint-aar:2.48.1) with ExtractAarTransform
Transforming exifinterface-1.3.6.aar (androidx.exifinterface:exifinterface:1.3.6) with AarTransform
Transforming tracing-1.0.0.aar (androidx.tracing:tracing:1.0.0) with ExtractAarTransform
Transforming dagger-lint-aar-2.48.1.aar (com.google.dagger:dagger-lint-aar:2.48.1) with AarTransform
Transforming versionedparcelable-1.1.1.aar (androidx.versionedparcelable:versionedparcelable:1.1.1) with AarTransform
Transforming interpolator-1.0.0.aar (androidx.interpolator:interpolator:1.0.0) with AarTransform
Transforming startup-runtime-1.1.1.aar (androidx.startup:startup-runtime:1.1.1) with AarTransform
Transforming tracing-1.0.0.aar (androidx.tracing:tracing:1.0.0) with AarTransform
Caching disabled for task ':app:checkDebugAarMetadata' because:
  Build cache is disabled
Skipping task ':app:checkDebugAarMetadata' as it is up-to-date.
Resolve mutations for :app:generateDebugResValues (Thread[Execution worker Thread 15,5,main]) started.
:app:generateDebugResValues (Thread[Execution worker Thread 15,5,main]) started.

> Task :app:generateDebugResValues UP-TO-DATE
Caching disabled for task ':app:generateDebugResValues' because:
  Build cache is disabled
Skipping task ':app:generateDebugResValues' as it is up-to-date.
Resolve mutations for :app:mapDebugSourceSetPaths (Thread[Execution worker Thread 15,5,main]) started.
:app:mapDebugSourceSetPaths (Thread[included builds,5,main]) started.

> Task :app:mapDebugSourceSetPaths UP-TO-DATE
Transforming hilt-work-1.1.0.aar (androidx.hilt:hilt-work:1.1.0) with JetifyTransform
Transforming hilt-work-1.1.0.aar (androidx.hilt:hilt-work:1.1.0) with ExtractAarTransform
Transforming hilt-work-1.1.0.aar (androidx.hilt:hilt-work:1.1.0) with AarTransform
Transforming work-runtime-ktx-2.9.0.aar (androidx.work:work-runtime-ktx:2.9.0) with JetifyTransform
Transforming work-runtime-ktx-2.9.0.aar (androidx.work:work-runtime-ktx:2.9.0) with ExtractAarTransform
Transforming work-runtime-ktx-2.9.0.aar (androidx.work:work-runtime-ktx:2.9.0) with AarTransform
Transforming work-runtime-2.9.0.aar (androidx.work:work-runtime:2.9.0) with JetifyTransform
Transforming work-runtime-2.9.0.aar (androidx.work:work-runtime:2.9.0) with ExtractAarTransform
Transforming work-runtime-2.9.0.aar (androidx.work:work-runtime:2.9.0) with AarTransform
Transforming hilt-navigation-compose-1.1.0.aar (androidx.hilt:hilt-navigation-compose:1.1.0) with JetifyTransform
Transforming hilt-navigation-compose-1.1.0.aar (androidx.hilt:hilt-navigation-compose:1.1.0) with ExtractAarTransform
Transforming hilt-navigation-compose-1.1.0.aar (androidx.hilt:hilt-navigation-compose:1.1.0) with AarTransform
Transforming hilt-navigation-1.1.0.aar (androidx.hilt:hilt-navigation:1.1.0) with JetifyTransform
Transforming hilt-navigation-1.1.0.aar (androidx.hilt:hilt-navigation:1.1.0) with ExtractAarTransform
Transforming hilt-navigation-1.1.0.aar (androidx.hilt:hilt-navigation:1.1.0) with AarTransform
Transforming navigation-common-2.7.6.aar (androidx.navigation:navigation-common:2.7.6) with JetifyTransform
Transforming navigation-common-2.7.6.aar (androidx.navigation:navigation-common:2.7.6) with ExtractAarTransform
Transforming navigation-common-2.7.6.aar (androidx.navigation:navigation-common:2.7.6) with AarTransform
Transforming navigation-runtime-2.7.6.aar (androidx.navigation:navigation-runtime:2.7.6) with JetifyTransform
Transforming navigation-runtime-2.7.6.aar (androidx.navigation:navigation-runtime:2.7.6) with ExtractAarTransform
Transforming navigation-runtime-2.7.6.aar (androidx.navigation:navigation-runtime:2.7.6) with AarTransform
Transforming navigation-common-ktx-2.7.6.aar (androidx.navigation:navigation-common-ktx:2.7.6) with JetifyTransform
Transforming navigation-common-ktx-2.7.6.aar (androidx.navigation:navigation-common-ktx:2.7.6) with ExtractAarTransform
Transforming navigation-common-ktx-2.7.6.aar (androidx.navigation:navigation-common-ktx:2.7.6) with AarTransform
Transforming navigation-runtime-ktx-2.7.6.aar (androidx.navigation:navigation-runtime-ktx:2.7.6) with JetifyTransform
Transforming navigation-runtime-ktx-2.7.6.aar (androidx.navigation:navigation-runtime-ktx:2.7.6) with ExtractAarTransform
Transforming navigation-runtime-ktx-2.7.6.aar (androidx.navigation:navigation-runtime-ktx:2.7.6) with AarTransform
Transforming navigation-compose-2.7.6.aar (androidx.navigation:navigation-compose:2.7.6) with JetifyTransform
Transforming navigation-compose-2.7.6.aar (androidx.navigation:navigation-compose:2.7.6) with ExtractAarTransform
Transforming navigation-compose-2.7.6.aar (androidx.navigation:navigation-compose:2.7.6) with AarTransform
Transforming material3-1.1.2.aar (androidx.compose.material3:material3:1.1.2) with JetifyTransform
Transforming material3-1.1.2.aar (androidx.compose.material3:material3:1.1.2) with ExtractAarTransform
Transforming material3-1.1.2.aar (androidx.compose.material3:material3:1.1.2) with AarTransform
Transforming coil-compose-2.5.0.aar (io.coil-kt:coil-compose:2.5.0) with JetifyTransform
Transforming coil-compose-2.5.0.aar (io.coil-kt:coil-compose:2.5.0) with ExtractAarTransform
Transforming coil-compose-2.5.0.aar (io.coil-kt:coil-compose:2.5.0) with AarTransform
Transforming coil-compose-base-2.5.0.aar (io.coil-kt:coil-compose-base:2.5.0) with JetifyTransform
Transforming coil-compose-base-2.5.0.aar (io.coil-kt:coil-compose-base:2.5.0) with ExtractAarTransform
Transforming coil-compose-base-2.5.0.aar (io.coil-kt:coil-compose-base:2.5.0) with AarTransform
Transforming material-ripple-release.aar (androidx.compose.material:material-ripple-android:1.5.4) with JetifyTransform
Transforming material-ripple-release.aar (androidx.compose.material:material-ripple-android:1.5.4) with ExtractAarTransform
Transforming material-ripple-release.aar (androidx.compose.material:material-ripple-android:1.5.4) with AarTransform
Transforming material-icons-core-release.aar (androidx.compose.material:material-icons-core-android:1.5.4) with JetifyTransform
Transforming material-icons-core-release.aar (androidx.compose.material:material-icons-core-android:1.5.4) with ExtractAarTransform
Transforming material-icons-core-release.aar (androidx.compose.material:material-icons-core-android:1.5.4) with AarTransform
Transforming material-icons-extended-release.aar (androidx.compose.material:material-icons-extended-android:1.5.4) with JetifyTransform
Transforming material-icons-extended-release.aar (androidx.compose.material:material-icons-extended-android:1.5.4) with ExtractAarTransform
Transforming material-icons-extended-release.aar (androidx.compose.material:material-icons-extended-android:1.5.4) with AarTransform
Transforming material-release.aar (androidx.compose.material:material-android:1.5.4) with JetifyTransform
Transforming material-release.aar (androidx.compose.material:material-android:1.5.4) with ExtractAarTransform
Transforming material-release.aar (androidx.compose.material:material-android:1.5.4) with AarTransform
Transforming animation-core-release.aar (androidx.compose.animation:animation-core-android:1.5.4) with JetifyTransform
Transforming animation-core-release.aar (androidx.compose.animation:animation-core-android:1.5.4) with ExtractAarTransform
Transforming animation-core-release.aar (androidx.compose.animation:animation-core-android:1.5.4) with AarTransform
Transforming animation-release.aar (androidx.compose.animation:animation-android:1.5.4) with JetifyTransform
Transforming animation-release.aar (androidx.compose.animation:animation-android:1.5.4) with ExtractAarTransform
Transforming animation-release.aar (androidx.compose.animation:animation-android:1.5.4) with AarTransform
Transforming foundation-layout-release.aar (androidx.compose.foundation:foundation-layout-android:1.5.4) with JetifyTransform
Transforming foundation-layout-release.aar (androidx.compose.foundation:foundation-layout-android:1.5.4) with ExtractAarTransform
Transforming foundation-layout-release.aar (androidx.compose.foundation:foundation-layout-android:1.5.4) with AarTransform
Transforming foundation-release.aar (androidx.compose.foundation:foundation-android:1.5.4) with JetifyTransform
Transforming foundation-release.aar (androidx.compose.foundation:foundation-android:1.5.4) with ExtractAarTransform
Transforming foundation-release.aar (androidx.compose.foundation:foundation-android:1.5.4) with AarTransform
Transforming ui-tooling-data-release.aar (androidx.compose.ui:ui-tooling-data-android:1.5.4) with JetifyTransform
Transforming ui-tooling-data-release.aar (androidx.compose.ui:ui-tooling-data-android:1.5.4) with ExtractAarTransform
Transforming ui-tooling-data-release.aar (androidx.compose.ui:ui-tooling-data-android:1.5.4) with AarTransform
Transforming ui-unit-release.aar (androidx.compose.ui:ui-unit-android:1.5.4) with JetifyTransform
Transforming ui-unit-release.aar (androidx.compose.ui:ui-unit-android:1.5.4) with ExtractAarTransform
Transforming ui-unit-release.aar (androidx.compose.ui:ui-unit-android:1.5.4) with AarTransform
Transforming ui-geometry-release.aar (androidx.compose.ui:ui-geometry-android:1.5.4) with JetifyTransform
Transforming ui-geometry-release.aar (androidx.compose.ui:ui-geometry-android:1.5.4) with ExtractAarTransform
Transforming ui-geometry-release.aar (androidx.compose.ui:ui-geometry-android:1.5.4) with AarTransform
Transforming ui-util-release.aar (androidx.compose.ui:ui-util-android:1.5.4) with JetifyTransform
Transforming ui-util-release.aar (androidx.compose.ui:ui-util-android:1.5.4) with ExtractAarTransform
Transforming ui-util-release.aar (androidx.compose.ui:ui-util-android:1.5.4) with AarTransform
Transforming ui-text-release.aar (androidx.compose.ui:ui-text-android:1.5.4) with JetifyTransform
Transforming ui-text-release.aar (androidx.compose.ui:ui-text-android:1.5.4) with ExtractAarTransform
Transforming ui-text-release.aar (androidx.compose.ui:ui-text-android:1.5.4) with AarTransform
Transforming ui-tooling-preview-release.aar (androidx.compose.ui:ui-tooling-preview-android:1.5.4) with JetifyTransform
Transforming ui-tooling-preview-release.aar (androidx.compose.ui:ui-tooling-preview-android:1.5.4) with ExtractAarTransform
Transforming ui-tooling-preview-release.aar (androidx.compose.ui:ui-tooling-preview-android:1.5.4) with AarTransform
Transforming ui-tooling-release.aar (androidx.compose.ui:ui-tooling-android:1.5.4) with JetifyTransform
Transforming ui-tooling-release.aar (androidx.compose.ui:ui-tooling-android:1.5.4) with ExtractAarTransform
Transforming ui-tooling-release.aar (androidx.compose.ui:ui-tooling-android:1.5.4) with AarTransform
Transforming ui-graphics-release.aar (androidx.compose.ui:ui-graphics-android:1.5.4) with JetifyTransform
Transforming ui-graphics-release.aar (androidx.compose.ui:ui-graphics-android:1.5.4) with ExtractAarTransform
Transforming ui-graphics-release.aar (androidx.compose.ui:ui-graphics-android:1.5.4) with AarTransform
Transforming ui-test-manifest-1.5.4.aar (androidx.compose.ui:ui-test-manifest:1.5.4) with JetifyTransform
Transforming ui-test-manifest-1.5.4.aar (androidx.compose.ui:ui-test-manifest:1.5.4) with ExtractAarTransform
Transforming ui-test-manifest-1.5.4.aar (androidx.compose.ui:ui-test-manifest:1.5.4) with AarTransform
Transforming hilt-android-2.48.1.aar (com.google.dagger:hilt-android:2.48.1) with JetifyTransform
Transforming hilt-android-2.48.1.aar (com.google.dagger:hilt-android:2.48.1) with ExtractAarTransform
Transforming hilt-android-2.48.1.aar (com.google.dagger:hilt-android:2.48.1) with AarTransform
Transforming fragment-1.5.1.aar (androidx.fragment:fragment:1.5.1) with JetifyTransform
Transforming fragment-1.5.1.aar (androidx.fragment:fragment:1.5.1) with ExtractAarTransform
Transforming fragment-1.5.1.aar (androidx.fragment:fragment:1.5.1) with AarTransform
Transforming activity-1.8.2.aar (androidx.activity:activity:1.8.2) with JetifyTransform
Transforming activity-1.8.2.aar (androidx.activity:activity:1.8.2) with ExtractAarTransform
Transforming activity-1.8.2.aar (androidx.activity:activity:1.8.2) with AarTransform
Transforming activity-ktx-1.8.2.aar (androidx.activity:activity-ktx:1.8.2) with JetifyTransform
Transforming activity-ktx-1.8.2.aar (androidx.activity:activity-ktx:1.8.2) with ExtractAarTransform
Transforming activity-ktx-1.8.2.aar (androidx.activity:activity-ktx:1.8.2) with AarTransform
Transforming activity-compose-1.8.2.aar (androidx.activity:activity-compose:1.8.2) with JetifyTransform
Transforming activity-compose-1.8.2.aar (androidx.activity:activity-compose:1.8.2) with ExtractAarTransform
Transforming activity-compose-1.8.2.aar (androidx.activity:activity-compose:1.8.2) with AarTransform
Transforming savedstate-ktx-1.2.1.aar (androidx.savedstate:savedstate-ktx:1.2.1) with JetifyTransform
Transforming savedstate-ktx-1.2.1.aar (androidx.savedstate:savedstate-ktx:1.2.1) with ExtractAarTransform
Transforming savedstate-ktx-1.2.1.aar (androidx.savedstate:savedstate-ktx:1.2.1) with AarTransform
Transforming savedstate-1.2.1.aar (androidx.savedstate:savedstate:1.2.1) with JetifyTransform
Transforming savedstate-1.2.1.aar (androidx.savedstate:savedstate:1.2.1) with ExtractAarTransform
Transforming savedstate-1.2.1.aar (androidx.savedstate:savedstate:1.2.1) with AarTransform
Transforming loader-1.0.0.aar (androidx.loader:loader:1.0.0) with JetifyTransform
Transforming loader-1.0.0.aar (androidx.loader:loader:1.0.0) with ExtractAarTransform
Transforming loader-1.0.0.aar (androidx.loader:loader:1.0.0) with AarTransform
Transforming emoji2-1.4.0.aar (androidx.emoji2:emoji2:1.4.0) with JetifyTransform
Transforming emoji2-1.4.0.aar (androidx.emoji2:emoji2:1.4.0) with ExtractAarTransform
Transforming emoji2-1.4.0.aar (androidx.emoji2:emoji2:1.4.0) with AarTransform
Transforming lifecycle-process-2.6.2.aar (androidx.lifecycle:lifecycle-process:2.6.2) with JetifyTransform
Transforming lifecycle-process-2.6.2.aar (androidx.lifecycle:lifecycle-process:2.6.2) with ExtractAarTransform
Transforming lifecycle-process-2.6.2.aar (androidx.lifecycle:lifecycle-process:2.6.2) with AarTransform
Transforming lifecycle-service-2.6.2.aar (androidx.lifecycle:lifecycle-service:2.6.2) with JetifyTransform
Transforming lifecycle-service-2.6.2.aar (androidx.lifecycle:lifecycle-service:2.6.2) with ExtractAarTransform
Transforming lifecycle-service-2.6.2.aar (androidx.lifecycle:lifecycle-service:2.6.2) with AarTransform
Transforming lifecycle-livedata-2.6.2.aar (androidx.lifecycle:lifecycle-livedata:2.6.2) with JetifyTransform
Transforming lifecycle-livedata-2.6.2.aar (androidx.lifecycle:lifecycle-livedata:2.6.2) with ExtractAarTransform
Transforming lifecycle-livedata-2.6.2.aar (androidx.lifecycle:lifecycle-livedata:2.6.2) with AarTransform
Transforming lifecycle-livedata-2.6.2.aar (androidx.lifecycle:lifecycle-livedata:2.6.2) with JetifyTransform
Transforming lifecycle-livedata-2.6.2.aar (androidx.lifecycle:lifecycle-livedata:2.6.2) with ExtractAarTransform
Transforming lifecycle-livedata-2.6.2.aar (androidx.lifecycle:lifecycle-livedata:2.6.2) with AarTransform
Transforming lifecycle-livedata-core-2.6.2.aar (androidx.lifecycle:lifecycle-livedata-core:2.6.2) with JetifyTransform
Transforming lifecycle-livedata-core-2.6.2.aar (androidx.lifecycle:lifecycle-livedata-core:2.6.2) with ExtractAarTransform
Transforming lifecycle-livedata-core-2.6.2.aar (androidx.lifecycle:lifecycle-livedata-core:2.6.2) with AarTransform
Transforming lifecycle-viewmodel-savedstate-2.6.2.aar (androidx.lifecycle:lifecycle-viewmodel-savedstate:2.6.2) with JetifyTransform
Transforming lifecycle-viewmodel-savedstate-2.6.2.aar (androidx.lifecycle:lifecycle-viewmodel-savedstate:2.6.2) with ExtractAarTransform
Transforming lifecycle-viewmodel-savedstate-2.6.2.aar (androidx.lifecycle:lifecycle-viewmodel-savedstate:2.6.2) with AarTransform
Transforming lifecycle-viewmodel-ktx-2.6.2.aar (androidx.lifecycle:lifecycle-viewmodel-ktx:2.6.2) with JetifyTransform
Transforming lifecycle-viewmodel-ktx-2.6.2.aar (androidx.lifecycle:lifecycle-viewmodel-ktx:2.6.2) with ExtractAarTransform
Transforming lifecycle-viewmodel-ktx-2.6.2.aar (androidx.lifecycle:lifecycle-viewmodel-ktx:2.6.2) with AarTransform
Transforming lifecycle-viewmodel-2.6.2.aar (androidx.lifecycle:lifecycle-viewmodel:2.6.2) with JetifyTransform
Transforming lifecycle-viewmodel-2.6.2.aar (androidx.lifecycle:lifecycle-viewmodel:2.6.2) with ExtractAarTransform
Transforming lifecycle-viewmodel-2.6.2.aar (androidx.lifecycle:lifecycle-viewmodel:2.6.2) with AarTransform
Transforming lifecycle-viewmodel-2.6.2.aar (androidx.lifecycle:lifecycle-viewmodel:2.6.2) with JetifyTransform
Transforming lifecycle-viewmodel-2.6.2.aar (androidx.lifecycle:lifecycle-viewmodel:2.6.2) with ExtractAarTransform
Transforming lifecycle-viewmodel-2.6.2.aar (androidx.lifecycle:lifecycle-viewmodel:2.6.2) with AarTransform
Transforming coil-2.5.0.aar (io.coil-kt:coil:2.5.0) with JetifyTransform
Transforming coil-2.5.0.aar (io.coil-kt:coil:2.5.0) with ExtractAarTransform
Transforming coil-2.5.0.aar (io.coil-kt:coil:2.5.0) with AarTransform
Transforming coil-base-2.5.0.aar (io.coil-kt:coil-base:2.5.0) with JetifyTransform
Transforming coil-base-2.5.0.aar (io.coil-kt:coil-base:2.5.0) with ExtractAarTransform
Transforming coil-base-2.5.0.aar (io.coil-kt:coil-base:2.5.0) with AarTransform
Transforming lifecycle-runtime-2.6.2.aar (androidx.lifecycle:lifecycle-runtime:2.6.2) with JetifyTransform
Transforming lifecycle-runtime-2.6.2.aar (androidx.lifecycle:lifecycle-runtime:2.6.2) with ExtractAarTransform
Transforming lifecycle-runtime-2.6.2.aar (androidx.lifecycle:lifecycle-runtime:2.6.2) with AarTransform
Transforming lifecycle-runtime-compose-2.6.2.aar (androidx.lifecycle:lifecycle-runtime-compose:2.6.2) with JetifyTransform
Transforming lifecycle-runtime-compose-2.6.2.aar (androidx.lifecycle:lifecycle-runtime-compose:2.6.2) with ExtractAarTransform
Transforming lifecycle-runtime-compose-2.6.2.aar (androidx.lifecycle:lifecycle-runtime-compose:2.6.2) with AarTransform
Transforming lifecycle-runtime-ktx-2.6.2.aar (androidx.lifecycle:lifecycle-runtime-ktx:2.6.2) with JetifyTransform
Transforming lifecycle-runtime-ktx-2.6.2.aar (androidx.lifecycle:lifecycle-runtime-ktx:2.6.2) with ExtractAarTransform
Transforming lifecycle-runtime-ktx-2.6.2.aar (androidx.lifecycle:lifecycle-runtime-ktx:2.6.2) with AarTransform
Transforming lifecycle-viewmodel-compose-2.6.2.aar (androidx.lifecycle:lifecycle-viewmodel-compose:2.6.2) with JetifyTransform
Transforming lifecycle-viewmodel-compose-2.6.2.aar (androidx.lifecycle:lifecycle-viewmodel-compose:2.6.2) with ExtractAarTransform
Transforming lifecycle-viewmodel-compose-2.6.2.aar (androidx.lifecycle:lifecycle-viewmodel-compose:2.6.2) with AarTransform
Transforming accompanist-drawablepainter-0.32.0.aar (com.google.accompanist:accompanist-drawablepainter:0.32.0) with JetifyTransform
Transforming accompanist-drawablepainter-0.32.0.aar (com.google.accompanist:accompanist-drawablepainter:0.32.0) with ExtractAarTransform
Transforming accompanist-drawablepainter-0.32.0.aar (com.google.accompanist:accompanist-drawablepainter:0.32.0) with AarTransform
Transforming ui-release.aar (androidx.compose.ui:ui-android:1.5.4) with JetifyTransform
Transforming ui-release.aar (androidx.compose.ui:ui-android:1.5.4) with ExtractAarTransform
Transforming ui-release.aar (androidx.compose.ui:ui-android:1.5.4) with AarTransform
Transforming viewpager-1.0.0.aar (androidx.viewpager:viewpager:1.0.0) with JetifyTransform
Transforming viewpager-1.0.0.aar (androidx.viewpager:viewpager:1.0.0) with ExtractAarTransform
Transforming viewpager-1.0.0.aar (androidx.viewpager:viewpager:1.0.0) with AarTransform
Transforming autofill-1.0.0.aar (androidx.autofill:autofill:1.0.0) with JetifyTransform
Transforming autofill-1.0.0.aar (androidx.autofill:autofill:1.0.0) with ExtractAarTransform
Transforming autofill-1.0.0.aar (androidx.autofill:autofill:1.0.0) with AarTransform
Transforming customview-1.0.0.aar (androidx.customview:customview:1.0.0) with JetifyTransform
Transforming customview-1.0.0.aar (androidx.customview:customview:1.0.0) with ExtractAarTransform
Transforming customview-1.0.0.aar (androidx.customview:customview:1.0.0) with AarTransform
Transforming appcompat-resources-1.6.1.aar (androidx.appcompat:appcompat-resources:1.6.1) with JetifyTransform
Transforming appcompat-resources-1.6.1.aar (androidx.appcompat:appcompat-resources:1.6.1) with ExtractAarTransform
Transforming appcompat-resources-1.6.1.aar (androidx.appcompat:appcompat-resources:1.6.1) with AarTransform
Transforming vectordrawable-animated-1.1.0.aar (androidx.vectordrawable:vectordrawable-animated:1.1.0) with JetifyTransform
Transforming vectordrawable-animated-1.1.0.aar (androidx.vectordrawable:vectordrawable-animated:1.1.0) with ExtractAarTransform
Transforming vectordrawable-animated-1.1.0.aar (androidx.vectordrawable:vectordrawable-animated:1.1.0) with AarTransform
Transforming vectordrawable-1.1.0.aar (androidx.vectordrawable:vectordrawable:1.1.0) with JetifyTransform
Transforming vectordrawable-1.1.0.aar (androidx.vectordrawable:vectordrawable:1.1.0) with ExtractAarTransform
Transforming vectordrawable-1.1.0.aar (androidx.vectordrawable:vectordrawable:1.1.0) with AarTransform
Transforming vectordrawable-1.1.0.aar (androidx.vectordrawable:vectordrawable:1.1.0) with JetifyTransform
Transforming vectordrawable-1.1.0.aar (androidx.vectordrawable:vectordrawable:1.1.0) with ExtractAarTransform
Transforming vectordrawable-1.1.0.aar (androidx.vectordrawable:vectordrawable:1.1.0) with AarTransform
Transforming core-1.12.0.aar (androidx.core:core:1.12.0) with JetifyTransform
Transforming core-1.12.0.aar (androidx.core:core:1.12.0) with ExtractAarTransform
Transforming core-1.12.0.aar (androidx.core:core:1.12.0) with AarTransform
Transforming core-1.12.0.aar (androidx.core:core:1.12.0) with JetifyTransform
Transforming core-1.12.0.aar (androidx.core:core:1.12.0) with ExtractAarTransform
Transforming core-1.12.0.aar (androidx.core:core:1.12.0) with AarTransform
Transforming customview-poolingcontainer-1.0.0.aar (androidx.customview:customview-poolingcontainer:1.0.0) with JetifyTransform
Transforming customview-poolingcontainer-1.0.0.aar (androidx.customview:customview-poolingcontainer:1.0.0) with ExtractAarTransform
Transforming customview-poolingcontainer-1.0.0.aar (androidx.customview:customview-poolingcontainer:1.0.0) with AarTransform
Transforming core-ktx-1.12.0.aar (androidx.core:core-ktx:1.12.0) with JetifyTransform
Transforming core-ktx-1.12.0.aar (androidx.core:core-ktx:1.12.0) with ExtractAarTransform
Transforming core-ktx-1.12.0.aar (androidx.core:core-ktx:1.12.0) with AarTransform
Transforming room-runtime-2.6.1.aar (androidx.room:room-runtime:2.6.1) with JetifyTransform
Transforming room-runtime-2.6.1.aar (androidx.room:room-runtime:2.6.1) with ExtractAarTransform
Transforming room-runtime-2.6.1.aar (androidx.room:room-runtime:2.6.1) with AarTransform
Transforming room-ktx-2.6.1.aar (androidx.room:room-ktx:2.6.1) with JetifyTransform
Transforming room-ktx-2.6.1.aar (androidx.room:room-ktx:2.6.1) with ExtractAarTransform
Transforming room-ktx-2.6.1.aar (androidx.room:room-ktx:2.6.1) with AarTransform
Transforming datastore-preferences-1.0.0.aar (androidx.datastore:datastore-preferences:1.0.0) with JetifyTransform
Transforming datastore-preferences-1.0.0.aar (androidx.datastore:datastore-preferences:1.0.0) with ExtractAarTransform
Transforming datastore-preferences-1.0.0.aar (androidx.datastore:datastore-preferences:1.0.0) with AarTransform
Transforming timber-5.0.1.aar (com.jakewharton.timber:timber:5.0.1) with JetifyTransform
Transforming timber-5.0.1.aar (com.jakewharton.timber:timber:5.0.1) with ExtractAarTransform
Transforming timber-5.0.1.aar (com.jakewharton.timber:timber:5.0.1) with AarTransform
Transforming sqlite-framework-2.4.0.aar (androidx.sqlite:sqlite-framework:2.4.0) with JetifyTransform
Transforming sqlite-framework-2.4.0.aar (androidx.sqlite:sqlite-framework:2.4.0) with ExtractAarTransform
Transforming sqlite-framework-2.4.0.aar (androidx.sqlite:sqlite-framework:2.4.0) with AarTransform
Transforming sqlite-2.4.0.aar (androidx.sqlite:sqlite:2.4.0) with JetifyTransform
Transforming sqlite-2.4.0.aar (androidx.sqlite:sqlite:2.4.0) with ExtractAarTransform
Transforming sqlite-2.4.0.aar (androidx.sqlite:sqlite:2.4.0) with AarTransform
Transforming datastore-1.0.0.aar (androidx.datastore:datastore:1.0.0) with JetifyTransform
Transforming datastore-1.0.0.aar (androidx.datastore:datastore:1.0.0) with ExtractAarTransform
Transforming datastore-1.0.0.aar (androidx.datastore:datastore:1.0.0) with AarTransform
Transforming runtime-saveable-release.aar (androidx.compose.runtime:runtime-saveable-android:1.5.4) with JetifyTransform
Transforming runtime-saveable-release.aar (androidx.compose.runtime:runtime-saveable-android:1.5.4) with ExtractAarTransform
Transforming runtime-saveable-release.aar (androidx.compose.runtime:runtime-saveable-android:1.5.4) with AarTransform
Transforming runtime-release.aar (androidx.compose.runtime:runtime-android:1.5.4) with JetifyTransform
Transforming runtime-release.aar (androidx.compose.runtime:runtime-android:1.5.4) with ExtractAarTransform
Transforming runtime-release.aar (androidx.compose.runtime:runtime-android:1.5.4) with AarTransform
Transforming annotation-experimental-1.3.0.aar (androidx.annotation:annotation-experimental:1.3.0) with JetifyTransform
Transforming annotation-experimental-1.3.0.aar (androidx.annotation:annotation-experimental:1.3.0) with ExtractAarTransform
Transforming annotation-experimental-1.3.0.aar (androidx.annotation:annotation-experimental:1.3.0) with AarTransform
Transforming core-runtime-2.2.0.aar (androidx.arch.core:core-runtime:2.2.0) with JetifyTransform
Transforming core-runtime-2.2.0.aar (androidx.arch.core:core-runtime:2.2.0) with ExtractAarTransform
Transforming core-runtime-2.2.0.aar (androidx.arch.core:core-runtime:2.2.0) with AarTransform
Transforming interpolator-1.0.0.aar (androidx.interpolator:interpolator:1.0.0) with JetifyTransform
Transforming interpolator-1.0.0.aar (androidx.interpolator:interpolator:1.0.0) with ExtractAarTransform
Transforming interpolator-1.0.0.aar (androidx.interpolator:interpolator:1.0.0) with AarTransform
Transforming interpolator-1.0.0.aar (androidx.interpolator:interpolator:1.0.0) with JetifyTransform
Transforming interpolator-1.0.0.aar (androidx.interpolator:interpolator:1.0.0) with ExtractAarTransform
Transforming interpolator-1.0.0.aar (androidx.interpolator:interpolator:1.0.0) with AarTransform
Transforming versionedparcelable-1.1.1.aar (androidx.versionedparcelable:versionedparcelable:1.1.1) with JetifyTransform
Transforming versionedparcelable-1.1.1.aar (androidx.versionedparcelable:versionedparcelable:1.1.1) with ExtractAarTransform
Transforming versionedparcelable-1.1.1.aar (androidx.versionedparcelable:versionedparcelable:1.1.1) with AarTransform
Transforming profileinstaller-1.3.1.aar (androidx.profileinstaller:profileinstaller:1.3.1) with JetifyTransform
Transforming profileinstaller-1.3.1.aar (androidx.profileinstaller:profileinstaller:1.3.1) with ExtractAarTransform
Transforming profileinstaller-1.3.1.aar (androidx.profileinstaller:profileinstaller:1.3.1) with AarTransform
Transforming startup-runtime-1.1.1.aar (androidx.startup:startup-runtime:1.1.1) with JetifyTransform
Transforming startup-runtime-1.1.1.aar (androidx.startup:startup-runtime:1.1.1) with ExtractAarTransform
Transforming startup-runtime-1.1.1.aar (androidx.startup:startup-runtime:1.1.1) with AarTransform
Transforming tracing-1.0.0.aar (androidx.tracing:tracing:1.0.0) with JetifyTransform
Transforming tracing-1.0.0.aar (androidx.tracing:tracing:1.0.0) with ExtractAarTransform
Transforming tracing-1.0.0.aar (androidx.tracing:tracing:1.0.0) with AarTransform
Transforming exifinterface-1.3.6.aar (androidx.exifinterface:exifinterface:1.3.6) with JetifyTransform
Transforming exifinterface-1.3.6.aar (androidx.exifinterface:exifinterface:1.3.6) with ExtractAarTransform
Transforming exifinterface-1.3.6.aar (androidx.exifinterface:exifinterface:1.3.6) with AarTransform
Transforming dagger-lint-aar-2.48.1.aar (com.google.dagger:dagger-lint-aar:2.48.1) with JetifyTransform
Transforming dagger-lint-aar-2.48.1.aar (com.google.dagger:dagger-lint-aar:2.48.1) with ExtractAarTransform
Transforming dagger-lint-aar-2.48.1.aar (com.google.dagger:dagger-lint-aar:2.48.1) with AarTransform
Caching disabled for task ':app:mapDebugSourceSetPaths' because:
  Build cache is disabled
Skipping task ':app:mapDebugSourceSetPaths' as it is up-to-date.
Resolve mutations for :app:generateDebugResources (Thread[included builds,5,main]) started.
:app:generateDebugResources (Thread[Execution worker Thread 17,5,main]) started.

> Task :app:generateDebugResources UP-TO-DATE
Skipping task ':app:generateDebugResources' as it has no actions.
Resolve mutations for :app:mergeDebugResources (Thread[Execution worker Thread 17,5,main]) started.
:app:mergeDebugResources (Thread[Execution worker Thread 17,5,main]) started.

> Task :app:mergeDebugResources UP-TO-DATE
Caching disabled for task ':app:mergeDebugResources' because:
  Build cache is disabled
Skipping task ':app:mergeDebugResources' as it is up-to-date.
Resolve mutations for :app:packageDebugResources (Thread[Execution worker Thread 17,5,main]) started.
:app:packageDebugResources (Thread[Execution worker Thread 17,5,main]) started.

> Task :app:packageDebugResources UP-TO-DATE
Caching disabled for task ':app:packageDebugResources' because:
  Build cache is disabled
Skipping task ':app:packageDebugResources' as it is up-to-date.
Resolve mutations for :app:parseDebugLocalResources (Thread[Execution worker Thread 17,5,main]) started.
:app:parseDebugLocalResources (Thread[Execution worker Thread 3,5,main]) started.

> Task :app:parseDebugLocalResources UP-TO-DATE
Transforming android.jar with PlatformAttrTransform
Transforming android.jar with PlatformAttrTransform
Caching disabled for task ':app:parseDebugLocalResources' because:
  Build cache is disabled
Skipping task ':app:parseDebugLocalResources' as it is up-to-date.
Resolve mutations for :app:createDebugCompatibleScreenManifests (Thread[Execution worker Thread 3,5,main]) started.
:app:createDebugCompatibleScreenManifests (Thread[Execution worker Thread 3,5,main]) started.

> Task :app:createDebugCompatibleScreenManifests UP-TO-DATE
Caching disabled for task ':app:createDebugCompatibleScreenManifests' because:
  Build cache is disabled
Skipping task ':app:createDebugCompatibleScreenManifests' as it is up-to-date.
Resolve mutations for :app:extractDeepLinksDebug (Thread[Execution worker Thread 3,5,main]) started.
:app:extractDeepLinksDebug (Thread[Execution worker Thread 3,5,main]) started.

> Task :app:extractDeepLinksDebug UP-TO-DATE
Caching disabled for task ':app:extractDeepLinksDebug' because:
  Build cache is disabled
Skipping task ':app:extractDeepLinksDebug' as it is up-to-date.
Resolve mutations for :app:processDebugMainManifest (Thread[Execution worker Thread 13,5,main]) started.
:app:processDebugMainManifest (Thread[Execution worker Thread 13,5,main]) started.

> Task :app:processDebugMainManifest UP-TO-DATE
Transforming hilt-work-1.1.0.aar (androidx.hilt:hilt-work:1.1.0) with JetifyTransform
Transforming hilt-work-1.1.0.aar (androidx.hilt:hilt-work:1.1.0) with ExtractAarTransform
Transforming hilt-work-1.1.0.aar (androidx.hilt:hilt-work:1.1.0) with AarTransform
Transforming work-runtime-ktx-2.9.0.aar (androidx.work:work-runtime-ktx:2.9.0) with JetifyTransform
Transforming work-runtime-ktx-2.9.0.aar (androidx.work:work-runtime-ktx:2.9.0) with ExtractAarTransform
Transforming work-runtime-ktx-2.9.0.aar (androidx.work:work-runtime-ktx:2.9.0) with AarTransform
Transforming work-runtime-2.9.0.aar (androidx.work:work-runtime:2.9.0) with JetifyTransform
Transforming work-runtime-2.9.0.aar (androidx.work:work-runtime:2.9.0) with ExtractAarTransform
Transforming work-runtime-2.9.0.aar (androidx.work:work-runtime:2.9.0) with AarTransform
Transforming hilt-navigation-compose-1.1.0.aar (androidx.hilt:hilt-navigation-compose:1.1.0) with JetifyTransform
Transforming hilt-navigation-compose-1.1.0.aar (androidx.hilt:hilt-navigation-compose:1.1.0) with ExtractAarTransform
Transforming hilt-navigation-compose-1.1.0.aar (androidx.hilt:hilt-navigation-compose:1.1.0) with AarTransform
Transforming hilt-navigation-1.1.0.aar (androidx.hilt:hilt-navigation:1.1.0) with JetifyTransform
Transforming hilt-navigation-1.1.0.aar (androidx.hilt:hilt-navigation:1.1.0) with ExtractAarTransform
Transforming hilt-navigation-1.1.0.aar (androidx.hilt:hilt-navigation:1.1.0) with AarTransform
Transforming navigation-common-2.7.6.aar (androidx.navigation:navigation-common:2.7.6) with JetifyTransform
Transforming navigation-common-2.7.6.aar (androidx.navigation:navigation-common:2.7.6) with ExtractAarTransform
Transforming navigation-common-2.7.6.aar (androidx.navigation:navigation-common:2.7.6) with AarTransform
Transforming navigation-runtime-2.7.6.aar (androidx.navigation:navigation-runtime:2.7.6) with JetifyTransform
Transforming navigation-runtime-2.7.6.aar (androidx.navigation:navigation-runtime:2.7.6) with ExtractAarTransform
Transforming navigation-runtime-2.7.6.aar (androidx.navigation:navigation-runtime:2.7.6) with AarTransform
Transforming navigation-common-ktx-2.7.6.aar (androidx.navigation:navigation-common-ktx:2.7.6) with JetifyTransform
Transforming navigation-common-ktx-2.7.6.aar (androidx.navigation:navigation-common-ktx:2.7.6) with ExtractAarTransform
Transforming navigation-common-ktx-2.7.6.aar (androidx.navigation:navigation-common-ktx:2.7.6) with AarTransform
Transforming navigation-runtime-ktx-2.7.6.aar (androidx.navigation:navigation-runtime-ktx:2.7.6) with JetifyTransform
Transforming navigation-runtime-ktx-2.7.6.aar (androidx.navigation:navigation-runtime-ktx:2.7.6) with ExtractAarTransform
Transforming navigation-runtime-ktx-2.7.6.aar (androidx.navigation:navigation-runtime-ktx:2.7.6) with AarTransform
Transforming navigation-compose-2.7.6.aar (androidx.navigation:navigation-compose:2.7.6) with JetifyTransform
Transforming navigation-compose-2.7.6.aar (androidx.navigation:navigation-compose:2.7.6) with ExtractAarTransform
Transforming navigation-compose-2.7.6.aar (androidx.navigation:navigation-compose:2.7.6) with AarTransform
Transforming material3-1.1.2.aar (androidx.compose.material3:material3:1.1.2) with JetifyTransform
Transforming material3-1.1.2.aar (androidx.compose.material3:material3:1.1.2) with ExtractAarTransform
Transforming material3-1.1.2.aar (androidx.compose.material3:material3:1.1.2) with AarTransform
Transforming coil-compose-2.5.0.aar (io.coil-kt:coil-compose:2.5.0) with JetifyTransform
Transforming coil-compose-2.5.0.aar (io.coil-kt:coil-compose:2.5.0) with ExtractAarTransform
Transforming coil-compose-2.5.0.aar (io.coil-kt:coil-compose:2.5.0) with AarTransform
Transforming coil-compose-base-2.5.0.aar (io.coil-kt:coil-compose-base:2.5.0) with JetifyTransform
Transforming coil-compose-base-2.5.0.aar (io.coil-kt:coil-compose-base:2.5.0) with ExtractAarTransform
Transforming coil-compose-base-2.5.0.aar (io.coil-kt:coil-compose-base:2.5.0) with AarTransform
Transforming material-ripple-release.aar (androidx.compose.material:material-ripple-android:1.5.4) with JetifyTransform
Transforming material-ripple-release.aar (androidx.compose.material:material-ripple-android:1.5.4) with ExtractAarTransform
Transforming material-ripple-release.aar (androidx.compose.material:material-ripple-android:1.5.4) with AarTransform
Transforming material-icons-core-release.aar (androidx.compose.material:material-icons-core-android:1.5.4) with JetifyTransform
Transforming material-icons-core-release.aar (androidx.compose.material:material-icons-core-android:1.5.4) with ExtractAarTransform
Transforming material-icons-core-release.aar (androidx.compose.material:material-icons-core-android:1.5.4) with AarTransform
Transforming material-icons-extended-release.aar (androidx.compose.material:material-icons-extended-android:1.5.4) with JetifyTransform
Transforming material-icons-extended-release.aar (androidx.compose.material:material-icons-extended-android:1.5.4) with ExtractAarTransform
Transforming material-icons-extended-release.aar (androidx.compose.material:material-icons-extended-android:1.5.4) with AarTransform
Transforming material-release.aar (androidx.compose.material:material-android:1.5.4) with JetifyTransform
Transforming material-release.aar (androidx.compose.material:material-android:1.5.4) with ExtractAarTransform
Transforming material-release.aar (androidx.compose.material:material-android:1.5.4) with AarTransform
Transforming animation-core-release.aar (androidx.compose.animation:animation-core-android:1.5.4) with JetifyTransform
Transforming animation-core-release.aar (androidx.compose.animation:animation-core-android:1.5.4) with ExtractAarTransform
Transforming animation-core-release.aar (androidx.compose.animation:animation-core-android:1.5.4) with AarTransform
Transforming animation-release.aar (androidx.compose.animation:animation-android:1.5.4) with JetifyTransform
Transforming animation-release.aar (androidx.compose.animation:animation-android:1.5.4) with ExtractAarTransform
Transforming animation-release.aar (androidx.compose.animation:animation-android:1.5.4) with AarTransform
Transforming foundation-layout-release.aar (androidx.compose.foundation:foundation-layout-android:1.5.4) with JetifyTransform
Transforming foundation-layout-release.aar (androidx.compose.foundation:foundation-layout-android:1.5.4) with ExtractAarTransform
Transforming foundation-layout-release.aar (androidx.compose.foundation:foundation-layout-android:1.5.4) with AarTransform
Transforming foundation-release.aar (androidx.compose.foundation:foundation-android:1.5.4) with JetifyTransform
Transforming foundation-release.aar (androidx.compose.foundation:foundation-android:1.5.4) with ExtractAarTransform
Transforming foundation-release.aar (androidx.compose.foundation:foundation-android:1.5.4) with AarTransform
Transforming ui-tooling-data-release.aar (androidx.compose.ui:ui-tooling-data-android:1.5.4) with JetifyTransform
Transforming ui-tooling-data-release.aar (androidx.compose.ui:ui-tooling-data-android:1.5.4) with ExtractAarTransform
Transforming ui-tooling-data-release.aar (androidx.compose.ui:ui-tooling-data-android:1.5.4) with AarTransform
Transforming ui-unit-release.aar (androidx.compose.ui:ui-unit-android:1.5.4) with JetifyTransform
Transforming ui-unit-release.aar (androidx.compose.ui:ui-unit-android:1.5.4) with ExtractAarTransform
Transforming ui-unit-release.aar (androidx.compose.ui:ui-unit-android:1.5.4) with AarTransform
Transforming ui-geometry-release.aar (androidx.compose.ui:ui-geometry-android:1.5.4) with JetifyTransform
Transforming ui-geometry-release.aar (androidx.compose.ui:ui-geometry-android:1.5.4) with ExtractAarTransform
Transforming ui-geometry-release.aar (androidx.compose.ui:ui-geometry-android:1.5.4) with AarTransform
Transforming ui-util-release.aar (androidx.compose.ui:ui-util-android:1.5.4) with JetifyTransform
Transforming ui-util-release.aar (androidx.compose.ui:ui-util-android:1.5.4) with ExtractAarTransform
Transforming ui-util-release.aar (androidx.compose.ui:ui-util-android:1.5.4) with AarTransform
Transforming ui-text-release.aar (androidx.compose.ui:ui-text-android:1.5.4) with JetifyTransform
Transforming ui-text-release.aar (androidx.compose.ui:ui-text-android:1.5.4) with ExtractAarTransform
Transforming ui-text-release.aar (androidx.compose.ui:ui-text-android:1.5.4) with AarTransform
Transforming ui-tooling-preview-release.aar (androidx.compose.ui:ui-tooling-preview-android:1.5.4) with JetifyTransform
Transforming ui-tooling-preview-release.aar (androidx.compose.ui:ui-tooling-preview-android:1.5.4) with ExtractAarTransform
Transforming ui-tooling-preview-release.aar (androidx.compose.ui:ui-tooling-preview-android:1.5.4) with AarTransform
Transforming ui-tooling-release.aar (androidx.compose.ui:ui-tooling-android:1.5.4) with JetifyTransform
Transforming ui-tooling-release.aar (androidx.compose.ui:ui-tooling-android:1.5.4) with ExtractAarTransform
Transforming ui-tooling-release.aar (androidx.compose.ui:ui-tooling-android:1.5.4) with AarTransform
Transforming ui-graphics-release.aar (androidx.compose.ui:ui-graphics-android:1.5.4) with JetifyTransform
Transforming ui-graphics-release.aar (androidx.compose.ui:ui-graphics-android:1.5.4) with ExtractAarTransform
Transforming ui-graphics-release.aar (androidx.compose.ui:ui-graphics-android:1.5.4) with AarTransform
Transforming ui-test-manifest-1.5.4.aar (androidx.compose.ui:ui-test-manifest:1.5.4) with JetifyTransform
Transforming ui-test-manifest-1.5.4.aar (androidx.compose.ui:ui-test-manifest:1.5.4) with ExtractAarTransform
Transforming ui-test-manifest-1.5.4.aar (androidx.compose.ui:ui-test-manifest:1.5.4) with AarTransform
Transforming hilt-android-2.48.1.aar (com.google.dagger:hilt-android:2.48.1) with JetifyTransform
Transforming hilt-android-2.48.1.aar (com.google.dagger:hilt-android:2.48.1) with ExtractAarTransform
Transforming hilt-android-2.48.1.aar (com.google.dagger:hilt-android:2.48.1) with AarTransform
Transforming fragment-1.5.1.aar (androidx.fragment:fragment:1.5.1) with JetifyTransform
Transforming fragment-1.5.1.aar (androidx.fragment:fragment:1.5.1) with ExtractAarTransform
Transforming fragment-1.5.1.aar (androidx.fragment:fragment:1.5.1) with AarTransform
Transforming activity-1.8.2.aar (androidx.activity:activity:1.8.2) with JetifyTransform
Transforming activity-1.8.2.aar (androidx.activity:activity:1.8.2) with ExtractAarTransform
Transforming activity-1.8.2.aar (androidx.activity:activity:1.8.2) with AarTransform
Transforming activity-ktx-1.8.2.aar (androidx.activity:activity-ktx:1.8.2) with JetifyTransform
Transforming activity-ktx-1.8.2.aar (androidx.activity:activity-ktx:1.8.2) with ExtractAarTransform
Transforming activity-ktx-1.8.2.aar (androidx.activity:activity-ktx:1.8.2) with AarTransform
Transforming activity-compose-1.8.2.aar (androidx.activity:activity-compose:1.8.2) with JetifyTransform
Transforming activity-compose-1.8.2.aar (androidx.activity:activity-compose:1.8.2) with ExtractAarTransform
Transforming activity-compose-1.8.2.aar (androidx.activity:activity-compose:1.8.2) with AarTransform
Transforming savedstate-ktx-1.2.1.aar (androidx.savedstate:savedstate-ktx:1.2.1) with JetifyTransform
Transforming savedstate-ktx-1.2.1.aar (androidx.savedstate:savedstate-ktx:1.2.1) with ExtractAarTransform
Transforming savedstate-ktx-1.2.1.aar (androidx.savedstate:savedstate-ktx:1.2.1) with AarTransform
Transforming savedstate-1.2.1.aar (androidx.savedstate:savedstate:1.2.1) with JetifyTransform
Transforming savedstate-1.2.1.aar (androidx.savedstate:savedstate:1.2.1) with ExtractAarTransform
Transforming savedstate-1.2.1.aar (androidx.savedstate:savedstate:1.2.1) with AarTransform
Transforming loader-1.0.0.aar (androidx.loader:loader:1.0.0) with JetifyTransform
Transforming loader-1.0.0.aar (androidx.loader:loader:1.0.0) with ExtractAarTransform
Transforming loader-1.0.0.aar (androidx.loader:loader:1.0.0) with AarTransform
Transforming emoji2-1.4.0.aar (androidx.emoji2:emoji2:1.4.0) with JetifyTransform
Transforming emoji2-1.4.0.aar (androidx.emoji2:emoji2:1.4.0) with ExtractAarTransform
Transforming emoji2-1.4.0.aar (androidx.emoji2:emoji2:1.4.0) with AarTransform
Transforming lifecycle-process-2.6.2.aar (androidx.lifecycle:lifecycle-process:2.6.2) with JetifyTransform
Transforming lifecycle-process-2.6.2.aar (androidx.lifecycle:lifecycle-process:2.6.2) with ExtractAarTransform
Transforming lifecycle-process-2.6.2.aar (androidx.lifecycle:lifecycle-process:2.6.2) with AarTransform
Transforming lifecycle-service-2.6.2.aar (androidx.lifecycle:lifecycle-service:2.6.2) with JetifyTransform
Transforming lifecycle-service-2.6.2.aar (androidx.lifecycle:lifecycle-service:2.6.2) with ExtractAarTransform
Transforming lifecycle-service-2.6.2.aar (androidx.lifecycle:lifecycle-service:2.6.2) with AarTransform
Transforming lifecycle-livedata-2.6.2.aar (androidx.lifecycle:lifecycle-livedata:2.6.2) with JetifyTransform
Transforming lifecycle-livedata-2.6.2.aar (androidx.lifecycle:lifecycle-livedata:2.6.2) with ExtractAarTransform
Transforming lifecycle-livedata-2.6.2.aar (androidx.lifecycle:lifecycle-livedata:2.6.2) with AarTransform
Transforming lifecycle-livedata-2.6.2.aar (androidx.lifecycle:lifecycle-livedata:2.6.2) with JetifyTransform
Transforming lifecycle-livedata-2.6.2.aar (androidx.lifecycle:lifecycle-livedata:2.6.2) with ExtractAarTransform
Transforming lifecycle-livedata-2.6.2.aar (androidx.lifecycle:lifecycle-livedata:2.6.2) with AarTransform
Transforming lifecycle-livedata-core-2.6.2.aar (androidx.lifecycle:lifecycle-livedata-core:2.6.2) with JetifyTransform
Transforming lifecycle-livedata-core-2.6.2.aar (androidx.lifecycle:lifecycle-livedata-core:2.6.2) with ExtractAarTransform
Transforming lifecycle-livedata-core-2.6.2.aar (androidx.lifecycle:lifecycle-livedata-core:2.6.2) with AarTransform
Transforming lifecycle-viewmodel-savedstate-2.6.2.aar (androidx.lifecycle:lifecycle-viewmodel-savedstate:2.6.2) with JetifyTransform
Transforming lifecycle-viewmodel-savedstate-2.6.2.aar (androidx.lifecycle:lifecycle-viewmodel-savedstate:2.6.2) with ExtractAarTransform
Transforming lifecycle-viewmodel-savedstate-2.6.2.aar (androidx.lifecycle:lifecycle-viewmodel-savedstate:2.6.2) with AarTransform
Transforming lifecycle-viewmodel-ktx-2.6.2.aar (androidx.lifecycle:lifecycle-viewmodel-ktx:2.6.2) with JetifyTransform
Transforming lifecycle-viewmodel-ktx-2.6.2.aar (androidx.lifecycle:lifecycle-viewmodel-ktx:2.6.2) with ExtractAarTransform
Transforming lifecycle-viewmodel-ktx-2.6.2.aar (androidx.lifecycle:lifecycle-viewmodel-ktx:2.6.2) with AarTransform
Transforming lifecycle-viewmodel-2.6.2.aar (androidx.lifecycle:lifecycle-viewmodel:2.6.2) with JetifyTransform
Transforming lifecycle-viewmodel-2.6.2.aar (androidx.lifecycle:lifecycle-viewmodel:2.6.2) with ExtractAarTransform
Transforming lifecycle-viewmodel-2.6.2.aar (androidx.lifecycle:lifecycle-viewmodel:2.6.2) with AarTransform
Transforming lifecycle-viewmodel-2.6.2.aar (androidx.lifecycle:lifecycle-viewmodel:2.6.2) with JetifyTransform
Transforming lifecycle-viewmodel-2.6.2.aar (androidx.lifecycle:lifecycle-viewmodel:2.6.2) with ExtractAarTransform
Transforming lifecycle-viewmodel-2.6.2.aar (androidx.lifecycle:lifecycle-viewmodel:2.6.2) with AarTransform
Transforming coil-2.5.0.aar (io.coil-kt:coil:2.5.0) with JetifyTransform
Transforming coil-2.5.0.aar (io.coil-kt:coil:2.5.0) with ExtractAarTransform
Transforming coil-2.5.0.aar (io.coil-kt:coil:2.5.0) with AarTransform
Transforming coil-base-2.5.0.aar (io.coil-kt:coil-base:2.5.0) with JetifyTransform
Transforming coil-base-2.5.0.aar (io.coil-kt:coil-base:2.5.0) with ExtractAarTransform
Transforming coil-base-2.5.0.aar (io.coil-kt:coil-base:2.5.0) with AarTransform
Transforming lifecycle-runtime-2.6.2.aar (androidx.lifecycle:lifecycle-runtime:2.6.2) with JetifyTransform
Transforming lifecycle-runtime-2.6.2.aar (androidx.lifecycle:lifecycle-runtime:2.6.2) with ExtractAarTransform
Transforming lifecycle-runtime-2.6.2.aar (androidx.lifecycle:lifecycle-runtime:2.6.2) with AarTransform
Transforming lifecycle-runtime-compose-2.6.2.aar (androidx.lifecycle:lifecycle-runtime-compose:2.6.2) with JetifyTransform
Transforming lifecycle-runtime-compose-2.6.2.aar (androidx.lifecycle:lifecycle-runtime-compose:2.6.2) with ExtractAarTransform
Transforming lifecycle-runtime-compose-2.6.2.aar (androidx.lifecycle:lifecycle-runtime-compose:2.6.2) with AarTransform
Transforming lifecycle-runtime-ktx-2.6.2.aar (androidx.lifecycle:lifecycle-runtime-ktx:2.6.2) with JetifyTransform
Transforming lifecycle-runtime-ktx-2.6.2.aar (androidx.lifecycle:lifecycle-runtime-ktx:2.6.2) with ExtractAarTransform
Transforming lifecycle-runtime-ktx-2.6.2.aar (androidx.lifecycle:lifecycle-runtime-ktx:2.6.2) with AarTransform
Transforming lifecycle-viewmodel-compose-2.6.2.aar (androidx.lifecycle:lifecycle-viewmodel-compose:2.6.2) with JetifyTransform
Transforming lifecycle-viewmodel-compose-2.6.2.aar (androidx.lifecycle:lifecycle-viewmodel-compose:2.6.2) with ExtractAarTransform
Transforming lifecycle-viewmodel-compose-2.6.2.aar (androidx.lifecycle:lifecycle-viewmodel-compose:2.6.2) with AarTransform
Transforming accompanist-drawablepainter-0.32.0.aar (com.google.accompanist:accompanist-drawablepainter:0.32.0) with JetifyTransform
Transforming accompanist-drawablepainter-0.32.0.aar (com.google.accompanist:accompanist-drawablepainter:0.32.0) with ExtractAarTransform
Transforming accompanist-drawablepainter-0.32.0.aar (com.google.accompanist:accompanist-drawablepainter:0.32.0) with AarTransform
Transforming ui-release.aar (androidx.compose.ui:ui-android:1.5.4) with JetifyTransform
Transforming ui-release.aar (androidx.compose.ui:ui-android:1.5.4) with ExtractAarTransform
Transforming ui-release.aar (androidx.compose.ui:ui-android:1.5.4) with AarTransform
Transforming viewpager-1.0.0.aar (androidx.viewpager:viewpager:1.0.0) with JetifyTransform
Transforming viewpager-1.0.0.aar (androidx.viewpager:viewpager:1.0.0) with ExtractAarTransform
Transforming viewpager-1.0.0.aar (androidx.viewpager:viewpager:1.0.0) with AarTransform
Transforming autofill-1.0.0.aar (androidx.autofill:autofill:1.0.0) with JetifyTransform
Transforming autofill-1.0.0.aar (androidx.autofill:autofill:1.0.0) with ExtractAarTransform
Transforming autofill-1.0.0.aar (androidx.autofill:autofill:1.0.0) with AarTransform
Transforming customview-1.0.0.aar (androidx.customview:customview:1.0.0) with JetifyTransform
Transforming customview-1.0.0.aar (androidx.customview:customview:1.0.0) with ExtractAarTransform
Transforming customview-1.0.0.aar (androidx.customview:customview:1.0.0) with AarTransform
Transforming appcompat-resources-1.6.1.aar (androidx.appcompat:appcompat-resources:1.6.1) with JetifyTransform
Transforming appcompat-resources-1.6.1.aar (androidx.appcompat:appcompat-resources:1.6.1) with ExtractAarTransform
Transforming appcompat-resources-1.6.1.aar (androidx.appcompat:appcompat-resources:1.6.1) with AarTransform
Transforming vectordrawable-animated-1.1.0.aar (androidx.vectordrawable:vectordrawable-animated:1.1.0) with JetifyTransform
Transforming vectordrawable-animated-1.1.0.aar (androidx.vectordrawable:vectordrawable-animated:1.1.0) with ExtractAarTransform
Transforming vectordrawable-animated-1.1.0.aar (androidx.vectordrawable:vectordrawable-animated:1.1.0) with AarTransform
Transforming vectordrawable-1.1.0.aar (androidx.vectordrawable:vectordrawable:1.1.0) with JetifyTransform
Transforming vectordrawable-1.1.0.aar (androidx.vectordrawable:vectordrawable:1.1.0) with ExtractAarTransform
Transforming vectordrawable-1.1.0.aar (androidx.vectordrawable:vectordrawable:1.1.0) with AarTransform
Transforming vectordrawable-1.1.0.aar (androidx.vectordrawable:vectordrawable:1.1.0) with JetifyTransform
Transforming vectordrawable-1.1.0.aar (androidx.vectordrawable:vectordrawable:1.1.0) with ExtractAarTransform
Transforming vectordrawable-1.1.0.aar (androidx.vectordrawable:vectordrawable:1.1.0) with AarTransform
Transforming core-1.12.0.aar (androidx.core:core:1.12.0) with JetifyTransform
Transforming core-1.12.0.aar (androidx.core:core:1.12.0) with ExtractAarTransform
Transforming core-1.12.0.aar (androidx.core:core:1.12.0) with AarTransform
Transforming core-1.12.0.aar (androidx.core:core:1.12.0) with JetifyTransform
Transforming core-1.12.0.aar (androidx.core:core:1.12.0) with ExtractAarTransform
Transforming core-1.12.0.aar (androidx.core:core:1.12.0) with AarTransform
Transforming customview-poolingcontainer-1.0.0.aar (androidx.customview:customview-poolingcontainer:1.0.0) with JetifyTransform
Transforming customview-poolingcontainer-1.0.0.aar (androidx.customview:customview-poolingcontainer:1.0.0) with ExtractAarTransform
Transforming customview-poolingcontainer-1.0.0.aar (androidx.customview:customview-poolingcontainer:1.0.0) with AarTransform
Transforming core-ktx-1.12.0.aar (androidx.core:core-ktx:1.12.0) with JetifyTransform
Transforming core-ktx-1.12.0.aar (androidx.core:core-ktx:1.12.0) with ExtractAarTransform
Transforming core-ktx-1.12.0.aar (androidx.core:core-ktx:1.12.0) with AarTransform
Transforming room-runtime-2.6.1.aar (androidx.room:room-runtime:2.6.1) with JetifyTransform
Transforming room-runtime-2.6.1.aar (androidx.room:room-runtime:2.6.1) with ExtractAarTransform
Transforming room-runtime-2.6.1.aar (androidx.room:room-runtime:2.6.1) with AarTransform
Transforming room-ktx-2.6.1.aar (androidx.room:room-ktx:2.6.1) with JetifyTransform
Transforming room-ktx-2.6.1.aar (androidx.room:room-ktx:2.6.1) with ExtractAarTransform
Transforming room-ktx-2.6.1.aar (androidx.room:room-ktx:2.6.1) with AarTransform
Transforming datastore-preferences-1.0.0.aar (androidx.datastore:datastore-preferences:1.0.0) with JetifyTransform
Transforming datastore-preferences-1.0.0.aar (androidx.datastore:datastore-preferences:1.0.0) with ExtractAarTransform
Transforming datastore-preferences-1.0.0.aar (androidx.datastore:datastore-preferences:1.0.0) with AarTransform
Transforming timber-5.0.1.aar (com.jakewharton.timber:timber:5.0.1) with JetifyTransform
Transforming timber-5.0.1.aar (com.jakewharton.timber:timber:5.0.1) with ExtractAarTransform
Transforming timber-5.0.1.aar (com.jakewharton.timber:timber:5.0.1) with AarTransform
Transforming sqlite-framework-2.4.0.aar (androidx.sqlite:sqlite-framework:2.4.0) with JetifyTransform
Transforming sqlite-framework-2.4.0.aar (androidx.sqlite:sqlite-framework:2.4.0) with ExtractAarTransform
Transforming sqlite-framework-2.4.0.aar (androidx.sqlite:sqlite-framework:2.4.0) with AarTransform
Transforming sqlite-2.4.0.aar (androidx.sqlite:sqlite:2.4.0) with JetifyTransform
Transforming sqlite-2.4.0.aar (androidx.sqlite:sqlite:2.4.0) with ExtractAarTransform
Transforming sqlite-2.4.0.aar (androidx.sqlite:sqlite:2.4.0) with AarTransform
Transforming datastore-1.0.0.aar (androidx.datastore:datastore:1.0.0) with JetifyTransform
Transforming datastore-1.0.0.aar (androidx.datastore:datastore:1.0.0) with ExtractAarTransform
Transforming datastore-1.0.0.aar (androidx.datastore:datastore:1.0.0) with AarTransform
Transforming runtime-saveable-release.aar (androidx.compose.runtime:runtime-saveable-android:1.5.4) with JetifyTransform
Transforming runtime-saveable-release.aar (androidx.compose.runtime:runtime-saveable-android:1.5.4) with ExtractAarTransform
Transforming runtime-saveable-release.aar (androidx.compose.runtime:runtime-saveable-android:1.5.4) with AarTransform
Transforming runtime-release.aar (androidx.compose.runtime:runtime-android:1.5.4) with JetifyTransform
Transforming runtime-release.aar (androidx.compose.runtime:runtime-android:1.5.4) with ExtractAarTransform
Transforming runtime-release.aar (androidx.compose.runtime:runtime-android:1.5.4) with AarTransform
Transforming annotation-experimental-1.3.0.aar (androidx.annotation:annotation-experimental:1.3.0) with JetifyTransform
Transforming annotation-experimental-1.3.0.aar (androidx.annotation:annotation-experimental:1.3.0) with ExtractAarTransform
Transforming annotation-experimental-1.3.0.aar (androidx.annotation:annotation-experimental:1.3.0) with AarTransform
Transforming core-runtime-2.2.0.aar (androidx.arch.core:core-runtime:2.2.0) with JetifyTransform
Transforming core-runtime-2.2.0.aar (androidx.arch.core:core-runtime:2.2.0) with ExtractAarTransform
Transforming core-runtime-2.2.0.aar (androidx.arch.core:core-runtime:2.2.0) with AarTransform
Transforming interpolator-1.0.0.aar (androidx.interpolator:interpolator:1.0.0) with JetifyTransform
Transforming interpolator-1.0.0.aar (androidx.interpolator:interpolator:1.0.0) with ExtractAarTransform
Transforming interpolator-1.0.0.aar (androidx.interpolator:interpolator:1.0.0) with AarTransform
Transforming interpolator-1.0.0.aar (androidx.interpolator:interpolator:1.0.0) with JetifyTransform
Transforming interpolator-1.0.0.aar (androidx.interpolator:interpolator:1.0.0) with ExtractAarTransform
Transforming interpolator-1.0.0.aar (androidx.interpolator:interpolator:1.0.0) with AarTransform
Transforming versionedparcelable-1.1.1.aar (androidx.versionedparcelable:versionedparcelable:1.1.1) with JetifyTransform
Transforming versionedparcelable-1.1.1.aar (androidx.versionedparcelable:versionedparcelable:1.1.1) with ExtractAarTransform
Transforming versionedparcelable-1.1.1.aar (androidx.versionedparcelable:versionedparcelable:1.1.1) with AarTransform
Transforming profileinstaller-1.3.1.aar (androidx.profileinstaller:profileinstaller:1.3.1) with JetifyTransform
Transforming profileinstaller-1.3.1.aar (androidx.profileinstaller:profileinstaller:1.3.1) with ExtractAarTransform
Transforming profileinstaller-1.3.1.aar (androidx.profileinstaller:profileinstaller:1.3.1) with AarTransform
Transforming startup-runtime-1.1.1.aar (androidx.startup:startup-runtime:1.1.1) with JetifyTransform
Transforming startup-runtime-1.1.1.aar (androidx.startup:startup-runtime:1.1.1) with ExtractAarTransform
Transforming startup-runtime-1.1.1.aar (androidx.startup:startup-runtime:1.1.1) with AarTransform
Transforming tracing-1.0.0.aar (androidx.tracing:tracing:1.0.0) with JetifyTransform
Transforming tracing-1.0.0.aar (androidx.tracing:tracing:1.0.0) with ExtractAarTransform
Transforming tracing-1.0.0.aar (androidx.tracing:tracing:1.0.0) with AarTransform
Transforming exifinterface-1.3.6.aar (androidx.exifinterface:exifinterface:1.3.6) with JetifyTransform
Transforming exifinterface-1.3.6.aar (androidx.exifinterface:exifinterface:1.3.6) with ExtractAarTransform
Transforming exifinterface-1.3.6.aar (androidx.exifinterface:exifinterface:1.3.6) with AarTransform
Transforming dagger-lint-aar-2.48.1.aar (com.google.dagger:dagger-lint-aar:2.48.1) with JetifyTransform
Transforming dagger-lint-aar-2.48.1.aar (com.google.dagger:dagger-lint-aar:2.48.1) with ExtractAarTransform
Transforming dagger-lint-aar-2.48.1.aar (com.google.dagger:dagger-lint-aar:2.48.1) with AarTransform
Transforming hilt-work-1.1.0.aar (androidx.hilt:hilt-work:1.1.0) with JetifyTransform
Transforming hilt-work-1.1.0.aar (androidx.hilt:hilt-work:1.1.0) with ExtractAarTransform
Transforming hilt-work-1.1.0.aar (androidx.hilt:hilt-work:1.1.0) with AarTransform
Transforming work-runtime-ktx-2.9.0.aar (androidx.work:work-runtime-ktx:2.9.0) with JetifyTransform
Transforming work-runtime-ktx-2.9.0.aar (androidx.work:work-runtime-ktx:2.9.0) with ExtractAarTransform
Transforming work-runtime-ktx-2.9.0.aar (androidx.work:work-runtime-ktx:2.9.0) with AarTransform
Transforming work-runtime-2.9.0.aar (androidx.work:work-runtime:2.9.0) with JetifyTransform
Transforming work-runtime-2.9.0.aar (androidx.work:work-runtime:2.9.0) with ExtractAarTransform
Transforming work-runtime-2.9.0.aar (androidx.work:work-runtime:2.9.0) with AarTransform
Transforming hilt-navigation-compose-1.1.0.aar (androidx.hilt:hilt-navigation-compose:1.1.0) with JetifyTransform
Transforming hilt-navigation-compose-1.1.0.aar (androidx.hilt:hilt-navigation-compose:1.1.0) with ExtractAarTransform
Transforming hilt-navigation-compose-1.1.0.aar (androidx.hilt:hilt-navigation-compose:1.1.0) with AarTransform
Transforming hilt-navigation-1.1.0.aar (androidx.hilt:hilt-navigation:1.1.0) with JetifyTransform
Transforming hilt-navigation-1.1.0.aar (androidx.hilt:hilt-navigation:1.1.0) with ExtractAarTransform
Transforming hilt-navigation-1.1.0.aar (androidx.hilt:hilt-navigation:1.1.0) with AarTransform
Transforming navigation-common-2.7.6.aar (androidx.navigation:navigation-common:2.7.6) with JetifyTransform
Transforming navigation-common-2.7.6.aar (androidx.navigation:navigation-common:2.7.6) with ExtractAarTransform
Transforming navigation-common-2.7.6.aar (androidx.navigation:navigation-common:2.7.6) with AarTransform
Transforming navigation-runtime-2.7.6.aar (androidx.navigation:navigation-runtime:2.7.6) with JetifyTransform
Transforming navigation-runtime-2.7.6.aar (androidx.navigation:navigation-runtime:2.7.6) with ExtractAarTransform
Transforming navigation-runtime-2.7.6.aar (androidx.navigation:navigation-runtime:2.7.6) with AarTransform
Transforming navigation-common-ktx-2.7.6.aar (androidx.navigation:navigation-common-ktx:2.7.6) with JetifyTransform
Transforming navigation-common-ktx-2.7.6.aar (androidx.navigation:navigation-common-ktx:2.7.6) with ExtractAarTransform
Transforming navigation-common-ktx-2.7.6.aar (androidx.navigation:navigation-common-ktx:2.7.6) with AarTransform
Transforming navigation-runtime-ktx-2.7.6.aar (androidx.navigation:navigation-runtime-ktx:2.7.6) with JetifyTransform
Transforming navigation-runtime-ktx-2.7.6.aar (androidx.navigation:navigation-runtime-ktx:2.7.6) with ExtractAarTransform
Transforming navigation-runtime-ktx-2.7.6.aar (androidx.navigation:navigation-runtime-ktx:2.7.6) with AarTransform
Transforming navigation-compose-2.7.6.aar (androidx.navigation:navigation-compose:2.7.6) with JetifyTransform
Transforming navigation-compose-2.7.6.aar (androidx.navigation:navigation-compose:2.7.6) with ExtractAarTransform
Transforming navigation-compose-2.7.6.aar (androidx.navigation:navigation-compose:2.7.6) with AarTransform
Transforming material3-1.1.2.aar (androidx.compose.material3:material3:1.1.2) with JetifyTransform
Transforming material3-1.1.2.aar (androidx.compose.material3:material3:1.1.2) with ExtractAarTransform
Transforming material3-1.1.2.aar (androidx.compose.material3:material3:1.1.2) with AarTransform
Transforming coil-compose-2.5.0.aar (io.coil-kt:coil-compose:2.5.0) with JetifyTransform
Transforming coil-compose-2.5.0.aar (io.coil-kt:coil-compose:2.5.0) with ExtractAarTransform
Transforming coil-compose-2.5.0.aar (io.coil-kt:coil-compose:2.5.0) with AarTransform
Transforming coil-compose-base-2.5.0.aar (io.coil-kt:coil-compose-base:2.5.0) with JetifyTransform
Transforming coil-compose-base-2.5.0.aar (io.coil-kt:coil-compose-base:2.5.0) with ExtractAarTransform
Transforming coil-compose-base-2.5.0.aar (io.coil-kt:coil-compose-base:2.5.0) with AarTransform
Transforming material-ripple-release.aar (androidx.compose.material:material-ripple-android:1.5.4) with JetifyTransform
Transforming material-ripple-release.aar (androidx.compose.material:material-ripple-android:1.5.4) with ExtractAarTransform
Transforming material-ripple-release.aar (androidx.compose.material:material-ripple-android:1.5.4) with AarTransform
Transforming material-icons-core-release.aar (androidx.compose.material:material-icons-core-android:1.5.4) with JetifyTransform
Transforming material-icons-core-release.aar (androidx.compose.material:material-icons-core-android:1.5.4) with ExtractAarTransform
Transforming material-icons-core-release.aar (androidx.compose.material:material-icons-core-android:1.5.4) with AarTransform
Transforming material-icons-extended-release.aar (androidx.compose.material:material-icons-extended-android:1.5.4) with JetifyTransform
Transforming material-icons-extended-release.aar (androidx.compose.material:material-icons-extended-android:1.5.4) with ExtractAarTransform
Transforming material-icons-extended-release.aar (androidx.compose.material:material-icons-extended-android:1.5.4) with AarTransform
Transforming material-release.aar (androidx.compose.material:material-android:1.5.4) with JetifyTransform
Transforming material-release.aar (androidx.compose.material:material-android:1.5.4) with ExtractAarTransform
Transforming material-release.aar (androidx.compose.material:material-android:1.5.4) with AarTransform
Transforming animation-core-release.aar (androidx.compose.animation:animation-core-android:1.5.4) with JetifyTransform
Transforming animation-core-release.aar (androidx.compose.animation:animation-core-android:1.5.4) with ExtractAarTransform
Transforming animation-core-release.aar (androidx.compose.animation:animation-core-android:1.5.4) with AarTransform
Transforming animation-release.aar (androidx.compose.animation:animation-android:1.5.4) with JetifyTransform
Transforming animation-release.aar (androidx.compose.animation:animation-android:1.5.4) with ExtractAarTransform
Transforming animation-release.aar (androidx.compose.animation:animation-android:1.5.4) with AarTransform
Transforming foundation-layout-release.aar (androidx.compose.foundation:foundation-layout-android:1.5.4) with JetifyTransform
Transforming foundation-layout-release.aar (androidx.compose.foundation:foundation-layout-android:1.5.4) with ExtractAarTransform
Transforming foundation-layout-release.aar (androidx.compose.foundation:foundation-layout-android:1.5.4) with AarTransform
Transforming foundation-release.aar (androidx.compose.foundation:foundation-android:1.5.4) with JetifyTransform
Transforming foundation-release.aar (androidx.compose.foundation:foundation-android:1.5.4) with ExtractAarTransform
Transforming foundation-release.aar (androidx.compose.foundation:foundation-android:1.5.4) with AarTransform
Transforming ui-tooling-data-release.aar (androidx.compose.ui:ui-tooling-data-android:1.5.4) with JetifyTransform
Transforming ui-tooling-data-release.aar (androidx.compose.ui:ui-tooling-data-android:1.5.4) with ExtractAarTransform
Transforming ui-tooling-data-release.aar (androidx.compose.ui:ui-tooling-data-android:1.5.4) with AarTransform
Transforming ui-unit-release.aar (androidx.compose.ui:ui-unit-android:1.5.4) with JetifyTransform
Transforming ui-unit-release.aar (androidx.compose.ui:ui-unit-android:1.5.4) with ExtractAarTransform
Transforming ui-unit-release.aar (androidx.compose.ui:ui-unit-android:1.5.4) with AarTransform
Transforming ui-geometry-release.aar (androidx.compose.ui:ui-geometry-android:1.5.4) with JetifyTransform
Transforming ui-geometry-release.aar (androidx.compose.ui:ui-geometry-android:1.5.4) with ExtractAarTransform
Transforming ui-geometry-release.aar (androidx.compose.ui:ui-geometry-android:1.5.4) with AarTransform
Transforming ui-util-release.aar (androidx.compose.ui:ui-util-android:1.5.4) with JetifyTransform
Transforming ui-util-release.aar (androidx.compose.ui:ui-util-android:1.5.4) with ExtractAarTransform
Transforming ui-util-release.aar (androidx.compose.ui:ui-util-android:1.5.4) with AarTransform
Transforming ui-text-release.aar (androidx.compose.ui:ui-text-android:1.5.4) with JetifyTransform
Transforming ui-text-release.aar (androidx.compose.ui:ui-text-android:1.5.4) with ExtractAarTransform
Transforming ui-text-release.aar (androidx.compose.ui:ui-text-android:1.5.4) with AarTransform
Transforming ui-tooling-preview-release.aar (androidx.compose.ui:ui-tooling-preview-android:1.5.4) with JetifyTransform
Transforming ui-tooling-preview-release.aar (androidx.compose.ui:ui-tooling-preview-android:1.5.4) with ExtractAarTransform
Transforming ui-tooling-preview-release.aar (androidx.compose.ui:ui-tooling-preview-android:1.5.4) with AarTransform
Transforming ui-tooling-release.aar (androidx.compose.ui:ui-tooling-android:1.5.4) with JetifyTransform
Transforming ui-tooling-release.aar (androidx.compose.ui:ui-tooling-android:1.5.4) with ExtractAarTransform
Transforming ui-tooling-release.aar (androidx.compose.ui:ui-tooling-android:1.5.4) with AarTransform
Transforming ui-graphics-release.aar (androidx.compose.ui:ui-graphics-android:1.5.4) with JetifyTransform
Transforming ui-graphics-release.aar (androidx.compose.ui:ui-graphics-android:1.5.4) with ExtractAarTransform
Transforming ui-graphics-release.aar (androidx.compose.ui:ui-graphics-android:1.5.4) with AarTransform
Transforming ui-test-manifest-1.5.4.aar (androidx.compose.ui:ui-test-manifest:1.5.4) with JetifyTransform
Transforming ui-test-manifest-1.5.4.aar (androidx.compose.ui:ui-test-manifest:1.5.4) with ExtractAarTransform
Transforming ui-test-manifest-1.5.4.aar (androidx.compose.ui:ui-test-manifest:1.5.4) with AarTransform
Transforming hilt-android-2.48.1.aar (com.google.dagger:hilt-android:2.48.1) with JetifyTransform
Transforming hilt-android-2.48.1.aar (com.google.dagger:hilt-android:2.48.1) with ExtractAarTransform
Transforming hilt-android-2.48.1.aar (com.google.dagger:hilt-android:2.48.1) with AarTransform
Transforming fragment-1.5.1.aar (androidx.fragment:fragment:1.5.1) with JetifyTransform
Transforming fragment-1.5.1.aar (androidx.fragment:fragment:1.5.1) with ExtractAarTransform
Transforming fragment-1.5.1.aar (androidx.fragment:fragment:1.5.1) with AarTransform
Transforming activity-1.8.2.aar (androidx.activity:activity:1.8.2) with JetifyTransform
Transforming activity-1.8.2.aar (androidx.activity:activity:1.8.2) with ExtractAarTransform
Transforming activity-1.8.2.aar (androidx.activity:activity:1.8.2) with AarTransform
Transforming activity-ktx-1.8.2.aar (androidx.activity:activity-ktx:1.8.2) with JetifyTransform
Transforming activity-ktx-1.8.2.aar (androidx.activity:activity-ktx:1.8.2) with ExtractAarTransform
Transforming activity-ktx-1.8.2.aar (androidx.activity:activity-ktx:1.8.2) with AarTransform
Transforming activity-compose-1.8.2.aar (androidx.activity:activity-compose:1.8.2) with JetifyTransform
Transforming activity-compose-1.8.2.aar (androidx.activity:activity-compose:1.8.2) with ExtractAarTransform
Transforming activity-compose-1.8.2.aar (androidx.activity:activity-compose:1.8.2) with AarTransform
Transforming savedstate-ktx-1.2.1.aar (androidx.savedstate:savedstate-ktx:1.2.1) with JetifyTransform
Transforming savedstate-ktx-1.2.1.aar (androidx.savedstate:savedstate-ktx:1.2.1) with ExtractAarTransform
Transforming savedstate-ktx-1.2.1.aar (androidx.savedstate:savedstate-ktx:1.2.1) with AarTransform
Transforming savedstate-1.2.1.aar (androidx.savedstate:savedstate:1.2.1) with JetifyTransform
Transforming savedstate-1.2.1.aar (androidx.savedstate:savedstate:1.2.1) with ExtractAarTransform
Transforming savedstate-1.2.1.aar (androidx.savedstate:savedstate:1.2.1) with AarTransform
Transforming loader-1.0.0.aar (androidx.loader:loader:1.0.0) with JetifyTransform
Transforming loader-1.0.0.aar (androidx.loader:loader:1.0.0) with ExtractAarTransform
Transforming loader-1.0.0.aar (androidx.loader:loader:1.0.0) with AarTransform
Transforming emoji2-1.4.0.aar (androidx.emoji2:emoji2:1.4.0) with JetifyTransform
Transforming emoji2-1.4.0.aar (androidx.emoji2:emoji2:1.4.0) with ExtractAarTransform
Transforming emoji2-1.4.0.aar (androidx.emoji2:emoji2:1.4.0) with AarTransform
Transforming lifecycle-process-2.6.2.aar (androidx.lifecycle:lifecycle-process:2.6.2) with JetifyTransform
Transforming lifecycle-process-2.6.2.aar (androidx.lifecycle:lifecycle-process:2.6.2) with ExtractAarTransform
Transforming lifecycle-process-2.6.2.aar (androidx.lifecycle:lifecycle-process:2.6.2) with AarTransform
Transforming lifecycle-service-2.6.2.aar (androidx.lifecycle:lifecycle-service:2.6.2) with JetifyTransform
Transforming lifecycle-service-2.6.2.aar (androidx.lifecycle:lifecycle-service:2.6.2) with ExtractAarTransform
Transforming lifecycle-service-2.6.2.aar (androidx.lifecycle:lifecycle-service:2.6.2) with AarTransform
Transforming lifecycle-livedata-2.6.2.aar (androidx.lifecycle:lifecycle-livedata:2.6.2) with JetifyTransform
Transforming lifecycle-livedata-2.6.2.aar (androidx.lifecycle:lifecycle-livedata:2.6.2) with ExtractAarTransform
Transforming lifecycle-livedata-2.6.2.aar (androidx.lifecycle:lifecycle-livedata:2.6.2) with AarTransform
Transforming lifecycle-livedata-2.6.2.aar (androidx.lifecycle:lifecycle-livedata:2.6.2) with JetifyTransform
Transforming lifecycle-livedata-2.6.2.aar (androidx.lifecycle:lifecycle-livedata:2.6.2) with ExtractAarTransform
Transforming lifecycle-livedata-2.6.2.aar (androidx.lifecycle:lifecycle-livedata:2.6.2) with AarTransform
Transforming lifecycle-livedata-core-2.6.2.aar (androidx.lifecycle:lifecycle-livedata-core:2.6.2) with JetifyTransform
Transforming lifecycle-livedata-core-2.6.2.aar (androidx.lifecycle:lifecycle-livedata-core:2.6.2) with ExtractAarTransform
Transforming lifecycle-livedata-core-2.6.2.aar (androidx.lifecycle:lifecycle-livedata-core:2.6.2) with AarTransform
Transforming lifecycle-viewmodel-savedstate-2.6.2.aar (androidx.lifecycle:lifecycle-viewmodel-savedstate:2.6.2) with JetifyTransform
Transforming lifecycle-viewmodel-savedstate-2.6.2.aar (androidx.lifecycle:lifecycle-viewmodel-savedstate:2.6.2) with ExtractAarTransform
Transforming lifecycle-viewmodel-savedstate-2.6.2.aar (androidx.lifecycle:lifecycle-viewmodel-savedstate:2.6.2) with AarTransform
Transforming lifecycle-viewmodel-ktx-2.6.2.aar (androidx.lifecycle:lifecycle-viewmodel-ktx:2.6.2) with JetifyTransform
Transforming lifecycle-viewmodel-ktx-2.6.2.aar (androidx.lifecycle:lifecycle-viewmodel-ktx:2.6.2) with ExtractAarTransform
Transforming lifecycle-viewmodel-ktx-2.6.2.aar (androidx.lifecycle:lifecycle-viewmodel-ktx:2.6.2) with AarTransform
Transforming lifecycle-viewmodel-2.6.2.aar (androidx.lifecycle:lifecycle-viewmodel:2.6.2) with JetifyTransform
Transforming lifecycle-viewmodel-2.6.2.aar (androidx.lifecycle:lifecycle-viewmodel:2.6.2) with ExtractAarTransform
Transforming lifecycle-viewmodel-2.6.2.aar (androidx.lifecycle:lifecycle-viewmodel:2.6.2) with AarTransform
Transforming lifecycle-viewmodel-2.6.2.aar (androidx.lifecycle:lifecycle-viewmodel:2.6.2) with JetifyTransform
Transforming lifecycle-viewmodel-2.6.2.aar (androidx.lifecycle:lifecycle-viewmodel:2.6.2) with ExtractAarTransform
Transforming lifecycle-viewmodel-2.6.2.aar (androidx.lifecycle:lifecycle-viewmodel:2.6.2) with AarTransform
Transforming coil-2.5.0.aar (io.coil-kt:coil:2.5.0) with JetifyTransform
Transforming coil-2.5.0.aar (io.coil-kt:coil:2.5.0) with ExtractAarTransform
Transforming coil-2.5.0.aar (io.coil-kt:coil:2.5.0) with AarTransform
Transforming coil-base-2.5.0.aar (io.coil-kt:coil-base:2.5.0) with JetifyTransform
Transforming coil-base-2.5.0.aar (io.coil-kt:coil-base:2.5.0) with ExtractAarTransform
Transforming coil-base-2.5.0.aar (io.coil-kt:coil-base:2.5.0) with AarTransform
Transforming lifecycle-runtime-2.6.2.aar (androidx.lifecycle:lifecycle-runtime:2.6.2) with JetifyTransform
Transforming lifecycle-runtime-2.6.2.aar (androidx.lifecycle:lifecycle-runtime:2.6.2) with ExtractAarTransform
Transforming lifecycle-runtime-2.6.2.aar (androidx.lifecycle:lifecycle-runtime:2.6.2) with AarTransform
Transforming lifecycle-runtime-compose-2.6.2.aar (androidx.lifecycle:lifecycle-runtime-compose:2.6.2) with JetifyTransform
Transforming lifecycle-runtime-compose-2.6.2.aar (androidx.lifecycle:lifecycle-runtime-compose:2.6.2) with ExtractAarTransform
Transforming lifecycle-runtime-compose-2.6.2.aar (androidx.lifecycle:lifecycle-runtime-compose:2.6.2) with AarTransform
Transforming lifecycle-runtime-ktx-2.6.2.aar (androidx.lifecycle:lifecycle-runtime-ktx:2.6.2) with JetifyTransform
Transforming lifecycle-runtime-ktx-2.6.2.aar (androidx.lifecycle:lifecycle-runtime-ktx:2.6.2) with ExtractAarTransform
Transforming lifecycle-runtime-ktx-2.6.2.aar (androidx.lifecycle:lifecycle-runtime-ktx:2.6.2) with AarTransform
Transforming lifecycle-viewmodel-compose-2.6.2.aar (androidx.lifecycle:lifecycle-viewmodel-compose:2.6.2) with JetifyTransform
Transforming lifecycle-viewmodel-compose-2.6.2.aar (androidx.lifecycle:lifecycle-viewmodel-compose:2.6.2) with ExtractAarTransform
Transforming lifecycle-viewmodel-compose-2.6.2.aar (androidx.lifecycle:lifecycle-viewmodel-compose:2.6.2) with AarTransform
Transforming accompanist-drawablepainter-0.32.0.aar (com.google.accompanist:accompanist-drawablepainter:0.32.0) with JetifyTransform
Transforming accompanist-drawablepainter-0.32.0.aar (com.google.accompanist:accompanist-drawablepainter:0.32.0) with ExtractAarTransform
Transforming accompanist-drawablepainter-0.32.0.aar (com.google.accompanist:accompanist-drawablepainter:0.32.0) with AarTransform
Transforming ui-release.aar (androidx.compose.ui:ui-android:1.5.4) with JetifyTransform
Transforming ui-release.aar (androidx.compose.ui:ui-android:1.5.4) with ExtractAarTransform
Transforming ui-release.aar (androidx.compose.ui:ui-android:1.5.4) with AarTransform
Transforming viewpager-1.0.0.aar (androidx.viewpager:viewpager:1.0.0) with JetifyTransform
Transforming viewpager-1.0.0.aar (androidx.viewpager:viewpager:1.0.0) with ExtractAarTransform
Transforming viewpager-1.0.0.aar (androidx.viewpager:viewpager:1.0.0) with AarTransform
Transforming autofill-1.0.0.aar (androidx.autofill:autofill:1.0.0) with JetifyTransform
Transforming autofill-1.0.0.aar (androidx.autofill:autofill:1.0.0) with ExtractAarTransform
Transforming autofill-1.0.0.aar (androidx.autofill:autofill:1.0.0) with AarTransform
Transforming customview-1.0.0.aar (androidx.customview:customview:1.0.0) with JetifyTransform
Transforming customview-1.0.0.aar (androidx.customview:customview:1.0.0) with ExtractAarTransform
Transforming customview-1.0.0.aar (androidx.customview:customview:1.0.0) with AarTransform
Transforming appcompat-resources-1.6.1.aar (androidx.appcompat:appcompat-resources:1.6.1) with JetifyTransform
Transforming appcompat-resources-1.6.1.aar (androidx.appcompat:appcompat-resources:1.6.1) with ExtractAarTransform
Transforming appcompat-resources-1.6.1.aar (androidx.appcompat:appcompat-resources:1.6.1) with AarTransform
Transforming vectordrawable-animated-1.1.0.aar (androidx.vectordrawable:vectordrawable-animated:1.1.0) with JetifyTransform
Transforming vectordrawable-animated-1.1.0.aar (androidx.vectordrawable:vectordrawable-animated:1.1.0) with ExtractAarTransform
Transforming vectordrawable-animated-1.1.0.aar (androidx.vectordrawable:vectordrawable-animated:1.1.0) with AarTransform
Transforming vectordrawable-1.1.0.aar (androidx.vectordrawable:vectordrawable:1.1.0) with JetifyTransform
Transforming vectordrawable-1.1.0.aar (androidx.vectordrawable:vectordrawable:1.1.0) with ExtractAarTransform
Transforming vectordrawable-1.1.0.aar (androidx.vectordrawable:vectordrawable:1.1.0) with AarTransform
Transforming vectordrawable-1.1.0.aar (androidx.vectordrawable:vectordrawable:1.1.0) with JetifyTransform
Transforming vectordrawable-1.1.0.aar (androidx.vectordrawable:vectordrawable:1.1.0) with ExtractAarTransform
Transforming vectordrawable-1.1.0.aar (androidx.vectordrawable:vectordrawable:1.1.0) with AarTransform
Transforming core-1.12.0.aar (androidx.core:core:1.12.0) with JetifyTransform
Transforming core-1.12.0.aar (androidx.core:core:1.12.0) with ExtractAarTransform
Transforming core-1.12.0.aar (androidx.core:core:1.12.0) with AarTransform
Transforming core-1.12.0.aar (androidx.core:core:1.12.0) with JetifyTransform
Transforming core-1.12.0.aar (androidx.core:core:1.12.0) with ExtractAarTransform
Transforming core-1.12.0.aar (androidx.core:core:1.12.0) with AarTransform
Transforming customview-poolingcontainer-1.0.0.aar (androidx.customview:customview-poolingcontainer:1.0.0) with JetifyTransform
Transforming customview-poolingcontainer-1.0.0.aar (androidx.customview:customview-poolingcontainer:1.0.0) with ExtractAarTransform
Transforming customview-poolingcontainer-1.0.0.aar (androidx.customview:customview-poolingcontainer:1.0.0) with AarTransform
Transforming core-ktx-1.12.0.aar (androidx.core:core-ktx:1.12.0) with JetifyTransform
Transforming core-ktx-1.12.0.aar (androidx.core:core-ktx:1.12.0) with ExtractAarTransform
Transforming core-ktx-1.12.0.aar (androidx.core:core-ktx:1.12.0) with AarTransform
Transforming room-runtime-2.6.1.aar (androidx.room:room-runtime:2.6.1) with JetifyTransform
Transforming room-runtime-2.6.1.aar (androidx.room:room-runtime:2.6.1) with ExtractAarTransform
Transforming room-runtime-2.6.1.aar (androidx.room:room-runtime:2.6.1) with AarTransform
Transforming room-ktx-2.6.1.aar (androidx.room:room-ktx:2.6.1) with JetifyTransform
Transforming room-ktx-2.6.1.aar (androidx.room:room-ktx:2.6.1) with ExtractAarTransform
Transforming room-ktx-2.6.1.aar (androidx.room:room-ktx:2.6.1) with AarTransform
Transforming datastore-preferences-1.0.0.aar (androidx.datastore:datastore-preferences:1.0.0) with JetifyTransform
Transforming datastore-preferences-1.0.0.aar (androidx.datastore:datastore-preferences:1.0.0) with ExtractAarTransform
Transforming datastore-preferences-1.0.0.aar (androidx.datastore:datastore-preferences:1.0.0) with AarTransform
Transforming timber-5.0.1.aar (com.jakewharton.timber:timber:5.0.1) with JetifyTransform
Transforming timber-5.0.1.aar (com.jakewharton.timber:timber:5.0.1) with ExtractAarTransform
Transforming timber-5.0.1.aar (com.jakewharton.timber:timber:5.0.1) with AarTransform
Transforming sqlite-framework-2.4.0.aar (androidx.sqlite:sqlite-framework:2.4.0) with JetifyTransform
Transforming sqlite-framework-2.4.0.aar (androidx.sqlite:sqlite-framework:2.4.0) with ExtractAarTransform
Transforming sqlite-framework-2.4.0.aar (androidx.sqlite:sqlite-framework:2.4.0) with AarTransform
Transforming sqlite-2.4.0.aar (androidx.sqlite:sqlite:2.4.0) with JetifyTransform
Transforming sqlite-2.4.0.aar (androidx.sqlite:sqlite:2.4.0) with ExtractAarTransform
Transforming sqlite-2.4.0.aar (androidx.sqlite:sqlite:2.4.0) with AarTransform
Transforming datastore-1.0.0.aar (androidx.datastore:datastore:1.0.0) with JetifyTransform
Transforming datastore-1.0.0.aar (androidx.datastore:datastore:1.0.0) with ExtractAarTransform
Transforming datastore-1.0.0.aar (androidx.datastore:datastore:1.0.0) with AarTransform
Transforming runtime-saveable-release.aar (androidx.compose.runtime:runtime-saveable-android:1.5.4) with JetifyTransform
Transforming runtime-saveable-release.aar (androidx.compose.runtime:runtime-saveable-android:1.5.4) with ExtractAarTransform
Transforming runtime-saveable-release.aar (androidx.compose.runtime:runtime-saveable-android:1.5.4) with AarTransform
Transforming runtime-release.aar (androidx.compose.runtime:runtime-android:1.5.4) with JetifyTransform
Transforming runtime-release.aar (androidx.compose.runtime:runtime-android:1.5.4) with ExtractAarTransform
Transforming runtime-release.aar (androidx.compose.runtime:runtime-android:1.5.4) with AarTransform
Transforming annotation-experimental-1.3.0.aar (androidx.annotation:annotation-experimental:1.3.0) with JetifyTransform
Transforming annotation-experimental-1.3.0.aar (androidx.annotation:annotation-experimental:1.3.0) with ExtractAarTransform
Transforming annotation-experimental-1.3.0.aar (androidx.annotation:annotation-experimental:1.3.0) with AarTransform
Transforming core-runtime-2.2.0.aar (androidx.arch.core:core-runtime:2.2.0) with JetifyTransform
Transforming core-runtime-2.2.0.aar (androidx.arch.core:core-runtime:2.2.0) with ExtractAarTransform
Transforming core-runtime-2.2.0.aar (androidx.arch.core:core-runtime:2.2.0) with AarTransform
Transforming interpolator-1.0.0.aar (androidx.interpolator:interpolator:1.0.0) with JetifyTransform
Transforming interpolator-1.0.0.aar (androidx.interpolator:interpolator:1.0.0) with ExtractAarTransform
Transforming interpolator-1.0.0.aar (androidx.interpolator:interpolator:1.0.0) with AarTransform
Transforming interpolator-1.0.0.aar (androidx.interpolator:interpolator:1.0.0) with JetifyTransform
Transforming interpolator-1.0.0.aar (androidx.interpolator:interpolator:1.0.0) with ExtractAarTransform
Transforming interpolator-1.0.0.aar (androidx.interpolator:interpolator:1.0.0) with AarTransform
Transforming versionedparcelable-1.1.1.aar (androidx.versionedparcelable:versionedparcelable:1.1.1) with JetifyTransform
Transforming versionedparcelable-1.1.1.aar (androidx.versionedparcelable:versionedparcelable:1.1.1) with ExtractAarTransform
Transforming versionedparcelable-1.1.1.aar (androidx.versionedparcelable:versionedparcelable:1.1.1) with AarTransform
Transforming profileinstaller-1.3.1.aar (androidx.profileinstaller:profileinstaller:1.3.1) with JetifyTransform
Transforming profileinstaller-1.3.1.aar (androidx.profileinstaller:profileinstaller:1.3.1) with ExtractAarTransform
Transforming profileinstaller-1.3.1.aar (androidx.profileinstaller:profileinstaller:1.3.1) with AarTransform
Transforming startup-runtime-1.1.1.aar (androidx.startup:startup-runtime:1.1.1) with JetifyTransform
Transforming startup-runtime-1.1.1.aar (androidx.startup:startup-runtime:1.1.1) with ExtractAarTransform
Transforming startup-runtime-1.1.1.aar (androidx.startup:startup-runtime:1.1.1) with AarTransform
Transforming tracing-1.0.0.aar (androidx.tracing:tracing:1.0.0) with JetifyTransform
Transforming tracing-1.0.0.aar (androidx.tracing:tracing:1.0.0) with ExtractAarTransform
Transforming tracing-1.0.0.aar (androidx.tracing:tracing:1.0.0) with AarTransform
Transforming exifinterface-1.3.6.aar (androidx.exifinterface:exifinterface:1.3.6) with JetifyTransform
Transforming exifinterface-1.3.6.aar (androidx.exifinterface:exifinterface:1.3.6) with ExtractAarTransform
Transforming exifinterface-1.3.6.aar (androidx.exifinterface:exifinterface:1.3.6) with AarTransform
Transforming dagger-lint-aar-2.48.1.aar (com.google.dagger:dagger-lint-aar:2.48.1) with JetifyTransform
Transforming dagger-lint-aar-2.48.1.aar (com.google.dagger:dagger-lint-aar:2.48.1) with ExtractAarTransform
Transforming dagger-lint-aar-2.48.1.aar (com.google.dagger:dagger-lint-aar:2.48.1) with AarTransform
Caching disabled for task ':app:processDebugMainManifest' because:
  Build cache is disabled
Skipping task ':app:processDebugMainManifest' as it is up-to-date.
Resolve mutations for :app:processDebugManifest (Thread[Execution worker Thread 13,5,main]) started.
:app:processDebugManifest (Thread[Execution worker Thread 13,5,main]) started.

> Task :app:processDebugManifest UP-TO-DATE
Caching disabled for task ':app:processDebugManifest' because:
  Build cache is disabled
Skipping task ':app:processDebugManifest' as it is up-to-date.
Resolve mutations for :app:processDebugManifestForPackage (Thread[Execution worker Thread 13,5,main]) started.
:app:processDebugManifestForPackage (Thread[Execution worker Thread 19,5,main]) started.

> Task :app:processDebugManifestForPackage UP-TO-DATE
Caching disabled for task ':app:processDebugManifestForPackage' because:
  Build cache is disabled
Skipping task ':app:processDebugManifestForPackage' as it is up-to-date.
Resolve mutations for :app:processDebugResources (Thread[Execution worker Thread 19,5,main]) started.
:app:processDebugResources (Thread[Execution worker Thread 19,5,main]) started.

> Task :app:processDebugResources UP-TO-DATE
Transforming aapt2-8.2.0-10154469-windows.jar (com.android.tools.build:aapt2:8.2.0-10154469) with Aapt2Extractor
Transforming hilt-work-1.1.0.aar (androidx.hilt:hilt-work:1.1.0) with JetifyTransform
Transforming hilt-work-1.1.0.aar (androidx.hilt:hilt-work:1.1.0) with ExtractAarTransform
Transforming hilt-work-1.1.0.aar (androidx.hilt:hilt-work:1.1.0) with AarResourcesCompilerTransform
Transforming work-runtime-ktx-2.9.0.aar (androidx.work:work-runtime-ktx:2.9.0) with JetifyTransform
Transforming work-runtime-ktx-2.9.0.aar (androidx.work:work-runtime-ktx:2.9.0) with ExtractAarTransform
Transforming work-runtime-ktx-2.9.0.aar (androidx.work:work-runtime-ktx:2.9.0) with AarResourcesCompilerTransform
Transforming work-runtime-2.9.0.aar (androidx.work:work-runtime:2.9.0) with JetifyTransform
Transforming work-runtime-2.9.0.aar (androidx.work:work-runtime:2.9.0) with ExtractAarTransform
Transforming work-runtime-2.9.0.aar (androidx.work:work-runtime:2.9.0) with AarResourcesCompilerTransform
Transforming hilt-navigation-compose-1.1.0.aar (androidx.hilt:hilt-navigation-compose:1.1.0) with JetifyTransform
Transforming hilt-navigation-compose-1.1.0.aar (androidx.hilt:hilt-navigation-compose:1.1.0) with ExtractAarTransform
Transforming hilt-navigation-compose-1.1.0.aar (androidx.hilt:hilt-navigation-compose:1.1.0) with AarResourcesCompilerTransform
Transforming hilt-navigation-1.1.0.aar (androidx.hilt:hilt-navigation:1.1.0) with JetifyTransform
Transforming hilt-navigation-1.1.0.aar (androidx.hilt:hilt-navigation:1.1.0) with ExtractAarTransform
Transforming hilt-navigation-1.1.0.aar (androidx.hilt:hilt-navigation:1.1.0) with AarResourcesCompilerTransform
Transforming navigation-common-2.7.6.aar (androidx.navigation:navigation-common:2.7.6) with JetifyTransform
Transforming navigation-common-2.7.6.aar (androidx.navigation:navigation-common:2.7.6) with ExtractAarTransform
Transforming navigation-common-2.7.6.aar (androidx.navigation:navigation-common:2.7.6) with AarResourcesCompilerTransform
Transforming navigation-runtime-2.7.6.aar (androidx.navigation:navigation-runtime:2.7.6) with JetifyTransform
Transforming navigation-runtime-2.7.6.aar (androidx.navigation:navigation-runtime:2.7.6) with ExtractAarTransform
Transforming navigation-runtime-2.7.6.aar (androidx.navigation:navigation-runtime:2.7.6) with AarResourcesCompilerTransform
Transforming navigation-common-ktx-2.7.6.aar (androidx.navigation:navigation-common-ktx:2.7.6) with JetifyTransform
Transforming navigation-common-ktx-2.7.6.aar (androidx.navigation:navigation-common-ktx:2.7.6) with ExtractAarTransform
Transforming navigation-common-ktx-2.7.6.aar (androidx.navigation:navigation-common-ktx:2.7.6) with AarResourcesCompilerTransform
Transforming navigation-runtime-ktx-2.7.6.aar (androidx.navigation:navigation-runtime-ktx:2.7.6) with JetifyTransform
Transforming navigation-runtime-ktx-2.7.6.aar (androidx.navigation:navigation-runtime-ktx:2.7.6) with ExtractAarTransform
Transforming navigation-runtime-ktx-2.7.6.aar (androidx.navigation:navigation-runtime-ktx:2.7.6) with AarResourcesCompilerTransform
Transforming navigation-compose-2.7.6.aar (androidx.navigation:navigation-compose:2.7.6) with JetifyTransform
Transforming navigation-compose-2.7.6.aar (androidx.navigation:navigation-compose:2.7.6) with ExtractAarTransform
Transforming navigation-compose-2.7.6.aar (androidx.navigation:navigation-compose:2.7.6) with AarResourcesCompilerTransform
Transforming material3-1.1.2.aar (androidx.compose.material3:material3:1.1.2) with JetifyTransform
Transforming material3-1.1.2.aar (androidx.compose.material3:material3:1.1.2) with ExtractAarTransform
Transforming material3-1.1.2.aar (androidx.compose.material3:material3:1.1.2) with AarResourcesCompilerTransform
Transforming coil-compose-2.5.0.aar (io.coil-kt:coil-compose:2.5.0) with JetifyTransform
Transforming coil-compose-2.5.0.aar (io.coil-kt:coil-compose:2.5.0) with ExtractAarTransform
Transforming coil-compose-2.5.0.aar (io.coil-kt:coil-compose:2.5.0) with AarResourcesCompilerTransform
Transforming coil-compose-base-2.5.0.aar (io.coil-kt:coil-compose-base:2.5.0) with JetifyTransform
Transforming coil-compose-base-2.5.0.aar (io.coil-kt:coil-compose-base:2.5.0) with ExtractAarTransform
Transforming coil-compose-base-2.5.0.aar (io.coil-kt:coil-compose-base:2.5.0) with AarResourcesCompilerTransform
Transforming material-ripple-release.aar (androidx.compose.material:material-ripple-android:1.5.4) with JetifyTransform
Transforming material-ripple-release.aar (androidx.compose.material:material-ripple-android:1.5.4) with ExtractAarTransform
Transforming material-ripple-release.aar (androidx.compose.material:material-ripple-android:1.5.4) with AarResourcesCompilerTransform
Transforming material-icons-core-release.aar (androidx.compose.material:material-icons-core-android:1.5.4) with JetifyTransform
Transforming material-icons-core-release.aar (androidx.compose.material:material-icons-core-android:1.5.4) with ExtractAarTransform
Transforming material-icons-core-release.aar (androidx.compose.material:material-icons-core-android:1.5.4) with AarResourcesCompilerTransform
Transforming material-icons-extended-release.aar (androidx.compose.material:material-icons-extended-android:1.5.4) with JetifyTransform
Transforming material-icons-extended-release.aar (androidx.compose.material:material-icons-extended-android:1.5.4) with ExtractAarTransform
Transforming material-icons-extended-release.aar (androidx.compose.material:material-icons-extended-android:1.5.4) with AarResourcesCompilerTransform
Transforming material-release.aar (androidx.compose.material:material-android:1.5.4) with JetifyTransform
Transforming material-release.aar (androidx.compose.material:material-android:1.5.4) with ExtractAarTransform
Transforming material-release.aar (androidx.compose.material:material-android:1.5.4) with AarResourcesCompilerTransform
Transforming animation-core-release.aar (androidx.compose.animation:animation-core-android:1.5.4) with JetifyTransform
Transforming animation-core-release.aar (androidx.compose.animation:animation-core-android:1.5.4) with ExtractAarTransform
Transforming animation-core-release.aar (androidx.compose.animation:animation-core-android:1.5.4) with AarResourcesCompilerTransform
Transforming animation-release.aar (androidx.compose.animation:animation-android:1.5.4) with JetifyTransform
Transforming animation-release.aar (androidx.compose.animation:animation-android:1.5.4) with ExtractAarTransform
Transforming animation-release.aar (androidx.compose.animation:animation-android:1.5.4) with AarResourcesCompilerTransform
Transforming foundation-layout-release.aar (androidx.compose.foundation:foundation-layout-android:1.5.4) with JetifyTransform
Transforming foundation-layout-release.aar (androidx.compose.foundation:foundation-layout-android:1.5.4) with ExtractAarTransform
Transforming foundation-layout-release.aar (androidx.compose.foundation:foundation-layout-android:1.5.4) with AarResourcesCompilerTransform
Transforming foundation-release.aar (androidx.compose.foundation:foundation-android:1.5.4) with JetifyTransform
Transforming foundation-release.aar (androidx.compose.foundation:foundation-android:1.5.4) with ExtractAarTransform
Transforming foundation-release.aar (androidx.compose.foundation:foundation-android:1.5.4) with AarResourcesCompilerTransform
Transforming ui-tooling-data-release.aar (androidx.compose.ui:ui-tooling-data-android:1.5.4) with JetifyTransform
Transforming ui-tooling-data-release.aar (androidx.compose.ui:ui-tooling-data-android:1.5.4) with ExtractAarTransform
Transforming ui-tooling-data-release.aar (androidx.compose.ui:ui-tooling-data-android:1.5.4) with AarResourcesCompilerTransform
Transforming ui-unit-release.aar (androidx.compose.ui:ui-unit-android:1.5.4) with JetifyTransform
Transforming ui-unit-release.aar (androidx.compose.ui:ui-unit-android:1.5.4) with ExtractAarTransform
Transforming ui-unit-release.aar (androidx.compose.ui:ui-unit-android:1.5.4) with AarResourcesCompilerTransform
Transforming ui-geometry-release.aar (androidx.compose.ui:ui-geometry-android:1.5.4) with JetifyTransform
Transforming ui-geometry-release.aar (androidx.compose.ui:ui-geometry-android:1.5.4) with ExtractAarTransform
Transforming ui-geometry-release.aar (androidx.compose.ui:ui-geometry-android:1.5.4) with AarResourcesCompilerTransform
Transforming ui-util-release.aar (androidx.compose.ui:ui-util-android:1.5.4) with JetifyTransform
Transforming ui-util-release.aar (androidx.compose.ui:ui-util-android:1.5.4) with ExtractAarTransform
Transforming ui-util-release.aar (androidx.compose.ui:ui-util-android:1.5.4) with AarResourcesCompilerTransform
Transforming ui-text-release.aar (androidx.compose.ui:ui-text-android:1.5.4) with JetifyTransform
Transforming ui-text-release.aar (androidx.compose.ui:ui-text-android:1.5.4) with ExtractAarTransform
Transforming ui-text-release.aar (androidx.compose.ui:ui-text-android:1.5.4) with AarResourcesCompilerTransform
Transforming ui-tooling-preview-release.aar (androidx.compose.ui:ui-tooling-preview-android:1.5.4) with JetifyTransform
Transforming ui-tooling-preview-release.aar (androidx.compose.ui:ui-tooling-preview-android:1.5.4) with ExtractAarTransform
Transforming ui-tooling-preview-release.aar (androidx.compose.ui:ui-tooling-preview-android:1.5.4) with AarResourcesCompilerTransform
Transforming ui-tooling-release.aar (androidx.compose.ui:ui-tooling-android:1.5.4) with JetifyTransform
Transforming ui-tooling-release.aar (androidx.compose.ui:ui-tooling-android:1.5.4) with ExtractAarTransform
Transforming ui-tooling-release.aar (androidx.compose.ui:ui-tooling-android:1.5.4) with AarResourcesCompilerTransform
Transforming ui-graphics-release.aar (androidx.compose.ui:ui-graphics-android:1.5.4) with JetifyTransform
Transforming ui-graphics-release.aar (androidx.compose.ui:ui-graphics-android:1.5.4) with ExtractAarTransform
Transforming ui-graphics-release.aar (androidx.compose.ui:ui-graphics-android:1.5.4) with AarResourcesCompilerTransform
Transforming ui-test-manifest-1.5.4.aar (androidx.compose.ui:ui-test-manifest:1.5.4) with JetifyTransform
Transforming ui-test-manifest-1.5.4.aar (androidx.compose.ui:ui-test-manifest:1.5.4) with ExtractAarTransform
Transforming ui-test-manifest-1.5.4.aar (androidx.compose.ui:ui-test-manifest:1.5.4) with AarResourcesCompilerTransform
Transforming hilt-android-2.48.1.aar (com.google.dagger:hilt-android:2.48.1) with JetifyTransform
Transforming hilt-android-2.48.1.aar (com.google.dagger:hilt-android:2.48.1) with ExtractAarTransform
Transforming hilt-android-2.48.1.aar (com.google.dagger:hilt-android:2.48.1) with AarResourcesCompilerTransform
Transforming fragment-1.5.1.aar (androidx.fragment:fragment:1.5.1) with JetifyTransform
Transforming fragment-1.5.1.aar (androidx.fragment:fragment:1.5.1) with ExtractAarTransform
Transforming fragment-1.5.1.aar (androidx.fragment:fragment:1.5.1) with AarResourcesCompilerTransform
Transforming activity-1.8.2.aar (androidx.activity:activity:1.8.2) with JetifyTransform
Transforming activity-1.8.2.aar (androidx.activity:activity:1.8.2) with ExtractAarTransform
Transforming activity-1.8.2.aar (androidx.activity:activity:1.8.2) with AarResourcesCompilerTransform
Transforming activity-ktx-1.8.2.aar (androidx.activity:activity-ktx:1.8.2) with JetifyTransform
Transforming activity-ktx-1.8.2.aar (androidx.activity:activity-ktx:1.8.2) with ExtractAarTransform
Transforming activity-ktx-1.8.2.aar (androidx.activity:activity-ktx:1.8.2) with AarResourcesCompilerTransform
Transforming activity-compose-1.8.2.aar (androidx.activity:activity-compose:1.8.2) with JetifyTransform
Transforming activity-compose-1.8.2.aar (androidx.activity:activity-compose:1.8.2) with ExtractAarTransform
Transforming activity-compose-1.8.2.aar (androidx.activity:activity-compose:1.8.2) with AarResourcesCompilerTransform
Transforming savedstate-ktx-1.2.1.aar (androidx.savedstate:savedstate-ktx:1.2.1) with JetifyTransform
Transforming savedstate-ktx-1.2.1.aar (androidx.savedstate:savedstate-ktx:1.2.1) with ExtractAarTransform
Transforming savedstate-ktx-1.2.1.aar (androidx.savedstate:savedstate-ktx:1.2.1) with AarResourcesCompilerTransform
Transforming savedstate-1.2.1.aar (androidx.savedstate:savedstate:1.2.1) with JetifyTransform
Transforming savedstate-1.2.1.aar (androidx.savedstate:savedstate:1.2.1) with ExtractAarTransform
Transforming savedstate-1.2.1.aar (androidx.savedstate:savedstate:1.2.1) with AarResourcesCompilerTransform
Transforming loader-1.0.0.aar (androidx.loader:loader:1.0.0) with JetifyTransform
Transforming loader-1.0.0.aar (androidx.loader:loader:1.0.0) with ExtractAarTransform
Transforming loader-1.0.0.aar (androidx.loader:loader:1.0.0) with AarResourcesCompilerTransform
Transforming emoji2-1.4.0.aar (androidx.emoji2:emoji2:1.4.0) with JetifyTransform
Transforming emoji2-1.4.0.aar (androidx.emoji2:emoji2:1.4.0) with ExtractAarTransform
Transforming emoji2-1.4.0.aar (androidx.emoji2:emoji2:1.4.0) with AarResourcesCompilerTransform
Transforming lifecycle-process-2.6.2.aar (androidx.lifecycle:lifecycle-process:2.6.2) with JetifyTransform
Transforming lifecycle-process-2.6.2.aar (androidx.lifecycle:lifecycle-process:2.6.2) with ExtractAarTransform
Transforming lifecycle-process-2.6.2.aar (androidx.lifecycle:lifecycle-process:2.6.2) with AarResourcesCompilerTransform
Transforming lifecycle-service-2.6.2.aar (androidx.lifecycle:lifecycle-service:2.6.2) with JetifyTransform
Transforming lifecycle-service-2.6.2.aar (androidx.lifecycle:lifecycle-service:2.6.2) with ExtractAarTransform
Transforming lifecycle-service-2.6.2.aar (androidx.lifecycle:lifecycle-service:2.6.2) with AarResourcesCompilerTransform
Transforming lifecycle-livedata-2.6.2.aar (androidx.lifecycle:lifecycle-livedata:2.6.2) with JetifyTransform
Transforming lifecycle-livedata-2.6.2.aar (androidx.lifecycle:lifecycle-livedata:2.6.2) with ExtractAarTransform
Transforming lifecycle-livedata-2.6.2.aar (androidx.lifecycle:lifecycle-livedata:2.6.2) with AarResourcesCompilerTransform
Transforming lifecycle-livedata-2.6.2.aar (androidx.lifecycle:lifecycle-livedata:2.6.2) with JetifyTransform
Transforming lifecycle-livedata-2.6.2.aar (androidx.lifecycle:lifecycle-livedata:2.6.2) with ExtractAarTransform
Transforming lifecycle-livedata-2.6.2.aar (androidx.lifecycle:lifecycle-livedata:2.6.2) with AarResourcesCompilerTransform
Transforming lifecycle-livedata-core-2.6.2.aar (androidx.lifecycle:lifecycle-livedata-core:2.6.2) with JetifyTransform
Transforming lifecycle-livedata-core-2.6.2.aar (androidx.lifecycle:lifecycle-livedata-core:2.6.2) with ExtractAarTransform
Transforming lifecycle-livedata-core-2.6.2.aar (androidx.lifecycle:lifecycle-livedata-core:2.6.2) with AarResourcesCompilerTransform
Transforming lifecycle-viewmodel-savedstate-2.6.2.aar (androidx.lifecycle:lifecycle-viewmodel-savedstate:2.6.2) with JetifyTransform
Transforming lifecycle-viewmodel-savedstate-2.6.2.aar (androidx.lifecycle:lifecycle-viewmodel-savedstate:2.6.2) with ExtractAarTransform
Transforming lifecycle-viewmodel-savedstate-2.6.2.aar (androidx.lifecycle:lifecycle-viewmodel-savedstate:2.6.2) with AarResourcesCompilerTransform
Transforming lifecycle-viewmodel-ktx-2.6.2.aar (androidx.lifecycle:lifecycle-viewmodel-ktx:2.6.2) with JetifyTransform
Transforming lifecycle-viewmodel-ktx-2.6.2.aar (androidx.lifecycle:lifecycle-viewmodel-ktx:2.6.2) with ExtractAarTransform
Transforming lifecycle-viewmodel-ktx-2.6.2.aar (androidx.lifecycle:lifecycle-viewmodel-ktx:2.6.2) with AarResourcesCompilerTransform
Transforming lifecycle-viewmodel-2.6.2.aar (androidx.lifecycle:lifecycle-viewmodel:2.6.2) with JetifyTransform
Transforming lifecycle-viewmodel-2.6.2.aar (androidx.lifecycle:lifecycle-viewmodel:2.6.2) with ExtractAarTransform
Transforming lifecycle-viewmodel-2.6.2.aar (androidx.lifecycle:lifecycle-viewmodel:2.6.2) with AarResourcesCompilerTransform
Transforming lifecycle-viewmodel-2.6.2.aar (androidx.lifecycle:lifecycle-viewmodel:2.6.2) with JetifyTransform
Transforming lifecycle-viewmodel-2.6.2.aar (androidx.lifecycle:lifecycle-viewmodel:2.6.2) with ExtractAarTransform
Transforming lifecycle-viewmodel-2.6.2.aar (androidx.lifecycle:lifecycle-viewmodel:2.6.2) with AarResourcesCompilerTransform
Transforming coil-2.5.0.aar (io.coil-kt:coil:2.5.0) with JetifyTransform
Transforming coil-2.5.0.aar (io.coil-kt:coil:2.5.0) with ExtractAarTransform
Transforming coil-2.5.0.aar (io.coil-kt:coil:2.5.0) with AarResourcesCompilerTransform
Transforming coil-base-2.5.0.aar (io.coil-kt:coil-base:2.5.0) with JetifyTransform
Transforming coil-base-2.5.0.aar (io.coil-kt:coil-base:2.5.0) with ExtractAarTransform
Transforming coil-base-2.5.0.aar (io.coil-kt:coil-base:2.5.0) with AarResourcesCompilerTransform
Transforming lifecycle-runtime-2.6.2.aar (androidx.lifecycle:lifecycle-runtime:2.6.2) with JetifyTransform
Transforming lifecycle-runtime-2.6.2.aar (androidx.lifecycle:lifecycle-runtime:2.6.2) with ExtractAarTransform
Transforming lifecycle-runtime-2.6.2.aar (androidx.lifecycle:lifecycle-runtime:2.6.2) with AarResourcesCompilerTransform
Transforming lifecycle-runtime-compose-2.6.2.aar (androidx.lifecycle:lifecycle-runtime-compose:2.6.2) with JetifyTransform
Transforming lifecycle-runtime-compose-2.6.2.aar (androidx.lifecycle:lifecycle-runtime-compose:2.6.2) with ExtractAarTransform
Transforming lifecycle-runtime-compose-2.6.2.aar (androidx.lifecycle:lifecycle-runtime-compose:2.6.2) with AarResourcesCompilerTransform
Transforming lifecycle-runtime-ktx-2.6.2.aar (androidx.lifecycle:lifecycle-runtime-ktx:2.6.2) with JetifyTransform
Transforming lifecycle-runtime-ktx-2.6.2.aar (androidx.lifecycle:lifecycle-runtime-ktx:2.6.2) with ExtractAarTransform
Transforming lifecycle-runtime-ktx-2.6.2.aar (androidx.lifecycle:lifecycle-runtime-ktx:2.6.2) with AarResourcesCompilerTransform
Transforming lifecycle-viewmodel-compose-2.6.2.aar (androidx.lifecycle:lifecycle-viewmodel-compose:2.6.2) with JetifyTransform
Transforming lifecycle-viewmodel-compose-2.6.2.aar (androidx.lifecycle:lifecycle-viewmodel-compose:2.6.2) with ExtractAarTransform
Transforming lifecycle-viewmodel-compose-2.6.2.aar (androidx.lifecycle:lifecycle-viewmodel-compose:2.6.2) with AarResourcesCompilerTransform
Transforming accompanist-drawablepainter-0.32.0.aar (com.google.accompanist:accompanist-drawablepainter:0.32.0) with JetifyTransform
Transforming accompanist-drawablepainter-0.32.0.aar (com.google.accompanist:accompanist-drawablepainter:0.32.0) with ExtractAarTransform
Transforming accompanist-drawablepainter-0.32.0.aar (com.google.accompanist:accompanist-drawablepainter:0.32.0) with AarResourcesCompilerTransform
Transforming ui-release.aar (androidx.compose.ui:ui-android:1.5.4) with JetifyTransform
Transforming ui-release.aar (androidx.compose.ui:ui-android:1.5.4) with ExtractAarTransform
Transforming ui-release.aar (androidx.compose.ui:ui-android:1.5.4) with AarResourcesCompilerTransform
Transforming viewpager-1.0.0.aar (androidx.viewpager:viewpager:1.0.0) with JetifyTransform
Transforming viewpager-1.0.0.aar (androidx.viewpager:viewpager:1.0.0) with ExtractAarTransform
Transforming viewpager-1.0.0.aar (androidx.viewpager:viewpager:1.0.0) with AarResourcesCompilerTransform
Transforming autofill-1.0.0.aar (androidx.autofill:autofill:1.0.0) with JetifyTransform
Transforming autofill-1.0.0.aar (androidx.autofill:autofill:1.0.0) with ExtractAarTransform
Transforming autofill-1.0.0.aar (androidx.autofill:autofill:1.0.0) with AarResourcesCompilerTransform
Transforming customview-1.0.0.aar (androidx.customview:customview:1.0.0) with JetifyTransform
Transforming customview-1.0.0.aar (androidx.customview:customview:1.0.0) with ExtractAarTransform
Transforming customview-1.0.0.aar (androidx.customview:customview:1.0.0) with AarResourcesCompilerTransform
Transforming appcompat-resources-1.6.1.aar (androidx.appcompat:appcompat-resources:1.6.1) with JetifyTransform
Transforming appcompat-resources-1.6.1.aar (androidx.appcompat:appcompat-resources:1.6.1) with ExtractAarTransform
Transforming appcompat-resources-1.6.1.aar (androidx.appcompat:appcompat-resources:1.6.1) with AarResourcesCompilerTransform
Transforming vectordrawable-animated-1.1.0.aar (androidx.vectordrawable:vectordrawable-animated:1.1.0) with JetifyTransform
Transforming vectordrawable-animated-1.1.0.aar (androidx.vectordrawable:vectordrawable-animated:1.1.0) with ExtractAarTransform
Transforming vectordrawable-animated-1.1.0.aar (androidx.vectordrawable:vectordrawable-animated:1.1.0) with AarResourcesCompilerTransform
Transforming vectordrawable-1.1.0.aar (androidx.vectordrawable:vectordrawable:1.1.0) with JetifyTransform
Transforming vectordrawable-1.1.0.aar (androidx.vectordrawable:vectordrawable:1.1.0) with ExtractAarTransform
Transforming vectordrawable-1.1.0.aar (androidx.vectordrawable:vectordrawable:1.1.0) with AarResourcesCompilerTransform
Transforming vectordrawable-1.1.0.aar (androidx.vectordrawable:vectordrawable:1.1.0) with JetifyTransform
Transforming vectordrawable-1.1.0.aar (androidx.vectordrawable:vectordrawable:1.1.0) with ExtractAarTransform
Transforming vectordrawable-1.1.0.aar (androidx.vectordrawable:vectordrawable:1.1.0) with AarResourcesCompilerTransform
Transforming core-1.12.0.aar (androidx.core:core:1.12.0) with JetifyTransform
Transforming core-1.12.0.aar (androidx.core:core:1.12.0) with ExtractAarTransform
Transforming core-1.12.0.aar (androidx.core:core:1.12.0) with AarResourcesCompilerTransform
Transforming core-1.12.0.aar (androidx.core:core:1.12.0) with JetifyTransform
Transforming core-1.12.0.aar (androidx.core:core:1.12.0) with ExtractAarTransform
Transforming core-1.12.0.aar (androidx.core:core:1.12.0) with AarResourcesCompilerTransform
Transforming customview-poolingcontainer-1.0.0.aar (androidx.customview:customview-poolingcontainer:1.0.0) with JetifyTransform
Transforming customview-poolingcontainer-1.0.0.aar (androidx.customview:customview-poolingcontainer:1.0.0) with ExtractAarTransform
Transforming customview-poolingcontainer-1.0.0.aar (androidx.customview:customview-poolingcontainer:1.0.0) with AarResourcesCompilerTransform
Transforming core-ktx-1.12.0.aar (androidx.core:core-ktx:1.12.0) with JetifyTransform
Transforming core-ktx-1.12.0.aar (androidx.core:core-ktx:1.12.0) with ExtractAarTransform
Transforming core-ktx-1.12.0.aar (androidx.core:core-ktx:1.12.0) with AarResourcesCompilerTransform
Transforming room-runtime-2.6.1.aar (androidx.room:room-runtime:2.6.1) with JetifyTransform
Transforming room-runtime-2.6.1.aar (androidx.room:room-runtime:2.6.1) with ExtractAarTransform
Transforming room-runtime-2.6.1.aar (androidx.room:room-runtime:2.6.1) with AarResourcesCompilerTransform
Transforming room-ktx-2.6.1.aar (androidx.room:room-ktx:2.6.1) with JetifyTransform
Transforming room-ktx-2.6.1.aar (androidx.room:room-ktx:2.6.1) with ExtractAarTransform
Transforming room-ktx-2.6.1.aar (androidx.room:room-ktx:2.6.1) with AarResourcesCompilerTransform
Transforming datastore-preferences-1.0.0.aar (androidx.datastore:datastore-preferences:1.0.0) with JetifyTransform
Transforming datastore-preferences-1.0.0.aar (androidx.datastore:datastore-preferences:1.0.0) with ExtractAarTransform
Transforming datastore-preferences-1.0.0.aar (androidx.datastore:datastore-preferences:1.0.0) with AarResourcesCompilerTransform
Transforming timber-5.0.1.aar (com.jakewharton.timber:timber:5.0.1) with JetifyTransform
Transforming timber-5.0.1.aar (com.jakewharton.timber:timber:5.0.1) with ExtractAarTransform
Transforming timber-5.0.1.aar (com.jakewharton.timber:timber:5.0.1) with AarResourcesCompilerTransform
Transforming sqlite-framework-2.4.0.aar (androidx.sqlite:sqlite-framework:2.4.0) with JetifyTransform
Transforming sqlite-framework-2.4.0.aar (androidx.sqlite:sqlite-framework:2.4.0) with ExtractAarTransform
Transforming sqlite-framework-2.4.0.aar (androidx.sqlite:sqlite-framework:2.4.0) with AarResourcesCompilerTransform
Transforming sqlite-2.4.0.aar (androidx.sqlite:sqlite:2.4.0) with JetifyTransform
Transforming sqlite-2.4.0.aar (androidx.sqlite:sqlite:2.4.0) with ExtractAarTransform
Transforming sqlite-2.4.0.aar (androidx.sqlite:sqlite:2.4.0) with AarResourcesCompilerTransform
Transforming datastore-1.0.0.aar (androidx.datastore:datastore:1.0.0) with JetifyTransform
Transforming datastore-1.0.0.aar (androidx.datastore:datastore:1.0.0) with ExtractAarTransform
Transforming datastore-1.0.0.aar (androidx.datastore:datastore:1.0.0) with AarResourcesCompilerTransform
Transforming runtime-saveable-release.aar (androidx.compose.runtime:runtime-saveable-android:1.5.4) with JetifyTransform
Transforming runtime-saveable-release.aar (androidx.compose.runtime:runtime-saveable-android:1.5.4) with ExtractAarTransform
Transforming runtime-saveable-release.aar (androidx.compose.runtime:runtime-saveable-android:1.5.4) with AarResourcesCompilerTransform
Transforming runtime-release.aar (androidx.compose.runtime:runtime-android:1.5.4) with JetifyTransform
Transforming runtime-release.aar (androidx.compose.runtime:runtime-android:1.5.4) with ExtractAarTransform
Transforming runtime-release.aar (androidx.compose.runtime:runtime-android:1.5.4) with AarResourcesCompilerTransform
Transforming annotation-experimental-1.3.0.aar (androidx.annotation:annotation-experimental:1.3.0) with JetifyTransform
Transforming annotation-experimental-1.3.0.aar (androidx.annotation:annotation-experimental:1.3.0) with ExtractAarTransform
Transforming annotation-experimental-1.3.0.aar (androidx.annotation:annotation-experimental:1.3.0) with AarResourcesCompilerTransform
Transforming core-runtime-2.2.0.aar (androidx.arch.core:core-runtime:2.2.0) with JetifyTransform
Transforming core-runtime-2.2.0.aar (androidx.arch.core:core-runtime:2.2.0) with ExtractAarTransform
Transforming core-runtime-2.2.0.aar (androidx.arch.core:core-runtime:2.2.0) with AarResourcesCompilerTransform
Transforming interpolator-1.0.0.aar (androidx.interpolator:interpolator:1.0.0) with JetifyTransform
Transforming interpolator-1.0.0.aar (androidx.interpolator:interpolator:1.0.0) with ExtractAarTransform
Transforming interpolator-1.0.0.aar (androidx.interpolator:interpolator:1.0.0) with AarResourcesCompilerTransform
Transforming interpolator-1.0.0.aar (androidx.interpolator:interpolator:1.0.0) with JetifyTransform
Transforming interpolator-1.0.0.aar (androidx.interpolator:interpolator:1.0.0) with ExtractAarTransform
Transforming interpolator-1.0.0.aar (androidx.interpolator:interpolator:1.0.0) with AarResourcesCompilerTransform
Transforming versionedparcelable-1.1.1.aar (androidx.versionedparcelable:versionedparcelable:1.1.1) with JetifyTransform
Transforming versionedparcelable-1.1.1.aar (androidx.versionedparcelable:versionedparcelable:1.1.1) with ExtractAarTransform
Transforming versionedparcelable-1.1.1.aar (androidx.versionedparcelable:versionedparcelable:1.1.1) with AarResourcesCompilerTransform
Transforming profileinstaller-1.3.1.aar (androidx.profileinstaller:profileinstaller:1.3.1) with JetifyTransform
Transforming profileinstaller-1.3.1.aar (androidx.profileinstaller:profileinstaller:1.3.1) with ExtractAarTransform
Transforming profileinstaller-1.3.1.aar (androidx.profileinstaller:profileinstaller:1.3.1) with AarResourcesCompilerTransform
Transforming startup-runtime-1.1.1.aar (androidx.startup:startup-runtime:1.1.1) with JetifyTransform
Transforming startup-runtime-1.1.1.aar (androidx.startup:startup-runtime:1.1.1) with ExtractAarTransform
Transforming startup-runtime-1.1.1.aar (androidx.startup:startup-runtime:1.1.1) with AarResourcesCompilerTransform
Transforming tracing-1.0.0.aar (androidx.tracing:tracing:1.0.0) with JetifyTransform
Transforming tracing-1.0.0.aar (androidx.tracing:tracing:1.0.0) with ExtractAarTransform
Transforming tracing-1.0.0.aar (androidx.tracing:tracing:1.0.0) with AarResourcesCompilerTransform
Transforming exifinterface-1.3.6.aar (androidx.exifinterface:exifinterface:1.3.6) with JetifyTransform
Transforming exifinterface-1.3.6.aar (androidx.exifinterface:exifinterface:1.3.6) with ExtractAarTransform
Transforming exifinterface-1.3.6.aar (androidx.exifinterface:exifinterface:1.3.6) with AarResourcesCompilerTransform
Transforming dagger-lint-aar-2.48.1.aar (com.google.dagger:dagger-lint-aar:2.48.1) with JetifyTransform
Transforming dagger-lint-aar-2.48.1.aar (com.google.dagger:dagger-lint-aar:2.48.1) with ExtractAarTransform
Transforming dagger-lint-aar-2.48.1.aar (com.google.dagger:dagger-lint-aar:2.48.1) with AarResourcesCompilerTransform
Transforming hilt-work-1.1.0.aar (androidx.hilt:hilt-work:1.1.0) with JetifyTransform
Transforming hilt-work-1.1.0.aar (androidx.hilt:hilt-work:1.1.0) with ExtractAarTransform
Transforming hilt-work-1.1.0.aar (androidx.hilt:hilt-work:1.1.0) with LibrarySymbolTableTransform
Transforming work-runtime-ktx-2.9.0.aar (androidx.work:work-runtime-ktx:2.9.0) with JetifyTransform
Transforming work-runtime-ktx-2.9.0.aar (androidx.work:work-runtime-ktx:2.9.0) with ExtractAarTransform
Transforming work-runtime-ktx-2.9.0.aar (androidx.work:work-runtime-ktx:2.9.0) with LibrarySymbolTableTransform
Transforming work-runtime-2.9.0.aar (androidx.work:work-runtime:2.9.0) with JetifyTransform
Transforming work-runtime-2.9.0.aar (androidx.work:work-runtime:2.9.0) with ExtractAarTransform
Transforming work-runtime-2.9.0.aar (androidx.work:work-runtime:2.9.0) with LibrarySymbolTableTransform
Transforming hilt-navigation-compose-1.1.0.aar (androidx.hilt:hilt-navigation-compose:1.1.0) with JetifyTransform
Transforming hilt-navigation-compose-1.1.0.aar (androidx.hilt:hilt-navigation-compose:1.1.0) with ExtractAarTransform
Transforming hilt-navigation-compose-1.1.0.aar (androidx.hilt:hilt-navigation-compose:1.1.0) with LibrarySymbolTableTransform
Transforming hilt-navigation-1.1.0.aar (androidx.hilt:hilt-navigation:1.1.0) with JetifyTransform
Transforming hilt-navigation-1.1.0.aar (androidx.hilt:hilt-navigation:1.1.0) with ExtractAarTransform
Transforming hilt-navigation-1.1.0.aar (androidx.hilt:hilt-navigation:1.1.0) with LibrarySymbolTableTransform
Transforming navigation-common-2.7.6.aar (androidx.navigation:navigation-common:2.7.6) with JetifyTransform
Transforming navigation-common-2.7.6.aar (androidx.navigation:navigation-common:2.7.6) with ExtractAarTransform
Transforming navigation-common-2.7.6.aar (androidx.navigation:navigation-common:2.7.6) with LibrarySymbolTableTransform
Transforming navigation-runtime-2.7.6.aar (androidx.navigation:navigation-runtime:2.7.6) with JetifyTransform
Transforming navigation-runtime-2.7.6.aar (androidx.navigation:navigation-runtime:2.7.6) with ExtractAarTransform
Transforming navigation-runtime-2.7.6.aar (androidx.navigation:navigation-runtime:2.7.6) with LibrarySymbolTableTransform
Transforming navigation-common-ktx-2.7.6.aar (androidx.navigation:navigation-common-ktx:2.7.6) with JetifyTransform
Transforming navigation-common-ktx-2.7.6.aar (androidx.navigation:navigation-common-ktx:2.7.6) with ExtractAarTransform
Transforming navigation-common-ktx-2.7.6.aar (androidx.navigation:navigation-common-ktx:2.7.6) with LibrarySymbolTableTransform
Transforming navigation-runtime-ktx-2.7.6.aar (androidx.navigation:navigation-runtime-ktx:2.7.6) with JetifyTransform
Transforming navigation-runtime-ktx-2.7.6.aar (androidx.navigation:navigation-runtime-ktx:2.7.6) with ExtractAarTransform
Transforming navigation-runtime-ktx-2.7.6.aar (androidx.navigation:navigation-runtime-ktx:2.7.6) with LibrarySymbolTableTransform
Transforming navigation-compose-2.7.6.aar (androidx.navigation:navigation-compose:2.7.6) with JetifyTransform
Transforming navigation-compose-2.7.6.aar (androidx.navigation:navigation-compose:2.7.6) with ExtractAarTransform
Transforming navigation-compose-2.7.6.aar (androidx.navigation:navigation-compose:2.7.6) with LibrarySymbolTableTransform
Transforming material3-1.1.2.aar (androidx.compose.material3:material3:1.1.2) with JetifyTransform
Transforming material3-1.1.2.aar (androidx.compose.material3:material3:1.1.2) with ExtractAarTransform
Transforming material3-1.1.2.aar (androidx.compose.material3:material3:1.1.2) with LibrarySymbolTableTransform
Transforming coil-compose-2.5.0.aar (io.coil-kt:coil-compose:2.5.0) with JetifyTransform
Transforming coil-compose-2.5.0.aar (io.coil-kt:coil-compose:2.5.0) with ExtractAarTransform
Transforming coil-compose-2.5.0.aar (io.coil-kt:coil-compose:2.5.0) with LibrarySymbolTableTransform
Transforming coil-compose-base-2.5.0.aar (io.coil-kt:coil-compose-base:2.5.0) with JetifyTransform
Transforming coil-compose-base-2.5.0.aar (io.coil-kt:coil-compose-base:2.5.0) with ExtractAarTransform
Transforming coil-compose-base-2.5.0.aar (io.coil-kt:coil-compose-base:2.5.0) with LibrarySymbolTableTransform
Transforming material-ripple-release.aar (androidx.compose.material:material-ripple-android:1.5.4) with JetifyTransform
Transforming material-ripple-release.aar (androidx.compose.material:material-ripple-android:1.5.4) with ExtractAarTransform
Transforming material-ripple-release.aar (androidx.compose.material:material-ripple-android:1.5.4) with LibrarySymbolTableTransform
Transforming material-icons-core-release.aar (androidx.compose.material:material-icons-core-android:1.5.4) with JetifyTransform
Transforming material-icons-core-release.aar (androidx.compose.material:material-icons-core-android:1.5.4) with ExtractAarTransform
Transforming material-icons-core-release.aar (androidx.compose.material:material-icons-core-android:1.5.4) with LibrarySymbolTableTransform
Transforming material-icons-extended-release.aar (androidx.compose.material:material-icons-extended-android:1.5.4) with JetifyTransform
Transforming material-icons-extended-release.aar (androidx.compose.material:material-icons-extended-android:1.5.4) with ExtractAarTransform
Transforming material-icons-extended-release.aar (androidx.compose.material:material-icons-extended-android:1.5.4) with LibrarySymbolTableTransform
Transforming material-release.aar (androidx.compose.material:material-android:1.5.4) with JetifyTransform
Transforming material-release.aar (androidx.compose.material:material-android:1.5.4) with ExtractAarTransform
Transforming material-release.aar (androidx.compose.material:material-android:1.5.4) with LibrarySymbolTableTransform
Transforming animation-core-release.aar (androidx.compose.animation:animation-core-android:1.5.4) with JetifyTransform
Transforming animation-core-release.aar (androidx.compose.animation:animation-core-android:1.5.4) with ExtractAarTransform
Transforming animation-core-release.aar (androidx.compose.animation:animation-core-android:1.5.4) with LibrarySymbolTableTransform
Transforming animation-release.aar (androidx.compose.animation:animation-android:1.5.4) with JetifyTransform
Transforming animation-release.aar (androidx.compose.animation:animation-android:1.5.4) with ExtractAarTransform
Transforming animation-release.aar (androidx.compose.animation:animation-android:1.5.4) with LibrarySymbolTableTransform
Transforming foundation-layout-release.aar (androidx.compose.foundation:foundation-layout-android:1.5.4) with JetifyTransform
Transforming foundation-layout-release.aar (androidx.compose.foundation:foundation-layout-android:1.5.4) with ExtractAarTransform
Transforming foundation-layout-release.aar (androidx.compose.foundation:foundation-layout-android:1.5.4) with LibrarySymbolTableTransform
Transforming foundation-release.aar (androidx.compose.foundation:foundation-android:1.5.4) with JetifyTransform
Transforming foundation-release.aar (androidx.compose.foundation:foundation-android:1.5.4) with ExtractAarTransform
Transforming foundation-release.aar (androidx.compose.foundation:foundation-android:1.5.4) with LibrarySymbolTableTransform
Transforming ui-tooling-data-release.aar (androidx.compose.ui:ui-tooling-data-android:1.5.4) with JetifyTransform
Transforming ui-tooling-data-release.aar (androidx.compose.ui:ui-tooling-data-android:1.5.4) with ExtractAarTransform
Transforming ui-tooling-data-release.aar (androidx.compose.ui:ui-tooling-data-android:1.5.4) with LibrarySymbolTableTransform
Transforming ui-unit-release.aar (androidx.compose.ui:ui-unit-android:1.5.4) with JetifyTransform
Transforming ui-unit-release.aar (androidx.compose.ui:ui-unit-android:1.5.4) with ExtractAarTransform
Transforming ui-unit-release.aar (androidx.compose.ui:ui-unit-android:1.5.4) with LibrarySymbolTableTransform
Transforming ui-geometry-release.aar (androidx.compose.ui:ui-geometry-android:1.5.4) with JetifyTransform
Transforming ui-geometry-release.aar (androidx.compose.ui:ui-geometry-android:1.5.4) with ExtractAarTransform
Transforming ui-geometry-release.aar (androidx.compose.ui:ui-geometry-android:1.5.4) with LibrarySymbolTableTransform
Transforming ui-util-release.aar (androidx.compose.ui:ui-util-android:1.5.4) with JetifyTransform
Transforming ui-util-release.aar (androidx.compose.ui:ui-util-android:1.5.4) with ExtractAarTransform
Transforming ui-util-release.aar (androidx.compose.ui:ui-util-android:1.5.4) with LibrarySymbolTableTransform
Transforming ui-text-release.aar (androidx.compose.ui:ui-text-android:1.5.4) with JetifyTransform
Transforming ui-text-release.aar (androidx.compose.ui:ui-text-android:1.5.4) with ExtractAarTransform
Transforming ui-text-release.aar (androidx.compose.ui:ui-text-android:1.5.4) with LibrarySymbolTableTransform
Transforming ui-tooling-preview-release.aar (androidx.compose.ui:ui-tooling-preview-android:1.5.4) with JetifyTransform
Transforming ui-tooling-preview-release.aar (androidx.compose.ui:ui-tooling-preview-android:1.5.4) with ExtractAarTransform
Transforming ui-tooling-preview-release.aar (androidx.compose.ui:ui-tooling-preview-android:1.5.4) with LibrarySymbolTableTransform
Transforming ui-tooling-release.aar (androidx.compose.ui:ui-tooling-android:1.5.4) with JetifyTransform
Transforming ui-tooling-release.aar (androidx.compose.ui:ui-tooling-android:1.5.4) with ExtractAarTransform
Transforming ui-tooling-release.aar (androidx.compose.ui:ui-tooling-android:1.5.4) with LibrarySymbolTableTransform
Transforming ui-graphics-release.aar (androidx.compose.ui:ui-graphics-android:1.5.4) with JetifyTransform
Transforming ui-graphics-release.aar (androidx.compose.ui:ui-graphics-android:1.5.4) with ExtractAarTransform
Transforming ui-graphics-release.aar (androidx.compose.ui:ui-graphics-android:1.5.4) with LibrarySymbolTableTransform
Transforming ui-test-manifest-1.5.4.aar (androidx.compose.ui:ui-test-manifest:1.5.4) with JetifyTransform
Transforming ui-test-manifest-1.5.4.aar (androidx.compose.ui:ui-test-manifest:1.5.4) with ExtractAarTransform
Transforming ui-test-manifest-1.5.4.aar (androidx.compose.ui:ui-test-manifest:1.5.4) with LibrarySymbolTableTransform
Transforming hilt-android-2.48.1.aar (com.google.dagger:hilt-android:2.48.1) with JetifyTransform
Transforming hilt-android-2.48.1.aar (com.google.dagger:hilt-android:2.48.1) with ExtractAarTransform
Transforming hilt-android-2.48.1.aar (com.google.dagger:hilt-android:2.48.1) with LibrarySymbolTableTransform
Transforming fragment-1.5.1.aar (androidx.fragment:fragment:1.5.1) with JetifyTransform
Transforming fragment-1.5.1.aar (androidx.fragment:fragment:1.5.1) with ExtractAarTransform
Transforming fragment-1.5.1.aar (androidx.fragment:fragment:1.5.1) with LibrarySymbolTableTransform
Transforming activity-1.8.2.aar (androidx.activity:activity:1.8.2) with JetifyTransform
Transforming activity-1.8.2.aar (androidx.activity:activity:1.8.2) with ExtractAarTransform
Transforming activity-1.8.2.aar (androidx.activity:activity:1.8.2) with LibrarySymbolTableTransform
Transforming activity-ktx-1.8.2.aar (androidx.activity:activity-ktx:1.8.2) with JetifyTransform
Transforming activity-ktx-1.8.2.aar (androidx.activity:activity-ktx:1.8.2) with ExtractAarTransform
Transforming activity-ktx-1.8.2.aar (androidx.activity:activity-ktx:1.8.2) with LibrarySymbolTableTransform
Transforming activity-compose-1.8.2.aar (androidx.activity:activity-compose:1.8.2) with JetifyTransform
Transforming activity-compose-1.8.2.aar (androidx.activity:activity-compose:1.8.2) with ExtractAarTransform
Transforming activity-compose-1.8.2.aar (androidx.activity:activity-compose:1.8.2) with LibrarySymbolTableTransform
Transforming savedstate-ktx-1.2.1.aar (androidx.savedstate:savedstate-ktx:1.2.1) with JetifyTransform
Transforming savedstate-ktx-1.2.1.aar (androidx.savedstate:savedstate-ktx:1.2.1) with ExtractAarTransform
Transforming savedstate-ktx-1.2.1.aar (androidx.savedstate:savedstate-ktx:1.2.1) with LibrarySymbolTableTransform
Transforming savedstate-1.2.1.aar (androidx.savedstate:savedstate:1.2.1) with JetifyTransform
Transforming savedstate-1.2.1.aar (androidx.savedstate:savedstate:1.2.1) with ExtractAarTransform
Transforming savedstate-1.2.1.aar (androidx.savedstate:savedstate:1.2.1) with LibrarySymbolTableTransform
Transforming loader-1.0.0.aar (androidx.loader:loader:1.0.0) with JetifyTransform
Transforming loader-1.0.0.aar (androidx.loader:loader:1.0.0) with ExtractAarTransform
Transforming loader-1.0.0.aar (androidx.loader:loader:1.0.0) with LibrarySymbolTableTransform
Transforming emoji2-1.4.0.aar (androidx.emoji2:emoji2:1.4.0) with JetifyTransform
Transforming emoji2-1.4.0.aar (androidx.emoji2:emoji2:1.4.0) with ExtractAarTransform
Transforming emoji2-1.4.0.aar (androidx.emoji2:emoji2:1.4.0) with LibrarySymbolTableTransform
Transforming lifecycle-process-2.6.2.aar (androidx.lifecycle:lifecycle-process:2.6.2) with JetifyTransform
Transforming lifecycle-process-2.6.2.aar (androidx.lifecycle:lifecycle-process:2.6.2) with ExtractAarTransform
Transforming lifecycle-process-2.6.2.aar (androidx.lifecycle:lifecycle-process:2.6.2) with LibrarySymbolTableTransform
Transforming lifecycle-service-2.6.2.aar (androidx.lifecycle:lifecycle-service:2.6.2) with JetifyTransform
Transforming lifecycle-service-2.6.2.aar (androidx.lifecycle:lifecycle-service:2.6.2) with ExtractAarTransform
Transforming lifecycle-service-2.6.2.aar (androidx.lifecycle:lifecycle-service:2.6.2) with LibrarySymbolTableTransform
Transforming lifecycle-livedata-2.6.2.aar (androidx.lifecycle:lifecycle-livedata:2.6.2) with JetifyTransform
Transforming lifecycle-livedata-2.6.2.aar (androidx.lifecycle:lifecycle-livedata:2.6.2) with ExtractAarTransform
Transforming lifecycle-livedata-2.6.2.aar (androidx.lifecycle:lifecycle-livedata:2.6.2) with LibrarySymbolTableTransform
Transforming lifecycle-livedata-2.6.2.aar (androidx.lifecycle:lifecycle-livedata:2.6.2) with JetifyTransform
Transforming lifecycle-livedata-2.6.2.aar (androidx.lifecycle:lifecycle-livedata:2.6.2) with ExtractAarTransform
Transforming lifecycle-livedata-2.6.2.aar (androidx.lifecycle:lifecycle-livedata:2.6.2) with LibrarySymbolTableTransform
Transforming lifecycle-livedata-core-2.6.2.aar (androidx.lifecycle:lifecycle-livedata-core:2.6.2) with JetifyTransform
Transforming lifecycle-livedata-core-2.6.2.aar (androidx.lifecycle:lifecycle-livedata-core:2.6.2) with ExtractAarTransform
Transforming lifecycle-livedata-core-2.6.2.aar (androidx.lifecycle:lifecycle-livedata-core:2.6.2) with LibrarySymbolTableTransform
Transforming lifecycle-viewmodel-savedstate-2.6.2.aar (androidx.lifecycle:lifecycle-viewmodel-savedstate:2.6.2) with JetifyTransform
Transforming lifecycle-viewmodel-savedstate-2.6.2.aar (androidx.lifecycle:lifecycle-viewmodel-savedstate:2.6.2) with ExtractAarTransform
Transforming lifecycle-viewmodel-savedstate-2.6.2.aar (androidx.lifecycle:lifecycle-viewmodel-savedstate:2.6.2) with LibrarySymbolTableTransform
Transforming lifecycle-viewmodel-ktx-2.6.2.aar (androidx.lifecycle:lifecycle-viewmodel-ktx:2.6.2) with JetifyTransform
Transforming lifecycle-viewmodel-ktx-2.6.2.aar (androidx.lifecycle:lifecycle-viewmodel-ktx:2.6.2) with ExtractAarTransform
Transforming lifecycle-viewmodel-ktx-2.6.2.aar (androidx.lifecycle:lifecycle-viewmodel-ktx:2.6.2) with LibrarySymbolTableTransform
Transforming lifecycle-viewmodel-2.6.2.aar (androidx.lifecycle:lifecycle-viewmodel:2.6.2) with JetifyTransform
Transforming lifecycle-viewmodel-2.6.2.aar (androidx.lifecycle:lifecycle-viewmodel:2.6.2) with ExtractAarTransform
Transforming lifecycle-viewmodel-2.6.2.aar (androidx.lifecycle:lifecycle-viewmodel:2.6.2) with LibrarySymbolTableTransform
Transforming lifecycle-viewmodel-2.6.2.aar (androidx.lifecycle:lifecycle-viewmodel:2.6.2) with JetifyTransform
Transforming lifecycle-viewmodel-2.6.2.aar (androidx.lifecycle:lifecycle-viewmodel:2.6.2) with ExtractAarTransform
Transforming lifecycle-viewmodel-2.6.2.aar (androidx.lifecycle:lifecycle-viewmodel:2.6.2) with LibrarySymbolTableTransform
Transforming coil-2.5.0.aar (io.coil-kt:coil:2.5.0) with JetifyTransform
Transforming coil-2.5.0.aar (io.coil-kt:coil:2.5.0) with ExtractAarTransform
Transforming coil-2.5.0.aar (io.coil-kt:coil:2.5.0) with LibrarySymbolTableTransform
Transforming coil-base-2.5.0.aar (io.coil-kt:coil-base:2.5.0) with JetifyTransform
Transforming coil-base-2.5.0.aar (io.coil-kt:coil-base:2.5.0) with ExtractAarTransform
Transforming coil-base-2.5.0.aar (io.coil-kt:coil-base:2.5.0) with LibrarySymbolTableTransform
Transforming lifecycle-runtime-2.6.2.aar (androidx.lifecycle:lifecycle-runtime:2.6.2) with JetifyTransform
Transforming lifecycle-runtime-2.6.2.aar (androidx.lifecycle:lifecycle-runtime:2.6.2) with ExtractAarTransform
Transforming lifecycle-runtime-2.6.2.aar (androidx.lifecycle:lifecycle-runtime:2.6.2) with LibrarySymbolTableTransform
Transforming lifecycle-runtime-compose-2.6.2.aar (androidx.lifecycle:lifecycle-runtime-compose:2.6.2) with JetifyTransform
Transforming lifecycle-runtime-compose-2.6.2.aar (androidx.lifecycle:lifecycle-runtime-compose:2.6.2) with ExtractAarTransform
Transforming lifecycle-runtime-compose-2.6.2.aar (androidx.lifecycle:lifecycle-runtime-compose:2.6.2) with LibrarySymbolTableTransform
Transforming lifecycle-runtime-ktx-2.6.2.aar (androidx.lifecycle:lifecycle-runtime-ktx:2.6.2) with JetifyTransform
Transforming lifecycle-runtime-ktx-2.6.2.aar (androidx.lifecycle:lifecycle-runtime-ktx:2.6.2) with ExtractAarTransform
Transforming lifecycle-runtime-ktx-2.6.2.aar (androidx.lifecycle:lifecycle-runtime-ktx:2.6.2) with LibrarySymbolTableTransform
Transforming lifecycle-viewmodel-compose-2.6.2.aar (androidx.lifecycle:lifecycle-viewmodel-compose:2.6.2) with JetifyTransform
Transforming lifecycle-viewmodel-compose-2.6.2.aar (androidx.lifecycle:lifecycle-viewmodel-compose:2.6.2) with ExtractAarTransform
Transforming lifecycle-viewmodel-compose-2.6.2.aar (androidx.lifecycle:lifecycle-viewmodel-compose:2.6.2) with LibrarySymbolTableTransform
Transforming accompanist-drawablepainter-0.32.0.aar (com.google.accompanist:accompanist-drawablepainter:0.32.0) with JetifyTransform
Transforming accompanist-drawablepainter-0.32.0.aar (com.google.accompanist:accompanist-drawablepainter:0.32.0) with ExtractAarTransform
Transforming accompanist-drawablepainter-0.32.0.aar (com.google.accompanist:accompanist-drawablepainter:0.32.0) with LibrarySymbolTableTransform
Transforming ui-release.aar (androidx.compose.ui:ui-android:1.5.4) with JetifyTransform
Transforming ui-release.aar (androidx.compose.ui:ui-android:1.5.4) with ExtractAarTransform
Transforming ui-release.aar (androidx.compose.ui:ui-android:1.5.4) with LibrarySymbolTableTransform
Transforming viewpager-1.0.0.aar (androidx.viewpager:viewpager:1.0.0) with JetifyTransform
Transforming viewpager-1.0.0.aar (androidx.viewpager:viewpager:1.0.0) with ExtractAarTransform
Transforming viewpager-1.0.0.aar (androidx.viewpager:viewpager:1.0.0) with LibrarySymbolTableTransform
Transforming autofill-1.0.0.aar (androidx.autofill:autofill:1.0.0) with JetifyTransform
Transforming autofill-1.0.0.aar (androidx.autofill:autofill:1.0.0) with ExtractAarTransform
Transforming autofill-1.0.0.aar (androidx.autofill:autofill:1.0.0) with LibrarySymbolTableTransform
Transforming customview-1.0.0.aar (androidx.customview:customview:1.0.0) with JetifyTransform
Transforming customview-1.0.0.aar (androidx.customview:customview:1.0.0) with ExtractAarTransform
Transforming customview-1.0.0.aar (androidx.customview:customview:1.0.0) with LibrarySymbolTableTransform
Transforming appcompat-resources-1.6.1.aar (androidx.appcompat:appcompat-resources:1.6.1) with JetifyTransform
Transforming appcompat-resources-1.6.1.aar (androidx.appcompat:appcompat-resources:1.6.1) with ExtractAarTransform
Transforming appcompat-resources-1.6.1.aar (androidx.appcompat:appcompat-resources:1.6.1) with LibrarySymbolTableTransform
Transforming vectordrawable-animated-1.1.0.aar (androidx.vectordrawable:vectordrawable-animated:1.1.0) with JetifyTransform
Transforming vectordrawable-animated-1.1.0.aar (androidx.vectordrawable:vectordrawable-animated:1.1.0) with ExtractAarTransform
Transforming vectordrawable-animated-1.1.0.aar (androidx.vectordrawable:vectordrawable-animated:1.1.0) with LibrarySymbolTableTransform
Transforming vectordrawable-1.1.0.aar (androidx.vectordrawable:vectordrawable:1.1.0) with JetifyTransform
Transforming vectordrawable-1.1.0.aar (androidx.vectordrawable:vectordrawable:1.1.0) with ExtractAarTransform
Transforming vectordrawable-1.1.0.aar (androidx.vectordrawable:vectordrawable:1.1.0) with LibrarySymbolTableTransform
Transforming vectordrawable-1.1.0.aar (androidx.vectordrawable:vectordrawable:1.1.0) with JetifyTransform
Transforming vectordrawable-1.1.0.aar (androidx.vectordrawable:vectordrawable:1.1.0) with ExtractAarTransform
Transforming vectordrawable-1.1.0.aar (androidx.vectordrawable:vectordrawable:1.1.0) with LibrarySymbolTableTransform
Transforming core-1.12.0.aar (androidx.core:core:1.12.0) with JetifyTransform
Transforming core-1.12.0.aar (androidx.core:core:1.12.0) with ExtractAarTransform
Transforming core-1.12.0.aar (androidx.core:core:1.12.0) with LibrarySymbolTableTransform
Transforming core-1.12.0.aar (androidx.core:core:1.12.0) with JetifyTransform
Transforming core-1.12.0.aar (androidx.core:core:1.12.0) with ExtractAarTransform
Transforming core-1.12.0.aar (androidx.core:core:1.12.0) with LibrarySymbolTableTransform
Transforming customview-poolingcontainer-1.0.0.aar (androidx.customview:customview-poolingcontainer:1.0.0) with JetifyTransform
Transforming customview-poolingcontainer-1.0.0.aar (androidx.customview:customview-poolingcontainer:1.0.0) with ExtractAarTransform
Transforming customview-poolingcontainer-1.0.0.aar (androidx.customview:customview-poolingcontainer:1.0.0) with LibrarySymbolTableTransform
Transforming core-ktx-1.12.0.aar (androidx.core:core-ktx:1.12.0) with JetifyTransform
Transforming core-ktx-1.12.0.aar (androidx.core:core-ktx:1.12.0) with ExtractAarTransform
Transforming core-ktx-1.12.0.aar (androidx.core:core-ktx:1.12.0) with LibrarySymbolTableTransform
Transforming room-runtime-2.6.1.aar (androidx.room:room-runtime:2.6.1) with JetifyTransform
Transforming room-runtime-2.6.1.aar (androidx.room:room-runtime:2.6.1) with ExtractAarTransform
Transforming room-runtime-2.6.1.aar (androidx.room:room-runtime:2.6.1) with LibrarySymbolTableTransform
Transforming room-ktx-2.6.1.aar (androidx.room:room-ktx:2.6.1) with JetifyTransform
Transforming room-ktx-2.6.1.aar (androidx.room:room-ktx:2.6.1) with ExtractAarTransform
Transforming room-ktx-2.6.1.aar (androidx.room:room-ktx:2.6.1) with LibrarySymbolTableTransform
Transforming datastore-preferences-1.0.0.aar (androidx.datastore:datastore-preferences:1.0.0) with JetifyTransform
Transforming datastore-preferences-1.0.0.aar (androidx.datastore:datastore-preferences:1.0.0) with ExtractAarTransform
Transforming datastore-preferences-1.0.0.aar (androidx.datastore:datastore-preferences:1.0.0) with LibrarySymbolTableTransform
Transforming timber-5.0.1.aar (com.jakewharton.timber:timber:5.0.1) with JetifyTransform
Transforming timber-5.0.1.aar (com.jakewharton.timber:timber:5.0.1) with ExtractAarTransform
Transforming timber-5.0.1.aar (com.jakewharton.timber:timber:5.0.1) with LibrarySymbolTableTransform
Transforming sqlite-framework-2.4.0.aar (androidx.sqlite:sqlite-framework:2.4.0) with JetifyTransform
Transforming sqlite-framework-2.4.0.aar (androidx.sqlite:sqlite-framework:2.4.0) with ExtractAarTransform
Transforming sqlite-framework-2.4.0.aar (androidx.sqlite:sqlite-framework:2.4.0) with LibrarySymbolTableTransform
Transforming sqlite-2.4.0.aar (androidx.sqlite:sqlite:2.4.0) with JetifyTransform
Transforming sqlite-2.4.0.aar (androidx.sqlite:sqlite:2.4.0) with ExtractAarTransform
Transforming sqlite-2.4.0.aar (androidx.sqlite:sqlite:2.4.0) with LibrarySymbolTableTransform
Transforming datastore-1.0.0.aar (androidx.datastore:datastore:1.0.0) with JetifyTransform
Transforming datastore-1.0.0.aar (androidx.datastore:datastore:1.0.0) with ExtractAarTransform
Transforming datastore-1.0.0.aar (androidx.datastore:datastore:1.0.0) with LibrarySymbolTableTransform
Transforming runtime-saveable-release.aar (androidx.compose.runtime:runtime-saveable-android:1.5.4) with JetifyTransform
Transforming runtime-saveable-release.aar (androidx.compose.runtime:runtime-saveable-android:1.5.4) with ExtractAarTransform
Transforming runtime-saveable-release.aar (androidx.compose.runtime:runtime-saveable-android:1.5.4) with LibrarySymbolTableTransform
Transforming runtime-release.aar (androidx.compose.runtime:runtime-android:1.5.4) with JetifyTransform
Transforming runtime-release.aar (androidx.compose.runtime:runtime-android:1.5.4) with ExtractAarTransform
Transforming runtime-release.aar (androidx.compose.runtime:runtime-android:1.5.4) with LibrarySymbolTableTransform
Transforming annotation-experimental-1.3.0.aar (androidx.annotation:annotation-experimental:1.3.0) with JetifyTransform
Transforming annotation-experimental-1.3.0.aar (androidx.annotation:annotation-experimental:1.3.0) with ExtractAarTransform
Transforming annotation-experimental-1.3.0.aar (androidx.annotation:annotation-experimental:1.3.0) with LibrarySymbolTableTransform
Transforming core-runtime-2.2.0.aar (androidx.arch.core:core-runtime:2.2.0) with JetifyTransform
Transforming core-runtime-2.2.0.aar (androidx.arch.core:core-runtime:2.2.0) with ExtractAarTransform
Transforming core-runtime-2.2.0.aar (androidx.arch.core:core-runtime:2.2.0) with LibrarySymbolTableTransform
Transforming interpolator-1.0.0.aar (androidx.interpolator:interpolator:1.0.0) with JetifyTransform
Transforming interpolator-1.0.0.aar (androidx.interpolator:interpolator:1.0.0) with ExtractAarTransform
Transforming interpolator-1.0.0.aar (androidx.interpolator:interpolator:1.0.0) with LibrarySymbolTableTransform
Transforming interpolator-1.0.0.aar (androidx.interpolator:interpolator:1.0.0) with JetifyTransform
Transforming interpolator-1.0.0.aar (androidx.interpolator:interpolator:1.0.0) with ExtractAarTransform
Transforming interpolator-1.0.0.aar (androidx.interpolator:interpolator:1.0.0) with LibrarySymbolTableTransform
Transforming versionedparcelable-1.1.1.aar (androidx.versionedparcelable:versionedparcelable:1.1.1) with JetifyTransform
Transforming versionedparcelable-1.1.1.aar (androidx.versionedparcelable:versionedparcelable:1.1.1) with ExtractAarTransform
Transforming versionedparcelable-1.1.1.aar (androidx.versionedparcelable:versionedparcelable:1.1.1) with LibrarySymbolTableTransform
Transforming profileinstaller-1.3.1.aar (androidx.profileinstaller:profileinstaller:1.3.1) with JetifyTransform
Transforming profileinstaller-1.3.1.aar (androidx.profileinstaller:profileinstaller:1.3.1) with ExtractAarTransform
Transforming profileinstaller-1.3.1.aar (androidx.profileinstaller:profileinstaller:1.3.1) with LibrarySymbolTableTransform
Transforming startup-runtime-1.1.1.aar (androidx.startup:startup-runtime:1.1.1) with JetifyTransform
Transforming startup-runtime-1.1.1.aar (androidx.startup:startup-runtime:1.1.1) with ExtractAarTransform
Transforming startup-runtime-1.1.1.aar (androidx.startup:startup-runtime:1.1.1) with LibrarySymbolTableTransform
Transforming tracing-1.0.0.aar (androidx.tracing:tracing:1.0.0) with JetifyTransform
Transforming tracing-1.0.0.aar (androidx.tracing:tracing:1.0.0) with ExtractAarTransform
Transforming tracing-1.0.0.aar (androidx.tracing:tracing:1.0.0) with LibrarySymbolTableTransform
Transforming exifinterface-1.3.6.aar (androidx.exifinterface:exifinterface:1.3.6) with JetifyTransform
Transforming exifinterface-1.3.6.aar (androidx.exifinterface:exifinterface:1.3.6) with ExtractAarTransform
Transforming exifinterface-1.3.6.aar (androidx.exifinterface:exifinterface:1.3.6) with LibrarySymbolTableTransform
Transforming dagger-lint-aar-2.48.1.aar (com.google.dagger:dagger-lint-aar:2.48.1) with JetifyTransform
Transforming dagger-lint-aar-2.48.1.aar (com.google.dagger:dagger-lint-aar:2.48.1) with ExtractAarTransform
Transforming dagger-lint-aar-2.48.1.aar (com.google.dagger:dagger-lint-aar:2.48.1) with LibrarySymbolTableTransform
Caching disabled for task ':app:processDebugResources' because:
  Build cache is disabled
Skipping task ':app:processDebugResources' as it is up-to-date.
Resolve mutations for :app:kaptGenerateStubsDebugKotlin (Thread[Execution worker Thread 19,5,main]) started.
:app:kaptGenerateStubsDebugKotlin (Thread[Execution worker Thread 19,5,main]) started.

> Task :app:kaptGenerateStubsDebugKotlin UP-TO-DATE
Transforming guava-31.1-jre.jar (com.google.guava:guava:31.1-jre) with JetifyTransform
Transforming jsr305-3.0.2.jar (com.google.code.findbugs:jsr305:3.0.2) with JetifyTransform
Transforming room-common-2.6.1.jar (androidx.room:room-common:2.6.1) with JetifyTransform
Transforming failureaccess-1.0.1.jar (com.google.guava:failureaccess:1.0.1) with JetifyTransform
Transforming room-migration-2.6.1.jar (androidx.room:room-migration:2.6.1) with JetifyTransform
Transforming javapoet-1.13.0.jar (com.squareup:javapoet:1.13.0) with JetifyTransform
Transforming dagger-2.48.1.jar (com.google.dagger:dagger:2.48.1) with JetifyTransform
Transforming javax.inject-1.jar (javax.inject:javax.inject:1) with JetifyTransform
Transforming dagger-spi-2.48.1.jar (com.google.dagger:dagger-spi:2.48.1) with JetifyTransform
Transforming dagger-producers-2.48.1.jar (com.google.dagger:dagger-producers:2.48.1) with JetifyTransform
Transforming symbol-processing-api-1.9.0-1.0.13.jar (com.google.devtools.ksp:symbol-processing-api:1.9.0-1.0.13) with JetifyTransform
Transforming kotlinpoet-javapoet-1.14.2.jar (com.squareup:kotlinpoet-javapoet:1.14.2) with JetifyTransform
Transforming listenablefuture-9999.0-empty-to-avoid-conflict-with-guava.jar (com.google.guava:listenablefuture:9999.0-empty-to-avoid-conflict-with-guava) with JetifyTransform
Transforming checker-qual-3.12.0.jar (org.checkerframework:checker-qual:3.12.0) with JetifyTransform
Transforming error_prone_annotations-2.11.0.jar (com.google.errorprone:error_prone_annotations:2.11.0) with JetifyTransform
Transforming j2objc-annotations-1.3.jar (com.google.j2objc:j2objc-annotations:1.3) with JetifyTransform
Transforming room-compiler-processing-2.6.1.jar (androidx.room:room-compiler-processing:2.6.1) with JetifyTransform
Transforming incap-0.2.jar (net.ltgt.gradle.incap:incap:0.2) with JetifyTransform
Transforming annotations-13.0.jar (org.jetbrains:annotations:13.0) with JetifyTransform
Transforming hilt-compiler-1.1.0.jar (androidx.hilt:hilt-compiler:1.1.0) with JetifyTransform
Transforming gson-2.9.0.jar (com.google.code.gson:gson:2.9.0) with JetifyTransform
Transforming checker-compat-qual-2.5.5.jar (org.checkerframework:checker-compat-qual:2.5.5) with JetifyTransform
Transforming kotlin-stdlib-jdk8-1.8.22.jar (org.jetbrains.kotlin:kotlin-stdlib-jdk8:1.8.22) with JetifyTransform
Transforming kotlin-stdlib-common-1.9.0.jar (org.jetbrains.kotlin:kotlin-stdlib-common:1.9.0) with JetifyTransform
Transforming hilt-compiler-2.48.1.jar (com.google.dagger:hilt-compiler:2.48.1) with JetifyTransform
Transforming javac-shaded-9-dev-r4023-3.jar (com.google.errorprone:javac-shaded:9-dev-r4023-3) with JetifyTransform
Transforming google-java-format-1.5.jar (com.google.googlejavaformat:google-java-format:1.5) with JetifyTransform
Transforming annotations-12.0.jar (com.intellij:annotations:12.0) with JetifyTransform
Transforming sqlite-jdbc-3.41.2.2.jar (org.xerial:sqlite-jdbc:3.41.2.2) with JetifyTransform
Transforming auto-common-0.11.jar (com.google.auto:auto-common:0.11) with JetifyTransform
Transforming kotlin-stdlib-1.9.0.jar (org.jetbrains.kotlin:kotlin-stdlib:1.9.0) with JetifyTransform
Transforming annotation-1.3.0.jar (androidx.annotation:annotation:1.3.0) with JetifyTransform
Transforming commons-codec-1.15.jar (commons-codec:commons-codec:1.15) with JetifyTransform
Transforming dagger-compiler-2.48.1.jar (com.google.dagger:dagger-compiler:2.48.1) with JetifyTransform
Transforming kotlin-reflect-1.8.21.jar (org.jetbrains.kotlin:kotlin-reflect:1.8.21) with JetifyTransform
Transforming kotlinpoet-1.14.2.jar (com.squareup:kotlinpoet:1.14.2) with JetifyTransform
Transforming kotlin-stdlib-jdk7-1.8.22.jar (org.jetbrains.kotlin:kotlin-stdlib-jdk7:1.8.22) with JetifyTransform
Transforming auto-value-annotations-1.6.3.jar (com.google.auto.value:auto-value-annotations:1.6.3) with JetifyTransform
Transforming room-compiler-2.6.1.jar (androidx.room:room-compiler:2.6.1) with JetifyTransform
Transforming hilt-navigation-compose-1.1.0.aar (androidx.hilt:hilt-navigation-compose:1.1.0) with JetifyTransform
Transforming hilt-navigation-compose-1.1.0.aar (androidx.hilt:hilt-navigation-compose:1.1.0) with AarToClassTransform
Transforming hilt-navigation-1.1.0.aar (androidx.hilt:hilt-navigation:1.1.0) with JetifyTransform
Transforming hilt-navigation-1.1.0.aar (androidx.hilt:hilt-navigation:1.1.0) with AarToClassTransform
Transforming navigation-common-2.7.6.aar (androidx.navigation:navigation-common:2.7.6) with JetifyTransform
Transforming navigation-common-2.7.6.aar (androidx.navigation:navigation-common:2.7.6) with AarToClassTransform
Transforming navigation-runtime-2.7.6.aar (androidx.navigation:navigation-runtime:2.7.6) with JetifyTransform
Transforming navigation-runtime-2.7.6.aar (androidx.navigation:navigation-runtime:2.7.6) with AarToClassTransform
Transforming navigation-common-ktx-2.7.6.aar (androidx.navigation:navigation-common-ktx:2.7.6) with JetifyTransform
Transforming navigation-common-ktx-2.7.6.aar (androidx.navigation:navigation-common-ktx:2.7.6) with AarToClassTransform
Transforming navigation-runtime-ktx-2.7.6.aar (androidx.navigation:navigation-runtime-ktx:2.7.6) with JetifyTransform
Transforming navigation-runtime-ktx-2.7.6.aar (androidx.navigation:navigation-runtime-ktx:2.7.6) with AarToClassTransform
Transforming navigation-compose-2.7.6.aar (androidx.navigation:navigation-compose:2.7.6) with JetifyTransform
Transforming navigation-compose-2.7.6.aar (androidx.navigation:navigation-compose:2.7.6) with AarToClassTransform
Transforming material3-1.1.2.aar (androidx.compose.material3:material3:1.1.2) with JetifyTransform
Transforming material3-1.1.2.aar (androidx.compose.material3:material3:1.1.2) with AarToClassTransform
Transforming hilt-work-1.1.0.aar (androidx.hilt:hilt-work:1.1.0) with JetifyTransform
Transforming hilt-work-1.1.0.aar (androidx.hilt:hilt-work:1.1.0) with AarToClassTransform
Transforming hilt-android-2.48.1.aar (com.google.dagger:hilt-android:2.48.1) with JetifyTransform
Transforming hilt-android-2.48.1.aar (com.google.dagger:hilt-android:2.48.1) with AarToClassTransform
Transforming fragment-1.5.1.aar (androidx.fragment:fragment:1.5.1) with JetifyTransform
Transforming fragment-1.5.1.aar (androidx.fragment:fragment:1.5.1) with AarToClassTransform
Transforming loader-1.0.0.aar (androidx.loader:loader:1.0.0) with JetifyTransform
Transforming loader-1.0.0.aar (androidx.loader:loader:1.0.0) with AarToClassTransform
Transforming viewpager-1.0.0.aar (androidx.viewpager:viewpager:1.0.0) with JetifyTransform
Transforming viewpager-1.0.0.aar (androidx.viewpager:viewpager:1.0.0) with AarToClassTransform
Transforming customview-1.0.0.aar (androidx.customview:customview:1.0.0) with JetifyTransform
Transforming customview-1.0.0.aar (androidx.customview:customview:1.0.0) with AarToClassTransform
Transforming core-1.12.0.aar (androidx.core:core:1.12.0) with JetifyTransform
Transforming core-1.12.0.aar (androidx.core:core:1.12.0) with AarToClassTransform
Transforming core-1.12.0.aar (androidx.core:core:1.12.0) with JetifyTransform
Transforming core-1.12.0.aar (androidx.core:core:1.12.0) with AarToClassTransform
Transforming work-runtime-ktx-2.9.0.aar (androidx.work:work-runtime-ktx:2.9.0) with JetifyTransform
Transforming work-runtime-ktx-2.9.0.aar (androidx.work:work-runtime-ktx:2.9.0) with AarToClassTransform
Transforming work-runtime-2.9.0.aar (androidx.work:work-runtime:2.9.0) with JetifyTransform
Transforming work-runtime-2.9.0.aar (androidx.work:work-runtime:2.9.0) with AarToClassTransform
Transforming lifecycle-livedata-2.6.2.aar (androidx.lifecycle:lifecycle-livedata:2.6.2) with JetifyTransform
Transforming lifecycle-livedata-2.6.2.aar (androidx.lifecycle:lifecycle-livedata:2.6.2) with AarToClassTransform
Transforming lifecycle-livedata-2.6.2.aar (androidx.lifecycle:lifecycle-livedata:2.6.2) with JetifyTransform
Transforming lifecycle-livedata-2.6.2.aar (androidx.lifecycle:lifecycle-livedata:2.6.2) with AarToClassTransform
Transforming lifecycle-livedata-core-2.6.2.aar (androidx.lifecycle:lifecycle-livedata-core:2.6.2) with JetifyTransform
Transforming lifecycle-livedata-core-2.6.2.aar (androidx.lifecycle:lifecycle-livedata-core:2.6.2) with AarToClassTransform
Transforming lifecycle-viewmodel-savedstate-2.6.2.aar (androidx.lifecycle:lifecycle-viewmodel-savedstate:2.6.2) with JetifyTransform
Transforming lifecycle-viewmodel-savedstate-2.6.2.aar (androidx.lifecycle:lifecycle-viewmodel-savedstate:2.6.2) with AarToClassTransform
Transforming lifecycle-viewmodel-ktx-2.6.2.aar (androidx.lifecycle:lifecycle-viewmodel-ktx:2.6.2) with JetifyTransform
Transforming lifecycle-viewmodel-ktx-2.6.2.aar (androidx.lifecycle:lifecycle-viewmodel-ktx:2.6.2) with AarToClassTransform
Transforming lifecycle-viewmodel-2.6.2.aar (androidx.lifecycle:lifecycle-viewmodel:2.6.2) with JetifyTransform
Transforming lifecycle-common-2.6.2.jar (androidx.lifecycle:lifecycle-common:2.6.2) with JetifyTransform
Transforming lifecycle-viewmodel-2.6.2.aar (androidx.lifecycle:lifecycle-viewmodel:2.6.2) with AarToClassTransform
Transforming lifecycle-common-2.6.2.jar (androidx.lifecycle:lifecycle-common:2.6.2) with IdentityTransform
Transforming lifecycle-viewmodel-2.6.2.aar (androidx.lifecycle:lifecycle-viewmodel:2.6.2) with JetifyTransform
Transforming lifecycle-viewmodel-2.6.2.aar (androidx.lifecycle:lifecycle-viewmodel:2.6.2) with AarToClassTransform
Transforming coil-compose-2.5.0.aar (io.coil-kt:coil-compose:2.5.0) with JetifyTransform
Transforming lifecycle-common-java8-2.6.2.jar (androidx.lifecycle:lifecycle-common-java8:2.6.2) with JetifyTransform
Transforming coil-compose-2.5.0.aar (io.coil-kt:coil-compose:2.5.0) with AarToClassTransform
Transforming lifecycle-common-java8-2.6.2.jar (androidx.lifecycle:lifecycle-common-java8:2.6.2) with IdentityTransform
Transforming coil-compose-base-2.5.0.aar (io.coil-kt:coil-compose-base:2.5.0) with JetifyTransform
Transforming coil-compose-base-2.5.0.aar (io.coil-kt:coil-compose-base:2.5.0) with AarToClassTransform
Transforming coil-2.5.0.aar (io.coil-kt:coil:2.5.0) with JetifyTransform
Transforming coil-2.5.0.aar (io.coil-kt:coil:2.5.0) with AarToClassTransform
Transforming coil-base-2.5.0.aar (io.coil-kt:coil-base:2.5.0) with JetifyTransform
Transforming coil-base-2.5.0.aar (io.coil-kt:coil-base:2.5.0) with AarToClassTransform
Transforming lifecycle-runtime-2.6.2.aar (androidx.lifecycle:lifecycle-runtime:2.6.2) with JetifyTransform
Transforming lifecycle-runtime-2.6.2.aar (androidx.lifecycle:lifecycle-runtime:2.6.2) with AarToClassTransform
Transforming lifecycle-runtime-compose-2.6.2.aar (androidx.lifecycle:lifecycle-runtime-compose:2.6.2) with JetifyTransform
Transforming lifecycle-runtime-compose-2.6.2.aar (androidx.lifecycle:lifecycle-runtime-compose:2.6.2) with AarToClassTransform
Transforming lifecycle-runtime-ktx-2.6.2.aar (androidx.lifecycle:lifecycle-runtime-ktx:2.6.2) with JetifyTransform
Transforming lifecycle-runtime-ktx-2.6.2.aar (androidx.lifecycle:lifecycle-runtime-ktx:2.6.2) with AarToClassTransform
Transforming lifecycle-viewmodel-compose-2.6.2.aar (androidx.lifecycle:lifecycle-viewmodel-compose:2.6.2) with JetifyTransform
Transforming lifecycle-viewmodel-compose-2.6.2.aar (androidx.lifecycle:lifecycle-viewmodel-compose:2.6.2) with AarToClassTransform
Transforming material-icons-core-release.aar (androidx.compose.material:material-icons-core-android:1.5.4) with JetifyTransform
Transforming material-icons-core-release.aar (androidx.compose.material:material-icons-core-android:1.5.4) with AarToClassTransform
Transforming material-icons-extended-release.aar (androidx.compose.material:material-icons-extended-android:1.5.4) with JetifyTransform
Transforming material-icons-extended-release.aar (androidx.compose.material:material-icons-extended-android:1.5.4) with AarToClassTransform
Transforming material-ripple-release.aar (androidx.compose.material:material-ripple-android:1.5.4) with JetifyTransform
Transforming material-ripple-release.aar (androidx.compose.material:material-ripple-android:1.5.4) with AarToClassTransform
Transforming foundation-layout-release.aar (androidx.compose.foundation:foundation-layout-android:1.5.4) with JetifyTransform
Transforming foundation-layout-release.aar (androidx.compose.foundation:foundation-layout-android:1.5.4) with AarToClassTransform
Transforming foundation-release.aar (androidx.compose.foundation:foundation-android:1.5.4) with JetifyTransform
Transforming foundation-release.aar (androidx.compose.foundation:foundation-android:1.5.4) with AarToClassTransform
Transforming animation-core-release.aar (androidx.compose.animation:animation-core-android:1.5.4) with JetifyTransform
Transforming animation-core-release.aar (androidx.compose.animation:animation-core-android:1.5.4) with AarToClassTransform
Transforming animation-release.aar (androidx.compose.animation:animation-android:1.5.4) with JetifyTransform
Transforming animation-release.aar (androidx.compose.animation:animation-android:1.5.4) with AarToClassTransform
Transforming ui-unit-release.aar (androidx.compose.ui:ui-unit-android:1.5.4) with JetifyTransform
Transforming ui-unit-release.aar (androidx.compose.ui:ui-unit-android:1.5.4) with AarToClassTransform
Transforming ui-geometry-release.aar (androidx.compose.ui:ui-geometry-android:1.5.4) with JetifyTransform
Transforming ui-geometry-release.aar (androidx.compose.ui:ui-geometry-android:1.5.4) with AarToClassTransform
Transforming ui-tooling-data-release.aar (androidx.compose.ui:ui-tooling-data-android:1.5.4) with JetifyTransform
Transforming ui-tooling-data-release.aar (androidx.compose.ui:ui-tooling-data-android:1.5.4) with AarToClassTransform
Transforming ui-text-release.aar (androidx.compose.ui:ui-text-android:1.5.4) with JetifyTransform
Transforming ui-text-release.aar (androidx.compose.ui:ui-text-android:1.5.4) with AarToClassTransform
Transforming ui-tooling-preview-release.aar (androidx.compose.ui:ui-tooling-preview-android:1.5.4) with JetifyTransform
Transforming ui-tooling-preview-release.aar (androidx.compose.ui:ui-tooling-preview-android:1.5.4) with AarToClassTransform
Transforming ui-graphics-release.aar (androidx.compose.ui:ui-graphics-android:1.5.4) with JetifyTransform
Transforming ui-graphics-release.aar (androidx.compose.ui:ui-graphics-android:1.5.4) with AarToClassTransform
Transforming ui-release.aar (androidx.compose.ui:ui-android:1.5.4) with JetifyTransform
Transforming ui-release.aar (androidx.compose.ui:ui-android:1.5.4) with AarToClassTransform
Transforming ui-tooling-release.aar (androidx.compose.ui:ui-tooling-android:1.5.4) with JetifyTransform
Transforming ui-tooling-release.aar (androidx.compose.ui:ui-tooling-android:1.5.4) with AarToClassTransform
Transforming ui-test-manifest-1.5.4.aar (androidx.compose.ui:ui-test-manifest:1.5.4) with JetifyTransform
Transforming ui-test-manifest-1.5.4.aar (androidx.compose.ui:ui-test-manifest:1.5.4) with AarToClassTransform
Transforming activity-1.8.2.aar (androidx.activity:activity:1.8.2) with JetifyTransform
Transforming activity-1.8.2.aar (androidx.activity:activity:1.8.2) with AarToClassTransform
Transforming activity-compose-1.8.2.aar (androidx.activity:activity-compose:1.8.2) with JetifyTransform
Transforming activity-compose-1.8.2.aar (androidx.activity:activity-compose:1.8.2) with AarToClassTransform
Transforming activity-ktx-1.8.2.aar (androidx.activity:activity-ktx:1.8.2) with JetifyTransform
Transforming activity-ktx-1.8.2.aar (androidx.activity:activity-ktx:1.8.2) with AarToClassTransform
Transforming core-ktx-1.12.0.aar (androidx.core:core-ktx:1.12.0) with JetifyTransform
Transforming core-ktx-1.12.0.aar (androidx.core:core-ktx:1.12.0) with AarToClassTransform
Transforming room-common-2.6.1.jar (androidx.room:room-common:2.6.1) with JetifyTransform
Transforming room-common-2.6.1.jar (androidx.room:room-common:2.6.1) with IdentityTransform
Transforming room-runtime-2.6.1.aar (androidx.room:room-runtime:2.6.1) with JetifyTransform
Transforming room-runtime-2.6.1.aar (androidx.room:room-runtime:2.6.1) with AarToClassTransform
Transforming room-ktx-2.6.1.aar (androidx.room:room-ktx:2.6.1) with JetifyTransform
Transforming room-ktx-2.6.1.aar (androidx.room:room-ktx:2.6.1) with AarToClassTransform
Transforming datastore-preferences-1.0.0.aar (androidx.datastore:datastore-preferences:1.0.0) with JetifyTransform
Transforming datastore-preferences-1.0.0.aar (androidx.datastore:datastore-preferences:1.0.0) with AarToClassTransform
Transforming timber-5.0.1.aar (com.jakewharton.timber:timber:5.0.1) with JetifyTransform
Transforming timber-5.0.1.aar (com.jakewharton.timber:timber:5.0.1) with AarToClassTransform
Transforming annotation-experimental-1.3.0.aar (androidx.annotation:annotation-experimental:1.3.0) with JetifyTransform
Transforming annotation-experimental-1.3.0.aar (androidx.annotation:annotation-experimental:1.3.0) with AarToClassTransform
Transforming savedstate-ktx-1.2.1.aar (androidx.savedstate:savedstate-ktx:1.2.1) with JetifyTransform
Transforming savedstate-ktx-1.2.1.aar (androidx.savedstate:savedstate-ktx:1.2.1) with AarToClassTransform
Transforming savedstate-1.2.1.aar (androidx.savedstate:savedstate:1.2.1) with JetifyTransform
Transforming savedstate-1.2.1.aar (androidx.savedstate:savedstate:1.2.1) with AarToClassTransform
Transforming datastore-1.0.0.aar (androidx.datastore:datastore:1.0.0) with JetifyTransform
Transforming datastore-1.0.0.aar (androidx.datastore:datastore:1.0.0) with AarToClassTransform
Transforming runtime-saveable-release.aar (androidx.compose.runtime:runtime-saveable-android:1.5.4) with JetifyTransform
Transforming runtime-saveable-release.aar (androidx.compose.runtime:runtime-saveable-android:1.5.4) with AarToClassTransform
Transforming runtime-release.aar (androidx.compose.runtime:runtime-android:1.5.4) with JetifyTransform
Transforming runtime-release.aar (androidx.compose.runtime:runtime-android:1.5.4) with AarToClassTransform
Transforming datastore-preferences-core-1.0.0.jar (androidx.datastore:datastore-preferences-core:1.0.0) with JetifyTransform
Transforming datastore-preferences-core-1.0.0.jar (androidx.datastore:datastore-preferences-core:1.0.0) with IdentityTransform
Transforming datastore-core-1.0.0.jar (androidx.datastore:datastore-core:1.0.0) with JetifyTransform
Transforming kotlinx-coroutines-core-jvm-1.7.3.jar (org.jetbrains.kotlinx:kotlinx-coroutines-core-jvm:1.7.3) with JetifyTransform
Transforming datastore-core-1.0.0.jar (androidx.datastore:datastore-core:1.0.0) with IdentityTransform
Transforming kotlinx-coroutines-core-jvm-1.7.3.jar (org.jetbrains.kotlinx:kotlinx-coroutines-core-jvm:1.7.3) with IdentityTransform
Transforming sqlite-framework-2.4.0.aar (androidx.sqlite:sqlite-framework:2.4.0) with JetifyTransform
Transforming kotlinx-coroutines-android-1.7.3.jar (org.jetbrains.kotlinx:kotlinx-coroutines-android:1.7.3) with JetifyTransform
Transforming converter-gson-2.9.0.jar (com.squareup.retrofit2:converter-gson:2.9.0) with JetifyTransform
Transforming sqlite-framework-2.4.0.aar (androidx.sqlite:sqlite-framework:2.4.0) with AarToClassTransform
Transforming converter-gson-2.9.0.jar (com.squareup.retrofit2:converter-gson:2.9.0) with IdentityTransform
Transforming kotlinx-coroutines-android-1.7.3.jar (org.jetbrains.kotlinx:kotlinx-coroutines-android:1.7.3) with IdentityTransform
Transforming sqlite-2.4.0.aar (androidx.sqlite:sqlite:2.4.0) with JetifyTransform
Transforming retrofit-2.9.0.jar (com.squareup.retrofit2:retrofit:2.9.0) with JetifyTransform
Transforming sqlite-2.4.0.aar (androidx.sqlite:sqlite:2.4.0) with AarToClassTransform
Transforming logging-interceptor-4.12.0.jar (com.squareup.okhttp3:logging-interceptor:4.12.0) with JetifyTransform
Transforming versionedparcelable-1.1.1.aar (androidx.versionedparcelable:versionedparcelable:1.1.1) with JetifyTransform
Transforming logging-interceptor-4.12.0.jar (com.squareup.okhttp3:logging-interceptor:4.12.0) with IdentityTransform
Transforming retrofit-2.9.0.jar (com.squareup.retrofit2:retrofit:2.9.0) with IdentityTransform
Transforming okhttp-4.12.0.jar (com.squareup.okhttp3:okhttp:4.12.0) with JetifyTransform
Transforming versionedparcelable-1.1.1.aar (androidx.versionedparcelable:versionedparcelable:1.1.1) with AarToClassTransform
Transforming okio-jvm-3.6.0.jar (com.squareup.okio:okio-jvm:3.6.0) with JetifyTransform
Transforming okhttp-4.12.0.jar (com.squareup.okhttp3:okhttp:4.12.0) with IdentityTransform
Transforming okio-jvm-3.6.0.jar (com.squareup.okio:okio-jvm:3.6.0) with IdentityTransform
Transforming core-runtime-2.2.0.aar (androidx.arch.core:core-runtime:2.2.0) with JetifyTransform
Transforming kotlin-stdlib-jdk8-1.9.10.jar (org.jetbrains.kotlin:kotlin-stdlib-jdk8:1.9.10) with JetifyTransform
Transforming core-runtime-2.2.0.aar (androidx.arch.core:core-runtime:2.2.0) with AarToClassTransform
Transforming kotlin-stdlib-jdk8-1.9.10.jar (org.jetbrains.kotlin:kotlin-stdlib-jdk8:1.9.10) with IdentityTransform
Transforming startup-runtime-1.1.1.aar (androidx.startup:startup-runtime:1.1.1) with JetifyTransform
Transforming startup-runtime-1.1.1.aar (androidx.startup:startup-runtime:1.1.1) with AarToClassTransform
Transforming dagger-2.48.1.jar (com.google.dagger:dagger:2.48.1) with JetifyTransform
Transforming dagger-2.48.1.jar (com.google.dagger:dagger:2.48.1) with IdentityTransform
Transforming javax.inject-1.jar (javax.inject:javax.inject:1) with JetifyTransform
Transforming javax.inject-1.jar (javax.inject:javax.inject:1) with IdentityTransform
Transforming dagger-lint-aar-2.48.1.aar (com.google.dagger:dagger-lint-aar:2.48.1) with JetifyTransform
Transforming dagger-lint-aar-2.48.1.aar (com.google.dagger:dagger-lint-aar:2.48.1) with AarToClassTransform
Transforming jsr305-3.0.2.jar (com.google.code.findbugs:jsr305:3.0.2) with JetifyTransform
Transforming jsr305-3.0.2.jar (com.google.code.findbugs:jsr305:3.0.2) with IdentityTransform
Transforming core-common-2.2.0.jar (androidx.arch.core:core-common:2.2.0) with JetifyTransform
Transforming core-common-2.2.0.jar (androidx.arch.core:core-common:2.2.0) with IdentityTransform
Transforming collection-jvm-1.3.0.jar (androidx.collection:collection-jvm:1.3.0) with JetifyTransform
Transforming collection-jvm-1.3.0.jar (androidx.collection:collection-jvm:1.3.0) with IdentityTransform
Transforming annotation-jvm-1.7.0.jar (androidx.annotation:annotation-jvm:1.7.0) with JetifyTransform
Transforming hilt-common-1.1.0.jar (androidx.hilt:hilt-common:1.1.0) with JetifyTransform
Transforming annotation-jvm-1.7.0.jar (androidx.annotation:annotation-jvm:1.7.0) with IdentityTransform
Transforming hilt-common-1.1.0.jar (androidx.hilt:hilt-common:1.1.0) with IdentityTransform
Transforming gson-2.8.5.jar (com.google.code.gson:gson:2.8.5) with JetifyTransform
Transforming gson-2.8.5.jar (com.google.code.gson:gson:2.8.5) with IdentityTransform
Transforming kotlin-stdlib-jdk7-1.9.10.jar (org.jetbrains.kotlin:kotlin-stdlib-jdk7:1.9.10) with JetifyTransform
Transforming kotlin-stdlib-jdk7-1.9.10.jar (org.jetbrains.kotlin:kotlin-stdlib-jdk7:1.9.10) with IdentityTransform
Transforming annotations-23.0.0.jar (org.jetbrains:annotations:23.0.0) with JetifyTransform
Transforming annotations-23.0.0.jar (org.jetbrains:annotations:23.0.0) with IdentityTransform
Transforming kotlin-stdlib-1.9.21.jar (org.jetbrains.kotlin:kotlin-stdlib:1.9.21) with JetifyTransform
Transforming kotlin-stdlib-1.9.21.jar (org.jetbrains.kotlin:kotlin-stdlib:1.9.21) with IdentityTransform
Transforming hilt-core-2.48.1.jar (com.google.dagger:hilt-core:2.48.1) with JetifyTransform
Transforming listenablefuture-1.0.jar (com.google.guava:listenablefuture:1.0) with JetifyTransform
Transforming hilt-core-2.48.1.jar (com.google.dagger:hilt-core:2.48.1) with IdentityTransform
Transforming listenablefuture-1.0.jar (com.google.guava:listenablefuture:1.0) with IdentityTransform
Transforming R.jar with ClasspathEntrySnapshotTransform
Transforming jetified-hilt-navigation-compose-1.1.0-api.jar with ClasspathEntrySnapshotTransform
Transforming jetified-hilt-navigation-1.1.0-api.jar with ClasspathEntrySnapshotTransform
Transforming navigation-common-2.7.6-api.jar with ClasspathEntrySnapshotTransform
Transforming navigation-runtime-2.7.6-api.jar with ClasspathEntrySnapshotTransform
Transforming navigation-common-ktx-2.7.6-api.jar with ClasspathEntrySnapshotTransform
Transforming navigation-runtime-ktx-2.7.6-api.jar with ClasspathEntrySnapshotTransform
Transforming jetified-navigation-compose-2.7.6-api.jar with ClasspathEntrySnapshotTransform
Transforming jetified-material3-1.1.2-api.jar with ClasspathEntrySnapshotTransform
Transforming jetified-hilt-work-1.1.0-api.jar with ClasspathEntrySnapshotTransform
Transforming jetified-hilt-android-2.48.1-api.jar with ClasspathEntrySnapshotTransform
Transforming fragment-1.5.1-api.jar with ClasspathEntrySnapshotTransform
Transforming loader-1.0.0-api.jar with ClasspathEntrySnapshotTransform
Transforming viewpager-1.0.0-api.jar with ClasspathEntrySnapshotTransform
Transforming customview-1.0.0-api.jar with ClasspathEntrySnapshotTransform
Transforming core-1.12.0-api.jar with ClasspathEntrySnapshotTransform
Transforming work-runtime-ktx-2.9.0-api.jar with ClasspathEntrySnapshotTransform
Transforming work-runtime-2.9.0-api.jar with ClasspathEntrySnapshotTransform
Transforming lifecycle-livedata-2.6.2-api.jar with ClasspathEntrySnapshotTransform
Transforming lifecycle-livedata-core-2.6.2-api.jar with ClasspathEntrySnapshotTransform
Transforming lifecycle-common-2.6.2.jar with ClasspathEntrySnapshotTransform
Transforming jetified-lifecycle-viewmodel-savedstate-2.6.2-api.jar with ClasspathEntrySnapshotTransform
Transforming jetified-lifecycle-viewmodel-ktx-2.6.2-api.jar with ClasspathEntrySnapshotTransform
Transforming lifecycle-common-java8-2.6.2.jar with ClasspathEntrySnapshotTransform
Transforming lifecycle-viewmodel-2.6.2-api.jar with ClasspathEntrySnapshotTransform
Transforming jetified-coil-compose-2.5.0-api.jar with ClasspathEntrySnapshotTransform
Transforming jetified-coil-compose-base-2.5.0-api.jar with ClasspathEntrySnapshotTransform
Transforming jetified-coil-2.5.0-api.jar with ClasspathEntrySnapshotTransform
Transforming jetified-coil-base-2.5.0-api.jar with ClasspathEntrySnapshotTransform
Transforming lifecycle-runtime-2.6.2-api.jar with ClasspathEntrySnapshotTransform
Transforming jetified-lifecycle-runtime-compose-2.6.2-api.jar with ClasspathEntrySnapshotTransform
Transforming jetified-lifecycle-runtime-ktx-2.6.2-api.jar with ClasspathEntrySnapshotTransform
Transforming jetified-lifecycle-viewmodel-compose-2.6.2-api.jar with ClasspathEntrySnapshotTransform
Transforming jetified-material-icons-core-release-api.jar with ClasspathEntrySnapshotTransform
Transforming jetified-material-icons-extended-release-api.jar with ClasspathEntrySnapshotTransform
Transforming jetified-material-ripple-release-api.jar with ClasspathEntrySnapshotTransform
Transforming jetified-foundation-layout-release-api.jar with ClasspathEntrySnapshotTransform
Transforming jetified-foundation-release-api.jar with ClasspathEntrySnapshotTransform
Transforming jetified-animation-core-release-api.jar with ClasspathEntrySnapshotTransform
Transforming jetified-animation-release-api.jar with ClasspathEntrySnapshotTransform
Transforming jetified-ui-unit-release-api.jar with ClasspathEntrySnapshotTransform
Transforming jetified-ui-geometry-release-api.jar with ClasspathEntrySnapshotTransform
Transforming jetified-ui-tooling-data-release-api.jar with ClasspathEntrySnapshotTransform
Transforming jetified-ui-text-release-api.jar with ClasspathEntrySnapshotTransform
Transforming jetified-ui-tooling-preview-release-api.jar with ClasspathEntrySnapshotTransform
Transforming jetified-ui-graphics-release-api.jar with ClasspathEntrySnapshotTransform
Transforming jetified-ui-release-api.jar with ClasspathEntrySnapshotTransform
Transforming jetified-ui-tooling-release-api.jar with ClasspathEntrySnapshotTransform
Transforming jetified-ui-test-manifest-1.5.4-api.jar with ClasspathEntrySnapshotTransform
Transforming jetified-activity-1.8.2-api.jar with ClasspathEntrySnapshotTransform
Transforming jetified-activity-compose-1.8.2-api.jar with ClasspathEntrySnapshotTransform
Transforming jetified-activity-ktx-1.8.2-api.jar with ClasspathEntrySnapshotTransform
Transforming jetified-core-ktx-1.12.0-api.jar with ClasspathEntrySnapshotTransform
Transforming room-common-2.6.1.jar with ClasspathEntrySnapshotTransform
Transforming room-runtime-2.6.1-api.jar with ClasspathEntrySnapshotTransform
Transforming jetified-room-ktx-2.6.1-api.jar with ClasspathEntrySnapshotTransform
Transforming jetified-datastore-preferences-1.0.0-api.jar with ClasspathEntrySnapshotTransform
Transforming jetified-timber-5.0.1-api.jar with ClasspathEntrySnapshotTransform
Transforming jetified-annotation-experimental-1.3.0-api.jar with ClasspathEntrySnapshotTransform
Transforming jetified-savedstate-ktx-1.2.1-api.jar with ClasspathEntrySnapshotTransform
Transforming jetified-savedstate-1.2.1-api.jar with ClasspathEntrySnapshotTransform
Transforming jetified-datastore-1.0.0-api.jar with ClasspathEntrySnapshotTransform
Transforming jetified-datastore-preferences-core-1.0.0.jar with ClasspathEntrySnapshotTransform
Transforming jetified-runtime-saveable-release-api.jar with ClasspathEntrySnapshotTransform
Transforming jetified-runtime-release-api.jar with ClasspathEntrySnapshotTransform
Transforming jetified-datastore-core-1.0.0.jar with ClasspathEntrySnapshotTransform
Transforming jetified-kotlinx-coroutines-core-jvm-1.7.3.jar with ClasspathEntrySnapshotTransform
Transforming jetified-kotlinx-coroutines-android-1.7.3.jar with ClasspathEntrySnapshotTransform
Transforming jetified-converter-gson-2.9.0.jar with ClasspathEntrySnapshotTransform
Transforming jetified-retrofit-2.9.0.jar with ClasspathEntrySnapshotTransform
Transforming jetified-logging-interceptor-4.12.0.jar with ClasspathEntrySnapshotTransform
Transforming jetified-okhttp-4.12.0.jar with ClasspathEntrySnapshotTransform
Transforming jetified-okio-jvm-3.6.0.jar with ClasspathEntrySnapshotTransform
Transforming jetified-kotlin-stdlib-jdk8-1.9.10.jar with ClasspathEntrySnapshotTransform
Transforming sqlite-framework-2.4.0-api.jar with ClasspathEntrySnapshotTransform
Transforming sqlite-2.4.0-api.jar with ClasspathEntrySnapshotTransform
Transforming versionedparcelable-1.1.1-api.jar with ClasspathEntrySnapshotTransform
Transforming core-runtime-2.2.0-api.jar with ClasspathEntrySnapshotTransform
Transforming core-common-2.2.0.jar with ClasspathEntrySnapshotTransform
Transforming jetified-collection-jvm-1.3.0.jar with ClasspathEntrySnapshotTransform
Transforming jetified-annotation-jvm-1.7.0.jar with ClasspathEntrySnapshotTransform
Transforming jetified-kotlin-stdlib-jdk7-1.9.10.jar with ClasspathEntrySnapshotTransform
Transforming jetified-kotlin-stdlib-1.9.21.jar with ClasspathEntrySnapshotTransform
Transforming jetified-annotations-23.0.0.jar with ClasspathEntrySnapshotTransform
Transforming jetified-listenablefuture-1.0.jar with ClasspathEntrySnapshotTransform
Transforming jetified-startup-runtime-1.1.1-api.jar with ClasspathEntrySnapshotTransform
Transforming jetified-hilt-core-2.48.1.jar with ClasspathEntrySnapshotTransform
Transforming jetified-dagger-2.48.1.jar with ClasspathEntrySnapshotTransform
Transforming jetified-javax.inject-1.jar with ClasspathEntrySnapshotTransform
Transforming jetified-dagger-lint-aar-2.48.1-api.jar with ClasspathEntrySnapshotTransform
Transforming jetified-jsr305-3.0.2.jar with ClasspathEntrySnapshotTransform
Transforming jetified-hilt-common-1.1.0.jar with ClasspathEntrySnapshotTransform
Transforming jetified-gson-2.8.5.jar with ClasspathEntrySnapshotTransform
Transforming android.jar with ClasspathEntrySnapshotTransform
Transforming core-lambda-stubs.jar with ClasspathEntrySnapshotTransform
Caching disabled for task ':app:kaptGenerateStubsDebugKotlin' because:
  Build cache is disabled
Skipping task ':app:kaptGenerateStubsDebugKotlin' as it is up-to-date.
Resolve mutations for :app:kaptDebugKotlin (Thread[Execution worker Thread 19,5,main]) started.
:app:kaptDebugKotlin (Thread[Execution worker Thread 19,5,main]) started.

> Task :app:kaptDebugKotlin UP-TO-DATE
Transforming R.jar with StructureTransformAction
Transforming jetified-hilt-navigation-compose-1.1.0-api.jar with StructureTransformAction
Transforming jetified-hilt-navigation-1.1.0-api.jar with StructureTransformAction
Transforming navigation-common-2.7.6-api.jar with StructureTransformAction
Transforming navigation-runtime-2.7.6-api.jar with StructureTransformAction
Transforming navigation-common-ktx-2.7.6-api.jar with StructureTransformAction
Transforming navigation-runtime-ktx-2.7.6-api.jar with StructureTransformAction
Transforming jetified-navigation-compose-2.7.6-api.jar with StructureTransformAction
Transforming jetified-material3-1.1.2-api.jar with StructureTransformAction
Transforming jetified-hilt-work-1.1.0-api.jar with StructureTransformAction
Transforming jetified-hilt-android-2.48.1-api.jar with StructureTransformAction
Transforming fragment-1.5.1-api.jar with StructureTransformAction
Transforming loader-1.0.0-api.jar with StructureTransformAction
Transforming viewpager-1.0.0-api.jar with StructureTransformAction
Transforming customview-1.0.0-api.jar with StructureTransformAction
Transforming core-1.12.0-api.jar with StructureTransformAction
Transforming work-runtime-ktx-2.9.0-api.jar with StructureTransformAction
Transforming work-runtime-2.9.0-api.jar with StructureTransformAction
Transforming lifecycle-livedata-2.6.2-api.jar with StructureTransformAction
Transforming lifecycle-livedata-core-2.6.2-api.jar with StructureTransformAction
Transforming lifecycle-common-2.6.2.jar with StructureTransformAction
Transforming jetified-lifecycle-viewmodel-savedstate-2.6.2-api.jar with StructureTransformAction
Transforming jetified-lifecycle-viewmodel-ktx-2.6.2-api.jar with StructureTransformAction
Transforming lifecycle-common-java8-2.6.2.jar with StructureTransformAction
Transforming lifecycle-viewmodel-2.6.2-api.jar with StructureTransformAction
Transforming jetified-coil-compose-2.5.0-api.jar with StructureTransformAction
Transforming jetified-coil-compose-base-2.5.0-api.jar with StructureTransformAction
Transforming jetified-coil-2.5.0-api.jar with StructureTransformAction
Transforming jetified-coil-base-2.5.0-api.jar with StructureTransformAction
Transforming lifecycle-runtime-2.6.2-api.jar with StructureTransformAction
Transforming jetified-lifecycle-runtime-compose-2.6.2-api.jar with StructureTransformAction
Transforming jetified-lifecycle-runtime-ktx-2.6.2-api.jar with StructureTransformAction
Transforming jetified-lifecycle-viewmodel-compose-2.6.2-api.jar with StructureTransformAction
Transforming jetified-material-icons-core-release-api.jar with StructureTransformAction
Transforming jetified-material-icons-extended-release-api.jar with StructureTransformAction
Transforming jetified-material-ripple-release-api.jar with StructureTransformAction
Transforming jetified-foundation-layout-release-api.jar with StructureTransformAction
Transforming jetified-foundation-release-api.jar with StructureTransformAction
Transforming jetified-animation-core-release-api.jar with StructureTransformAction
Transforming jetified-animation-release-api.jar with StructureTransformAction
Transforming jetified-ui-unit-release-api.jar with StructureTransformAction
Transforming jetified-ui-geometry-release-api.jar with StructureTransformAction
Transforming jetified-ui-tooling-data-release-api.jar with StructureTransformAction
Transforming jetified-ui-text-release-api.jar with StructureTransformAction
Transforming jetified-ui-tooling-preview-release-api.jar with StructureTransformAction
Transforming jetified-ui-graphics-release-api.jar with StructureTransformAction
Transforming jetified-ui-release-api.jar with StructureTransformAction
Transforming jetified-ui-tooling-release-api.jar with StructureTransformAction
Transforming jetified-ui-test-manifest-1.5.4-api.jar with StructureTransformAction
Transforming jetified-activity-1.8.2-api.jar with StructureTransformAction
Transforming jetified-activity-compose-1.8.2-api.jar with StructureTransformAction
Transforming jetified-activity-ktx-1.8.2-api.jar with StructureTransformAction
Transforming jetified-core-ktx-1.12.0-api.jar with StructureTransformAction
Transforming room-common-2.6.1.jar with StructureTransformAction
Transforming room-runtime-2.6.1-api.jar with StructureTransformAction
Transforming jetified-room-ktx-2.6.1-api.jar with StructureTransformAction
Transforming jetified-datastore-preferences-1.0.0-api.jar with StructureTransformAction
Transforming jetified-timber-5.0.1-api.jar with StructureTransformAction
Transforming jetified-annotation-experimental-1.3.0-api.jar with StructureTransformAction
Transforming jetified-savedstate-ktx-1.2.1-api.jar with StructureTransformAction
Transforming jetified-savedstate-1.2.1-api.jar with StructureTransformAction
Transforming jetified-datastore-1.0.0-api.jar with StructureTransformAction
Transforming jetified-datastore-preferences-core-1.0.0.jar with StructureTransformAction
Transforming jetified-runtime-saveable-release-api.jar with StructureTransformAction
Transforming jetified-runtime-release-api.jar with StructureTransformAction
Transforming jetified-datastore-core-1.0.0.jar with StructureTransformAction
Transforming jetified-kotlinx-coroutines-core-jvm-1.7.3.jar with StructureTransformAction
Transforming jetified-kotlinx-coroutines-android-1.7.3.jar with StructureTransformAction
Transforming jetified-converter-gson-2.9.0.jar with StructureTransformAction
Transforming jetified-retrofit-2.9.0.jar with StructureTransformAction
Transforming jetified-logging-interceptor-4.12.0.jar with StructureTransformAction
Transforming jetified-okhttp-4.12.0.jar with StructureTransformAction
Transforming jetified-okio-jvm-3.6.0.jar with StructureTransformAction
Transforming jetified-kotlin-stdlib-jdk8-1.9.10.jar with StructureTransformAction
Transforming sqlite-framework-2.4.0-api.jar with StructureTransformAction
Transforming sqlite-2.4.0-api.jar with StructureTransformAction
Transforming versionedparcelable-1.1.1-api.jar with StructureTransformAction
Transforming core-runtime-2.2.0-api.jar with StructureTransformAction
Transforming core-common-2.2.0.jar with StructureTransformAction
Transforming jetified-collection-jvm-1.3.0.jar with StructureTransformAction
Transforming jetified-annotation-jvm-1.7.0.jar with StructureTransformAction
Transforming jetified-kotlin-stdlib-jdk7-1.9.10.jar with StructureTransformAction
Transforming jetified-kotlin-stdlib-1.9.21.jar with StructureTransformAction
Transforming jetified-annotations-23.0.0.jar with StructureTransformAction
Transforming jetified-listenablefuture-1.0.jar with StructureTransformAction
Transforming jetified-startup-runtime-1.1.1-api.jar with StructureTransformAction
Transforming jetified-hilt-core-2.48.1.jar with StructureTransformAction
Transforming jetified-dagger-2.48.1.jar with StructureTransformAction
Transforming jetified-javax.inject-1.jar with StructureTransformAction
Transforming jetified-dagger-lint-aar-2.48.1-api.jar with StructureTransformAction
Transforming jetified-jsr305-3.0.2.jar with StructureTransformAction
Transforming jetified-hilt-common-1.1.0.jar with StructureTransformAction
Transforming jetified-gson-2.8.5.jar with StructureTransformAction
Transforming android.jar with StructureTransformAction
Transforming core-lambda-stubs.jar with StructureTransformAction
file or directory 'D:\workspace\workbuddy\csBaby\app\src\debug\kotlin', not found
file or directory 'D:\workspace\workbuddy\csBaby\app\src\debug\kotlin', not found
file or directory 'D:\workspace\workbuddy\csBaby\app\src\debug\java', not found
file or directory 'D:\workspace\workbuddy\csBaby\app\src\debug\kotlin', not found
file or directory 'D:\workspace\workbuddy\csBaby\app\src\debug\java', not found
file or directory 'D:\workspace\workbuddy\csBaby\app\src\main\kotlin', not found
file or directory 'D:\workspace\workbuddy\csBaby\app\src\main\kotlin', not found
file or directory 'D:\workspace\workbuddy\csBaby\app\src\main\kotlin', not found
file or directory 'D:\workspace\workbuddy\csBaby\app\src\main\kotlin', not found
file or directory 'D:\workspace\workbuddy\csBaby\app\src\main\kotlin', not found
file or directory 'D:\workspace\workbuddy\csBaby\app\src\main\kotlin', not found
file or directory 'D:\workspace\workbuddy\csBaby\app\src\debug\kotlin', not found
file or directory 'D:\workspace\workbuddy\csBaby\app\src\debug\kotlin', not found
file or directory 'D:\workspace\workbuddy\csBaby\app\src\debug\java', not found
file or directory 'D:\workspace\workbuddy\csBaby\app\src\debug\kotlin', not found
file or directory 'D:\workspace\workbuddy\csBaby\app\src\debug\java', not found
file or directory 'D:\workspace\workbuddy\csBaby\app\src\debug\java', not found
Caching disabled for task ':app:kaptDebugKotlin' because:
  Build cache is disabled
Skipping task ':app:kaptDebugKotlin' as it is up-to-date.
Resolve mutations for :app:compileDebugKotlin (Thread[Execution worker Thread 19,5,main]) started.
:app:compileDebugKotlin (Thread[Execution worker Thread 19,5,main]) started.

> Task :app:compileDebugKotlin UP-TO-DATE
Transforming R.jar with ClasspathEntrySnapshotTransform
Transforming jetified-hilt-navigation-compose-1.1.0-api.jar with ClasspathEntrySnapshotTransform
Transforming jetified-hilt-navigation-1.1.0-api.jar with ClasspathEntrySnapshotTransform
Transforming navigation-common-2.7.6-api.jar with ClasspathEntrySnapshotTransform
Transforming navigation-runtime-2.7.6-api.jar with ClasspathEntrySnapshotTransform
Transforming navigation-common-ktx-2.7.6-api.jar with ClasspathEntrySnapshotTransform
Transforming navigation-runtime-ktx-2.7.6-api.jar with ClasspathEntrySnapshotTransform
Transforming jetified-navigation-compose-2.7.6-api.jar with ClasspathEntrySnapshotTransform
Transforming jetified-material3-1.1.2-api.jar with ClasspathEntrySnapshotTransform
Transforming jetified-hilt-work-1.1.0-api.jar with ClasspathEntrySnapshotTransform
Transforming jetified-hilt-android-2.48.1-api.jar with ClasspathEntrySnapshotTransform
Transforming fragment-1.5.1-api.jar with ClasspathEntrySnapshotTransform
Transforming loader-1.0.0-api.jar with ClasspathEntrySnapshotTransform
Transforming viewpager-1.0.0-api.jar with ClasspathEntrySnapshotTransform
Transforming customview-1.0.0-api.jar with ClasspathEntrySnapshotTransform
Transforming core-1.12.0-api.jar with ClasspathEntrySnapshotTransform
Transforming work-runtime-ktx-2.9.0-api.jar with ClasspathEntrySnapshotTransform
Transforming work-runtime-2.9.0-api.jar with ClasspathEntrySnapshotTransform
Transforming lifecycle-livedata-2.6.2-api.jar with ClasspathEntrySnapshotTransform
Transforming lifecycle-livedata-core-2.6.2-api.jar with ClasspathEntrySnapshotTransform
Transforming lifecycle-common-2.6.2.jar with ClasspathEntrySnapshotTransform
Transforming jetified-lifecycle-viewmodel-savedstate-2.6.2-api.jar with ClasspathEntrySnapshotTransform
Transforming jetified-lifecycle-viewmodel-ktx-2.6.2-api.jar with ClasspathEntrySnapshotTransform
Transforming lifecycle-common-java8-2.6.2.jar with ClasspathEntrySnapshotTransform
Transforming lifecycle-viewmodel-2.6.2-api.jar with ClasspathEntrySnapshotTransform
Transforming jetified-coil-compose-2.5.0-api.jar with ClasspathEntrySnapshotTransform
Transforming jetified-coil-compose-base-2.5.0-api.jar with ClasspathEntrySnapshotTransform
Transforming jetified-coil-2.5.0-api.jar with ClasspathEntrySnapshotTransform
Transforming jetified-coil-base-2.5.0-api.jar with ClasspathEntrySnapshotTransform
Transforming lifecycle-runtime-2.6.2-api.jar with ClasspathEntrySnapshotTransform
Transforming jetified-lifecycle-runtime-compose-2.6.2-api.jar with ClasspathEntrySnapshotTransform
Transforming jetified-lifecycle-runtime-ktx-2.6.2-api.jar with ClasspathEntrySnapshotTransform
Transforming jetified-lifecycle-viewmodel-compose-2.6.2-api.jar with ClasspathEntrySnapshotTransform
Transforming jetified-material-icons-core-release-api.jar with ClasspathEntrySnapshotTransform
Transforming jetified-material-icons-extended-release-api.jar with ClasspathEntrySnapshotTransform
Transforming jetified-material-ripple-release-api.jar with ClasspathEntrySnapshotTransform
Transforming jetified-foundation-layout-release-api.jar with ClasspathEntrySnapshotTransform
Transforming jetified-foundation-release-api.jar with ClasspathEntrySnapshotTransform
Transforming jetified-animation-core-release-api.jar with ClasspathEntrySnapshotTransform
Transforming jetified-animation-release-api.jar with ClasspathEntrySnapshotTransform
Transforming jetified-ui-unit-release-api.jar with ClasspathEntrySnapshotTransform
Transforming jetified-ui-geometry-release-api.jar with ClasspathEntrySnapshotTransform
Transforming jetified-ui-tooling-data-release-api.jar with ClasspathEntrySnapshotTransform
Transforming jetified-ui-text-release-api.jar with ClasspathEntrySnapshotTransform
Transforming jetified-ui-tooling-preview-release-api.jar with ClasspathEntrySnapshotTransform
Transforming jetified-ui-graphics-release-api.jar with ClasspathEntrySnapshotTransform
Transforming jetified-ui-release-api.jar with ClasspathEntrySnapshotTransform
Transforming jetified-ui-tooling-release-api.jar with ClasspathEntrySnapshotTransform
Transforming jetified-ui-test-manifest-1.5.4-api.jar with ClasspathEntrySnapshotTransform
Transforming jetified-activity-1.8.2-api.jar with ClasspathEntrySnapshotTransform
Transforming jetified-activity-compose-1.8.2-api.jar with ClasspathEntrySnapshotTransform
Transforming jetified-activity-ktx-1.8.2-api.jar with ClasspathEntrySnapshotTransform
Transforming jetified-core-ktx-1.12.0-api.jar with ClasspathEntrySnapshotTransform
Transforming room-common-2.6.1.jar with ClasspathEntrySnapshotTransform
Transforming room-runtime-2.6.1-api.jar with ClasspathEntrySnapshotTransform
Transforming jetified-room-ktx-2.6.1-api.jar with ClasspathEntrySnapshotTransform
Transforming jetified-datastore-preferences-1.0.0-api.jar with ClasspathEntrySnapshotTransform
Transforming jetified-timber-5.0.1-api.jar with ClasspathEntrySnapshotTransform
Transforming jetified-annotation-experimental-1.3.0-api.jar with ClasspathEntrySnapshotTransform
Transforming jetified-savedstate-ktx-1.2.1-api.jar with ClasspathEntrySnapshotTransform
Transforming jetified-savedstate-1.2.1-api.jar with ClasspathEntrySnapshotTransform
Transforming jetified-datastore-1.0.0-api.jar with ClasspathEntrySnapshotTransform
Transforming jetified-datastore-preferences-core-1.0.0.jar with ClasspathEntrySnapshotTransform
Transforming jetified-runtime-saveable-release-api.jar with ClasspathEntrySnapshotTransform
Transforming jetified-runtime-release-api.jar with ClasspathEntrySnapshotTransform
Transforming jetified-datastore-core-1.0.0.jar with ClasspathEntrySnapshotTransform
Transforming jetified-kotlinx-coroutines-core-jvm-1.7.3.jar with ClasspathEntrySnapshotTransform
Transforming jetified-kotlinx-coroutines-android-1.7.3.jar with ClasspathEntrySnapshotTransform
Transforming jetified-converter-gson-2.9.0.jar with ClasspathEntrySnapshotTransform
Transforming jetified-retrofit-2.9.0.jar with ClasspathEntrySnapshotTransform
Transforming jetified-logging-interceptor-4.12.0.jar with ClasspathEntrySnapshotTransform
Transforming jetified-okhttp-4.12.0.jar with ClasspathEntrySnapshotTransform
Transforming jetified-okio-jvm-3.6.0.jar with ClasspathEntrySnapshotTransform
Transforming jetified-kotlin-stdlib-jdk8-1.9.10.jar with ClasspathEntrySnapshotTransform
Transforming sqlite-framework-2.4.0-api.jar with ClasspathEntrySnapshotTransform
Transforming sqlite-2.4.0-api.jar with ClasspathEntrySnapshotTransform
Transforming versionedparcelable-1.1.1-api.jar with ClasspathEntrySnapshotTransform
Transforming core-runtime-2.2.0-api.jar with ClasspathEntrySnapshotTransform
Transforming core-common-2.2.0.jar with ClasspathEntrySnapshotTransform
Transforming jetified-collection-jvm-1.3.0.jar with ClasspathEntrySnapshotTransform
Transforming jetified-annotation-jvm-1.7.0.jar with ClasspathEntrySnapshotTransform
Transforming jetified-kotlin-stdlib-jdk7-1.9.10.jar with ClasspathEntrySnapshotTransform
Transforming jetified-kotlin-stdlib-1.9.21.jar with ClasspathEntrySnapshotTransform
Transforming jetified-annotations-23.0.0.jar with ClasspathEntrySnapshotTransform
Transforming jetified-listenablefuture-1.0.jar with ClasspathEntrySnapshotTransform
Transforming jetified-startup-runtime-1.1.1-api.jar with ClasspathEntrySnapshotTransform
Transforming jetified-hilt-core-2.48.1.jar with ClasspathEntrySnapshotTransform
Transforming jetified-dagger-2.48.1.jar with ClasspathEntrySnapshotTransform
Transforming jetified-javax.inject-1.jar with ClasspathEntrySnapshotTransform
Transforming jetified-dagger-lint-aar-2.48.1-api.jar with ClasspathEntrySnapshotTransform
Transforming jetified-jsr305-3.0.2.jar with ClasspathEntrySnapshotTransform
Transforming jetified-hilt-common-1.1.0.jar with ClasspathEntrySnapshotTransform
Transforming jetified-gson-2.8.5.jar with ClasspathEntrySnapshotTransform
Transforming android.jar with ClasspathEntrySnapshotTransform
Transforming core-lambda-stubs.jar with ClasspathEntrySnapshotTransform
Transforming debug with ClasspathEntrySnapshotTransform
Caching disabled for task ':app:compileDebugKotlin' because:
  Build cache is disabled
Skipping task ':app:compileDebugKotlin' as it is up-to-date.
Resolve mutations for :app:javaPreCompileDebug (Thread[Execution worker Thread 19,5,main]) started.
:app:javaPreCompileDebug (Thread[Execution worker Thread 19,5,main]) started.

> Task :app:javaPreCompileDebug UP-TO-DATE
Caching disabled for task ':app:javaPreCompileDebug' because:
  Build cache is disabled
Skipping task ':app:javaPreCompileDebug' as it is up-to-date.
Resolve mutations for :app:compileDebugJavaWithJavac (Thread[Execution worker Thread 19,5,main]) started.
:app:compileDebugJavaWithJavac (Thread[Execution worker Thread 19,5,main]) started.

> Task :app:compileDebugJavaWithJavac UP-TO-DATE
Transforming core-for-system-modules.jar with JdkImageTransform
Transforming core-for-system-modules.jar with JdkImageTransform
Transforming core-for-system-modules.jar with JdkImageTransform
Transforming core-for-system-modules.jar with JdkImageTransform
Transforming core-for-system-modules.jar with JdkImageTransform
Transforming core-for-system-modules.jar with JdkImageTransform
Caching disabled for task ':app:compileDebugJavaWithJavac' because:
  Build cache is disabled
Skipping task ':app:compileDebugJavaWithJavac' as it is up-to-date.
No compile result for :app:compileDebugJavaWithJavac
Resolve mutations for :app:mergeDebugShaders (Thread[Execution worker Thread 19,5,main]) started.
:app:mergeDebugShaders (Thread[Execution worker Thread 19,5,main]) started.

> Task :app:mergeDebugShaders UP-TO-DATE
Caching disabled for task ':app:mergeDebugShaders' because:
  Build cache is disabled
Skipping task ':app:mergeDebugShaders' as it is up-to-date.
Resolve mutations for :app:compileDebugShaders (Thread[Execution worker Thread 19,5,main]) started.
:app:compileDebugShaders (Thread[Execution worker Thread 19,5,main]) started.

> Task :app:compileDebugShaders NO-SOURCE
Skipping task ':app:compileDebugShaders' as it has no source files and no previous output files.
Resolve mutations for :app:generateDebugAssets (Thread[Execution worker Thread 19,5,main]) started.
:app:generateDebugAssets (Thread[Execution worker Thread 19,5,main]) started.

> Task :app:generateDebugAssets UP-TO-DATE
Skipping task ':app:generateDebugAssets' as it has no actions.
Resolve mutations for :app:mergeDebugAssets (Thread[Execution worker Thread 19,5,main]) started.
:app:mergeDebugAssets (Thread[Execution worker Thread 19,5,main]) started.

> Task :app:mergeDebugAssets UP-TO-DATE
Transforming hilt-work-1.1.0.aar (androidx.hilt:hilt-work:1.1.0) with JetifyTransform
Transforming hilt-work-1.1.0.aar (androidx.hilt:hilt-work:1.1.0) with ExtractAarTransform
Transforming hilt-work-1.1.0.aar (androidx.hilt:hilt-work:1.1.0) with AarTransform
Transforming work-runtime-ktx-2.9.0.aar (androidx.work:work-runtime-ktx:2.9.0) with JetifyTransform
Transforming work-runtime-ktx-2.9.0.aar (androidx.work:work-runtime-ktx:2.9.0) with ExtractAarTransform
Transforming work-runtime-ktx-2.9.0.aar (androidx.work:work-runtime-ktx:2.9.0) with AarTransform
Transforming work-runtime-2.9.0.aar (androidx.work:work-runtime:2.9.0) with JetifyTransform
Transforming work-runtime-2.9.0.aar (androidx.work:work-runtime:2.9.0) with ExtractAarTransform
Transforming work-runtime-2.9.0.aar (androidx.work:work-runtime:2.9.0) with AarTransform
Transforming hilt-navigation-compose-1.1.0.aar (androidx.hilt:hilt-navigation-compose:1.1.0) with JetifyTransform
Transforming hilt-navigation-compose-1.1.0.aar (androidx.hilt:hilt-navigation-compose:1.1.0) with ExtractAarTransform
Transforming hilt-navigation-compose-1.1.0.aar (androidx.hilt:hilt-navigation-compose:1.1.0) with AarTransform
Transforming hilt-navigation-1.1.0.aar (androidx.hilt:hilt-navigation:1.1.0) with JetifyTransform
Transforming hilt-navigation-1.1.0.aar (androidx.hilt:hilt-navigation:1.1.0) with ExtractAarTransform
Transforming hilt-navigation-1.1.0.aar (androidx.hilt:hilt-navigation:1.1.0) with AarTransform
Transforming navigation-common-2.7.6.aar (androidx.navigation:navigation-common:2.7.6) with JetifyTransform
Transforming navigation-common-2.7.6.aar (androidx.navigation:navigation-common:2.7.6) with ExtractAarTransform
Transforming navigation-common-2.7.6.aar (androidx.navigation:navigation-common:2.7.6) with AarTransform
Transforming navigation-runtime-2.7.6.aar (androidx.navigation:navigation-runtime:2.7.6) with JetifyTransform
Transforming navigation-runtime-2.7.6.aar (androidx.navigation:navigation-runtime:2.7.6) with ExtractAarTransform
Transforming navigation-runtime-2.7.6.aar (androidx.navigation:navigation-runtime:2.7.6) with AarTransform
Transforming navigation-common-ktx-2.7.6.aar (androidx.navigation:navigation-common-ktx:2.7.6) with JetifyTransform
Transforming navigation-common-ktx-2.7.6.aar (androidx.navigation:navigation-common-ktx:2.7.6) with ExtractAarTransform
Transforming navigation-common-ktx-2.7.6.aar (androidx.navigation:navigation-common-ktx:2.7.6) with AarTransform
Transforming navigation-runtime-ktx-2.7.6.aar (androidx.navigation:navigation-runtime-ktx:2.7.6) with JetifyTransform
Transforming navigation-runtime-ktx-2.7.6.aar (androidx.navigation:navigation-runtime-ktx:2.7.6) with ExtractAarTransform
Transforming navigation-runtime-ktx-2.7.6.aar (androidx.navigation:navigation-runtime-ktx:2.7.6) with AarTransform
Transforming navigation-compose-2.7.6.aar (androidx.navigation:navigation-compose:2.7.6) with JetifyTransform
Transforming navigation-compose-2.7.6.aar (androidx.navigation:navigation-compose:2.7.6) with ExtractAarTransform
Transforming navigation-compose-2.7.6.aar (androidx.navigation:navigation-compose:2.7.6) with AarTransform
Transforming material3-1.1.2.aar (androidx.compose.material3:material3:1.1.2) with JetifyTransform
Transforming material3-1.1.2.aar (androidx.compose.material3:material3:1.1.2) with ExtractAarTransform
Transforming material3-1.1.2.aar (androidx.compose.material3:material3:1.1.2) with AarTransform
Transforming coil-compose-2.5.0.aar (io.coil-kt:coil-compose:2.5.0) with JetifyTransform
Transforming coil-compose-2.5.0.aar (io.coil-kt:coil-compose:2.5.0) with ExtractAarTransform
Transforming coil-compose-2.5.0.aar (io.coil-kt:coil-compose:2.5.0) with AarTransform
Transforming coil-compose-base-2.5.0.aar (io.coil-kt:coil-compose-base:2.5.0) with JetifyTransform
Transforming coil-compose-base-2.5.0.aar (io.coil-kt:coil-compose-base:2.5.0) with ExtractAarTransform
Transforming coil-compose-base-2.5.0.aar (io.coil-kt:coil-compose-base:2.5.0) with AarTransform
Transforming material-ripple-release.aar (androidx.compose.material:material-ripple-android:1.5.4) with JetifyTransform
Transforming material-ripple-release.aar (androidx.compose.material:material-ripple-android:1.5.4) with ExtractAarTransform
Transforming material-ripple-release.aar (androidx.compose.material:material-ripple-android:1.5.4) with AarTransform
Transforming material-icons-core-release.aar (androidx.compose.material:material-icons-core-android:1.5.4) with JetifyTransform
Transforming material-icons-core-release.aar (androidx.compose.material:material-icons-core-android:1.5.4) with ExtractAarTransform
Transforming material-icons-core-release.aar (androidx.compose.material:material-icons-core-android:1.5.4) with AarTransform
Transforming material-icons-extended-release.aar (androidx.compose.material:material-icons-extended-android:1.5.4) with JetifyTransform
Transforming material-icons-extended-release.aar (androidx.compose.material:material-icons-extended-android:1.5.4) with ExtractAarTransform
Transforming material-icons-extended-release.aar (androidx.compose.material:material-icons-extended-android:1.5.4) with AarTransform
Transforming material-release.aar (androidx.compose.material:material-android:1.5.4) with JetifyTransform
Transforming material-release.aar (androidx.compose.material:material-android:1.5.4) with ExtractAarTransform
Transforming material-release.aar (androidx.compose.material:material-android:1.5.4) with AarTransform
Transforming animation-core-release.aar (androidx.compose.animation:animation-core-android:1.5.4) with JetifyTransform
Transforming animation-core-release.aar (androidx.compose.animation:animation-core-android:1.5.4) with ExtractAarTransform
Transforming animation-core-release.aar (androidx.compose.animation:animation-core-android:1.5.4) with AarTransform
Transforming animation-release.aar (androidx.compose.animation:animation-android:1.5.4) with JetifyTransform
Transforming animation-release.aar (androidx.compose.animation:animation-android:1.5.4) with ExtractAarTransform
Transforming animation-release.aar (androidx.compose.animation:animation-android:1.5.4) with AarTransform
Transforming foundation-layout-release.aar (androidx.compose.foundation:foundation-layout-android:1.5.4) with JetifyTransform
Transforming foundation-layout-release.aar (androidx.compose.foundation:foundation-layout-android:1.5.4) with ExtractAarTransform
Transforming foundation-layout-release.aar (androidx.compose.foundation:foundation-layout-android:1.5.4) with AarTransform
Transforming foundation-release.aar (androidx.compose.foundation:foundation-android:1.5.4) with JetifyTransform
Transforming foundation-release.aar (androidx.compose.foundation:foundation-android:1.5.4) with ExtractAarTransform
Transforming foundation-release.aar (androidx.compose.foundation:foundation-android:1.5.4) with AarTransform
Transforming ui-tooling-data-release.aar (androidx.compose.ui:ui-tooling-data-android:1.5.4) with JetifyTransform
Transforming ui-tooling-data-release.aar (androidx.compose.ui:ui-tooling-data-android:1.5.4) with ExtractAarTransform
Transforming ui-tooling-data-release.aar (androidx.compose.ui:ui-tooling-data-android:1.5.4) with AarTransform
Transforming ui-unit-release.aar (androidx.compose.ui:ui-unit-android:1.5.4) with JetifyTransform
Transforming ui-unit-release.aar (androidx.compose.ui:ui-unit-android:1.5.4) with ExtractAarTransform
Transforming ui-unit-release.aar (androidx.compose.ui:ui-unit-android:1.5.4) with AarTransform
Transforming ui-geometry-release.aar (androidx.compose.ui:ui-geometry-android:1.5.4) with JetifyTransform
Transforming ui-geometry-release.aar (androidx.compose.ui:ui-geometry-android:1.5.4) with ExtractAarTransform
Transforming ui-geometry-release.aar (androidx.compose.ui:ui-geometry-android:1.5.4) with AarTransform
Transforming ui-util-release.aar (androidx.compose.ui:ui-util-android:1.5.4) with JetifyTransform
Transforming ui-util-release.aar (androidx.compose.ui:ui-util-android:1.5.4) with ExtractAarTransform
Transforming ui-util-release.aar (androidx.compose.ui:ui-util-android:1.5.4) with AarTransform
Transforming ui-text-release.aar (androidx.compose.ui:ui-text-android:1.5.4) with JetifyTransform
Transforming ui-text-release.aar (androidx.compose.ui:ui-text-android:1.5.4) with ExtractAarTransform
Transforming ui-text-release.aar (androidx.compose.ui:ui-text-android:1.5.4) with AarTransform
Transforming ui-tooling-preview-release.aar (androidx.compose.ui:ui-tooling-preview-android:1.5.4) with JetifyTransform
Transforming ui-tooling-preview-release.aar (androidx.compose.ui:ui-tooling-preview-android:1.5.4) with ExtractAarTransform
Transforming ui-tooling-preview-release.aar (androidx.compose.ui:ui-tooling-preview-android:1.5.4) with AarTransform
Transforming ui-tooling-release.aar (androidx.compose.ui:ui-tooling-android:1.5.4) with JetifyTransform
Transforming ui-tooling-release.aar (androidx.compose.ui:ui-tooling-android:1.5.4) with ExtractAarTransform
Transforming ui-tooling-release.aar (androidx.compose.ui:ui-tooling-android:1.5.4) with AarTransform
Transforming ui-graphics-release.aar (androidx.compose.ui:ui-graphics-android:1.5.4) with JetifyTransform
Transforming ui-graphics-release.aar (androidx.compose.ui:ui-graphics-android:1.5.4) with ExtractAarTransform
Transforming ui-graphics-release.aar (androidx.compose.ui:ui-graphics-android:1.5.4) with AarTransform
Transforming ui-test-manifest-1.5.4.aar (androidx.compose.ui:ui-test-manifest:1.5.4) with JetifyTransform
Transforming ui-test-manifest-1.5.4.aar (androidx.compose.ui:ui-test-manifest:1.5.4) with ExtractAarTransform
Transforming ui-test-manifest-1.5.4.aar (androidx.compose.ui:ui-test-manifest:1.5.4) with AarTransform
Transforming hilt-android-2.48.1.aar (com.google.dagger:hilt-android:2.48.1) with JetifyTransform
Transforming hilt-android-2.48.1.aar (com.google.dagger:hilt-android:2.48.1) with ExtractAarTransform
Transforming hilt-android-2.48.1.aar (com.google.dagger:hilt-android:2.48.1) with AarTransform
Transforming fragment-1.5.1.aar (androidx.fragment:fragment:1.5.1) with JetifyTransform
Transforming fragment-1.5.1.aar (androidx.fragment:fragment:1.5.1) with ExtractAarTransform
Transforming fragment-1.5.1.aar (androidx.fragment:fragment:1.5.1) with AarTransform
Transforming activity-1.8.2.aar (androidx.activity:activity:1.8.2) with JetifyTransform
Transforming activity-1.8.2.aar (androidx.activity:activity:1.8.2) with ExtractAarTransform
Transforming activity-1.8.2.aar (androidx.activity:activity:1.8.2) with AarTransform
Transforming activity-ktx-1.8.2.aar (androidx.activity:activity-ktx:1.8.2) with JetifyTransform
Transforming activity-ktx-1.8.2.aar (androidx.activity:activity-ktx:1.8.2) with ExtractAarTransform
Transforming activity-ktx-1.8.2.aar (androidx.activity:activity-ktx:1.8.2) with AarTransform
Transforming activity-compose-1.8.2.aar (androidx.activity:activity-compose:1.8.2) with JetifyTransform
Transforming activity-compose-1.8.2.aar (androidx.activity:activity-compose:1.8.2) with ExtractAarTransform
Transforming activity-compose-1.8.2.aar (androidx.activity:activity-compose:1.8.2) with AarTransform
Transforming savedstate-ktx-1.2.1.aar (androidx.savedstate:savedstate-ktx:1.2.1) with JetifyTransform
Transforming savedstate-ktx-1.2.1.aar (androidx.savedstate:savedstate-ktx:1.2.1) with ExtractAarTransform
Transforming savedstate-ktx-1.2.1.aar (androidx.savedstate:savedstate-ktx:1.2.1) with AarTransform
Transforming savedstate-1.2.1.aar (androidx.savedstate:savedstate:1.2.1) with JetifyTransform
Transforming savedstate-1.2.1.aar (androidx.savedstate:savedstate:1.2.1) with ExtractAarTransform
Transforming savedstate-1.2.1.aar (androidx.savedstate:savedstate:1.2.1) with AarTransform
Transforming loader-1.0.0.aar (androidx.loader:loader:1.0.0) with JetifyTransform
Transforming loader-1.0.0.aar (androidx.loader:loader:1.0.0) with ExtractAarTransform
Transforming loader-1.0.0.aar (androidx.loader:loader:1.0.0) with AarTransform
Transforming emoji2-1.4.0.aar (androidx.emoji2:emoji2:1.4.0) with JetifyTransform
Transforming emoji2-1.4.0.aar (androidx.emoji2:emoji2:1.4.0) with ExtractAarTransform
Transforming emoji2-1.4.0.aar (androidx.emoji2:emoji2:1.4.0) with AarTransform
Transforming lifecycle-process-2.6.2.aar (androidx.lifecycle:lifecycle-process:2.6.2) with JetifyTransform
Transforming lifecycle-process-2.6.2.aar (androidx.lifecycle:lifecycle-process:2.6.2) with ExtractAarTransform
Transforming lifecycle-process-2.6.2.aar (androidx.lifecycle:lifecycle-process:2.6.2) with AarTransform
Transforming lifecycle-service-2.6.2.aar (androidx.lifecycle:lifecycle-service:2.6.2) with JetifyTransform
Transforming lifecycle-service-2.6.2.aar (androidx.lifecycle:lifecycle-service:2.6.2) with ExtractAarTransform
Transforming lifecycle-service-2.6.2.aar (androidx.lifecycle:lifecycle-service:2.6.2) with AarTransform
Transforming lifecycle-livedata-2.6.2.aar (androidx.lifecycle:lifecycle-livedata:2.6.2) with JetifyTransform
Transforming lifecycle-livedata-2.6.2.aar (androidx.lifecycle:lifecycle-livedata:2.6.2) with ExtractAarTransform
Transforming lifecycle-livedata-2.6.2.aar (androidx.lifecycle:lifecycle-livedata:2.6.2) with AarTransform
Transforming lifecycle-livedata-2.6.2.aar (androidx.lifecycle:lifecycle-livedata:2.6.2) with JetifyTransform
Transforming lifecycle-livedata-2.6.2.aar (androidx.lifecycle:lifecycle-livedata:2.6.2) with ExtractAarTransform
Transforming lifecycle-livedata-2.6.2.aar (androidx.lifecycle:lifecycle-livedata:2.6.2) with AarTransform
Transforming lifecycle-livedata-core-2.6.2.aar (androidx.lifecycle:lifecycle-livedata-core:2.6.2) with JetifyTransform
Transforming lifecycle-livedata-core-2.6.2.aar (androidx.lifecycle:lifecycle-livedata-core:2.6.2) with ExtractAarTransform
Transforming lifecycle-livedata-core-2.6.2.aar (androidx.lifecycle:lifecycle-livedata-core:2.6.2) with AarTransform
Transforming lifecycle-viewmodel-savedstate-2.6.2.aar (androidx.lifecycle:lifecycle-viewmodel-savedstate:2.6.2) with JetifyTransform
Transforming lifecycle-viewmodel-savedstate-2.6.2.aar (androidx.lifecycle:lifecycle-viewmodel-savedstate:2.6.2) with ExtractAarTransform
Transforming lifecycle-viewmodel-savedstate-2.6.2.aar (androidx.lifecycle:lifecycle-viewmodel-savedstate:2.6.2) with AarTransform
Transforming lifecycle-viewmodel-ktx-2.6.2.aar (androidx.lifecycle:lifecycle-viewmodel-ktx:2.6.2) with JetifyTransform
Transforming lifecycle-viewmodel-ktx-2.6.2.aar (androidx.lifecycle:lifecycle-viewmodel-ktx:2.6.2) with ExtractAarTransform
Transforming lifecycle-viewmodel-ktx-2.6.2.aar (androidx.lifecycle:lifecycle-viewmodel-ktx:2.6.2) with AarTransform
Transforming lifecycle-viewmodel-2.6.2.aar (androidx.lifecycle:lifecycle-viewmodel:2.6.2) with JetifyTransform
Transforming lifecycle-viewmodel-2.6.2.aar (androidx.lifecycle:lifecycle-viewmodel:2.6.2) with ExtractAarTransform
Transforming lifecycle-viewmodel-2.6.2.aar (androidx.lifecycle:lifecycle-viewmodel:2.6.2) with AarTransform
Transforming lifecycle-viewmodel-2.6.2.aar (androidx.lifecycle:lifecycle-viewmodel:2.6.2) with JetifyTransform
Transforming lifecycle-viewmodel-2.6.2.aar (androidx.lifecycle:lifecycle-viewmodel:2.6.2) with ExtractAarTransform
Transforming lifecycle-viewmodel-2.6.2.aar (androidx.lifecycle:lifecycle-viewmodel:2.6.2) with AarTransform
Transforming coil-2.5.0.aar (io.coil-kt:coil:2.5.0) with JetifyTransform
Transforming coil-2.5.0.aar (io.coil-kt:coil:2.5.0) with ExtractAarTransform
Transforming coil-2.5.0.aar (io.coil-kt:coil:2.5.0) with AarTransform
Transforming coil-base-2.5.0.aar (io.coil-kt:coil-base:2.5.0) with JetifyTransform
Transforming coil-base-2.5.0.aar (io.coil-kt:coil-base:2.5.0) with ExtractAarTransform
Transforming coil-base-2.5.0.aar (io.coil-kt:coil-base:2.5.0) with AarTransform
Transforming lifecycle-runtime-2.6.2.aar (androidx.lifecycle:lifecycle-runtime:2.6.2) with JetifyTransform
Transforming lifecycle-runtime-2.6.2.aar (androidx.lifecycle:lifecycle-runtime:2.6.2) with ExtractAarTransform
Transforming lifecycle-runtime-2.6.2.aar (androidx.lifecycle:lifecycle-runtime:2.6.2) with AarTransform
Transforming lifecycle-runtime-compose-2.6.2.aar (androidx.lifecycle:lifecycle-runtime-compose:2.6.2) with JetifyTransform
Transforming lifecycle-runtime-compose-2.6.2.aar (androidx.lifecycle:lifecycle-runtime-compose:2.6.2) with ExtractAarTransform
Transforming lifecycle-runtime-compose-2.6.2.aar (androidx.lifecycle:lifecycle-runtime-compose:2.6.2) with AarTransform
Transforming lifecycle-runtime-ktx-2.6.2.aar (androidx.lifecycle:lifecycle-runtime-ktx:2.6.2) with JetifyTransform
Transforming lifecycle-runtime-ktx-2.6.2.aar (androidx.lifecycle:lifecycle-runtime-ktx:2.6.2) with ExtractAarTransform
Transforming lifecycle-runtime-ktx-2.6.2.aar (androidx.lifecycle:lifecycle-runtime-ktx:2.6.2) with AarTransform
Transforming lifecycle-viewmodel-compose-2.6.2.aar (androidx.lifecycle:lifecycle-viewmodel-compose:2.6.2) with JetifyTransform
Transforming lifecycle-viewmodel-compose-2.6.2.aar (androidx.lifecycle:lifecycle-viewmodel-compose:2.6.2) with ExtractAarTransform
Transforming lifecycle-viewmodel-compose-2.6.2.aar (androidx.lifecycle:lifecycle-viewmodel-compose:2.6.2) with AarTransform
Transforming accompanist-drawablepainter-0.32.0.aar (com.google.accompanist:accompanist-drawablepainter:0.32.0) with JetifyTransform
Transforming accompanist-drawablepainter-0.32.0.aar (com.google.accompanist:accompanist-drawablepainter:0.32.0) with ExtractAarTransform
Transforming accompanist-drawablepainter-0.32.0.aar (com.google.accompanist:accompanist-drawablepainter:0.32.0) with AarTransform
Transforming ui-release.aar (androidx.compose.ui:ui-android:1.5.4) with JetifyTransform
Transforming ui-release.aar (androidx.compose.ui:ui-android:1.5.4) with ExtractAarTransform
Transforming ui-release.aar (androidx.compose.ui:ui-android:1.5.4) with AarTransform
Transforming viewpager-1.0.0.aar (androidx.viewpager:viewpager:1.0.0) with JetifyTransform
Transforming viewpager-1.0.0.aar (androidx.viewpager:viewpager:1.0.0) with ExtractAarTransform
Transforming viewpager-1.0.0.aar (androidx.viewpager:viewpager:1.0.0) with AarTransform
Transforming autofill-1.0.0.aar (androidx.autofill:autofill:1.0.0) with JetifyTransform
Transforming autofill-1.0.0.aar (androidx.autofill:autofill:1.0.0) with ExtractAarTransform
Transforming autofill-1.0.0.aar (androidx.autofill:autofill:1.0.0) with AarTransform
Transforming customview-1.0.0.aar (androidx.customview:customview:1.0.0) with JetifyTransform
Transforming customview-1.0.0.aar (androidx.customview:customview:1.0.0) with ExtractAarTransform
Transforming customview-1.0.0.aar (androidx.customview:customview:1.0.0) with AarTransform
Transforming appcompat-resources-1.6.1.aar (androidx.appcompat:appcompat-resources:1.6.1) with JetifyTransform
Transforming appcompat-resources-1.6.1.aar (androidx.appcompat:appcompat-resources:1.6.1) with ExtractAarTransform
Transforming appcompat-resources-1.6.1.aar (androidx.appcompat:appcompat-resources:1.6.1) with AarTransform
Transforming vectordrawable-animated-1.1.0.aar (androidx.vectordrawable:vectordrawable-animated:1.1.0) with JetifyTransform
Transforming vectordrawable-animated-1.1.0.aar (androidx.vectordrawable:vectordrawable-animated:1.1.0) with ExtractAarTransform
Transforming vectordrawable-animated-1.1.0.aar (androidx.vectordrawable:vectordrawable-animated:1.1.0) with AarTransform
Transforming vectordrawable-1.1.0.aar (androidx.vectordrawable:vectordrawable:1.1.0) with JetifyTransform
Transforming vectordrawable-1.1.0.aar (androidx.vectordrawable:vectordrawable:1.1.0) with ExtractAarTransform
Transforming vectordrawable-1.1.0.aar (androidx.vectordrawable:vectordrawable:1.1.0) with AarTransform
Transforming vectordrawable-1.1.0.aar (androidx.vectordrawable:vectordrawable:1.1.0) with JetifyTransform
Transforming vectordrawable-1.1.0.aar (androidx.vectordrawable:vectordrawable:1.1.0) with ExtractAarTransform
Transforming vectordrawable-1.1.0.aar (androidx.vectordrawable:vectordrawable:1.1.0) with AarTransform
Transforming core-1.12.0.aar (androidx.core:core:1.12.0) with JetifyTransform
Transforming core-1.12.0.aar (androidx.core:core:1.12.0) with ExtractAarTransform
Transforming core-1.12.0.aar (androidx.core:core:1.12.0) with AarTransform
Transforming core-1.12.0.aar (androidx.core:core:1.12.0) with JetifyTransform
Transforming core-1.12.0.aar (androidx.core:core:1.12.0) with ExtractAarTransform
Transforming core-1.12.0.aar (androidx.core:core:1.12.0) with AarTransform
Transforming customview-poolingcontainer-1.0.0.aar (androidx.customview:customview-poolingcontainer:1.0.0) with JetifyTransform
Transforming customview-poolingcontainer-1.0.0.aar (androidx.customview:customview-poolingcontainer:1.0.0) with ExtractAarTransform
Transforming customview-poolingcontainer-1.0.0.aar (androidx.customview:customview-poolingcontainer:1.0.0) with AarTransform
Transforming core-ktx-1.12.0.aar (androidx.core:core-ktx:1.12.0) with JetifyTransform
Transforming core-ktx-1.12.0.aar (androidx.core:core-ktx:1.12.0) with ExtractAarTransform
Transforming core-ktx-1.12.0.aar (androidx.core:core-ktx:1.12.0) with AarTransform
Transforming room-runtime-2.6.1.aar (androidx.room:room-runtime:2.6.1) with JetifyTransform
Transforming room-runtime-2.6.1.aar (androidx.room:room-runtime:2.6.1) with ExtractAarTransform
Transforming room-runtime-2.6.1.aar (androidx.room:room-runtime:2.6.1) with AarTransform
Transforming room-ktx-2.6.1.aar (androidx.room:room-ktx:2.6.1) with JetifyTransform
Transforming room-ktx-2.6.1.aar (androidx.room:room-ktx:2.6.1) with ExtractAarTransform
Transforming room-ktx-2.6.1.aar (androidx.room:room-ktx:2.6.1) with AarTransform
Transforming datastore-preferences-1.0.0.aar (androidx.datastore:datastore-preferences:1.0.0) with JetifyTransform
Transforming datastore-preferences-1.0.0.aar (androidx.datastore:datastore-preferences:1.0.0) with ExtractAarTransform
Transforming datastore-preferences-1.0.0.aar (androidx.datastore:datastore-preferences:1.0.0) with AarTransform
Transforming timber-5.0.1.aar (com.jakewharton.timber:timber:5.0.1) with JetifyTransform
Transforming timber-5.0.1.aar (com.jakewharton.timber:timber:5.0.1) with ExtractAarTransform
Transforming timber-5.0.1.aar (com.jakewharton.timber:timber:5.0.1) with AarTransform
Transforming sqlite-framework-2.4.0.aar (androidx.sqlite:sqlite-framework:2.4.0) with JetifyTransform
Transforming sqlite-framework-2.4.0.aar (androidx.sqlite:sqlite-framework:2.4.0) with ExtractAarTransform
Transforming sqlite-framework-2.4.0.aar (androidx.sqlite:sqlite-framework:2.4.0) with AarTransform
Transforming sqlite-2.4.0.aar (androidx.sqlite:sqlite:2.4.0) with JetifyTransform
Transforming sqlite-2.4.0.aar (androidx.sqlite:sqlite:2.4.0) with ExtractAarTransform
Transforming sqlite-2.4.0.aar (androidx.sqlite:sqlite:2.4.0) with AarTransform
Transforming datastore-1.0.0.aar (androidx.datastore:datastore:1.0.0) with JetifyTransform
Transforming datastore-1.0.0.aar (androidx.datastore:datastore:1.0.0) with ExtractAarTransform
Transforming datastore-1.0.0.aar (androidx.datastore:datastore:1.0.0) with AarTransform
Transforming runtime-saveable-release.aar (androidx.compose.runtime:runtime-saveable-android:1.5.4) with JetifyTransform
Transforming runtime-saveable-release.aar (androidx.compose.runtime:runtime-saveable-android:1.5.4) with ExtractAarTransform
Transforming runtime-saveable-release.aar (androidx.compose.runtime:runtime-saveable-android:1.5.4) with AarTransform
Transforming runtime-release.aar (androidx.compose.runtime:runtime-android:1.5.4) with JetifyTransform
Transforming runtime-release.aar (androidx.compose.runtime:runtime-android:1.5.4) with ExtractAarTransform
Transforming runtime-release.aar (androidx.compose.runtime:runtime-android:1.5.4) with AarTransform
Transforming annotation-experimental-1.3.0.aar (androidx.annotation:annotation-experimental:1.3.0) with JetifyTransform
Transforming annotation-experimental-1.3.0.aar (androidx.annotation:annotation-experimental:1.3.0) with ExtractAarTransform
Transforming annotation-experimental-1.3.0.aar (androidx.annotation:annotation-experimental:1.3.0) with AarTransform
Transforming core-runtime-2.2.0.aar (androidx.arch.core:core-runtime:2.2.0) with JetifyTransform
Transforming core-runtime-2.2.0.aar (androidx.arch.core:core-runtime:2.2.0) with ExtractAarTransform
Transforming core-runtime-2.2.0.aar (androidx.arch.core:core-runtime:2.2.0) with AarTransform
Transforming interpolator-1.0.0.aar (androidx.interpolator:interpolator:1.0.0) with JetifyTransform
Transforming interpolator-1.0.0.aar (androidx.interpolator:interpolator:1.0.0) with ExtractAarTransform
Transforming interpolator-1.0.0.aar (androidx.interpolator:interpolator:1.0.0) with AarTransform
Transforming interpolator-1.0.0.aar (androidx.interpolator:interpolator:1.0.0) with JetifyTransform
Transforming interpolator-1.0.0.aar (androidx.interpolator:interpolator:1.0.0) with ExtractAarTransform
Transforming interpolator-1.0.0.aar (androidx.interpolator:interpolator:1.0.0) with AarTransform
Transforming versionedparcelable-1.1.1.aar (androidx.versionedparcelable:versionedparcelable:1.1.1) with JetifyTransform
Transforming versionedparcelable-1.1.1.aar (androidx.versionedparcelable:versionedparcelable:1.1.1) with ExtractAarTransform
Transforming versionedparcelable-1.1.1.aar (androidx.versionedparcelable:versionedparcelable:1.1.1) with AarTransform
Transforming profileinstaller-1.3.1.aar (androidx.profileinstaller:profileinstaller:1.3.1) with JetifyTransform
Transforming profileinstaller-1.3.1.aar (androidx.profileinstaller:profileinstaller:1.3.1) with ExtractAarTransform
Transforming profileinstaller-1.3.1.aar (androidx.profileinstaller:profileinstaller:1.3.1) with AarTransform
Transforming startup-runtime-1.1.1.aar (androidx.startup:startup-runtime:1.1.1) with JetifyTransform
Transforming startup-runtime-1.1.1.aar (androidx.startup:startup-runtime:1.1.1) with ExtractAarTransform
Transforming startup-runtime-1.1.1.aar (androidx.startup:startup-runtime:1.1.1) with AarTransform
Transforming tracing-1.0.0.aar (androidx.tracing:tracing:1.0.0) with JetifyTransform
Transforming tracing-1.0.0.aar (androidx.tracing:tracing:1.0.0) with ExtractAarTransform
Transforming tracing-1.0.0.aar (androidx.tracing:tracing:1.0.0) with AarTransform
Transforming exifinterface-1.3.6.aar (androidx.exifinterface:exifinterface:1.3.6) with JetifyTransform
Transforming exifinterface-1.3.6.aar (androidx.exifinterface:exifinterface:1.3.6) with ExtractAarTransform
Transforming exifinterface-1.3.6.aar (androidx.exifinterface:exifinterface:1.3.6) with AarTransform
Transforming dagger-lint-aar-2.48.1.aar (com.google.dagger:dagger-lint-aar:2.48.1) with JetifyTransform
Transforming dagger-lint-aar-2.48.1.aar (com.google.dagger:dagger-lint-aar:2.48.1) with ExtractAarTransform
Transforming dagger-lint-aar-2.48.1.aar (com.google.dagger:dagger-lint-aar:2.48.1) with AarTransform
Caching disabled for task ':app:mergeDebugAssets' because:
  Build cache is disabled
Skipping task ':app:mergeDebugAssets' as it is up-to-date.
Resolve mutations for :app:compressDebugAssets (Thread[Execution worker Thread 19,5,main]) started.
:app:compressDebugAssets (Thread[included builds,5,main]) started.

> Task :app:compressDebugAssets UP-TO-DATE
Caching disabled for task ':app:compressDebugAssets' because:
  Build cache is disabled
Skipping task ':app:compressDebugAssets' as it is up-to-date.
Resolve mutations for :app:desugarDebugFileDependencies (Thread[included builds,5,main]) started.
:app:desugarDebugFileDependencies (Thread[included builds,5,main]) started.

> Task :app:desugarDebugFileDependencies UP-TO-DATE
Caching disabled for task ':app:desugarDebugFileDependencies' because:
  Build cache is disabled
Skipping task ':app:desugarDebugFileDependencies' as it is up-to-date.
Resolve mutations for :app:hiltAggregateDepsDebug (Thread[included builds,5,main]) started.
:app:hiltAggregateDepsDebug (Thread[Execution worker Thread 3,5,main]) started.

> Task :app:hiltAggregateDepsDebug UP-TO-DATE
Transforming hilt-work-1.1.0.aar (androidx.hilt:hilt-work:1.1.0) with JetifyTransform
Transforming hilt-work-1.1.0.aar (androidx.hilt:hilt-work:1.1.0) with AarToClassTransform
Transforming hilt-work-1.1.0.aar (androidx.hilt:hilt-work:1.1.0) with IdentityTransform
Transforming hilt-work-1.1.0.aar (androidx.hilt:hilt-work:1.1.0) with CopyTransform
Transforming hilt-work-1.1.0.aar (androidx.hilt:hilt-work:1.1.0) with AggregatedPackagesTransform
Transforming work-runtime-ktx-2.9.0.aar (androidx.work:work-runtime-ktx:2.9.0) with JetifyTransform
Transforming work-runtime-ktx-2.9.0.aar (androidx.work:work-runtime-ktx:2.9.0) with AarToClassTransform
Transforming work-runtime-ktx-2.9.0.aar (androidx.work:work-runtime-ktx:2.9.0) with IdentityTransform
Transforming work-runtime-ktx-2.9.0.aar (androidx.work:work-runtime-ktx:2.9.0) with CopyTransform
Transforming work-runtime-ktx-2.9.0.aar (androidx.work:work-runtime-ktx:2.9.0) with AggregatedPackagesTransform
Transforming work-runtime-2.9.0.aar (androidx.work:work-runtime:2.9.0) with JetifyTransform
Transforming work-runtime-2.9.0.aar (androidx.work:work-runtime:2.9.0) with AarToClassTransform
Transforming work-runtime-2.9.0.aar (androidx.work:work-runtime:2.9.0) with IdentityTransform
Transforming work-runtime-2.9.0.aar (androidx.work:work-runtime:2.9.0) with CopyTransform
Transforming work-runtime-2.9.0.aar (androidx.work:work-runtime:2.9.0) with AggregatedPackagesTransform
Transforming hilt-navigation-compose-1.1.0.aar (androidx.hilt:hilt-navigation-compose:1.1.0) with JetifyTransform
Transforming hilt-navigation-compose-1.1.0.aar (androidx.hilt:hilt-navigation-compose:1.1.0) with AarToClassTransform
Transforming hilt-navigation-compose-1.1.0.aar (androidx.hilt:hilt-navigation-compose:1.1.0) with IdentityTransform
Transforming hilt-navigation-compose-1.1.0.aar (androidx.hilt:hilt-navigation-compose:1.1.0) with CopyTransform
Transforming hilt-navigation-compose-1.1.0.aar (androidx.hilt:hilt-navigation-compose:1.1.0) with AggregatedPackagesTransform
Transforming hilt-navigation-1.1.0.aar (androidx.hilt:hilt-navigation:1.1.0) with JetifyTransform
Transforming hilt-navigation-1.1.0.aar (androidx.hilt:hilt-navigation:1.1.0) with AarToClassTransform
Transforming hilt-navigation-1.1.0.aar (androidx.hilt:hilt-navigation:1.1.0) with IdentityTransform
Transforming hilt-navigation-1.1.0.aar (androidx.hilt:hilt-navigation:1.1.0) with CopyTransform
Transforming hilt-navigation-1.1.0.aar (androidx.hilt:hilt-navigation:1.1.0) with AggregatedPackagesTransform
Transforming navigation-common-2.7.6.aar (androidx.navigation:navigation-common:2.7.6) with JetifyTransform
Transforming navigation-common-2.7.6.aar (androidx.navigation:navigation-common:2.7.6) with AarToClassTransform
Transforming navigation-common-2.7.6.aar (androidx.navigation:navigation-common:2.7.6) with IdentityTransform
Transforming navigation-common-2.7.6.aar (androidx.navigation:navigation-common:2.7.6) with CopyTransform
Transforming navigation-common-2.7.6.aar (androidx.navigation:navigation-common:2.7.6) with AggregatedPackagesTransform
Transforming navigation-runtime-2.7.6.aar (androidx.navigation:navigation-runtime:2.7.6) with JetifyTransform
Transforming navigation-runtime-2.7.6.aar (androidx.navigation:navigation-runtime:2.7.6) with AarToClassTransform
Transforming navigation-runtime-2.7.6.aar (androidx.navigation:navigation-runtime:2.7.6) with IdentityTransform
Transforming navigation-runtime-2.7.6.aar (androidx.navigation:navigation-runtime:2.7.6) with CopyTransform
Transforming navigation-runtime-2.7.6.aar (androidx.navigation:navigation-runtime:2.7.6) with AggregatedPackagesTransform
Transforming navigation-common-ktx-2.7.6.aar (androidx.navigation:navigation-common-ktx:2.7.6) with JetifyTransform
Transforming navigation-common-ktx-2.7.6.aar (androidx.navigation:navigation-common-ktx:2.7.6) with AarToClassTransform
Transforming navigation-common-ktx-2.7.6.aar (androidx.navigation:navigation-common-ktx:2.7.6) with IdentityTransform
Transforming navigation-common-ktx-2.7.6.aar (androidx.navigation:navigation-common-ktx:2.7.6) with CopyTransform
Transforming navigation-common-ktx-2.7.6.aar (androidx.navigation:navigation-common-ktx:2.7.6) with AggregatedPackagesTransform
Transforming navigation-runtime-ktx-2.7.6.aar (androidx.navigation:navigation-runtime-ktx:2.7.6) with JetifyTransform
Transforming navigation-runtime-ktx-2.7.6.aar (androidx.navigation:navigation-runtime-ktx:2.7.6) with AarToClassTransform
Transforming navigation-runtime-ktx-2.7.6.aar (androidx.navigation:navigation-runtime-ktx:2.7.6) with IdentityTransform
Transforming navigation-runtime-ktx-2.7.6.aar (androidx.navigation:navigation-runtime-ktx:2.7.6) with CopyTransform
Transforming navigation-runtime-ktx-2.7.6.aar (androidx.navigation:navigation-runtime-ktx:2.7.6) with AggregatedPackagesTransform
Transforming navigation-compose-2.7.6.aar (androidx.navigation:navigation-compose:2.7.6) with JetifyTransform
Transforming navigation-compose-2.7.6.aar (androidx.navigation:navigation-compose:2.7.6) with AarToClassTransform
Transforming navigation-compose-2.7.6.aar (androidx.navigation:navigation-compose:2.7.6) with IdentityTransform
Transforming navigation-compose-2.7.6.aar (androidx.navigation:navigation-compose:2.7.6) with CopyTransform
Transforming navigation-compose-2.7.6.aar (androidx.navigation:navigation-compose:2.7.6) with AggregatedPackagesTransform
Transforming material3-1.1.2.aar (androidx.compose.material3:material3:1.1.2) with JetifyTransform
Transforming material3-1.1.2.aar (androidx.compose.material3:material3:1.1.2) with AarToClassTransform
Transforming material3-1.1.2.aar (androidx.compose.material3:material3:1.1.2) with IdentityTransform
Transforming material3-1.1.2.aar (androidx.compose.material3:material3:1.1.2) with CopyTransform
Transforming material3-1.1.2.aar (androidx.compose.material3:material3:1.1.2) with AggregatedPackagesTransform
Transforming coil-compose-2.5.0.aar (io.coil-kt:coil-compose:2.5.0) with JetifyTransform
Transforming coil-compose-2.5.0.aar (io.coil-kt:coil-compose:2.5.0) with AarToClassTransform
Transforming coil-compose-2.5.0.aar (io.coil-kt:coil-compose:2.5.0) with IdentityTransform
Transforming coil-compose-2.5.0.aar (io.coil-kt:coil-compose:2.5.0) with CopyTransform
Transforming coil-compose-2.5.0.aar (io.coil-kt:coil-compose:2.5.0) with AggregatedPackagesTransform
Transforming coil-compose-base-2.5.0.aar (io.coil-kt:coil-compose-base:2.5.0) with JetifyTransform
Transforming coil-compose-base-2.5.0.aar (io.coil-kt:coil-compose-base:2.5.0) with AarToClassTransform
Transforming coil-compose-base-2.5.0.aar (io.coil-kt:coil-compose-base:2.5.0) with IdentityTransform
Transforming coil-compose-base-2.5.0.aar (io.coil-kt:coil-compose-base:2.5.0) with CopyTransform
Transforming coil-compose-base-2.5.0.aar (io.coil-kt:coil-compose-base:2.5.0) with AggregatedPackagesTransform
Transforming material-ripple-release.aar (androidx.compose.material:material-ripple-android:1.5.4) with JetifyTransform
Transforming material-ripple-release.aar (androidx.compose.material:material-ripple-android:1.5.4) with AarToClassTransform
Transforming material-ripple-release.aar (androidx.compose.material:material-ripple-android:1.5.4) with IdentityTransform
Transforming material-ripple-release.aar (androidx.compose.material:material-ripple-android:1.5.4) with CopyTransform
Transforming material-ripple-release.aar (androidx.compose.material:material-ripple-android:1.5.4) with AggregatedPackagesTransform
Transforming material-icons-core-release.aar (androidx.compose.material:material-icons-core-android:1.5.4) with JetifyTransform
Transforming material-icons-core-release.aar (androidx.compose.material:material-icons-core-android:1.5.4) with AarToClassTransform
Transforming material-icons-core-release.aar (androidx.compose.material:material-icons-core-android:1.5.4) with IdentityTransform
Transforming material-icons-core-release.aar (androidx.compose.material:material-icons-core-android:1.5.4) with CopyTransform
Transforming material-icons-core-release.aar (androidx.compose.material:material-icons-core-android:1.5.4) with AggregatedPackagesTransform
Transforming material-icons-extended-release.aar (androidx.compose.material:material-icons-extended-android:1.5.4) with JetifyTransform
Transforming material-icons-extended-release.aar (androidx.compose.material:material-icons-extended-android:1.5.4) with AarToClassTransform
Transforming material-icons-extended-release.aar (androidx.compose.material:material-icons-extended-android:1.5.4) with IdentityTransform
Transforming material-icons-extended-release.aar (androidx.compose.material:material-icons-extended-android:1.5.4) with CopyTransform
Transforming material-icons-extended-release.aar (androidx.compose.material:material-icons-extended-android:1.5.4) with AggregatedPackagesTransform
Transforming material-release.aar (androidx.compose.material:material-android:1.5.4) with JetifyTransform
Transforming material-release.aar (androidx.compose.material:material-android:1.5.4) with AarToClassTransform
Transforming material-release.aar (androidx.compose.material:material-android:1.5.4) with IdentityTransform
Transforming material-release.aar (androidx.compose.material:material-android:1.5.4) with CopyTransform
Transforming material-release.aar (androidx.compose.material:material-android:1.5.4) with AggregatedPackagesTransform
Transforming animation-core-release.aar (androidx.compose.animation:animation-core-android:1.5.4) with JetifyTransform
Transforming animation-core-release.aar (androidx.compose.animation:animation-core-android:1.5.4) with AarToClassTransform
Transforming animation-core-release.aar (androidx.compose.animation:animation-core-android:1.5.4) with IdentityTransform
Transforming animation-core-release.aar (androidx.compose.animation:animation-core-android:1.5.4) with CopyTransform
Transforming animation-core-release.aar (androidx.compose.animation:animation-core-android:1.5.4) with AggregatedPackagesTransform
Transforming animation-release.aar (androidx.compose.animation:animation-android:1.5.4) with JetifyTransform
Transforming animation-release.aar (androidx.compose.animation:animation-android:1.5.4) with AarToClassTransform
Transforming animation-release.aar (androidx.compose.animation:animation-android:1.5.4) with IdentityTransform
Transforming animation-release.aar (androidx.compose.animation:animation-android:1.5.4) with CopyTransform
Transforming animation-release.aar (androidx.compose.animation:animation-android:1.5.4) with AggregatedPackagesTransform
Transforming foundation-layout-release.aar (androidx.compose.foundation:foundation-layout-android:1.5.4) with JetifyTransform
Transforming foundation-layout-release.aar (androidx.compose.foundation:foundation-layout-android:1.5.4) with AarToClassTransform
Transforming foundation-layout-release.aar (androidx.compose.foundation:foundation-layout-android:1.5.4) with IdentityTransform
Transforming foundation-layout-release.aar (androidx.compose.foundation:foundation-layout-android:1.5.4) with CopyTransform
Transforming foundation-layout-release.aar (androidx.compose.foundation:foundation-layout-android:1.5.4) with AggregatedPackagesTransform
Transforming foundation-release.aar (androidx.compose.foundation:foundation-android:1.5.4) with JetifyTransform
Transforming foundation-release.aar (androidx.compose.foundation:foundation-android:1.5.4) with AarToClassTransform
Transforming foundation-release.aar (androidx.compose.foundation:foundation-android:1.5.4) with IdentityTransform
Transforming foundation-release.aar (androidx.compose.foundation:foundation-android:1.5.4) with CopyTransform
Transforming foundation-release.aar (androidx.compose.foundation:foundation-android:1.5.4) with AggregatedPackagesTransform
Transforming ui-tooling-data-release.aar (androidx.compose.ui:ui-tooling-data-android:1.5.4) with JetifyTransform
Transforming ui-tooling-data-release.aar (androidx.compose.ui:ui-tooling-data-android:1.5.4) with AarToClassTransform
Transforming ui-tooling-data-release.aar (androidx.compose.ui:ui-tooling-data-android:1.5.4) with IdentityTransform
Transforming ui-tooling-data-release.aar (androidx.compose.ui:ui-tooling-data-android:1.5.4) with CopyTransform
Transforming ui-tooling-data-release.aar (androidx.compose.ui:ui-tooling-data-android:1.5.4) with AggregatedPackagesTransform
Transforming ui-unit-release.aar (androidx.compose.ui:ui-unit-android:1.5.4) with JetifyTransform
Transforming ui-unit-release.aar (androidx.compose.ui:ui-unit-android:1.5.4) with AarToClassTransform
Transforming ui-unit-release.aar (androidx.compose.ui:ui-unit-android:1.5.4) with IdentityTransform
Transforming ui-unit-release.aar (androidx.compose.ui:ui-unit-android:1.5.4) with CopyTransform
Transforming ui-unit-release.aar (androidx.compose.ui:ui-unit-android:1.5.4) with AggregatedPackagesTransform
Transforming ui-geometry-release.aar (androidx.compose.ui:ui-geometry-android:1.5.4) with JetifyTransform
Transforming ui-geometry-release.aar (androidx.compose.ui:ui-geometry-android:1.5.4) with AarToClassTransform
Transforming ui-geometry-release.aar (androidx.compose.ui:ui-geometry-android:1.5.4) with IdentityTransform
Transforming ui-geometry-release.aar (androidx.compose.ui:ui-geometry-android:1.5.4) with CopyTransform
Transforming ui-geometry-release.aar (androidx.compose.ui:ui-geometry-android:1.5.4) with AggregatedPackagesTransform
Transforming ui-util-release.aar (androidx.compose.ui:ui-util-android:1.5.4) with JetifyTransform
Transforming ui-util-release.aar (androidx.compose.ui:ui-util-android:1.5.4) with AarToClassTransform
Transforming ui-util-release.aar (androidx.compose.ui:ui-util-android:1.5.4) with IdentityTransform
Transforming ui-util-release.aar (androidx.compose.ui:ui-util-android:1.5.4) with CopyTransform
Transforming ui-util-release.aar (androidx.compose.ui:ui-util-android:1.5.4) with AggregatedPackagesTransform
Transforming ui-text-release.aar (androidx.compose.ui:ui-text-android:1.5.4) with JetifyTransform
Transforming ui-text-release.aar (androidx.compose.ui:ui-text-android:1.5.4) with AarToClassTransform
Transforming ui-text-release.aar (androidx.compose.ui:ui-text-android:1.5.4) with IdentityTransform
Transforming ui-text-release.aar (androidx.compose.ui:ui-text-android:1.5.4) with CopyTransform
Transforming ui-text-release.aar (androidx.compose.ui:ui-text-android:1.5.4) with AggregatedPackagesTransform
Transforming ui-tooling-preview-release.aar (androidx.compose.ui:ui-tooling-preview-android:1.5.4) with JetifyTransform
Transforming ui-tooling-preview-release.aar (androidx.compose.ui:ui-tooling-preview-android:1.5.4) with AarToClassTransform
Transforming ui-tooling-preview-release.aar (androidx.compose.ui:ui-tooling-preview-android:1.5.4) with IdentityTransform
Transforming ui-tooling-preview-release.aar (androidx.compose.ui:ui-tooling-preview-android:1.5.4) with CopyTransform
Transforming ui-tooling-preview-release.aar (androidx.compose.ui:ui-tooling-preview-android:1.5.4) with AggregatedPackagesTransform
Transforming ui-tooling-release.aar (androidx.compose.ui:ui-tooling-android:1.5.4) with JetifyTransform
Transforming ui-tooling-release.aar (androidx.compose.ui:ui-tooling-android:1.5.4) with AarToClassTransform
Transforming ui-tooling-release.aar (androidx.compose.ui:ui-tooling-android:1.5.4) with IdentityTransform
Transforming ui-tooling-release.aar (androidx.compose.ui:ui-tooling-android:1.5.4) with CopyTransform
Transforming ui-tooling-release.aar (androidx.compose.ui:ui-tooling-android:1.5.4) with AggregatedPackagesTransform
Transforming ui-graphics-release.aar (androidx.compose.ui:ui-graphics-android:1.5.4) with JetifyTransform
Transforming ui-graphics-release.aar (androidx.compose.ui:ui-graphics-android:1.5.4) with AarToClassTransform
Transforming ui-graphics-release.aar (androidx.compose.ui:ui-graphics-android:1.5.4) with IdentityTransform
Transforming ui-graphics-release.aar (androidx.compose.ui:ui-graphics-android:1.5.4) with CopyTransform
Transforming ui-graphics-release.aar (androidx.compose.ui:ui-graphics-android:1.5.4) with AggregatedPackagesTransform
Transforming ui-test-manifest-1.5.4.aar (androidx.compose.ui:ui-test-manifest:1.5.4) with JetifyTransform
Transforming ui-test-manifest-1.5.4.aar (androidx.compose.ui:ui-test-manifest:1.5.4) with AarToClassTransform
Transforming ui-test-manifest-1.5.4.aar (androidx.compose.ui:ui-test-manifest:1.5.4) with IdentityTransform
Transforming ui-test-manifest-1.5.4.aar (androidx.compose.ui:ui-test-manifest:1.5.4) with CopyTransform
Transforming ui-test-manifest-1.5.4.aar (androidx.compose.ui:ui-test-manifest:1.5.4) with AggregatedPackagesTransform
Transforming hilt-android-2.48.1.aar (com.google.dagger:hilt-android:2.48.1) with JetifyTransform
Transforming hilt-android-2.48.1.aar (com.google.dagger:hilt-android:2.48.1) with AarToClassTransform
Transforming hilt-android-2.48.1.aar (com.google.dagger:hilt-android:2.48.1) with IdentityTransform
Transforming hilt-android-2.48.1.aar (com.google.dagger:hilt-android:2.48.1) with CopyTransform
Transforming hilt-android-2.48.1.aar (com.google.dagger:hilt-android:2.48.1) with AggregatedPackagesTransform
Transforming fragment-1.5.1.aar (androidx.fragment:fragment:1.5.1) with JetifyTransform
Transforming fragment-1.5.1.aar (androidx.fragment:fragment:1.5.1) with AarToClassTransform
Transforming fragment-1.5.1.aar (androidx.fragment:fragment:1.5.1) with IdentityTransform
Transforming fragment-1.5.1.aar (androidx.fragment:fragment:1.5.1) with CopyTransform
Transforming fragment-1.5.1.aar (androidx.fragment:fragment:1.5.1) with AggregatedPackagesTransform
Transforming activity-1.8.2.aar (androidx.activity:activity:1.8.2) with JetifyTransform
Transforming activity-1.8.2.aar (androidx.activity:activity:1.8.2) with AarToClassTransform
Transforming activity-1.8.2.aar (androidx.activity:activity:1.8.2) with IdentityTransform
Transforming activity-1.8.2.aar (androidx.activity:activity:1.8.2) with CopyTransform
Transforming activity-1.8.2.aar (androidx.activity:activity:1.8.2) with AggregatedPackagesTransform
Transforming activity-ktx-1.8.2.aar (androidx.activity:activity-ktx:1.8.2) with JetifyTransform
Transforming activity-ktx-1.8.2.aar (androidx.activity:activity-ktx:1.8.2) with AarToClassTransform
Transforming activity-ktx-1.8.2.aar (androidx.activity:activity-ktx:1.8.2) with IdentityTransform
Transforming activity-ktx-1.8.2.aar (androidx.activity:activity-ktx:1.8.2) with CopyTransform
Transforming activity-ktx-1.8.2.aar (androidx.activity:activity-ktx:1.8.2) with AggregatedPackagesTransform
Transforming activity-compose-1.8.2.aar (androidx.activity:activity-compose:1.8.2) with JetifyTransform
Transforming activity-compose-1.8.2.aar (androidx.activity:activity-compose:1.8.2) with AarToClassTransform
Transforming activity-compose-1.8.2.aar (androidx.activity:activity-compose:1.8.2) with IdentityTransform
Transforming activity-compose-1.8.2.aar (androidx.activity:activity-compose:1.8.2) with CopyTransform
Transforming activity-compose-1.8.2.aar (androidx.activity:activity-compose:1.8.2) with AggregatedPackagesTransform
Transforming savedstate-ktx-1.2.1.aar (androidx.savedstate:savedstate-ktx:1.2.1) with JetifyTransform
Transforming savedstate-ktx-1.2.1.aar (androidx.savedstate:savedstate-ktx:1.2.1) with AarToClassTransform
Transforming savedstate-ktx-1.2.1.aar (androidx.savedstate:savedstate-ktx:1.2.1) with IdentityTransform
Transforming savedstate-ktx-1.2.1.aar (androidx.savedstate:savedstate-ktx:1.2.1) with CopyTransform
Transforming savedstate-ktx-1.2.1.aar (androidx.savedstate:savedstate-ktx:1.2.1) with AggregatedPackagesTransform
Transforming savedstate-1.2.1.aar (androidx.savedstate:savedstate:1.2.1) with JetifyTransform
Transforming savedstate-1.2.1.aar (androidx.savedstate:savedstate:1.2.1) with AarToClassTransform
Transforming savedstate-1.2.1.aar (androidx.savedstate:savedstate:1.2.1) with IdentityTransform
Transforming savedstate-1.2.1.aar (androidx.savedstate:savedstate:1.2.1) with CopyTransform
Transforming savedstate-1.2.1.aar (androidx.savedstate:savedstate:1.2.1) with AggregatedPackagesTransform
Transforming loader-1.0.0.aar (androidx.loader:loader:1.0.0) with JetifyTransform
Transforming loader-1.0.0.aar (androidx.loader:loader:1.0.0) with AarToClassTransform
Transforming loader-1.0.0.aar (androidx.loader:loader:1.0.0) with IdentityTransform
Transforming loader-1.0.0.aar (androidx.loader:loader:1.0.0) with CopyTransform
Transforming loader-1.0.0.aar (androidx.loader:loader:1.0.0) with AggregatedPackagesTransform
Transforming emoji2-1.4.0.aar (androidx.emoji2:emoji2:1.4.0) with JetifyTransform
Transforming emoji2-1.4.0.aar (androidx.emoji2:emoji2:1.4.0) with AarToClassTransform
Transforming emoji2-1.4.0.aar (androidx.emoji2:emoji2:1.4.0) with IdentityTransform
Transforming emoji2-1.4.0.aar (androidx.emoji2:emoji2:1.4.0) with CopyTransform
Transforming emoji2-1.4.0.aar (androidx.emoji2:emoji2:1.4.0) with AggregatedPackagesTransform
Transforming lifecycle-process-2.6.2.aar (androidx.lifecycle:lifecycle-process:2.6.2) with JetifyTransform
Transforming lifecycle-process-2.6.2.aar (androidx.lifecycle:lifecycle-process:2.6.2) with AarToClassTransform
Transforming lifecycle-process-2.6.2.aar (androidx.lifecycle:lifecycle-process:2.6.2) with IdentityTransform
Transforming lifecycle-process-2.6.2.aar (androidx.lifecycle:lifecycle-process:2.6.2) with CopyTransform
Transforming lifecycle-process-2.6.2.aar (androidx.lifecycle:lifecycle-process:2.6.2) with AggregatedPackagesTransform
Transforming lifecycle-service-2.6.2.aar (androidx.lifecycle:lifecycle-service:2.6.2) with JetifyTransform
Transforming lifecycle-service-2.6.2.aar (androidx.lifecycle:lifecycle-service:2.6.2) with AarToClassTransform
Transforming lifecycle-service-2.6.2.aar (androidx.lifecycle:lifecycle-service:2.6.2) with IdentityTransform
Transforming lifecycle-service-2.6.2.aar (androidx.lifecycle:lifecycle-service:2.6.2) with CopyTransform
Transforming lifecycle-service-2.6.2.aar (androidx.lifecycle:lifecycle-service:2.6.2) with AggregatedPackagesTransform
Transforming lifecycle-livedata-2.6.2.aar (androidx.lifecycle:lifecycle-livedata:2.6.2) with JetifyTransform
Transforming lifecycle-livedata-2.6.2.aar (androidx.lifecycle:lifecycle-livedata:2.6.2) with AarToClassTransform
Transforming lifecycle-livedata-2.6.2.aar (androidx.lifecycle:lifecycle-livedata:2.6.2) with IdentityTransform
Transforming lifecycle-livedata-2.6.2.aar (androidx.lifecycle:lifecycle-livedata:2.6.2) with CopyTransform
Transforming lifecycle-livedata-2.6.2.aar (androidx.lifecycle:lifecycle-livedata:2.6.2) with AggregatedPackagesTransform
Transforming lifecycle-livedata-2.6.2.aar (androidx.lifecycle:lifecycle-livedata:2.6.2) with JetifyTransform
Transforming lifecycle-livedata-2.6.2.aar (androidx.lifecycle:lifecycle-livedata:2.6.2) with AarToClassTransform
Transforming lifecycle-livedata-2.6.2.aar (androidx.lifecycle:lifecycle-livedata:2.6.2) with IdentityTransform
Transforming lifecycle-livedata-2.6.2.aar (androidx.lifecycle:lifecycle-livedata:2.6.2) with CopyTransform
Transforming lifecycle-livedata-2.6.2.aar (androidx.lifecycle:lifecycle-livedata:2.6.2) with AggregatedPackagesTransform
Transforming lifecycle-livedata-core-2.6.2.aar (androidx.lifecycle:lifecycle-livedata-core:2.6.2) with JetifyTransform
Transforming lifecycle-livedata-core-2.6.2.aar (androidx.lifecycle:lifecycle-livedata-core:2.6.2) with AarToClassTransform
Transforming lifecycle-livedata-core-2.6.2.aar (androidx.lifecycle:lifecycle-livedata-core:2.6.2) with IdentityTransform
Transforming lifecycle-livedata-core-2.6.2.aar (androidx.lifecycle:lifecycle-livedata-core:2.6.2) with CopyTransform
Transforming lifecycle-livedata-core-2.6.2.aar (androidx.lifecycle:lifecycle-livedata-core:2.6.2) with AggregatedPackagesTransform
Transforming lifecycle-common-2.6.2.jar (androidx.lifecycle:lifecycle-common:2.6.2) with JetifyTransform
Transforming lifecycle-common-2.6.2.jar (androidx.lifecycle:lifecycle-common:2.6.2) with IdentityTransform
Transforming lifecycle-common-2.6.2.jar (androidx.lifecycle:lifecycle-common:2.6.2) with IdentityTransform
Transforming lifecycle-common-2.6.2.jar (androidx.lifecycle:lifecycle-common:2.6.2) with CopyTransform
Transforming lifecycle-common-2.6.2.jar (androidx.lifecycle:lifecycle-common:2.6.2) with AggregatedPackagesTransform
Transforming lifecycle-viewmodel-savedstate-2.6.2.aar (androidx.lifecycle:lifecycle-viewmodel-savedstate:2.6.2) with JetifyTransform
Transforming lifecycle-viewmodel-savedstate-2.6.2.aar (androidx.lifecycle:lifecycle-viewmodel-savedstate:2.6.2) with AarToClassTransform
Transforming lifecycle-viewmodel-savedstate-2.6.2.aar (androidx.lifecycle:lifecycle-viewmodel-savedstate:2.6.2) with IdentityTransform
Transforming lifecycle-viewmodel-savedstate-2.6.2.aar (androidx.lifecycle:lifecycle-viewmodel-savedstate:2.6.2) with CopyTransform
Transforming lifecycle-viewmodel-savedstate-2.6.2.aar (androidx.lifecycle:lifecycle-viewmodel-savedstate:2.6.2) with AggregatedPackagesTransform
Transforming lifecycle-viewmodel-ktx-2.6.2.aar (androidx.lifecycle:lifecycle-viewmodel-ktx:2.6.2) with JetifyTransform
Transforming lifecycle-viewmodel-ktx-2.6.2.aar (androidx.lifecycle:lifecycle-viewmodel-ktx:2.6.2) with AarToClassTransform
Transforming lifecycle-viewmodel-ktx-2.6.2.aar (androidx.lifecycle:lifecycle-viewmodel-ktx:2.6.2) with IdentityTransform
Transforming lifecycle-viewmodel-ktx-2.6.2.aar (androidx.lifecycle:lifecycle-viewmodel-ktx:2.6.2) with CopyTransform
Transforming lifecycle-viewmodel-ktx-2.6.2.aar (androidx.lifecycle:lifecycle-viewmodel-ktx:2.6.2) with AggregatedPackagesTransform
Transforming lifecycle-common-java8-2.6.2.jar (androidx.lifecycle:lifecycle-common-java8:2.6.2) with JetifyTransform
Transforming lifecycle-common-java8-2.6.2.jar (androidx.lifecycle:lifecycle-common-java8:2.6.2) with IdentityTransform
Transforming lifecycle-common-java8-2.6.2.jar (androidx.lifecycle:lifecycle-common-java8:2.6.2) with IdentityTransform
Transforming lifecycle-common-java8-2.6.2.jar (androidx.lifecycle:lifecycle-common-java8:2.6.2) with CopyTransform
Transforming lifecycle-common-java8-2.6.2.jar (androidx.lifecycle:lifecycle-common-java8:2.6.2) with AggregatedPackagesTransform
Transforming lifecycle-viewmodel-2.6.2.aar (androidx.lifecycle:lifecycle-viewmodel:2.6.2) with JetifyTransform
Transforming lifecycle-viewmodel-2.6.2.aar (androidx.lifecycle:lifecycle-viewmodel:2.6.2) with AarToClassTransform
Transforming lifecycle-viewmodel-2.6.2.aar (androidx.lifecycle:lifecycle-viewmodel:2.6.2) with IdentityTransform
Transforming lifecycle-viewmodel-2.6.2.aar (androidx.lifecycle:lifecycle-viewmodel:2.6.2) with CopyTransform
Transforming lifecycle-viewmodel-2.6.2.aar (androidx.lifecycle:lifecycle-viewmodel:2.6.2) with AggregatedPackagesTransform
Transforming lifecycle-viewmodel-2.6.2.aar (androidx.lifecycle:lifecycle-viewmodel:2.6.2) with JetifyTransform
Transforming lifecycle-viewmodel-2.6.2.aar (androidx.lifecycle:lifecycle-viewmodel:2.6.2) with AarToClassTransform
Transforming lifecycle-viewmodel-2.6.2.aar (androidx.lifecycle:lifecycle-viewmodel:2.6.2) with IdentityTransform
Transforming lifecycle-viewmodel-2.6.2.aar (androidx.lifecycle:lifecycle-viewmodel:2.6.2) with CopyTransform
Transforming lifecycle-viewmodel-2.6.2.aar (androidx.lifecycle:lifecycle-viewmodel:2.6.2) with AggregatedPackagesTransform
Transforming coil-2.5.0.aar (io.coil-kt:coil:2.5.0) with JetifyTransform
Transforming coil-2.5.0.aar (io.coil-kt:coil:2.5.0) with AarToClassTransform
Transforming coil-2.5.0.aar (io.coil-kt:coil:2.5.0) with IdentityTransform
Transforming coil-2.5.0.aar (io.coil-kt:coil:2.5.0) with CopyTransform
Transforming coil-2.5.0.aar (io.coil-kt:coil:2.5.0) with AggregatedPackagesTransform
Transforming coil-base-2.5.0.aar (io.coil-kt:coil-base:2.5.0) with JetifyTransform
Transforming coil-base-2.5.0.aar (io.coil-kt:coil-base:2.5.0) with AarToClassTransform
Transforming coil-base-2.5.0.aar (io.coil-kt:coil-base:2.5.0) with IdentityTransform
Transforming coil-base-2.5.0.aar (io.coil-kt:coil-base:2.5.0) with CopyTransform
Transforming coil-base-2.5.0.aar (io.coil-kt:coil-base:2.5.0) with AggregatedPackagesTransform
Transforming lifecycle-runtime-2.6.2.aar (androidx.lifecycle:lifecycle-runtime:2.6.2) with JetifyTransform
Transforming lifecycle-runtime-2.6.2.aar (androidx.lifecycle:lifecycle-runtime:2.6.2) with AarToClassTransform
Transforming lifecycle-runtime-2.6.2.aar (androidx.lifecycle:lifecycle-runtime:2.6.2) with IdentityTransform
Transforming lifecycle-runtime-2.6.2.aar (androidx.lifecycle:lifecycle-runtime:2.6.2) with CopyTransform
Transforming lifecycle-runtime-2.6.2.aar (androidx.lifecycle:lifecycle-runtime:2.6.2) with AggregatedPackagesTransform
Transforming lifecycle-runtime-compose-2.6.2.aar (androidx.lifecycle:lifecycle-runtime-compose:2.6.2) with JetifyTransform
Transforming lifecycle-runtime-compose-2.6.2.aar (androidx.lifecycle:lifecycle-runtime-compose:2.6.2) with AarToClassTransform
Transforming lifecycle-runtime-compose-2.6.2.aar (androidx.lifecycle:lifecycle-runtime-compose:2.6.2) with IdentityTransform
Transforming lifecycle-runtime-compose-2.6.2.aar (androidx.lifecycle:lifecycle-runtime-compose:2.6.2) with CopyTransform
Transforming lifecycle-runtime-compose-2.6.2.aar (androidx.lifecycle:lifecycle-runtime-compose:2.6.2) with AggregatedPackagesTransform
Transforming lifecycle-runtime-ktx-2.6.2.aar (androidx.lifecycle:lifecycle-runtime-ktx:2.6.2) with JetifyTransform
Transforming lifecycle-runtime-ktx-2.6.2.aar (androidx.lifecycle:lifecycle-runtime-ktx:2.6.2) with AarToClassTransform
Transforming lifecycle-runtime-ktx-2.6.2.aar (androidx.lifecycle:lifecycle-runtime-ktx:2.6.2) with IdentityTransform
Transforming lifecycle-runtime-ktx-2.6.2.aar (androidx.lifecycle:lifecycle-runtime-ktx:2.6.2) with CopyTransform
Transforming lifecycle-runtime-ktx-2.6.2.aar (androidx.lifecycle:lifecycle-runtime-ktx:2.6.2) with AggregatedPackagesTransform
Transforming lifecycle-viewmodel-compose-2.6.2.aar (androidx.lifecycle:lifecycle-viewmodel-compose:2.6.2) with JetifyTransform
Transforming lifecycle-viewmodel-compose-2.6.2.aar (androidx.lifecycle:lifecycle-viewmodel-compose:2.6.2) with AarToClassTransform
Transforming lifecycle-viewmodel-compose-2.6.2.aar (androidx.lifecycle:lifecycle-viewmodel-compose:2.6.2) with IdentityTransform
Transforming lifecycle-viewmodel-compose-2.6.2.aar (androidx.lifecycle:lifecycle-viewmodel-compose:2.6.2) with CopyTransform
Transforming lifecycle-viewmodel-compose-2.6.2.aar (androidx.lifecycle:lifecycle-viewmodel-compose:2.6.2) with AggregatedPackagesTransform
Transforming accompanist-drawablepainter-0.32.0.aar (com.google.accompanist:accompanist-drawablepainter:0.32.0) with JetifyTransform
Transforming accompanist-drawablepainter-0.32.0.aar (com.google.accompanist:accompanist-drawablepainter:0.32.0) with AarToClassTransform
Transforming accompanist-drawablepainter-0.32.0.aar (com.google.accompanist:accompanist-drawablepainter:0.32.0) with IdentityTransform
Transforming accompanist-drawablepainter-0.32.0.aar (com.google.accompanist:accompanist-drawablepainter:0.32.0) with CopyTransform
Transforming accompanist-drawablepainter-0.32.0.aar (com.google.accompanist:accompanist-drawablepainter:0.32.0) with AggregatedPackagesTransform
Transforming ui-release.aar (androidx.compose.ui:ui-android:1.5.4) with JetifyTransform
Transforming ui-release.aar (androidx.compose.ui:ui-android:1.5.4) with AarToClassTransform
Transforming ui-release.aar (androidx.compose.ui:ui-android:1.5.4) with IdentityTransform
Transforming ui-release.aar (androidx.compose.ui:ui-android:1.5.4) with CopyTransform
Transforming ui-release.aar (androidx.compose.ui:ui-android:1.5.4) with AggregatedPackagesTransform
Transforming viewpager-1.0.0.aar (androidx.viewpager:viewpager:1.0.0) with JetifyTransform
Transforming viewpager-1.0.0.aar (androidx.viewpager:viewpager:1.0.0) with AarToClassTransform
Transforming viewpager-1.0.0.aar (androidx.viewpager:viewpager:1.0.0) with IdentityTransform
Transforming viewpager-1.0.0.aar (androidx.viewpager:viewpager:1.0.0) with CopyTransform
Transforming viewpager-1.0.0.aar (androidx.viewpager:viewpager:1.0.0) with AggregatedPackagesTransform
Transforming autofill-1.0.0.aar (androidx.autofill:autofill:1.0.0) with JetifyTransform
Transforming autofill-1.0.0.aar (androidx.autofill:autofill:1.0.0) with AarToClassTransform
Transforming autofill-1.0.0.aar (androidx.autofill:autofill:1.0.0) with IdentityTransform
Transforming autofill-1.0.0.aar (androidx.autofill:autofill:1.0.0) with CopyTransform
Transforming autofill-1.0.0.aar (androidx.autofill:autofill:1.0.0) with AggregatedPackagesTransform
Transforming customview-1.0.0.aar (androidx.customview:customview:1.0.0) with JetifyTransform
Transforming customview-1.0.0.aar (androidx.customview:customview:1.0.0) with AarToClassTransform
Transforming customview-1.0.0.aar (androidx.customview:customview:1.0.0) with IdentityTransform
Transforming customview-1.0.0.aar (androidx.customview:customview:1.0.0) with CopyTransform
Transforming customview-1.0.0.aar (androidx.customview:customview:1.0.0) with AggregatedPackagesTransform
Transforming appcompat-resources-1.6.1.aar (androidx.appcompat:appcompat-resources:1.6.1) with JetifyTransform
Transforming appcompat-resources-1.6.1.aar (androidx.appcompat:appcompat-resources:1.6.1) with AarToClassTransform
Transforming appcompat-resources-1.6.1.aar (androidx.appcompat:appcompat-resources:1.6.1) with IdentityTransform
Transforming appcompat-resources-1.6.1.aar (androidx.appcompat:appcompat-resources:1.6.1) with CopyTransform
Transforming appcompat-resources-1.6.1.aar (androidx.appcompat:appcompat-resources:1.6.1) with AggregatedPackagesTransform
Transforming vectordrawable-animated-1.1.0.aar (androidx.vectordrawable:vectordrawable-animated:1.1.0) with JetifyTransform
Transforming vectordrawable-animated-1.1.0.aar (androidx.vectordrawable:vectordrawable-animated:1.1.0) with AarToClassTransform
Transforming vectordrawable-animated-1.1.0.aar (androidx.vectordrawable:vectordrawable-animated:1.1.0) with IdentityTransform
Transforming vectordrawable-animated-1.1.0.aar (androidx.vectordrawable:vectordrawable-animated:1.1.0) with CopyTransform
Transforming vectordrawable-animated-1.1.0.aar (androidx.vectordrawable:vectordrawable-animated:1.1.0) with AggregatedPackagesTransform
Transforming vectordrawable-1.1.0.aar (androidx.vectordrawable:vectordrawable:1.1.0) with JetifyTransform
Transforming vectordrawable-1.1.0.aar (androidx.vectordrawable:vectordrawable:1.1.0) with AarToClassTransform
Transforming vectordrawable-1.1.0.aar (androidx.vectordrawable:vectordrawable:1.1.0) with IdentityTransform
Transforming vectordrawable-1.1.0.aar (androidx.vectordrawable:vectordrawable:1.1.0) with CopyTransform
Transforming vectordrawable-1.1.0.aar (androidx.vectordrawable:vectordrawable:1.1.0) with AggregatedPackagesTransform
Transforming vectordrawable-1.1.0.aar (androidx.vectordrawable:vectordrawable:1.1.0) with JetifyTransform
Transforming vectordrawable-1.1.0.aar (androidx.vectordrawable:vectordrawable:1.1.0) with AarToClassTransform
Transforming vectordrawable-1.1.0.aar (androidx.vectordrawable:vectordrawable:1.1.0) with IdentityTransform
Transforming vectordrawable-1.1.0.aar (androidx.vectordrawable:vectordrawable:1.1.0) with CopyTransform
Transforming vectordrawable-1.1.0.aar (androidx.vectordrawable:vectordrawable:1.1.0) with AggregatedPackagesTransform
Transforming core-1.12.0.aar (androidx.core:core:1.12.0) with JetifyTransform
Transforming core-1.12.0.aar (androidx.core:core:1.12.0) with AarToClassTransform
Transforming core-1.12.0.aar (androidx.core:core:1.12.0) with IdentityTransform
Transforming core-1.12.0.aar (androidx.core:core:1.12.0) with CopyTransform
Transforming core-1.12.0.aar (androidx.core:core:1.12.0) with AggregatedPackagesTransform
Transforming core-1.12.0.aar (androidx.core:core:1.12.0) with JetifyTransform
Transforming core-1.12.0.aar (androidx.core:core:1.12.0) with AarToClassTransform
Transforming core-1.12.0.aar (androidx.core:core:1.12.0) with IdentityTransform
Transforming core-1.12.0.aar (androidx.core:core:1.12.0) with CopyTransform
Transforming core-1.12.0.aar (androidx.core:core:1.12.0) with AggregatedPackagesTransform
Transforming customview-poolingcontainer-1.0.0.aar (androidx.customview:customview-poolingcontainer:1.0.0) with JetifyTransform
Transforming customview-poolingcontainer-1.0.0.aar (androidx.customview:customview-poolingcontainer:1.0.0) with AarToClassTransform
Transforming customview-poolingcontainer-1.0.0.aar (androidx.customview:customview-poolingcontainer:1.0.0) with IdentityTransform
Transforming customview-poolingcontainer-1.0.0.aar (androidx.customview:customview-poolingcontainer:1.0.0) with CopyTransform
Transforming customview-poolingcontainer-1.0.0.aar (androidx.customview:customview-poolingcontainer:1.0.0) with AggregatedPackagesTransform
Transforming core-ktx-1.12.0.aar (androidx.core:core-ktx:1.12.0) with JetifyTransform
Transforming core-ktx-1.12.0.aar (androidx.core:core-ktx:1.12.0) with AarToClassTransform
Transforming core-ktx-1.12.0.aar (androidx.core:core-ktx:1.12.0) with IdentityTransform
Transforming core-ktx-1.12.0.aar (androidx.core:core-ktx:1.12.0) with CopyTransform
Transforming core-ktx-1.12.0.aar (androidx.core:core-ktx:1.12.0) with AggregatedPackagesTransform
Transforming room-common-2.6.1.jar (androidx.room:room-common:2.6.1) with JetifyTransform
Transforming room-common-2.6.1.jar (androidx.room:room-common:2.6.1) with IdentityTransform
Transforming room-common-2.6.1.jar (androidx.room:room-common:2.6.1) with IdentityTransform
Transforming room-common-2.6.1.jar (androidx.room:room-common:2.6.1) with CopyTransform
Transforming room-common-2.6.1.jar (androidx.room:room-common:2.6.1) with AggregatedPackagesTransform
Transforming room-runtime-2.6.1.aar (androidx.room:room-runtime:2.6.1) with JetifyTransform
Transforming room-runtime-2.6.1.aar (androidx.room:room-runtime:2.6.1) with AarToClassTransform
Transforming room-runtime-2.6.1.aar (androidx.room:room-runtime:2.6.1) with IdentityTransform
Transforming room-runtime-2.6.1.aar (androidx.room:room-runtime:2.6.1) with CopyTransform
Transforming room-runtime-2.6.1.aar (androidx.room:room-runtime:2.6.1) with AggregatedPackagesTransform
Transforming room-ktx-2.6.1.aar (androidx.room:room-ktx:2.6.1) with JetifyTransform
Transforming room-ktx-2.6.1.aar (androidx.room:room-ktx:2.6.1) with AarToClassTransform
Transforming room-ktx-2.6.1.aar (androidx.room:room-ktx:2.6.1) with IdentityTransform
Transforming room-ktx-2.6.1.aar (androidx.room:room-ktx:2.6.1) with CopyTransform
Transforming room-ktx-2.6.1.aar (androidx.room:room-ktx:2.6.1) with AggregatedPackagesTransform
Transforming datastore-preferences-1.0.0.aar (androidx.datastore:datastore-preferences:1.0.0) with JetifyTransform
Transforming datastore-preferences-1.0.0.aar (androidx.datastore:datastore-preferences:1.0.0) with AarToClassTransform
Transforming datastore-preferences-1.0.0.aar (androidx.datastore:datastore-preferences:1.0.0) with IdentityTransform
Transforming datastore-preferences-1.0.0.aar (androidx.datastore:datastore-preferences:1.0.0) with CopyTransform
Transforming datastore-preferences-1.0.0.aar (androidx.datastore:datastore-preferences:1.0.0) with AggregatedPackagesTransform
Transforming timber-5.0.1.aar (com.jakewharton.timber:timber:5.0.1) with JetifyTransform
Transforming timber-5.0.1.aar (com.jakewharton.timber:timber:5.0.1) with AarToClassTransform
Transforming timber-5.0.1.aar (com.jakewharton.timber:timber:5.0.1) with IdentityTransform
Transforming timber-5.0.1.aar (com.jakewharton.timber:timber:5.0.1) with CopyTransform
Transforming timber-5.0.1.aar (com.jakewharton.timber:timber:5.0.1) with AggregatedPackagesTransform
Transforming sqlite-framework-2.4.0.aar (androidx.sqlite:sqlite-framework:2.4.0) with JetifyTransform
Transforming sqlite-framework-2.4.0.aar (androidx.sqlite:sqlite-framework:2.4.0) with AarToClassTransform
Transforming sqlite-framework-2.4.0.aar (androidx.sqlite:sqlite-framework:2.4.0) with IdentityTransform
Transforming sqlite-framework-2.4.0.aar (androidx.sqlite:sqlite-framework:2.4.0) with CopyTransform
Transforming sqlite-framework-2.4.0.aar (androidx.sqlite:sqlite-framework:2.4.0) with AggregatedPackagesTransform
Transforming sqlite-2.4.0.aar (androidx.sqlite:sqlite:2.4.0) with JetifyTransform
Transforming sqlite-2.4.0.aar (androidx.sqlite:sqlite:2.4.0) with AarToClassTransform
Transforming sqlite-2.4.0.aar (androidx.sqlite:sqlite:2.4.0) with IdentityTransform
Transforming sqlite-2.4.0.aar (androidx.sqlite:sqlite:2.4.0) with CopyTransform
Transforming sqlite-2.4.0.aar (androidx.sqlite:sqlite:2.4.0) with AggregatedPackagesTransform
Transforming datastore-1.0.0.aar (androidx.datastore:datastore:1.0.0) with JetifyTransform
Transforming datastore-1.0.0.aar (androidx.datastore:datastore:1.0.0) with AarToClassTransform
Transforming datastore-1.0.0.aar (androidx.datastore:datastore:1.0.0) with IdentityTransform
Transforming datastore-1.0.0.aar (androidx.datastore:datastore:1.0.0) with CopyTransform
Transforming datastore-1.0.0.aar (androidx.datastore:datastore:1.0.0) with AggregatedPackagesTransform
Transforming datastore-preferences-core-1.0.0.jar (androidx.datastore:datastore-preferences-core:1.0.0) with JetifyTransform
Transforming datastore-preferences-core-1.0.0.jar (androidx.datastore:datastore-preferences-core:1.0.0) with IdentityTransform
Transforming datastore-preferences-core-1.0.0.jar (androidx.datastore:datastore-preferences-core:1.0.0) with IdentityTransform
Transforming datastore-preferences-core-1.0.0.jar (androidx.datastore:datastore-preferences-core:1.0.0) with CopyTransform
Transforming datastore-preferences-core-1.0.0.jar (androidx.datastore:datastore-preferences-core:1.0.0) with AggregatedPackagesTransform
Transforming converter-gson-2.9.0.jar (com.squareup.retrofit2:converter-gson:2.9.0) with JetifyTransform
Transforming converter-gson-2.9.0.jar (com.squareup.retrofit2:converter-gson:2.9.0) with IdentityTransform
Transforming converter-gson-2.9.0.jar (com.squareup.retrofit2:converter-gson:2.9.0) with IdentityTransform
Transforming converter-gson-2.9.0.jar (com.squareup.retrofit2:converter-gson:2.9.0) with CopyTransform
Transforming converter-gson-2.9.0.jar (com.squareup.retrofit2:converter-gson:2.9.0) with AggregatedPackagesTransform
Transforming retrofit-2.9.0.jar (com.squareup.retrofit2:retrofit:2.9.0) with JetifyTransform
Transforming retrofit-2.9.0.jar (com.squareup.retrofit2:retrofit:2.9.0) with IdentityTransform
Transforming retrofit-2.9.0.jar (com.squareup.retrofit2:retrofit:2.9.0) with IdentityTransform
Transforming retrofit-2.9.0.jar (com.squareup.retrofit2:retrofit:2.9.0) with CopyTransform
Transforming retrofit-2.9.0.jar (com.squareup.retrofit2:retrofit:2.9.0) with AggregatedPackagesTransform
Transforming logging-interceptor-4.12.0.jar (com.squareup.okhttp3:logging-interceptor:4.12.0) with JetifyTransform
Transforming logging-interceptor-4.12.0.jar (com.squareup.okhttp3:logging-interceptor:4.12.0) with IdentityTransform
Transforming logging-interceptor-4.12.0.jar (com.squareup.okhttp3:logging-interceptor:4.12.0) with IdentityTransform
Transforming logging-interceptor-4.12.0.jar (com.squareup.okhttp3:logging-interceptor:4.12.0) with CopyTransform
Transforming logging-interceptor-4.12.0.jar (com.squareup.okhttp3:logging-interceptor:4.12.0) with AggregatedPackagesTransform
Transforming okhttp-4.12.0.jar (com.squareup.okhttp3:okhttp:4.12.0) with JetifyTransform
Transforming okhttp-4.12.0.jar (com.squareup.okhttp3:okhttp:4.12.0) with IdentityTransform
Transforming okhttp-4.12.0.jar (com.squareup.okhttp3:okhttp:4.12.0) with IdentityTransform
Transforming okhttp-4.12.0.jar (com.squareup.okhttp3:okhttp:4.12.0) with CopyTransform
Transforming okhttp-4.12.0.jar (com.squareup.okhttp3:okhttp:4.12.0) with AggregatedPackagesTransform
Transforming runtime-saveable-release.aar (androidx.compose.runtime:runtime-saveable-android:1.5.4) with JetifyTransform
Transforming runtime-saveable-release.aar (androidx.compose.runtime:runtime-saveable-android:1.5.4) with AarToClassTransform
Transforming runtime-saveable-release.aar (androidx.compose.runtime:runtime-saveable-android:1.5.4) with IdentityTransform
Transforming runtime-saveable-release.aar (androidx.compose.runtime:runtime-saveable-android:1.5.4) with CopyTransform
Transforming runtime-saveable-release.aar (androidx.compose.runtime:runtime-saveable-android:1.5.4) with AggregatedPackagesTransform
Transforming runtime-release.aar (androidx.compose.runtime:runtime-android:1.5.4) with JetifyTransform
Transforming runtime-release.aar (androidx.compose.runtime:runtime-android:1.5.4) with AarToClassTransform
Transforming runtime-release.aar (androidx.compose.runtime:runtime-android:1.5.4) with IdentityTransform
Transforming runtime-release.aar (androidx.compose.runtime:runtime-android:1.5.4) with CopyTransform
Transforming runtime-release.aar (androidx.compose.runtime:runtime-android:1.5.4) with AggregatedPackagesTransform
Transforming datastore-core-1.0.0.jar (androidx.datastore:datastore-core:1.0.0) with JetifyTransform
Transforming datastore-core-1.0.0.jar (androidx.datastore:datastore-core:1.0.0) with IdentityTransform
Transforming datastore-core-1.0.0.jar (androidx.datastore:datastore-core:1.0.0) with IdentityTransform
Transforming datastore-core-1.0.0.jar (androidx.datastore:datastore-core:1.0.0) with CopyTransform
Transforming datastore-core-1.0.0.jar (androidx.datastore:datastore-core:1.0.0) with AggregatedPackagesTransform
Transforming kotlinx-coroutines-core-jvm-1.7.3.jar (org.jetbrains.kotlinx:kotlinx-coroutines-core-jvm:1.7.3) with JetifyTransform
Transforming kotlinx-coroutines-core-jvm-1.7.3.jar (org.jetbrains.kotlinx:kotlinx-coroutines-core-jvm:1.7.3) with IdentityTransform
Transforming kotlinx-coroutines-core-jvm-1.7.3.jar (org.jetbrains.kotlinx:kotlinx-coroutines-core-jvm:1.7.3) with IdentityTransform
Transforming kotlinx-coroutines-core-jvm-1.7.3.jar (org.jetbrains.kotlinx:kotlinx-coroutines-core-jvm:1.7.3) with CopyTransform
Transforming kotlinx-coroutines-core-jvm-1.7.3.jar (org.jetbrains.kotlinx:kotlinx-coroutines-core-jvm:1.7.3) with AggregatedPackagesTransform
Transforming kotlinx-coroutines-android-1.7.3.jar (org.jetbrains.kotlinx:kotlinx-coroutines-android:1.7.3) with JetifyTransform
Transforming kotlinx-coroutines-android-1.7.3.jar (org.jetbrains.kotlinx:kotlinx-coroutines-android:1.7.3) with IdentityTransform
Transforming kotlinx-coroutines-android-1.7.3.jar (org.jetbrains.kotlinx:kotlinx-coroutines-android:1.7.3) with IdentityTransform
Transforming kotlinx-coroutines-android-1.7.3.jar (org.jetbrains.kotlinx:kotlinx-coroutines-android:1.7.3) with CopyTransform
Transforming kotlinx-coroutines-android-1.7.3.jar (org.jetbrains.kotlinx:kotlinx-coroutines-android:1.7.3) with AggregatedPackagesTransform
Transforming okio-jvm-3.6.0.jar (com.squareup.okio:okio-jvm:3.6.0) with JetifyTransform
Transforming okio-jvm-3.6.0.jar (com.squareup.okio:okio-jvm:3.6.0) with IdentityTransform
Transforming okio-jvm-3.6.0.jar (com.squareup.okio:okio-jvm:3.6.0) with IdentityTransform
Transforming okio-jvm-3.6.0.jar (com.squareup.okio:okio-jvm:3.6.0) with CopyTransform
Transforming okio-jvm-3.6.0.jar (com.squareup.okio:okio-jvm:3.6.0) with AggregatedPackagesTransform
Transforming kotlin-stdlib-jdk8-1.9.10.jar (org.jetbrains.kotlin:kotlin-stdlib-jdk8:1.9.10) with JetifyTransform
Transforming kotlin-stdlib-jdk8-1.9.10.jar (org.jetbrains.kotlin:kotlin-stdlib-jdk8:1.9.10) with IdentityTransform
Transforming kotlin-stdlib-jdk8-1.9.10.jar (org.jetbrains.kotlin:kotlin-stdlib-jdk8:1.9.10) with IdentityTransform
Transforming kotlin-stdlib-jdk8-1.9.10.jar (org.jetbrains.kotlin:kotlin-stdlib-jdk8:1.9.10) with CopyTransform
Transforming kotlin-stdlib-jdk8-1.9.10.jar (org.jetbrains.kotlin:kotlin-stdlib-jdk8:1.9.10) with AggregatedPackagesTransform
Transforming annotation-experimental-1.3.0.aar (androidx.annotation:annotation-experimental:1.3.0) with JetifyTransform
Transforming annotation-experimental-1.3.0.aar (androidx.annotation:annotation-experimental:1.3.0) with AarToClassTransform
Transforming annotation-experimental-1.3.0.aar (androidx.annotation:annotation-experimental:1.3.0) with IdentityTransform
Transforming annotation-experimental-1.3.0.aar (androidx.annotation:annotation-experimental:1.3.0) with CopyTransform
Transforming annotation-experimental-1.3.0.aar (androidx.annotation:annotation-experimental:1.3.0) with AggregatedPackagesTransform
Transforming kotlin-stdlib-jdk7-1.9.10.jar (org.jetbrains.kotlin:kotlin-stdlib-jdk7:1.9.10) with JetifyTransform
Transforming kotlin-stdlib-jdk7-1.9.10.jar (org.jetbrains.kotlin:kotlin-stdlib-jdk7:1.9.10) with IdentityTransform
Transforming kotlin-stdlib-jdk7-1.9.10.jar (org.jetbrains.kotlin:kotlin-stdlib-jdk7:1.9.10) with IdentityTransform
Transforming kotlin-stdlib-jdk7-1.9.10.jar (org.jetbrains.kotlin:kotlin-stdlib-jdk7:1.9.10) with CopyTransform
Transforming kotlin-stdlib-jdk7-1.9.10.jar (org.jetbrains.kotlin:kotlin-stdlib-jdk7:1.9.10) with AggregatedPackagesTransform
Transforming core-runtime-2.2.0.aar (androidx.arch.core:core-runtime:2.2.0) with JetifyTransform
Transforming core-runtime-2.2.0.aar (androidx.arch.core:core-runtime:2.2.0) with AarToClassTransform
Transforming core-runtime-2.2.0.aar (androidx.arch.core:core-runtime:2.2.0) with IdentityTransform
Transforming core-runtime-2.2.0.aar (androidx.arch.core:core-runtime:2.2.0) with CopyTransform
Transforming core-runtime-2.2.0.aar (androidx.arch.core:core-runtime:2.2.0) with AggregatedPackagesTransform
Transforming interpolator-1.0.0.aar (androidx.interpolator:interpolator:1.0.0) with JetifyTransform
Transforming interpolator-1.0.0.aar (androidx.interpolator:interpolator:1.0.0) with AarToClassTransform
Transforming interpolator-1.0.0.aar (androidx.interpolator:interpolator:1.0.0) with IdentityTransform
Transforming interpolator-1.0.0.aar (androidx.interpolator:interpolator:1.0.0) with CopyTransform
Transforming interpolator-1.0.0.aar (androidx.interpolator:interpolator:1.0.0) with AggregatedPackagesTransform
Transforming interpolator-1.0.0.aar (androidx.interpolator:interpolator:1.0.0) with JetifyTransform
Transforming interpolator-1.0.0.aar (androidx.interpolator:interpolator:1.0.0) with AarToClassTransform
Transforming interpolator-1.0.0.aar (androidx.interpolator:interpolator:1.0.0) with IdentityTransform
Transforming interpolator-1.0.0.aar (androidx.interpolator:interpolator:1.0.0) with CopyTransform
Transforming interpolator-1.0.0.aar (androidx.interpolator:interpolator:1.0.0) with AggregatedPackagesTransform
Transforming versionedparcelable-1.1.1.aar (androidx.versionedparcelable:versionedparcelable:1.1.1) with JetifyTransform
Transforming versionedparcelable-1.1.1.aar (androidx.versionedparcelable:versionedparcelable:1.1.1) with AarToClassTransform
Transforming versionedparcelable-1.1.1.aar (androidx.versionedparcelable:versionedparcelable:1.1.1) with IdentityTransform
Transforming versionedparcelable-1.1.1.aar (androidx.versionedparcelable:versionedparcelable:1.1.1) with CopyTransform
Transforming versionedparcelable-1.1.1.aar (androidx.versionedparcelable:versionedparcelable:1.1.1) with AggregatedPackagesTransform
Transforming core-common-2.2.0.jar (androidx.arch.core:core-common:2.2.0) with JetifyTransform
Transforming core-common-2.2.0.jar (androidx.arch.core:core-common:2.2.0) with IdentityTransform
Transforming core-common-2.2.0.jar (androidx.arch.core:core-common:2.2.0) with IdentityTransform
Transforming core-common-2.2.0.jar (androidx.arch.core:core-common:2.2.0) with CopyTransform
Transforming core-common-2.2.0.jar (androidx.arch.core:core-common:2.2.0) with AggregatedPackagesTransform
Transforming profileinstaller-1.3.1.aar (androidx.profileinstaller:profileinstaller:1.3.1) with JetifyTransform
Transforming profileinstaller-1.3.1.aar (androidx.profileinstaller:profileinstaller:1.3.1) with AarToClassTransform
Transforming profileinstaller-1.3.1.aar (androidx.profileinstaller:profileinstaller:1.3.1) with IdentityTransform
Transforming profileinstaller-1.3.1.aar (androidx.profileinstaller:profileinstaller:1.3.1) with CopyTransform
Transforming profileinstaller-1.3.1.aar (androidx.profileinstaller:profileinstaller:1.3.1) with AggregatedPackagesTransform
Transforming startup-runtime-1.1.1.aar (androidx.startup:startup-runtime:1.1.1) with JetifyTransform
Transforming startup-runtime-1.1.1.aar (androidx.startup:startup-runtime:1.1.1) with AarToClassTransform
Transforming startup-runtime-1.1.1.aar (androidx.startup:startup-runtime:1.1.1) with IdentityTransform
Transforming startup-runtime-1.1.1.aar (androidx.startup:startup-runtime:1.1.1) with CopyTransform
Transforming startup-runtime-1.1.1.aar (androidx.startup:startup-runtime:1.1.1) with AggregatedPackagesTransform
Transforming tracing-1.0.0.aar (androidx.tracing:tracing:1.0.0) with JetifyTransform
Transforming tracing-1.0.0.aar (androidx.tracing:tracing:1.0.0) with AarToClassTransform
Transforming tracing-1.0.0.aar (androidx.tracing:tracing:1.0.0) with IdentityTransform
Transforming tracing-1.0.0.aar (androidx.tracing:tracing:1.0.0) with CopyTransform
Transforming tracing-1.0.0.aar (androidx.tracing:tracing:1.0.0) with AggregatedPackagesTransform
Transforming exifinterface-1.3.6.aar (androidx.exifinterface:exifinterface:1.3.6) with JetifyTransform
Transforming exifinterface-1.3.6.aar (androidx.exifinterface:exifinterface:1.3.6) with AarToClassTransform
Transforming exifinterface-1.3.6.aar (androidx.exifinterface:exifinterface:1.3.6) with IdentityTransform
Transforming exifinterface-1.3.6.aar (androidx.exifinterface:exifinterface:1.3.6) with CopyTransform
Transforming exifinterface-1.3.6.aar (androidx.exifinterface:exifinterface:1.3.6) with AggregatedPackagesTransform
Transforming collection-jvm-1.3.0.jar (androidx.collection:collection-jvm:1.3.0) with JetifyTransform
Transforming collection-jvm-1.3.0.jar (androidx.collection:collection-jvm:1.3.0) with IdentityTransform
Transforming collection-jvm-1.3.0.jar (androidx.collection:collection-jvm:1.3.0) with IdentityTransform
Transforming collection-jvm-1.3.0.jar (androidx.collection:collection-jvm:1.3.0) with CopyTransform
Transforming collection-jvm-1.3.0.jar (androidx.collection:collection-jvm:1.3.0) with AggregatedPackagesTransform
Transforming annotation-jvm-1.7.0.jar (androidx.annotation:annotation-jvm:1.7.0) with JetifyTransform
Transforming annotation-jvm-1.7.0.jar (androidx.annotation:annotation-jvm:1.7.0) with IdentityTransform
Transforming annotation-jvm-1.7.0.jar (androidx.annotation:annotation-jvm:1.7.0) with IdentityTransform
Transforming collection-ktx-1.3.0.jar (androidx.collection:collection-ktx:1.3.0) with JetifyTransform
Transforming collection-ktx-1.3.0.jar (androidx.collection:collection-ktx:1.3.0) with IdentityTransform
Transforming collection-ktx-1.3.0.jar (androidx.collection:collection-ktx:1.3.0) with IdentityTransform
Transforming annotation-jvm-1.7.0.jar (androidx.annotation:annotation-jvm:1.7.0) with CopyTransform
Transforming concurrent-futures-1.1.0.jar (androidx.concurrent:concurrent-futures:1.1.0) with JetifyTransform
Transforming collection-ktx-1.3.0.jar (androidx.collection:collection-ktx:1.3.0) with CopyTransform
Transforming concurrent-futures-1.1.0.jar (androidx.concurrent:concurrent-futures:1.1.0) with IdentityTransform
Transforming collection-ktx-1.3.0.jar (androidx.collection:collection-ktx:1.3.0) with AggregatedPackagesTransform
Transforming annotation-jvm-1.7.0.jar (androidx.annotation:annotation-jvm:1.7.0) with AggregatedPackagesTransform
Transforming concurrent-futures-1.1.0.jar (androidx.concurrent:concurrent-futures:1.1.0) with IdentityTransform
Transforming kotlin-stdlib-1.9.21.jar (org.jetbrains.kotlin:kotlin-stdlib:1.9.21) with JetifyTransform
Transforming concurrent-futures-1.1.0.jar (androidx.concurrent:concurrent-futures:1.1.0) with CopyTransform
Transforming kotlin-stdlib-1.9.21.jar (org.jetbrains.kotlin:kotlin-stdlib:1.9.21) with IdentityTransform
Transforming concurrent-futures-1.1.0.jar (androidx.concurrent:concurrent-futures:1.1.0) with AggregatedPackagesTransform
Transforming kotlin-stdlib-1.9.21.jar (org.jetbrains.kotlin:kotlin-stdlib:1.9.21) with IdentityTransform
Transforming kotlin-stdlib-1.9.21.jar (org.jetbrains.kotlin:kotlin-stdlib:1.9.21) with CopyTransform
Transforming kotlin-stdlib-1.9.21.jar (org.jetbrains.kotlin:kotlin-stdlib:1.9.21) with AggregatedPackagesTransform
Transforming annotations-23.0.0.jar (org.jetbrains:annotations:23.0.0) with JetifyTransform
Transforming annotations-23.0.0.jar (org.jetbrains:annotations:23.0.0) with IdentityTransform
Transforming annotations-23.0.0.jar (org.jetbrains:annotations:23.0.0) with IdentityTransform
Transforming annotations-23.0.0.jar (org.jetbrains:annotations:23.0.0) with CopyTransform
Transforming annotations-23.0.0.jar (org.jetbrains:annotations:23.0.0) with AggregatedPackagesTransform
Transforming hilt-common-1.1.0.jar (androidx.hilt:hilt-common:1.1.0) with JetifyTransform
Transforming hilt-common-1.1.0.jar (androidx.hilt:hilt-common:1.1.0) with IdentityTransform
Transforming hilt-common-1.1.0.jar (androidx.hilt:hilt-common:1.1.0) with IdentityTransform
Transforming hilt-common-1.1.0.jar (androidx.hilt:hilt-common:1.1.0) with CopyTransform
Transforming hilt-common-1.1.0.jar (androidx.hilt:hilt-common:1.1.0) with AggregatedPackagesTransform
Transforming hilt-core-2.48.1.jar (com.google.dagger:hilt-core:2.48.1) with JetifyTransform
Transforming hilt-core-2.48.1.jar (com.google.dagger:hilt-core:2.48.1) with IdentityTransform
Transforming hilt-core-2.48.1.jar (com.google.dagger:hilt-core:2.48.1) with IdentityTransform
Transforming hilt-core-2.48.1.jar (com.google.dagger:hilt-core:2.48.1) with CopyTransform
Transforming hilt-core-2.48.1.jar (com.google.dagger:hilt-core:2.48.1) with AggregatedPackagesTransform
Transforming dagger-2.48.1.jar (com.google.dagger:dagger:2.48.1) with JetifyTransform
Transforming dagger-2.48.1.jar (com.google.dagger:dagger:2.48.1) with IdentityTransform
Transforming dagger-2.48.1.jar (com.google.dagger:dagger:2.48.1) with IdentityTransform
Transforming dagger-2.48.1.jar (com.google.dagger:dagger:2.48.1) with CopyTransform
Transforming dagger-2.48.1.jar (com.google.dagger:dagger:2.48.1) with AggregatedPackagesTransform
Transforming dagger-lint-aar-2.48.1.aar (com.google.dagger:dagger-lint-aar:2.48.1) with JetifyTransform
Transforming dagger-lint-aar-2.48.1.aar (com.google.dagger:dagger-lint-aar:2.48.1) with AarToClassTransform
Transforming dagger-lint-aar-2.48.1.aar (com.google.dagger:dagger-lint-aar:2.48.1) with IdentityTransform
Transforming dagger-lint-aar-2.48.1.aar (com.google.dagger:dagger-lint-aar:2.48.1) with CopyTransform
Transforming dagger-lint-aar-2.48.1.aar (com.google.dagger:dagger-lint-aar:2.48.1) with AggregatedPackagesTransform
Transforming jsr305-3.0.2.jar (com.google.code.findbugs:jsr305:3.0.2) with JetifyTransform
Transforming jsr305-3.0.2.jar (com.google.code.findbugs:jsr305:3.0.2) with IdentityTransform
Transforming jsr305-3.0.2.jar (com.google.code.findbugs:jsr305:3.0.2) with IdentityTransform
Transforming jsr305-3.0.2.jar (com.google.code.findbugs:jsr305:3.0.2) with CopyTransform
Transforming jsr305-3.0.2.jar (com.google.code.findbugs:jsr305:3.0.2) with AggregatedPackagesTransform
Transforming javax.inject-1.jar (javax.inject:javax.inject:1) with JetifyTransform
Transforming javax.inject-1.jar (javax.inject:javax.inject:1) with IdentityTransform
Transforming javax.inject-1.jar (javax.inject:javax.inject:1) with IdentityTransform
Transforming javax.inject-1.jar (javax.inject:javax.inject:1) with CopyTransform
Transforming javax.inject-1.jar (javax.inject:javax.inject:1) with AggregatedPackagesTransform
Transforming gson-2.8.5.jar (com.google.code.gson:gson:2.8.5) with JetifyTransform
Transforming gson-2.8.5.jar (com.google.code.gson:gson:2.8.5) with IdentityTransform
Transforming gson-2.8.5.jar (com.google.code.gson:gson:2.8.5) with IdentityTransform
Transforming gson-2.8.5.jar (com.google.code.gson:gson:2.8.5) with CopyTransform
Transforming gson-2.8.5.jar (com.google.code.gson:gson:2.8.5) with AggregatedPackagesTransform
Transforming listenablefuture-1.0.jar (com.google.guava:listenablefuture:1.0) with JetifyTransform
Transforming listenablefuture-1.0.jar (com.google.guava:listenablefuture:1.0) with IdentityTransform
Transforming listenablefuture-1.0.jar (com.google.guava:listenablefuture:1.0) with IdentityTransform
Transforming listenablefuture-1.0.jar (com.google.guava:listenablefuture:1.0) with CopyTransform
Transforming listenablefuture-1.0.jar (com.google.guava:listenablefuture:1.0) with AggregatedPackagesTransform
Transforming android.jar with JetifyTransform
Transforming android.jar with IdentityTransform
Transforming android.jar with IdentityTransform
Transforming android.jar with CopyTransform
Transforming android.jar with AggregatedPackagesTransform
Transforming core-lambda-stubs.jar with JetifyTransform
Transforming core-lambda-stubs.jar with IdentityTransform
Transforming core-lambda-stubs.jar with IdentityTransform
Transforming core-lambda-stubs.jar with CopyTransform
Transforming core-lambda-stubs.jar with AggregatedPackagesTransform
Transforming R.jar with JetifyTransform
Transforming R.jar with IdentityTransform
Transforming R.jar with IdentityTransform
Transforming R.jar with CopyTransform
Transforming R.jar with AggregatedPackagesTransform
Transforming jetified-hilt-navigation-compose-1.1.0-api.jar with JetifyTransform
Transforming jetified-hilt-navigation-compose-1.1.0-api.jar with IdentityTransform
Transforming jetified-hilt-navigation-compose-1.1.0-api.jar with IdentityTransform
Transforming jetified-hilt-navigation-compose-1.1.0-api.jar with CopyTransform
Transforming jetified-hilt-navigation-compose-1.1.0-api.jar with AggregatedPackagesTransform
Transforming jetified-hilt-navigation-1.1.0-api.jar with JetifyTransform
Transforming jetified-hilt-navigation-1.1.0-api.jar with IdentityTransform
Transforming jetified-hilt-navigation-1.1.0-api.jar with IdentityTransform
Transforming jetified-hilt-navigation-1.1.0-api.jar with CopyTransform
Transforming jetified-hilt-navigation-1.1.0-api.jar with AggregatedPackagesTransform
Transforming navigation-common-2.7.6-api.jar with JetifyTransform
Transforming navigation-common-2.7.6-api.jar with IdentityTransform
Transforming navigation-common-2.7.6-api.jar with IdentityTransform
Transforming navigation-common-2.7.6-api.jar with CopyTransform
Transforming navigation-common-2.7.6-api.jar with AggregatedPackagesTransform
Transforming navigation-runtime-2.7.6-api.jar with JetifyTransform
Transforming navigation-runtime-2.7.6-api.jar with IdentityTransform
Transforming navigation-runtime-2.7.6-api.jar with IdentityTransform
Transforming navigation-runtime-2.7.6-api.jar with CopyTransform
Transforming navigation-runtime-2.7.6-api.jar with AggregatedPackagesTransform
Transforming navigation-common-ktx-2.7.6-api.jar with JetifyTransform
Transforming navigation-common-ktx-2.7.6-api.jar with IdentityTransform
Transforming navigation-common-ktx-2.7.6-api.jar with IdentityTransform
Transforming navigation-common-ktx-2.7.6-api.jar with CopyTransform
Transforming navigation-common-ktx-2.7.6-api.jar with AggregatedPackagesTransform
Transforming navigation-runtime-ktx-2.7.6-api.jar with JetifyTransform
Transforming navigation-runtime-ktx-2.7.6-api.jar with IdentityTransform
Transforming navigation-runtime-ktx-2.7.6-api.jar with IdentityTransform
Transforming navigation-runtime-ktx-2.7.6-api.jar with CopyTransform
Transforming navigation-runtime-ktx-2.7.6-api.jar with AggregatedPackagesTransform
Transforming jetified-navigation-compose-2.7.6-api.jar with JetifyTransform
Transforming jetified-navigation-compose-2.7.6-api.jar with IdentityTransform
Transforming jetified-navigation-compose-2.7.6-api.jar with IdentityTransform
Transforming jetified-navigation-compose-2.7.6-api.jar with CopyTransform
Transforming jetified-navigation-compose-2.7.6-api.jar with AggregatedPackagesTransform
Transforming jetified-material3-1.1.2-api.jar with JetifyTransform
Transforming jetified-material3-1.1.2-api.jar with IdentityTransform
Transforming jetified-material3-1.1.2-api.jar with IdentityTransform
Transforming jetified-material3-1.1.2-api.jar with CopyTransform
Transforming jetified-material3-1.1.2-api.jar with AggregatedPackagesTransform
Transforming jetified-hilt-work-1.1.0-api.jar with JetifyTransform
Transforming jetified-hilt-work-1.1.0-api.jar with IdentityTransform
Transforming jetified-hilt-work-1.1.0-api.jar with IdentityTransform
Transforming jetified-hilt-work-1.1.0-api.jar with CopyTransform
Transforming jetified-hilt-work-1.1.0-api.jar with AggregatedPackagesTransform
Transforming jetified-hilt-android-2.48.1-api.jar with JetifyTransform
Transforming jetified-hilt-android-2.48.1-api.jar with IdentityTransform
Transforming jetified-hilt-android-2.48.1-api.jar with IdentityTransform
Transforming jetified-hilt-android-2.48.1-api.jar with CopyTransform
Transforming jetified-hilt-android-2.48.1-api.jar with AggregatedPackagesTransform
Transforming fragment-1.5.1-api.jar with JetifyTransform
Transforming fragment-1.5.1-api.jar with IdentityTransform
Transforming fragment-1.5.1-api.jar with IdentityTransform
Transforming fragment-1.5.1-api.jar with CopyTransform
Transforming fragment-1.5.1-api.jar with AggregatedPackagesTransform
Transforming loader-1.0.0-api.jar with JetifyTransform
Transforming loader-1.0.0-api.jar with IdentityTransform
Transforming loader-1.0.0-api.jar with IdentityTransform
Transforming loader-1.0.0-api.jar with CopyTransform
Transforming loader-1.0.0-api.jar with AggregatedPackagesTransform
Transforming viewpager-1.0.0-api.jar with JetifyTransform
Transforming viewpager-1.0.0-api.jar with IdentityTransform
Transforming viewpager-1.0.0-api.jar with IdentityTransform
Transforming viewpager-1.0.0-api.jar with CopyTransform
Transforming viewpager-1.0.0-api.jar with AggregatedPackagesTransform
Transforming customview-1.0.0-api.jar with JetifyTransform
Transforming customview-1.0.0-api.jar with IdentityTransform
Transforming customview-1.0.0-api.jar with IdentityTransform
Transforming customview-1.0.0-api.jar with CopyTransform
Transforming customview-1.0.0-api.jar with AggregatedPackagesTransform
Transforming core-1.12.0-api.jar with JetifyTransform
Transforming core-1.12.0-api.jar with IdentityTransform
Transforming core-1.12.0-api.jar with IdentityTransform
Transforming core-1.12.0-api.jar with CopyTransform
Transforming core-1.12.0-api.jar with AggregatedPackagesTransform
Transforming work-runtime-ktx-2.9.0-api.jar with JetifyTransform
Transforming work-runtime-ktx-2.9.0-api.jar with IdentityTransform
Transforming work-runtime-ktx-2.9.0-api.jar with IdentityTransform
Transforming work-runtime-ktx-2.9.0-api.jar with CopyTransform
Transforming work-runtime-ktx-2.9.0-api.jar with AggregatedPackagesTransform
Transforming work-runtime-2.9.0-api.jar with JetifyTransform
Transforming work-runtime-2.9.0-api.jar with IdentityTransform
Transforming work-runtime-2.9.0-api.jar with IdentityTransform
Transforming work-runtime-2.9.0-api.jar with CopyTransform
Transforming work-runtime-2.9.0-api.jar with AggregatedPackagesTransform
Transforming lifecycle-livedata-2.6.2-api.jar with JetifyTransform
Transforming lifecycle-livedata-2.6.2-api.jar with IdentityTransform
Transforming lifecycle-livedata-2.6.2-api.jar with IdentityTransform
Transforming lifecycle-livedata-2.6.2-api.jar with CopyTransform
Transforming lifecycle-livedata-2.6.2-api.jar with AggregatedPackagesTransform
Transforming lifecycle-livedata-core-2.6.2-api.jar with JetifyTransform
Transforming lifecycle-livedata-core-2.6.2-api.jar with IdentityTransform
Transforming lifecycle-livedata-core-2.6.2-api.jar with IdentityTransform
Transforming lifecycle-livedata-core-2.6.2-api.jar with CopyTransform
Transforming lifecycle-livedata-core-2.6.2-api.jar with AggregatedPackagesTransform
Transforming lifecycle-common-2.6.2.jar with JetifyTransform
Transforming lifecycle-common-2.6.2.jar with IdentityTransform
Transforming lifecycle-common-2.6.2.jar with IdentityTransform
Transforming lifecycle-common-2.6.2.jar with CopyTransform
Transforming lifecycle-common-2.6.2.jar with AggregatedPackagesTransform
Transforming jetified-lifecycle-viewmodel-savedstate-2.6.2-api.jar with JetifyTransform
Transforming jetified-lifecycle-viewmodel-savedstate-2.6.2-api.jar with IdentityTransform
Transforming jetified-lifecycle-viewmodel-savedstate-2.6.2-api.jar with IdentityTransform
Transforming jetified-lifecycle-viewmodel-savedstate-2.6.2-api.jar with CopyTransform
Transforming jetified-lifecycle-viewmodel-savedstate-2.6.2-api.jar with AggregatedPackagesTransform
Transforming jetified-lifecycle-viewmodel-ktx-2.6.2-api.jar with JetifyTransform
Transforming jetified-lifecycle-viewmodel-ktx-2.6.2-api.jar with IdentityTransform
Transforming jetified-lifecycle-viewmodel-ktx-2.6.2-api.jar with IdentityTransform
Transforming jetified-lifecycle-viewmodel-ktx-2.6.2-api.jar with CopyTransform
Transforming jetified-lifecycle-viewmodel-ktx-2.6.2-api.jar with AggregatedPackagesTransform
Transforming lifecycle-common-java8-2.6.2.jar with JetifyTransform
Transforming lifecycle-common-java8-2.6.2.jar with IdentityTransform
Transforming lifecycle-common-java8-2.6.2.jar with IdentityTransform
Transforming lifecycle-common-java8-2.6.2.jar with CopyTransform
Transforming lifecycle-common-java8-2.6.2.jar with AggregatedPackagesTransform
Transforming lifecycle-viewmodel-2.6.2-api.jar with JetifyTransform
Transforming lifecycle-viewmodel-2.6.2-api.jar with IdentityTransform
Transforming lifecycle-viewmodel-2.6.2-api.jar with IdentityTransform
Transforming lifecycle-viewmodel-2.6.2-api.jar with CopyTransform
Transforming lifecycle-viewmodel-2.6.2-api.jar with AggregatedPackagesTransform
Transforming jetified-coil-compose-2.5.0-api.jar with JetifyTransform
Transforming jetified-coil-compose-2.5.0-api.jar with IdentityTransform
Transforming jetified-coil-compose-2.5.0-api.jar with IdentityTransform
Transforming jetified-coil-compose-2.5.0-api.jar with CopyTransform
Transforming jetified-coil-compose-2.5.0-api.jar with AggregatedPackagesTransform
Transforming jetified-coil-compose-base-2.5.0-api.jar with JetifyTransform
Transforming jetified-coil-compose-base-2.5.0-api.jar with IdentityTransform
Transforming jetified-coil-compose-base-2.5.0-api.jar with IdentityTransform
Transforming jetified-coil-compose-base-2.5.0-api.jar with CopyTransform
Transforming jetified-coil-compose-base-2.5.0-api.jar with AggregatedPackagesTransform
Transforming jetified-coil-2.5.0-api.jar with JetifyTransform
Transforming jetified-coil-2.5.0-api.jar with IdentityTransform
Transforming jetified-coil-2.5.0-api.jar with IdentityTransform
Transforming jetified-coil-2.5.0-api.jar with CopyTransform
Transforming jetified-coil-2.5.0-api.jar with AggregatedPackagesTransform
Transforming jetified-coil-base-2.5.0-api.jar with JetifyTransform
Transforming jetified-coil-base-2.5.0-api.jar with IdentityTransform
Transforming jetified-coil-base-2.5.0-api.jar with IdentityTransform
Transforming jetified-coil-base-2.5.0-api.jar with CopyTransform
Transforming jetified-coil-base-2.5.0-api.jar with AggregatedPackagesTransform
Transforming lifecycle-runtime-2.6.2-api.jar with JetifyTransform
Transforming lifecycle-runtime-2.6.2-api.jar with IdentityTransform
Transforming lifecycle-runtime-2.6.2-api.jar with IdentityTransform
Transforming lifecycle-runtime-2.6.2-api.jar with CopyTransform
Transforming lifecycle-runtime-2.6.2-api.jar with AggregatedPackagesTransform
Transforming jetified-lifecycle-runtime-compose-2.6.2-api.jar with JetifyTransform
Transforming jetified-lifecycle-runtime-compose-2.6.2-api.jar with IdentityTransform
Transforming jetified-lifecycle-runtime-compose-2.6.2-api.jar with IdentityTransform
Transforming jetified-lifecycle-runtime-compose-2.6.2-api.jar with CopyTransform
Transforming jetified-lifecycle-runtime-compose-2.6.2-api.jar with AggregatedPackagesTransform
Transforming jetified-lifecycle-runtime-ktx-2.6.2-api.jar with JetifyTransform
Transforming jetified-lifecycle-runtime-ktx-2.6.2-api.jar with IdentityTransform
Transforming jetified-lifecycle-runtime-ktx-2.6.2-api.jar with IdentityTransform
Transforming jetified-lifecycle-runtime-ktx-2.6.2-api.jar with CopyTransform
Transforming jetified-lifecycle-runtime-ktx-2.6.2-api.jar with AggregatedPackagesTransform
Transforming jetified-lifecycle-viewmodel-compose-2.6.2-api.jar with JetifyTransform
Transforming jetified-lifecycle-viewmodel-compose-2.6.2-api.jar with IdentityTransform
Transforming jetified-lifecycle-viewmodel-compose-2.6.2-api.jar with IdentityTransform
Transforming jetified-lifecycle-viewmodel-compose-2.6.2-api.jar with CopyTransform
Transforming jetified-lifecycle-viewmodel-compose-2.6.2-api.jar with AggregatedPackagesTransform
Transforming jetified-material-icons-core-release-api.jar with JetifyTransform
Transforming jetified-material-icons-core-release-api.jar with IdentityTransform
Transforming jetified-material-icons-core-release-api.jar with IdentityTransform
Transforming jetified-material-icons-core-release-api.jar with CopyTransform
Transforming jetified-material-icons-core-release-api.jar with AggregatedPackagesTransform
Transforming jetified-material-icons-extended-release-api.jar with JetifyTransform
Transforming jetified-material-icons-extended-release-api.jar with IdentityTransform
Transforming jetified-material-icons-extended-release-api.jar with IdentityTransform
Transforming jetified-material-icons-extended-release-api.jar with CopyTransform
Transforming jetified-material-icons-extended-release-api.jar with AggregatedPackagesTransform
Transforming jetified-material-ripple-release-api.jar with JetifyTransform
Transforming jetified-material-ripple-release-api.jar with IdentityTransform
Transforming jetified-material-ripple-release-api.jar with IdentityTransform
Transforming jetified-material-ripple-release-api.jar with CopyTransform
Transforming jetified-material-ripple-release-api.jar with AggregatedPackagesTransform
Transforming jetified-foundation-layout-release-api.jar with JetifyTransform
Transforming jetified-foundation-layout-release-api.jar with IdentityTransform
Transforming jetified-foundation-layout-release-api.jar with IdentityTransform
Transforming jetified-foundation-layout-release-api.jar with CopyTransform
Transforming jetified-foundation-layout-release-api.jar with AggregatedPackagesTransform
Transforming jetified-foundation-release-api.jar with JetifyTransform
Transforming jetified-foundation-release-api.jar with IdentityTransform
Transforming jetified-foundation-release-api.jar with IdentityTransform
Transforming jetified-foundation-release-api.jar with CopyTransform
Transforming jetified-foundation-release-api.jar with AggregatedPackagesTransform
Transforming jetified-animation-core-release-api.jar with JetifyTransform
Transforming jetified-animation-core-release-api.jar with IdentityTransform
Transforming jetified-animation-core-release-api.jar with IdentityTransform
Transforming jetified-animation-core-release-api.jar with CopyTransform
Transforming jetified-animation-core-release-api.jar with AggregatedPackagesTransform
Transforming jetified-animation-release-api.jar with JetifyTransform
Transforming jetified-animation-release-api.jar with IdentityTransform
Transforming jetified-animation-release-api.jar with IdentityTransform
Transforming jetified-animation-release-api.jar with CopyTransform
Transforming jetified-animation-release-api.jar with AggregatedPackagesTransform
Transforming jetified-ui-unit-release-api.jar with JetifyTransform
Transforming jetified-ui-unit-release-api.jar with IdentityTransform
Transforming jetified-ui-unit-release-api.jar with IdentityTransform
Transforming jetified-ui-unit-release-api.jar with CopyTransform
Transforming jetified-ui-unit-release-api.jar with AggregatedPackagesTransform
Transforming jetified-ui-geometry-release-api.jar with JetifyTransform
Transforming jetified-ui-geometry-release-api.jar with IdentityTransform
Transforming jetified-ui-geometry-release-api.jar with IdentityTransform
Transforming jetified-ui-geometry-release-api.jar with CopyTransform
Transforming jetified-ui-geometry-release-api.jar with AggregatedPackagesTransform
Transforming jetified-ui-tooling-data-release-api.jar with JetifyTransform
Transforming jetified-ui-tooling-data-release-api.jar with IdentityTransform
Transforming jetified-ui-tooling-data-release-api.jar with IdentityTransform
Transforming jetified-ui-tooling-data-release-api.jar with CopyTransform
Transforming jetified-ui-tooling-data-release-api.jar with AggregatedPackagesTransform
Transforming jetified-ui-text-release-api.jar with JetifyTransform
Transforming jetified-ui-text-release-api.jar with IdentityTransform
Transforming jetified-ui-text-release-api.jar with IdentityTransform
Transforming jetified-ui-text-release-api.jar with CopyTransform
Transforming jetified-ui-text-release-api.jar with AggregatedPackagesTransform
Transforming jetified-ui-tooling-preview-release-api.jar with JetifyTransform
Transforming jetified-ui-tooling-preview-release-api.jar with IdentityTransform
Transforming jetified-ui-tooling-preview-release-api.jar with IdentityTransform
Transforming jetified-ui-tooling-preview-release-api.jar with CopyTransform
Transforming jetified-ui-tooling-preview-release-api.jar with AggregatedPackagesTransform
Transforming jetified-ui-graphics-release-api.jar with JetifyTransform
Transforming jetified-ui-graphics-release-api.jar with IdentityTransform
Transforming jetified-ui-graphics-release-api.jar with IdentityTransform
Transforming jetified-ui-graphics-release-api.jar with CopyTransform
Transforming jetified-ui-graphics-release-api.jar with AggregatedPackagesTransform
Transforming jetified-ui-release-api.jar with JetifyTransform
Transforming jetified-ui-release-api.jar with IdentityTransform
Transforming jetified-ui-release-api.jar with IdentityTransform
Transforming jetified-ui-release-api.jar with CopyTransform
Transforming jetified-ui-release-api.jar with AggregatedPackagesTransform
Transforming jetified-ui-tooling-release-api.jar with JetifyTransform
Transforming jetified-ui-tooling-release-api.jar with IdentityTransform
Transforming jetified-ui-tooling-release-api.jar with IdentityTransform
Transforming jetified-ui-tooling-release-api.jar with CopyTransform
Transforming jetified-ui-tooling-release-api.jar with AggregatedPackagesTransform
Transforming jetified-ui-test-manifest-1.5.4-api.jar with JetifyTransform
Transforming jetified-ui-test-manifest-1.5.4-api.jar with IdentityTransform
Transforming jetified-ui-test-manifest-1.5.4-api.jar with IdentityTransform
Transforming jetified-ui-test-manifest-1.5.4-api.jar with CopyTransform
Transforming jetified-ui-test-manifest-1.5.4-api.jar with AggregatedPackagesTransform
Transforming jetified-activity-1.8.2-api.jar with JetifyTransform
Transforming jetified-activity-1.8.2-api.jar with IdentityTransform
Transforming jetified-activity-1.8.2-api.jar with IdentityTransform
Transforming jetified-activity-1.8.2-api.jar with CopyTransform
Transforming jetified-activity-1.8.2-api.jar with AggregatedPackagesTransform
Transforming jetified-activity-compose-1.8.2-api.jar with JetifyTransform
Transforming jetified-activity-compose-1.8.2-api.jar with IdentityTransform
Transforming jetified-activity-compose-1.8.2-api.jar with IdentityTransform
Transforming jetified-activity-compose-1.8.2-api.jar with CopyTransform
Transforming jetified-activity-compose-1.8.2-api.jar with AggregatedPackagesTransform
Transforming jetified-activity-ktx-1.8.2-api.jar with JetifyTransform
Transforming jetified-activity-ktx-1.8.2-api.jar with IdentityTransform
Transforming jetified-activity-ktx-1.8.2-api.jar with IdentityTransform
Transforming jetified-activity-ktx-1.8.2-api.jar with CopyTransform
Transforming jetified-activity-ktx-1.8.2-api.jar with AggregatedPackagesTransform
Transforming jetified-core-ktx-1.12.0-api.jar with JetifyTransform
Transforming jetified-core-ktx-1.12.0-api.jar with IdentityTransform
Transforming jetified-core-ktx-1.12.0-api.jar with IdentityTransform
Transforming jetified-core-ktx-1.12.0-api.jar with CopyTransform
Transforming jetified-core-ktx-1.12.0-api.jar with AggregatedPackagesTransform
Transforming room-common-2.6.1.jar with JetifyTransform
Transforming room-common-2.6.1.jar with IdentityTransform
Transforming room-common-2.6.1.jar with IdentityTransform
Transforming room-common-2.6.1.jar with CopyTransform
Transforming room-common-2.6.1.jar with AggregatedPackagesTransform
Transforming room-runtime-2.6.1-api.jar with JetifyTransform
Transforming room-runtime-2.6.1-api.jar with IdentityTransform
Transforming room-runtime-2.6.1-api.jar with IdentityTransform
Transforming room-runtime-2.6.1-api.jar with CopyTransform
Transforming room-runtime-2.6.1-api.jar with AggregatedPackagesTransform
Transforming jetified-room-ktx-2.6.1-api.jar with JetifyTransform
Transforming jetified-room-ktx-2.6.1-api.jar with IdentityTransform
Transforming jetified-room-ktx-2.6.1-api.jar with IdentityTransform
Transforming jetified-room-ktx-2.6.1-api.jar with CopyTransform
Transforming jetified-room-ktx-2.6.1-api.jar with AggregatedPackagesTransform
Transforming jetified-datastore-preferences-1.0.0-api.jar with JetifyTransform
Transforming jetified-datastore-preferences-1.0.0-api.jar with IdentityTransform
Transforming jetified-datastore-preferences-1.0.0-api.jar with IdentityTransform
Transforming jetified-datastore-preferences-1.0.0-api.jar with CopyTransform
Transforming jetified-datastore-preferences-1.0.0-api.jar with AggregatedPackagesTransform
Transforming jetified-timber-5.0.1-api.jar with JetifyTransform
Transforming jetified-timber-5.0.1-api.jar with IdentityTransform
Transforming jetified-timber-5.0.1-api.jar with IdentityTransform
Transforming jetified-timber-5.0.1-api.jar with CopyTransform
Transforming jetified-timber-5.0.1-api.jar with AggregatedPackagesTransform
Transforming jetified-annotation-experimental-1.3.0-api.jar with JetifyTransform
Transforming jetified-annotation-experimental-1.3.0-api.jar with IdentityTransform
Transforming jetified-annotation-experimental-1.3.0-api.jar with IdentityTransform
Transforming jetified-annotation-experimental-1.3.0-api.jar with CopyTransform
Transforming jetified-annotation-experimental-1.3.0-api.jar with AggregatedPackagesTransform
Transforming jetified-savedstate-ktx-1.2.1-api.jar with JetifyTransform
Transforming jetified-savedstate-ktx-1.2.1-api.jar with IdentityTransform
Transforming jetified-savedstate-ktx-1.2.1-api.jar with IdentityTransform
Transforming jetified-savedstate-ktx-1.2.1-api.jar with CopyTransform
Transforming jetified-savedstate-ktx-1.2.1-api.jar with AggregatedPackagesTransform
Transforming jetified-savedstate-1.2.1-api.jar with JetifyTransform
Transforming jetified-savedstate-1.2.1-api.jar with IdentityTransform
Transforming jetified-savedstate-1.2.1-api.jar with IdentityTransform
Transforming jetified-savedstate-1.2.1-api.jar with CopyTransform
Transforming jetified-savedstate-1.2.1-api.jar with AggregatedPackagesTransform
Transforming jetified-datastore-1.0.0-api.jar with JetifyTransform
Transforming jetified-datastore-1.0.0-api.jar with IdentityTransform
Transforming jetified-datastore-1.0.0-api.jar with IdentityTransform
Transforming jetified-datastore-1.0.0-api.jar with CopyTransform
Transforming jetified-datastore-1.0.0-api.jar with AggregatedPackagesTransform
Transforming jetified-datastore-preferences-core-1.0.0.jar with JetifyTransform
Transforming jetified-datastore-preferences-core-1.0.0.jar with IdentityTransform
Transforming jetified-datastore-preferences-core-1.0.0.jar with IdentityTransform
Transforming jetified-datastore-preferences-core-1.0.0.jar with CopyTransform
Transforming jetified-datastore-preferences-core-1.0.0.jar with AggregatedPackagesTransform
Transforming jetified-runtime-saveable-release-api.jar with JetifyTransform
Transforming jetified-runtime-saveable-release-api.jar with IdentityTransform
Transforming jetified-runtime-saveable-release-api.jar with IdentityTransform
Transforming jetified-runtime-saveable-release-api.jar with CopyTransform
Transforming jetified-runtime-saveable-release-api.jar with AggregatedPackagesTransform
Transforming jetified-runtime-release-api.jar with JetifyTransform
Transforming jetified-runtime-release-api.jar with IdentityTransform
Transforming jetified-runtime-release-api.jar with IdentityTransform
Transforming jetified-runtime-release-api.jar with CopyTransform
Transforming jetified-runtime-release-api.jar with AggregatedPackagesTransform
Transforming jetified-datastore-core-1.0.0.jar with JetifyTransform
Transforming jetified-datastore-core-1.0.0.jar with IdentityTransform
Transforming jetified-datastore-core-1.0.0.jar with IdentityTransform
Transforming jetified-datastore-core-1.0.0.jar with CopyTransform
Transforming jetified-datastore-core-1.0.0.jar with AggregatedPackagesTransform
Transforming jetified-kotlinx-coroutines-core-jvm-1.7.3.jar with JetifyTransform
Transforming jetified-kotlinx-coroutines-core-jvm-1.7.3.jar with IdentityTransform
Transforming jetified-kotlinx-coroutines-core-jvm-1.7.3.jar with IdentityTransform
Transforming jetified-kotlinx-coroutines-core-jvm-1.7.3.jar with CopyTransform
Transforming jetified-kotlinx-coroutines-core-jvm-1.7.3.jar with AggregatedPackagesTransform
Transforming jetified-kotlinx-coroutines-android-1.7.3.jar with JetifyTransform
Transforming jetified-kotlinx-coroutines-android-1.7.3.jar with IdentityTransform
Transforming jetified-kotlinx-coroutines-android-1.7.3.jar with IdentityTransform
Transforming jetified-kotlinx-coroutines-android-1.7.3.jar with CopyTransform
Transforming jetified-kotlinx-coroutines-android-1.7.3.jar with AggregatedPackagesTransform
Transforming jetified-converter-gson-2.9.0.jar with JetifyTransform
Transforming jetified-converter-gson-2.9.0.jar with IdentityTransform
Transforming jetified-converter-gson-2.9.0.jar with IdentityTransform
Transforming jetified-converter-gson-2.9.0.jar with CopyTransform
Transforming jetified-converter-gson-2.9.0.jar with AggregatedPackagesTransform
Transforming jetified-retrofit-2.9.0.jar with JetifyTransform
Transforming jetified-retrofit-2.9.0.jar with IdentityTransform
Transforming jetified-retrofit-2.9.0.jar with IdentityTransform
Transforming jetified-retrofit-2.9.0.jar with CopyTransform
Transforming jetified-retrofit-2.9.0.jar with AggregatedPackagesTransform
Transforming jetified-logging-interceptor-4.12.0.jar with JetifyTransform
Transforming jetified-logging-interceptor-4.12.0.jar with IdentityTransform
Transforming jetified-logging-interceptor-4.12.0.jar with IdentityTransform
Transforming jetified-logging-interceptor-4.12.0.jar with CopyTransform
Transforming jetified-logging-interceptor-4.12.0.jar with AggregatedPackagesTransform
Transforming jetified-okhttp-4.12.0.jar with JetifyTransform
Transforming jetified-okhttp-4.12.0.jar with IdentityTransform
Transforming jetified-okhttp-4.12.0.jar with IdentityTransform
Transforming jetified-okhttp-4.12.0.jar with CopyTransform
Transforming jetified-okhttp-4.12.0.jar with AggregatedPackagesTransform
Transforming jetified-okio-jvm-3.6.0.jar with JetifyTransform
Transforming jetified-okio-jvm-3.6.0.jar with IdentityTransform
Transforming jetified-okio-jvm-3.6.0.jar with IdentityTransform
Transforming jetified-okio-jvm-3.6.0.jar with CopyTransform
Transforming jetified-okio-jvm-3.6.0.jar with AggregatedPackagesTransform
Transforming jetified-kotlin-stdlib-jdk8-1.9.10.jar with JetifyTransform
Transforming jetified-kotlin-stdlib-jdk8-1.9.10.jar with IdentityTransform
Transforming jetified-kotlin-stdlib-jdk8-1.9.10.jar with IdentityTransform
Transforming jetified-kotlin-stdlib-jdk8-1.9.10.jar with CopyTransform
Transforming jetified-kotlin-stdlib-jdk8-1.9.10.jar with AggregatedPackagesTransform
Transforming sqlite-framework-2.4.0-api.jar with JetifyTransform
Transforming sqlite-framework-2.4.0-api.jar with IdentityTransform
Transforming sqlite-framework-2.4.0-api.jar with IdentityTransform
Transforming sqlite-framework-2.4.0-api.jar with CopyTransform
Transforming sqlite-framework-2.4.0-api.jar with AggregatedPackagesTransform
Transforming sqlite-2.4.0-api.jar with JetifyTransform
Transforming sqlite-2.4.0-api.jar with IdentityTransform
Transforming sqlite-2.4.0-api.jar with IdentityTransform
Transforming sqlite-2.4.0-api.jar with CopyTransform
Transforming sqlite-2.4.0-api.jar with AggregatedPackagesTransform
Transforming versionedparcelable-1.1.1-api.jar with JetifyTransform
Transforming versionedparcelable-1.1.1-api.jar with IdentityTransform
Transforming versionedparcelable-1.1.1-api.jar with IdentityTransform
Transforming versionedparcelable-1.1.1-api.jar with CopyTransform
Transforming versionedparcelable-1.1.1-api.jar with AggregatedPackagesTransform
Transforming core-runtime-2.2.0-api.jar with JetifyTransform
Transforming core-runtime-2.2.0-api.jar with IdentityTransform
Transforming core-runtime-2.2.0-api.jar with IdentityTransform
Transforming core-runtime-2.2.0-api.jar with CopyTransform
Transforming core-runtime-2.2.0-api.jar with AggregatedPackagesTransform
Transforming core-common-2.2.0.jar with JetifyTransform
Transforming core-common-2.2.0.jar with IdentityTransform
Transforming core-common-2.2.0.jar with IdentityTransform
Transforming core-common-2.2.0.jar with CopyTransform
Transforming core-common-2.2.0.jar with AggregatedPackagesTransform
Transforming jetified-collection-jvm-1.3.0.jar with JetifyTransform
Transforming jetified-collection-jvm-1.3.0.jar with IdentityTransform
Transforming jetified-collection-jvm-1.3.0.jar with IdentityTransform
Transforming jetified-collection-jvm-1.3.0.jar with CopyTransform
Transforming jetified-collection-jvm-1.3.0.jar with AggregatedPackagesTransform
Transforming jetified-annotation-jvm-1.7.0.jar with JetifyTransform
Transforming jetified-annotation-jvm-1.7.0.jar with IdentityTransform
Transforming jetified-annotation-jvm-1.7.0.jar with IdentityTransform
Transforming jetified-annotation-jvm-1.7.0.jar with CopyTransform
Transforming jetified-annotation-jvm-1.7.0.jar with AggregatedPackagesTransform
Transforming jetified-kotlin-stdlib-jdk7-1.9.10.jar with JetifyTransform
Transforming jetified-kotlin-stdlib-jdk7-1.9.10.jar with IdentityTransform
Transforming jetified-kotlin-stdlib-jdk7-1.9.10.jar with IdentityTransform
Transforming jetified-kotlin-stdlib-jdk7-1.9.10.jar with CopyTransform
Transforming jetified-kotlin-stdlib-jdk7-1.9.10.jar with AggregatedPackagesTransform
Transforming jetified-kotlin-stdlib-1.9.21.jar with JetifyTransform
Transforming jetified-kotlin-stdlib-1.9.21.jar with IdentityTransform
Transforming jetified-kotlin-stdlib-1.9.21.jar with IdentityTransform
Transforming jetified-kotlin-stdlib-1.9.21.jar with CopyTransform
Transforming jetified-kotlin-stdlib-1.9.21.jar with AggregatedPackagesTransform
Transforming jetified-annotations-23.0.0.jar with JetifyTransform
Transforming jetified-annotations-23.0.0.jar with IdentityTransform
Transforming jetified-annotations-23.0.0.jar with IdentityTransform
Transforming jetified-annotations-23.0.0.jar with CopyTransform
Transforming jetified-annotations-23.0.0.jar with AggregatedPackagesTransform
Transforming jetified-listenablefuture-1.0.jar with JetifyTransform
Transforming jetified-listenablefuture-1.0.jar with IdentityTransform
Transforming jetified-listenablefuture-1.0.jar with IdentityTransform
Transforming jetified-listenablefuture-1.0.jar with CopyTransform
Transforming jetified-listenablefuture-1.0.jar with AggregatedPackagesTransform
Transforming jetified-startup-runtime-1.1.1-api.jar with JetifyTransform
Transforming jetified-startup-runtime-1.1.1-api.jar with IdentityTransform
Transforming jetified-startup-runtime-1.1.1-api.jar with IdentityTransform
Transforming jetified-startup-runtime-1.1.1-api.jar with CopyTransform
Transforming jetified-startup-runtime-1.1.1-api.jar with AggregatedPackagesTransform
Transforming jetified-hilt-core-2.48.1.jar with JetifyTransform
Transforming jetified-hilt-core-2.48.1.jar with IdentityTransform
Transforming jetified-hilt-core-2.48.1.jar with IdentityTransform
Transforming jetified-hilt-core-2.48.1.jar with CopyTransform
Transforming jetified-hilt-core-2.48.1.jar with AggregatedPackagesTransform
Transforming jetified-dagger-2.48.1.jar with JetifyTransform
Transforming jetified-dagger-2.48.1.jar with IdentityTransform
Transforming jetified-dagger-2.48.1.jar with IdentityTransform
Transforming jetified-dagger-2.48.1.jar with CopyTransform
Transforming jetified-dagger-2.48.1.jar with AggregatedPackagesTransform
Transforming jetified-javax.inject-1.jar with JetifyTransform
Transforming jetified-javax.inject-1.jar with IdentityTransform
Transforming jetified-javax.inject-1.jar with IdentityTransform
Transforming jetified-javax.inject-1.jar with CopyTransform
Transforming jetified-javax.inject-1.jar with AggregatedPackagesTransform
Transforming jetified-dagger-lint-aar-2.48.1-api.jar with JetifyTransform
Transforming jetified-dagger-lint-aar-2.48.1-api.jar with IdentityTransform
Transforming jetified-dagger-lint-aar-2.48.1-api.jar with IdentityTransform
Transforming jetified-dagger-lint-aar-2.48.1-api.jar with CopyTransform
Transforming jetified-dagger-lint-aar-2.48.1-api.jar with AggregatedPackagesTransform
Transforming jetified-jsr305-3.0.2.jar with JetifyTransform
Transforming jetified-jsr305-3.0.2.jar with IdentityTransform
Transforming jetified-jsr305-3.0.2.jar with IdentityTransform
Transforming jetified-jsr305-3.0.2.jar with CopyTransform
Transforming jetified-jsr305-3.0.2.jar with AggregatedPackagesTransform
Transforming jetified-hilt-common-1.1.0.jar with JetifyTransform
Transforming jetified-hilt-common-1.1.0.jar with IdentityTransform
Transforming jetified-hilt-common-1.1.0.jar with IdentityTransform
Transforming jetified-hilt-common-1.1.0.jar with CopyTransform
Transforming jetified-hilt-common-1.1.0.jar with AggregatedPackagesTransform
Transforming jetified-gson-2.8.5.jar with JetifyTransform
Transforming jetified-gson-2.8.5.jar with IdentityTransform
Transforming jetified-gson-2.8.5.jar with IdentityTransform
Transforming jetified-gson-2.8.5.jar with CopyTransform
Transforming jetified-gson-2.8.5.jar with AggregatedPackagesTransform
Transforming debug with CopyTransform
Transforming debug with AggregatedPackagesTransform
Transforming debug with CopyTransform
Transforming debug with AggregatedPackagesTransform
Transforming classes with CopyTransform
Transforming classes with AggregatedPackagesTransform
Caching disabled for task ':app:hiltAggregateDepsDebug' because:
  Build cache is disabled
Skipping task ':app:hiltAggregateDepsDebug' as it is up-to-date.
Resolve mutations for :app:hiltJavaCompileDebug (Thread[Execution worker Thread 3,5,main]) started.
:app:hiltJavaCompileDebug (Thread[Execution worker Thread 3,5,main]) started.

> Task :app:hiltJavaCompileDebug FAILED
Transforming hilt-work-1.1.0.aar (androidx.hilt:hilt-work:1.1.0) with JetifyTransform
Transforming hilt-work-1.1.0.aar (androidx.hilt:hilt-work:1.1.0) with AarToClassTransform
Transforming hilt-work-1.1.0.aar (androidx.hilt:hilt-work:1.1.0) with IdentityTransform
Transforming hilt-work-1.1.0.aar (androidx.hilt:hilt-work:1.1.0) with CopyTransform
Transforming work-runtime-ktx-2.9.0.aar (androidx.work:work-runtime-ktx:2.9.0) with JetifyTransform
Transforming work-runtime-ktx-2.9.0.aar (androidx.work:work-runtime-ktx:2.9.0) with AarToClassTransform
Transforming work-runtime-ktx-2.9.0.aar (androidx.work:work-runtime-ktx:2.9.0) with IdentityTransform
Transforming work-runtime-ktx-2.9.0.aar (androidx.work:work-runtime-ktx:2.9.0) with CopyTransform
Transforming work-runtime-2.9.0.aar (androidx.work:work-runtime:2.9.0) with JetifyTransform
Transforming work-runtime-2.9.0.aar (androidx.work:work-runtime:2.9.0) with AarToClassTransform
Transforming work-runtime-2.9.0.aar (androidx.work:work-runtime:2.9.0) with IdentityTransform
Transforming work-runtime-2.9.0.aar (androidx.work:work-runtime:2.9.0) with CopyTransform
Transforming hilt-navigation-compose-1.1.0.aar (androidx.hilt:hilt-navigation-compose:1.1.0) with JetifyTransform
Transforming hilt-navigation-compose-1.1.0.aar (androidx.hilt:hilt-navigation-compose:1.1.0) with AarToClassTransform
Transforming hilt-navigation-compose-1.1.0.aar (androidx.hilt:hilt-navigation-compose:1.1.0) with IdentityTransform
Transforming hilt-navigation-compose-1.1.0.aar (androidx.hilt:hilt-navigation-compose:1.1.0) with CopyTransform
Transforming hilt-navigation-1.1.0.aar (androidx.hilt:hilt-navigation:1.1.0) with JetifyTransform
Transforming hilt-navigation-1.1.0.aar (androidx.hilt:hilt-navigation:1.1.0) with AarToClassTransform
Transforming hilt-navigation-1.1.0.aar (androidx.hilt:hilt-navigation:1.1.0) with IdentityTransform
Transforming hilt-navigation-1.1.0.aar (androidx.hilt:hilt-navigation:1.1.0) with CopyTransform
Transforming navigation-common-2.7.6.aar (androidx.navigation:navigation-common:2.7.6) with JetifyTransform
Transforming navigation-common-2.7.6.aar (androidx.navigation:navigation-common:2.7.6) with AarToClassTransform
Transforming navigation-common-2.7.6.aar (androidx.navigation:navigation-common:2.7.6) with IdentityTransform
Transforming navigation-common-2.7.6.aar (androidx.navigation:navigation-common:2.7.6) with CopyTransform
Transforming navigation-runtime-2.7.6.aar (androidx.navigation:navigation-runtime:2.7.6) with JetifyTransform
Transforming navigation-runtime-2.7.6.aar (androidx.navigation:navigation-runtime:2.7.6) with AarToClassTransform
Transforming navigation-runtime-2.7.6.aar (androidx.navigation:navigation-runtime:2.7.6) with IdentityTransform
Transforming navigation-runtime-2.7.6.aar (androidx.navigation:navigation-runtime:2.7.6) with CopyTransform
Transforming navigation-common-ktx-2.7.6.aar (androidx.navigation:navigation-common-ktx:2.7.6) with JetifyTransform
Transforming navigation-common-ktx-2.7.6.aar (androidx.navigation:navigation-common-ktx:2.7.6) with AarToClassTransform
Transforming navigation-common-ktx-2.7.6.aar (androidx.navigation:navigation-common-ktx:2.7.6) with IdentityTransform
Transforming navigation-common-ktx-2.7.6.aar (androidx.navigation:navigation-common-ktx:2.7.6) with CopyTransform
Transforming navigation-runtime-ktx-2.7.6.aar (androidx.navigation:navigation-runtime-ktx:2.7.6) with JetifyTransform
Transforming navigation-runtime-ktx-2.7.6.aar (androidx.navigation:navigation-runtime-ktx:2.7.6) with AarToClassTransform
Transforming navigation-runtime-ktx-2.7.6.aar (androidx.navigation:navigation-runtime-ktx:2.7.6) with IdentityTransform
Transforming navigation-runtime-ktx-2.7.6.aar (androidx.navigation:navigation-runtime-ktx:2.7.6) with CopyTransform
Transforming navigation-compose-2.7.6.aar (androidx.navigation:navigation-compose:2.7.6) with JetifyTransform
Transforming navigation-compose-2.7.6.aar (androidx.navigation:navigation-compose:2.7.6) with AarToClassTransform
Transforming navigation-compose-2.7.6.aar (androidx.navigation:navigation-compose:2.7.6) with IdentityTransform
Transforming navigation-compose-2.7.6.aar (androidx.navigation:navigation-compose:2.7.6) with CopyTransform
Transforming material3-1.1.2.aar (androidx.compose.material3:material3:1.1.2) with JetifyTransform
Transforming material3-1.1.2.aar (androidx.compose.material3:material3:1.1.2) with AarToClassTransform
Transforming material3-1.1.2.aar (androidx.compose.material3:material3:1.1.2) with IdentityTransform
Transforming material3-1.1.2.aar (androidx.compose.material3:material3:1.1.2) with CopyTransform
Transforming coil-compose-2.5.0.aar (io.coil-kt:coil-compose:2.5.0) with JetifyTransform
Transforming coil-compose-2.5.0.aar (io.coil-kt:coil-compose:2.5.0) with AarToClassTransform
Transforming coil-compose-2.5.0.aar (io.coil-kt:coil-compose:2.5.0) with IdentityTransform
Transforming coil-compose-2.5.0.aar (io.coil-kt:coil-compose:2.5.0) with CopyTransform
Transforming coil-compose-base-2.5.0.aar (io.coil-kt:coil-compose-base:2.5.0) with JetifyTransform
Transforming coil-compose-base-2.5.0.aar (io.coil-kt:coil-compose-base:2.5.0) with AarToClassTransform
Transforming coil-compose-base-2.5.0.aar (io.coil-kt:coil-compose-base:2.5.0) with IdentityTransform
Transforming coil-compose-base-2.5.0.aar (io.coil-kt:coil-compose-base:2.5.0) with CopyTransform
Transforming material-ripple-release.aar (androidx.compose.material:material-ripple-android:1.5.4) with JetifyTransform
Transforming material-ripple-release.aar (androidx.compose.material:material-ripple-android:1.5.4) with AarToClassTransform
Transforming material-ripple-release.aar (androidx.compose.material:material-ripple-android:1.5.4) with IdentityTransform
Transforming material-ripple-release.aar (androidx.compose.material:material-ripple-android:1.5.4) with CopyTransform
Transforming material-icons-core-release.aar (androidx.compose.material:material-icons-core-android:1.5.4) with JetifyTransform
Transforming material-icons-core-release.aar (androidx.compose.material:material-icons-core-android:1.5.4) with AarToClassTransform
Transforming material-icons-core-release.aar (androidx.compose.material:material-icons-core-android:1.5.4) with IdentityTransform
Transforming material-icons-core-release.aar (androidx.compose.material:material-icons-core-android:1.5.4) with CopyTransform
Transforming material-icons-extended-release.aar (androidx.compose.material:material-icons-extended-android:1.5.4) with JetifyTransform
Transforming material-icons-extended-release.aar (androidx.compose.material:material-icons-extended-android:1.5.4) with AarToClassTransform
Transforming material-icons-extended-release.aar (androidx.compose.material:material-icons-extended-android:1.5.4) with IdentityTransform
Transforming material-icons-extended-release.aar (androidx.compose.material:material-icons-extended-android:1.5.4) with CopyTransform
Transforming material-release.aar (androidx.compose.material:material-android:1.5.4) with JetifyTransform
Transforming material-release.aar (androidx.compose.material:material-android:1.5.4) with AarToClassTransform
Transforming material-release.aar (androidx.compose.material:material-android:1.5.4) with IdentityTransform
Transforming material-release.aar (androidx.compose.material:material-android:1.5.4) with CopyTransform
Transforming animation-core-release.aar (androidx.compose.animation:animation-core-android:1.5.4) with JetifyTransform
Transforming animation-core-release.aar (androidx.compose.animation:animation-core-android:1.5.4) with AarToClassTransform
Transforming animation-core-release.aar (androidx.compose.animation:animation-core-android:1.5.4) with IdentityTransform
Transforming animation-core-release.aar (androidx.compose.animation:animation-core-android:1.5.4) with CopyTransform
Transforming animation-release.aar (androidx.compose.animation:animation-android:1.5.4) with JetifyTransform
Transforming animation-release.aar (androidx.compose.animation:animation-android:1.5.4) with AarToClassTransform
Transforming animation-release.aar (androidx.compose.animation:animation-android:1.5.4) with IdentityTransform
Transforming animation-release.aar (androidx.compose.animation:animation-android:1.5.4) with CopyTransform
Transforming foundation-layout-release.aar (androidx.compose.foundation:foundation-layout-android:1.5.4) with JetifyTransform
Transforming foundation-layout-release.aar (androidx.compose.foundation:foundation-layout-android:1.5.4) with AarToClassTransform
Transforming foundation-layout-release.aar (androidx.compose.foundation:foundation-layout-android:1.5.4) with IdentityTransform
Transforming foundation-layout-release.aar (androidx.compose.foundation:foundation-layout-android:1.5.4) with CopyTransform
Transforming foundation-release.aar (androidx.compose.foundation:foundation-android:1.5.4) with JetifyTransform
Transforming foundation-release.aar (androidx.compose.foundation:foundation-android:1.5.4) with AarToClassTransform
Transforming foundation-release.aar (androidx.compose.foundation:foundation-android:1.5.4) with IdentityTransform
Transforming foundation-release.aar (androidx.compose.foundation:foundation-android:1.5.4) with CopyTransform
Transforming ui-tooling-data-release.aar (androidx.compose.ui:ui-tooling-data-android:1.5.4) with JetifyTransform
Transforming ui-tooling-data-release.aar (androidx.compose.ui:ui-tooling-data-android:1.5.4) with AarToClassTransform
Transforming ui-tooling-data-release.aar (androidx.compose.ui:ui-tooling-data-android:1.5.4) with IdentityTransform
Transforming ui-tooling-data-release.aar (androidx.compose.ui:ui-tooling-data-android:1.5.4) with CopyTransform
Transforming ui-unit-release.aar (androidx.compose.ui:ui-unit-android:1.5.4) with JetifyTransform
Transforming ui-unit-release.aar (androidx.compose.ui:ui-unit-android:1.5.4) with AarToClassTransform
Transforming ui-unit-release.aar (androidx.compose.ui:ui-unit-android:1.5.4) with IdentityTransform
Transforming ui-unit-release.aar (androidx.compose.ui:ui-unit-android:1.5.4) with CopyTransform
Transforming ui-geometry-release.aar (androidx.compose.ui:ui-geometry-android:1.5.4) with JetifyTransform
Transforming ui-geometry-release.aar (androidx.compose.ui:ui-geometry-android:1.5.4) with AarToClassTransform
Transforming ui-geometry-release.aar (androidx.compose.ui:ui-geometry-android:1.5.4) with IdentityTransform
Transforming ui-geometry-release.aar (androidx.compose.ui:ui-geometry-android:1.5.4) with CopyTransform
Transforming ui-util-release.aar (androidx.compose.ui:ui-util-android:1.5.4) with JetifyTransform
Transforming ui-util-release.aar (androidx.compose.ui:ui-util-android:1.5.4) with AarToClassTransform
Transforming ui-util-release.aar (androidx.compose.ui:ui-util-android:1.5.4) with IdentityTransform
Transforming ui-util-release.aar (androidx.compose.ui:ui-util-android:1.5.4) with CopyTransform
Transforming ui-text-release.aar (androidx.compose.ui:ui-text-android:1.5.4) with JetifyTransform
Transforming ui-text-release.aar (androidx.compose.ui:ui-text-android:1.5.4) with AarToClassTransform
Transforming ui-text-release.aar (androidx.compose.ui:ui-text-android:1.5.4) with IdentityTransform
Transforming ui-text-release.aar (androidx.compose.ui:ui-text-android:1.5.4) with CopyTransform
Transforming ui-tooling-preview-release.aar (androidx.compose.ui:ui-tooling-preview-android:1.5.4) with JetifyTransform
Transforming ui-tooling-preview-release.aar (androidx.compose.ui:ui-tooling-preview-android:1.5.4) with AarToClassTransform
Transforming ui-tooling-preview-release.aar (androidx.compose.ui:ui-tooling-preview-android:1.5.4) with IdentityTransform
Transforming ui-tooling-preview-release.aar (androidx.compose.ui:ui-tooling-preview-android:1.5.4) with CopyTransform
Transforming ui-tooling-release.aar (androidx.compose.ui:ui-tooling-android:1.5.4) with JetifyTransform
Transforming ui-tooling-release.aar (androidx.compose.ui:ui-tooling-android:1.5.4) with AarToClassTransform
Transforming ui-tooling-release.aar (androidx.compose.ui:ui-tooling-android:1.5.4) with IdentityTransform
Transforming ui-tooling-release.aar (androidx.compose.ui:ui-tooling-android:1.5.4) with CopyTransform
Transforming ui-graphics-release.aar (androidx.compose.ui:ui-graphics-android:1.5.4) with JetifyTransform
Transforming ui-graphics-release.aar (androidx.compose.ui:ui-graphics-android:1.5.4) with AarToClassTransform
Transforming ui-graphics-release.aar (androidx.compose.ui:ui-graphics-android:1.5.4) with IdentityTransform
Transforming ui-graphics-release.aar (androidx.compose.ui:ui-graphics-android:1.5.4) with CopyTransform
Transforming ui-test-manifest-1.5.4.aar (androidx.compose.ui:ui-test-manifest:1.5.4) with JetifyTransform
Transforming ui-test-manifest-1.5.4.aar (androidx.compose.ui:ui-test-manifest:1.5.4) with AarToClassTransform
Transforming ui-test-manifest-1.5.4.aar (androidx.compose.ui:ui-test-manifest:1.5.4) with IdentityTransform
Transforming ui-test-manifest-1.5.4.aar (androidx.compose.ui:ui-test-manifest:1.5.4) with CopyTransform
Transforming hilt-android-2.48.1.aar (com.google.dagger:hilt-android:2.48.1) with JetifyTransform
Transforming hilt-android-2.48.1.aar (com.google.dagger:hilt-android:2.48.1) with AarToClassTransform
Transforming hilt-android-2.48.1.aar (com.google.dagger:hilt-android:2.48.1) with IdentityTransform
Transforming hilt-android-2.48.1.aar (com.google.dagger:hilt-android:2.48.1) with CopyTransform
Transforming fragment-1.5.1.aar (androidx.fragment:fragment:1.5.1) with JetifyTransform
Transforming fragment-1.5.1.aar (androidx.fragment:fragment:1.5.1) with AarToClassTransform
Transforming fragment-1.5.1.aar (androidx.fragment:fragment:1.5.1) with IdentityTransform
Transforming fragment-1.5.1.aar (androidx.fragment:fragment:1.5.1) with CopyTransform
Transforming activity-1.8.2.aar (androidx.activity:activity:1.8.2) with JetifyTransform
Transforming activity-1.8.2.aar (androidx.activity:activity:1.8.2) with AarToClassTransform
Transforming activity-1.8.2.aar (androidx.activity:activity:1.8.2) with IdentityTransform
Transforming activity-1.8.2.aar (androidx.activity:activity:1.8.2) with CopyTransform
Transforming activity-ktx-1.8.2.aar (androidx.activity:activity-ktx:1.8.2) with JetifyTransform
Transforming activity-ktx-1.8.2.aar (androidx.activity:activity-ktx:1.8.2) with AarToClassTransform
Transforming activity-ktx-1.8.2.aar (androidx.activity:activity-ktx:1.8.2) with IdentityTransform
Transforming activity-ktx-1.8.2.aar (androidx.activity:activity-ktx:1.8.2) with CopyTransform
Transforming activity-compose-1.8.2.aar (androidx.activity:activity-compose:1.8.2) with JetifyTransform
Transforming activity-compose-1.8.2.aar (androidx.activity:activity-compose:1.8.2) with AarToClassTransform
Transforming activity-compose-1.8.2.aar (androidx.activity:activity-compose:1.8.2) with IdentityTransform
Transforming activity-compose-1.8.2.aar (androidx.activity:activity-compose:1.8.2) with CopyTransform
Transforming savedstate-ktx-1.2.1.aar (androidx.savedstate:savedstate-ktx:1.2.1) with JetifyTransform
Transforming savedstate-ktx-1.2.1.aar (androidx.savedstate:savedstate-ktx:1.2.1) with AarToClassTransform
Transforming savedstate-ktx-1.2.1.aar (androidx.savedstate:savedstate-ktx:1.2.1) with IdentityTransform
Transforming savedstate-ktx-1.2.1.aar (androidx.savedstate:savedstate-ktx:1.2.1) with CopyTransform
Transforming savedstate-1.2.1.aar (androidx.savedstate:savedstate:1.2.1) with JetifyTransform
Transforming savedstate-1.2.1.aar (androidx.savedstate:savedstate:1.2.1) with AarToClassTransform
Transforming savedstate-1.2.1.aar (androidx.savedstate:savedstate:1.2.1) with IdentityTransform
Transforming savedstate-1.2.1.aar (androidx.savedstate:savedstate:1.2.1) with CopyTransform
Transforming loader-1.0.0.aar (androidx.loader:loader:1.0.0) with JetifyTransform
Transforming loader-1.0.0.aar (androidx.loader:loader:1.0.0) with AarToClassTransform
Transforming loader-1.0.0.aar (androidx.loader:loader:1.0.0) with IdentityTransform
Transforming loader-1.0.0.aar (androidx.loader:loader:1.0.0) with CopyTransform
Transforming emoji2-1.4.0.aar (androidx.emoji2:emoji2:1.4.0) with JetifyTransform
Transforming emoji2-1.4.0.aar (androidx.emoji2:emoji2:1.4.0) with AarToClassTransform
Transforming emoji2-1.4.0.aar (androidx.emoji2:emoji2:1.4.0) with IdentityTransform
Transforming emoji2-1.4.0.aar (androidx.emoji2:emoji2:1.4.0) with CopyTransform
Transforming lifecycle-process-2.6.2.aar (androidx.lifecycle:lifecycle-process:2.6.2) with JetifyTransform
Transforming lifecycle-process-2.6.2.aar (androidx.lifecycle:lifecycle-process:2.6.2) with AarToClassTransform
Transforming lifecycle-process-2.6.2.aar (androidx.lifecycle:lifecycle-process:2.6.2) with IdentityTransform
Transforming lifecycle-process-2.6.2.aar (androidx.lifecycle:lifecycle-process:2.6.2) with CopyTransform
Transforming lifecycle-service-2.6.2.aar (androidx.lifecycle:lifecycle-service:2.6.2) with JetifyTransform
Transforming lifecycle-service-2.6.2.aar (androidx.lifecycle:lifecycle-service:2.6.2) with AarToClassTransform
Transforming lifecycle-service-2.6.2.aar (androidx.lifecycle:lifecycle-service:2.6.2) with IdentityTransform
Transforming lifecycle-service-2.6.2.aar (androidx.lifecycle:lifecycle-service:2.6.2) with CopyTransform
Transforming lifecycle-livedata-2.6.2.aar (androidx.lifecycle:lifecycle-livedata:2.6.2) with JetifyTransform
Transforming lifecycle-livedata-2.6.2.aar (androidx.lifecycle:lifecycle-livedata:2.6.2) with AarToClassTransform
Transforming lifecycle-livedata-2.6.2.aar (androidx.lifecycle:lifecycle-livedata:2.6.2) with IdentityTransform
Transforming lifecycle-livedata-2.6.2.aar (androidx.lifecycle:lifecycle-livedata:2.6.2) with CopyTransform
Transforming lifecycle-livedata-2.6.2.aar (androidx.lifecycle:lifecycle-livedata:2.6.2) with JetifyTransform
Transforming lifecycle-livedata-2.6.2.aar (androidx.lifecycle:lifecycle-livedata:2.6.2) with AarToClassTransform
Transforming lifecycle-livedata-2.6.2.aar (androidx.lifecycle:lifecycle-livedata:2.6.2) with IdentityTransform
Transforming lifecycle-livedata-2.6.2.aar (androidx.lifecycle:lifecycle-livedata:2.6.2) with CopyTransform
Transforming lifecycle-livedata-core-2.6.2.aar (androidx.lifecycle:lifecycle-livedata-core:2.6.2) with JetifyTransform
Transforming lifecycle-livedata-core-2.6.2.aar (androidx.lifecycle:lifecycle-livedata-core:2.6.2) with AarToClassTransform
Transforming lifecycle-livedata-core-2.6.2.aar (androidx.lifecycle:lifecycle-livedata-core:2.6.2) with IdentityTransform
Transforming lifecycle-livedata-core-2.6.2.aar (androidx.lifecycle:lifecycle-livedata-core:2.6.2) with CopyTransform
Transforming lifecycle-common-2.6.2.jar (androidx.lifecycle:lifecycle-common:2.6.2) with JetifyTransform
Transforming lifecycle-common-2.6.2.jar (androidx.lifecycle:lifecycle-common:2.6.2) with IdentityTransform
Transforming lifecycle-common-2.6.2.jar (androidx.lifecycle:lifecycle-common:2.6.2) with IdentityTransform
Transforming lifecycle-common-2.6.2.jar (androidx.lifecycle:lifecycle-common:2.6.2) with CopyTransform
Transforming lifecycle-viewmodel-savedstate-2.6.2.aar (androidx.lifecycle:lifecycle-viewmodel-savedstate:2.6.2) with JetifyTransform
Transforming lifecycle-viewmodel-savedstate-2.6.2.aar (androidx.lifecycle:lifecycle-viewmodel-savedstate:2.6.2) with AarToClassTransform
Transforming lifecycle-viewmodel-savedstate-2.6.2.aar (androidx.lifecycle:lifecycle-viewmodel-savedstate:2.6.2) with IdentityTransform
Transforming lifecycle-viewmodel-savedstate-2.6.2.aar (androidx.lifecycle:lifecycle-viewmodel-savedstate:2.6.2) with CopyTransform
Transforming lifecycle-viewmodel-ktx-2.6.2.aar (androidx.lifecycle:lifecycle-viewmodel-ktx:2.6.2) with JetifyTransform
Transforming lifecycle-viewmodel-ktx-2.6.2.aar (androidx.lifecycle:lifecycle-viewmodel-ktx:2.6.2) with AarToClassTransform
Transforming lifecycle-viewmodel-ktx-2.6.2.aar (androidx.lifecycle:lifecycle-viewmodel-ktx:2.6.2) with IdentityTransform
Transforming lifecycle-viewmodel-ktx-2.6.2.aar (androidx.lifecycle:lifecycle-viewmodel-ktx:2.6.2) with CopyTransform
Transforming lifecycle-common-java8-2.6.2.jar (androidx.lifecycle:lifecycle-common-java8:2.6.2) with JetifyTransform
Transforming lifecycle-common-java8-2.6.2.jar (androidx.lifecycle:lifecycle-common-java8:2.6.2) with IdentityTransform
Transforming lifecycle-common-java8-2.6.2.jar (androidx.lifecycle:lifecycle-common-java8:2.6.2) with IdentityTransform
Transforming lifecycle-common-java8-2.6.2.jar (androidx.lifecycle:lifecycle-common-java8:2.6.2) with CopyTransform
Transforming lifecycle-viewmodel-2.6.2.aar (androidx.lifecycle:lifecycle-viewmodel:2.6.2) with JetifyTransform
Transforming lifecycle-viewmodel-2.6.2.aar (androidx.lifecycle:lifecycle-viewmodel:2.6.2) with AarToClassTransform
Transforming lifecycle-viewmodel-2.6.2.aar (androidx.lifecycle:lifecycle-viewmodel:2.6.2) with IdentityTransform
Transforming lifecycle-viewmodel-2.6.2.aar (androidx.lifecycle:lifecycle-viewmodel:2.6.2) with CopyTransform
Transforming lifecycle-viewmodel-2.6.2.aar (androidx.lifecycle:lifecycle-viewmodel:2.6.2) with JetifyTransform
Transforming lifecycle-viewmodel-2.6.2.aar (androidx.lifecycle:lifecycle-viewmodel:2.6.2) with AarToClassTransform
Transforming lifecycle-viewmodel-2.6.2.aar (androidx.lifecycle:lifecycle-viewmodel:2.6.2) with IdentityTransform
Transforming lifecycle-viewmodel-2.6.2.aar (androidx.lifecycle:lifecycle-viewmodel:2.6.2) with CopyTransform
Transforming coil-2.5.0.aar (io.coil-kt:coil:2.5.0) with JetifyTransform
Transforming coil-2.5.0.aar (io.coil-kt:coil:2.5.0) with AarToClassTransform
Transforming coil-2.5.0.aar (io.coil-kt:coil:2.5.0) with IdentityTransform
Transforming coil-2.5.0.aar (io.coil-kt:coil:2.5.0) with CopyTransform
Transforming coil-base-2.5.0.aar (io.coil-kt:coil-base:2.5.0) with JetifyTransform
Transforming coil-base-2.5.0.aar (io.coil-kt:coil-base:2.5.0) with AarToClassTransform
Transforming coil-base-2.5.0.aar (io.coil-kt:coil-base:2.5.0) with IdentityTransform
Transforming coil-base-2.5.0.aar (io.coil-kt:coil-base:2.5.0) with CopyTransform
Transforming lifecycle-runtime-2.6.2.aar (androidx.lifecycle:lifecycle-runtime:2.6.2) with JetifyTransform
Transforming lifecycle-runtime-2.6.2.aar (androidx.lifecycle:lifecycle-runtime:2.6.2) with AarToClassTransform
Transforming lifecycle-runtime-2.6.2.aar (androidx.lifecycle:lifecycle-runtime:2.6.2) with IdentityTransform
Transforming lifecycle-runtime-2.6.2.aar (androidx.lifecycle:lifecycle-runtime:2.6.2) with CopyTransform
Transforming lifecycle-runtime-compose-2.6.2.aar (androidx.lifecycle:lifecycle-runtime-compose:2.6.2) with JetifyTransform
Transforming lifecycle-runtime-compose-2.6.2.aar (androidx.lifecycle:lifecycle-runtime-compose:2.6.2) with AarToClassTransform
Transforming lifecycle-runtime-compose-2.6.2.aar (androidx.lifecycle:lifecycle-runtime-compose:2.6.2) with IdentityTransform
Transforming lifecycle-runtime-compose-2.6.2.aar (androidx.lifecycle:lifecycle-runtime-compose:2.6.2) with CopyTransform
Transforming lifecycle-runtime-ktx-2.6.2.aar (androidx.lifecycle:lifecycle-runtime-ktx:2.6.2) with JetifyTransform
Transforming lifecycle-runtime-ktx-2.6.2.aar (androidx.lifecycle:lifecycle-runtime-ktx:2.6.2) with AarToClassTransform
Transforming lifecycle-runtime-ktx-2.6.2.aar (androidx.lifecycle:lifecycle-runtime-ktx:2.6.2) with IdentityTransform
Transforming lifecycle-runtime-ktx-2.6.2.aar (androidx.lifecycle:lifecycle-runtime-ktx:2.6.2) with CopyTransform
Transforming lifecycle-viewmodel-compose-2.6.2.aar (androidx.lifecycle:lifecycle-viewmodel-compose:2.6.2) with JetifyTransform
Transforming lifecycle-viewmodel-compose-2.6.2.aar (androidx.lifecycle:lifecycle-viewmodel-compose:2.6.2) with AarToClassTransform
Transforming lifecycle-viewmodel-compose-2.6.2.aar (androidx.lifecycle:lifecycle-viewmodel-compose:2.6.2) with IdentityTransform
Transforming lifecycle-viewmodel-compose-2.6.2.aar (androidx.lifecycle:lifecycle-viewmodel-compose:2.6.2) with CopyTransform
Transforming accompanist-drawablepainter-0.32.0.aar (com.google.accompanist:accompanist-drawablepainter:0.32.0) with JetifyTransform
Transforming accompanist-drawablepainter-0.32.0.aar (com.google.accompanist:accompanist-drawablepainter:0.32.0) with AarToClassTransform
Transforming accompanist-drawablepainter-0.32.0.aar (com.google.accompanist:accompanist-drawablepainter:0.32.0) with IdentityTransform
Transforming accompanist-drawablepainter-0.32.0.aar (com.google.accompanist:accompanist-drawablepainter:0.32.0) with CopyTransform
Transforming ui-release.aar (androidx.compose.ui:ui-android:1.5.4) with JetifyTransform
Transforming ui-release.aar (androidx.compose.ui:ui-android:1.5.4) with AarToClassTransform
Transforming ui-release.aar (androidx.compose.ui:ui-android:1.5.4) with IdentityTransform
Transforming ui-release.aar (androidx.compose.ui:ui-android:1.5.4) with CopyTransform
Transforming viewpager-1.0.0.aar (androidx.viewpager:viewpager:1.0.0) with JetifyTransform
Transforming viewpager-1.0.0.aar (androidx.viewpager:viewpager:1.0.0) with AarToClassTransform
Transforming viewpager-1.0.0.aar (androidx.viewpager:viewpager:1.0.0) with IdentityTransform
Transforming viewpager-1.0.0.aar (androidx.viewpager:viewpager:1.0.0) with CopyTransform
Transforming autofill-1.0.0.aar (androidx.autofill:autofill:1.0.0) with JetifyTransform
Transforming autofill-1.0.0.aar (androidx.autofill:autofill:1.0.0) with AarToClassTransform
Transforming autofill-1.0.0.aar (androidx.autofill:autofill:1.0.0) with IdentityTransform
Transforming autofill-1.0.0.aar (androidx.autofill:autofill:1.0.0) with CopyTransform
Transforming customview-1.0.0.aar (androidx.customview:customview:1.0.0) with JetifyTransform
Transforming customview-1.0.0.aar (androidx.customview:customview:1.0.0) with AarToClassTransform
Transforming customview-1.0.0.aar (androidx.customview:customview:1.0.0) with IdentityTransform
Transforming customview-1.0.0.aar (androidx.customview:customview:1.0.0) with CopyTransform
Transforming appcompat-resources-1.6.1.aar (androidx.appcompat:appcompat-resources:1.6.1) with JetifyTransform
Transforming appcompat-resources-1.6.1.aar (androidx.appcompat:appcompat-resources:1.6.1) with AarToClassTransform
Transforming appcompat-resources-1.6.1.aar (androidx.appcompat:appcompat-resources:1.6.1) with IdentityTransform
Transforming appcompat-resources-1.6.1.aar (androidx.appcompat:appcompat-resources:1.6.1) with CopyTransform
Transforming vectordrawable-animated-1.1.0.aar (androidx.vectordrawable:vectordrawable-animated:1.1.0) with JetifyTransform
Transforming vectordrawable-animated-1.1.0.aar (androidx.vectordrawable:vectordrawable-animated:1.1.0) with AarToClassTransform
Transforming vectordrawable-animated-1.1.0.aar (androidx.vectordrawable:vectordrawable-animated:1.1.0) with IdentityTransform
Transforming vectordrawable-animated-1.1.0.aar (androidx.vectordrawable:vectordrawable-animated:1.1.0) with CopyTransform
Transforming vectordrawable-1.1.0.aar (androidx.vectordrawable:vectordrawable:1.1.0) with JetifyTransform
Transforming vectordrawable-1.1.0.aar (androidx.vectordrawable:vectordrawable:1.1.0) with AarToClassTransform
Transforming vectordrawable-1.1.0.aar (androidx.vectordrawable:vectordrawable:1.1.0) with IdentityTransform
Transforming vectordrawable-1.1.0.aar (androidx.vectordrawable:vectordrawable:1.1.0) with CopyTransform
Transforming vectordrawable-1.1.0.aar (androidx.vectordrawable:vectordrawable:1.1.0) with JetifyTransform
Transforming vectordrawable-1.1.0.aar (androidx.vectordrawable:vectordrawable:1.1.0) with AarToClassTransform
Transforming vectordrawable-1.1.0.aar (androidx.vectordrawable:vectordrawable:1.1.0) with IdentityTransform
Transforming vectordrawable-1.1.0.aar (androidx.vectordrawable:vectordrawable:1.1.0) with CopyTransform
Transforming core-1.12.0.aar (androidx.core:core:1.12.0) with JetifyTransform
Transforming core-1.12.0.aar (androidx.core:core:1.12.0) with AarToClassTransform
Transforming core-1.12.0.aar (androidx.core:core:1.12.0) with IdentityTransform
Transforming core-1.12.0.aar (androidx.core:core:1.12.0) with CopyTransform
Transforming core-1.12.0.aar (androidx.core:core:1.12.0) with JetifyTransform
Transforming core-1.12.0.aar (androidx.core:core:1.12.0) with AarToClassTransform
Transforming core-1.12.0.aar (androidx.core:core:1.12.0) with IdentityTransform
Transforming core-1.12.0.aar (androidx.core:core:1.12.0) with CopyTransform
Transforming customview-poolingcontainer-1.0.0.aar (androidx.customview:customview-poolingcontainer:1.0.0) with JetifyTransform
Transforming customview-poolingcontainer-1.0.0.aar (androidx.customview:customview-poolingcontainer:1.0.0) with AarToClassTransform
Transforming customview-poolingcontainer-1.0.0.aar (androidx.customview:customview-poolingcontainer:1.0.0) with IdentityTransform
Transforming customview-poolingcontainer-1.0.0.aar (androidx.customview:customview-poolingcontainer:1.0.0) with CopyTransform
Transforming core-ktx-1.12.0.aar (androidx.core:core-ktx:1.12.0) with JetifyTransform
Transforming core-ktx-1.12.0.aar (androidx.core:core-ktx:1.12.0) with AarToClassTransform
Transforming core-ktx-1.12.0.aar (androidx.core:core-ktx:1.12.0) with IdentityTransform
Transforming core-ktx-1.12.0.aar (androidx.core:core-ktx:1.12.0) with CopyTransform
Transforming room-common-2.6.1.jar (androidx.room:room-common:2.6.1) with JetifyTransform
Transforming room-common-2.6.1.jar (androidx.room:room-common:2.6.1) with IdentityTransform
Transforming room-common-2.6.1.jar (androidx.room:room-common:2.6.1) with IdentityTransform
Transforming room-common-2.6.1.jar (androidx.room:room-common:2.6.1) with CopyTransform
Transforming room-runtime-2.6.1.aar (androidx.room:room-runtime:2.6.1) with JetifyTransform
Transforming room-runtime-2.6.1.aar (androidx.room:room-runtime:2.6.1) with AarToClassTransform
Transforming room-runtime-2.6.1.aar (androidx.room:room-runtime:2.6.1) with IdentityTransform
Transforming room-runtime-2.6.1.aar (androidx.room:room-runtime:2.6.1) with CopyTransform
Transforming room-ktx-2.6.1.aar (androidx.room:room-ktx:2.6.1) with JetifyTransform
Transforming room-ktx-2.6.1.aar (androidx.room:room-ktx:2.6.1) with AarToClassTransform
Transforming room-ktx-2.6.1.aar (androidx.room:room-ktx:2.6.1) with IdentityTransform
Transforming room-ktx-2.6.1.aar (androidx.room:room-ktx:2.6.1) with CopyTransform
Transforming datastore-preferences-1.0.0.aar (androidx.datastore:datastore-preferences:1.0.0) with JetifyTransform
Transforming datastore-preferences-1.0.0.aar (androidx.datastore:datastore-preferences:1.0.0) with AarToClassTransform
Transforming datastore-preferences-1.0.0.aar (androidx.datastore:datastore-preferences:1.0.0) with IdentityTransform
Transforming datastore-preferences-1.0.0.aar (androidx.datastore:datastore-preferences:1.0.0) with CopyTransform
Transforming timber-5.0.1.aar (com.jakewharton.timber:timber:5.0.1) with JetifyTransform
Transforming timber-5.0.1.aar (com.jakewharton.timber:timber:5.0.1) with AarToClassTransform
Transforming timber-5.0.1.aar (com.jakewharton.timber:timber:5.0.1) with IdentityTransform
Transforming timber-5.0.1.aar (com.jakewharton.timber:timber:5.0.1) with CopyTransform
Transforming sqlite-framework-2.4.0.aar (androidx.sqlite:sqlite-framework:2.4.0) with JetifyTransform
Transforming sqlite-framework-2.4.0.aar (androidx.sqlite:sqlite-framework:2.4.0) with AarToClassTransform
Transforming sqlite-framework-2.4.0.aar (androidx.sqlite:sqlite-framework:2.4.0) with IdentityTransform
Transforming sqlite-framework-2.4.0.aar (androidx.sqlite:sqlite-framework:2.4.0) with CopyTransform
Transforming sqlite-2.4.0.aar (androidx.sqlite:sqlite:2.4.0) with JetifyTransform
Transforming sqlite-2.4.0.aar (androidx.sqlite:sqlite:2.4.0) with AarToClassTransform
Transforming sqlite-2.4.0.aar (androidx.sqlite:sqlite:2.4.0) with IdentityTransform
Transforming sqlite-2.4.0.aar (androidx.sqlite:sqlite:2.4.0) with CopyTransform
Transforming datastore-1.0.0.aar (androidx.datastore:datastore:1.0.0) with JetifyTransform
Transforming datastore-1.0.0.aar (androidx.datastore:datastore:1.0.0) with AarToClassTransform
Transforming datastore-1.0.0.aar (androidx.datastore:datastore:1.0.0) with IdentityTransform
Transforming datastore-1.0.0.aar (androidx.datastore:datastore:1.0.0) with CopyTransform
Transforming datastore-preferences-core-1.0.0.jar (androidx.datastore:datastore-preferences-core:1.0.0) with JetifyTransform
Transforming datastore-preferences-core-1.0.0.jar (androidx.datastore:datastore-preferences-core:1.0.0) with IdentityTransform
Transforming datastore-preferences-core-1.0.0.jar (androidx.datastore:datastore-preferences-core:1.0.0) with IdentityTransform
Transforming datastore-preferences-core-1.0.0.jar (androidx.datastore:datastore-preferences-core:1.0.0) with CopyTransform
Transforming converter-gson-2.9.0.jar (com.squareup.retrofit2:converter-gson:2.9.0) with JetifyTransform
Transforming converter-gson-2.9.0.jar (com.squareup.retrofit2:converter-gson:2.9.0) with IdentityTransform
Transforming converter-gson-2.9.0.jar (com.squareup.retrofit2:converter-gson:2.9.0) with IdentityTransform
Transforming converter-gson-2.9.0.jar (com.squareup.retrofit2:converter-gson:2.9.0) with CopyTransform
Transforming retrofit-2.9.0.jar (com.squareup.retrofit2:retrofit:2.9.0) with JetifyTransform
Transforming retrofit-2.9.0.jar (com.squareup.retrofit2:retrofit:2.9.0) with IdentityTransform
Transforming retrofit-2.9.0.jar (com.squareup.retrofit2:retrofit:2.9.0) with IdentityTransform
Transforming retrofit-2.9.0.jar (com.squareup.retrofit2:retrofit:2.9.0) with CopyTransform
Transforming logging-interceptor-4.12.0.jar (com.squareup.okhttp3:logging-interceptor:4.12.0) with JetifyTransform
Transforming logging-interceptor-4.12.0.jar (com.squareup.okhttp3:logging-interceptor:4.12.0) with IdentityTransform
Transforming logging-interceptor-4.12.0.jar (com.squareup.okhttp3:logging-interceptor:4.12.0) with IdentityTransform
Transforming logging-interceptor-4.12.0.jar (com.squareup.okhttp3:logging-interceptor:4.12.0) with CopyTransform
Transforming okhttp-4.12.0.jar (com.squareup.okhttp3:okhttp:4.12.0) with JetifyTransform
Transforming okhttp-4.12.0.jar (com.squareup.okhttp3:okhttp:4.12.0) with IdentityTransform
Transforming okhttp-4.12.0.jar (com.squareup.okhttp3:okhttp:4.12.0) with IdentityTransform
Transforming okhttp-4.12.0.jar (com.squareup.okhttp3:okhttp:4.12.0) with CopyTransform
Transforming runtime-saveable-release.aar (androidx.compose.runtime:runtime-saveable-android:1.5.4) with JetifyTransform
Transforming runtime-saveable-release.aar (androidx.compose.runtime:runtime-saveable-android:1.5.4) with AarToClassTransform
Transforming runtime-saveable-release.aar (androidx.compose.runtime:runtime-saveable-android:1.5.4) with IdentityTransform
Transforming runtime-saveable-release.aar (androidx.compose.runtime:runtime-saveable-android:1.5.4) with CopyTransform
Transforming runtime-release.aar (androidx.compose.runtime:runtime-android:1.5.4) with JetifyTransform
Transforming runtime-release.aar (androidx.compose.runtime:runtime-android:1.5.4) with AarToClassTransform
Transforming runtime-release.aar (androidx.compose.runtime:runtime-android:1.5.4) with IdentityTransform
Transforming runtime-release.aar (androidx.compose.runtime:runtime-android:1.5.4) with CopyTransform
Transforming datastore-core-1.0.0.jar (androidx.datastore:datastore-core:1.0.0) with JetifyTransform
Transforming datastore-core-1.0.0.jar (androidx.datastore:datastore-core:1.0.0) with IdentityTransform
Transforming datastore-core-1.0.0.jar (androidx.datastore:datastore-core:1.0.0) with IdentityTransform
Transforming datastore-core-1.0.0.jar (androidx.datastore:datastore-core:1.0.0) with CopyTransform
Transforming kotlinx-coroutines-core-jvm-1.7.3.jar (org.jetbrains.kotlinx:kotlinx-coroutines-core-jvm:1.7.3) with JetifyTransform
Transforming kotlinx-coroutines-core-jvm-1.7.3.jar (org.jetbrains.kotlinx:kotlinx-coroutines-core-jvm:1.7.3) with IdentityTransform
Transforming kotlinx-coroutines-core-jvm-1.7.3.jar (org.jetbrains.kotlinx:kotlinx-coroutines-core-jvm:1.7.3) with IdentityTransform
Transforming kotlinx-coroutines-core-jvm-1.7.3.jar (org.jetbrains.kotlinx:kotlinx-coroutines-core-jvm:1.7.3) with CopyTransform
Transforming kotlinx-coroutines-android-1.7.3.jar (org.jetbrains.kotlinx:kotlinx-coroutines-android:1.7.3) with JetifyTransform
Transforming kotlinx-coroutines-android-1.7.3.jar (org.jetbrains.kotlinx:kotlinx-coroutines-android:1.7.3) with IdentityTransform
Transforming kotlinx-coroutines-android-1.7.3.jar (org.jetbrains.kotlinx:kotlinx-coroutines-android:1.7.3) with IdentityTransform
Transforming kotlinx-coroutines-android-1.7.3.jar (org.jetbrains.kotlinx:kotlinx-coroutines-android:1.7.3) with CopyTransform
Transforming okio-jvm-3.6.0.jar (com.squareup.okio:okio-jvm:3.6.0) with JetifyTransform
Transforming okio-jvm-3.6.0.jar (com.squareup.okio:okio-jvm:3.6.0) with IdentityTransform
Transforming okio-jvm-3.6.0.jar (com.squareup.okio:okio-jvm:3.6.0) with IdentityTransform
Transforming okio-jvm-3.6.0.jar (com.squareup.okio:okio-jvm:3.6.0) with CopyTransform
Transforming kotlin-stdlib-jdk8-1.9.10.jar (org.jetbrains.kotlin:kotlin-stdlib-jdk8:1.9.10) with JetifyTransform
Transforming kotlin-stdlib-jdk8-1.9.10.jar (org.jetbrains.kotlin:kotlin-stdlib-jdk8:1.9.10) with IdentityTransform
Transforming kotlin-stdlib-jdk8-1.9.10.jar (org.jetbrains.kotlin:kotlin-stdlib-jdk8:1.9.10) with IdentityTransform
Transforming kotlin-stdlib-jdk8-1.9.10.jar (org.jetbrains.kotlin:kotlin-stdlib-jdk8:1.9.10) with CopyTransform
Transforming annotation-experimental-1.3.0.aar (androidx.annotation:annotation-experimental:1.3.0) with JetifyTransform
Transforming annotation-experimental-1.3.0.aar (androidx.annotation:annotation-experimental:1.3.0) with AarToClassTransform
Transforming annotation-experimental-1.3.0.aar (androidx.annotation:annotation-experimental:1.3.0) with IdentityTransform
Transforming annotation-experimental-1.3.0.aar (androidx.annotation:annotation-experimental:1.3.0) with CopyTransform
Transforming kotlin-stdlib-jdk7-1.9.10.jar (org.jetbrains.kotlin:kotlin-stdlib-jdk7:1.9.10) with JetifyTransform
Transforming kotlin-stdlib-jdk7-1.9.10.jar (org.jetbrains.kotlin:kotlin-stdlib-jdk7:1.9.10) with IdentityTransform
Transforming kotlin-stdlib-jdk7-1.9.10.jar (org.jetbrains.kotlin:kotlin-stdlib-jdk7:1.9.10) with IdentityTransform
Transforming kotlin-stdlib-jdk7-1.9.10.jar (org.jetbrains.kotlin:kotlin-stdlib-jdk7:1.9.10) with CopyTransform
Transforming core-runtime-2.2.0.aar (androidx.arch.core:core-runtime:2.2.0) with JetifyTransform
Transforming core-runtime-2.2.0.aar (androidx.arch.core:core-runtime:2.2.0) with AarToClassTransform
Transforming core-runtime-2.2.0.aar (androidx.arch.core:core-runtime:2.2.0) with IdentityTransform
Transforming core-runtime-2.2.0.aar (androidx.arch.core:core-runtime:2.2.0) with CopyTransform
Transforming interpolator-1.0.0.aar (androidx.interpolator:interpolator:1.0.0) with JetifyTransform
Transforming interpolator-1.0.0.aar (androidx.interpolator:interpolator:1.0.0) with AarToClassTransform
Transforming interpolator-1.0.0.aar (androidx.interpolator:interpolator:1.0.0) with IdentityTransform
Transforming interpolator-1.0.0.aar (androidx.interpolator:interpolator:1.0.0) with CopyTransform
Transforming interpolator-1.0.0.aar (androidx.interpolator:interpolator:1.0.0) with JetifyTransform
Transforming interpolator-1.0.0.aar (androidx.interpolator:interpolator:1.0.0) with AarToClassTransform
Transforming interpolator-1.0.0.aar (androidx.interpolator:interpolator:1.0.0) with IdentityTransform
Transforming interpolator-1.0.0.aar (androidx.interpolator:interpolator:1.0.0) with CopyTransform
Transforming versionedparcelable-1.1.1.aar (androidx.versionedparcelable:versionedparcelable:1.1.1) with JetifyTransform
Transforming versionedparcelable-1.1.1.aar (androidx.versionedparcelable:versionedparcelable:1.1.1) with AarToClassTransform
Transforming versionedparcelable-1.1.1.aar (androidx.versionedparcelable:versionedparcelable:1.1.1) with IdentityTransform
Transforming versionedparcelable-1.1.1.aar (androidx.versionedparcelable:versionedparcelable:1.1.1) with CopyTransform
Transforming core-common-2.2.0.jar (androidx.arch.core:core-common:2.2.0) with JetifyTransform
Transforming core-common-2.2.0.jar (androidx.arch.core:core-common:2.2.0) with IdentityTransform
Transforming core-common-2.2.0.jar (androidx.arch.core:core-common:2.2.0) with IdentityTransform
Transforming core-common-2.2.0.jar (androidx.arch.core:core-common:2.2.0) with CopyTransform
Transforming profileinstaller-1.3.1.aar (androidx.profileinstaller:profileinstaller:1.3.1) with JetifyTransform
Transforming profileinstaller-1.3.1.aar (androidx.profileinstaller:profileinstaller:1.3.1) with AarToClassTransform
Transforming profileinstaller-1.3.1.aar (androidx.profileinstaller:profileinstaller:1.3.1) with IdentityTransform
Transforming profileinstaller-1.3.1.aar (androidx.profileinstaller:profileinstaller:1.3.1) with CopyTransform
Transforming startup-runtime-1.1.1.aar (androidx.startup:startup-runtime:1.1.1) with JetifyTransform
Transforming startup-runtime-1.1.1.aar (androidx.startup:startup-runtime:1.1.1) with AarToClassTransform
Transforming startup-runtime-1.1.1.aar (androidx.startup:startup-runtime:1.1.1) with IdentityTransform
Transforming startup-runtime-1.1.1.aar (androidx.startup:startup-runtime:1.1.1) with CopyTransform
Transforming tracing-1.0.0.aar (androidx.tracing:tracing:1.0.0) with JetifyTransform
Transforming tracing-1.0.0.aar (androidx.tracing:tracing:1.0.0) with AarToClassTransform
Transforming tracing-1.0.0.aar (androidx.tracing:tracing:1.0.0) with IdentityTransform
Transforming tracing-1.0.0.aar (androidx.tracing:tracing:1.0.0) with CopyTransform
Transforming exifinterface-1.3.6.aar (androidx.exifinterface:exifinterface:1.3.6) with JetifyTransform
Transforming exifinterface-1.3.6.aar (androidx.exifinterface:exifinterface:1.3.6) with AarToClassTransform
Transforming exifinterface-1.3.6.aar (androidx.exifinterface:exifinterface:1.3.6) with IdentityTransform
Transforming exifinterface-1.3.6.aar (androidx.exifinterface:exifinterface:1.3.6) with CopyTransform
Transforming collection-ktx-1.3.0.jar (androidx.collection:collection-ktx:1.3.0) with JetifyTransform
Transforming collection-ktx-1.3.0.jar (androidx.collection:collection-ktx:1.3.0) with IdentityTransform
Transforming collection-ktx-1.3.0.jar (androidx.collection:collection-ktx:1.3.0) with IdentityTransform
Transforming collection-ktx-1.3.0.jar (androidx.collection:collection-ktx:1.3.0) with CopyTransform
Transforming collection-jvm-1.3.0.jar (androidx.collection:collection-jvm:1.3.0) with JetifyTransform
Transforming collection-jvm-1.3.0.jar (androidx.collection:collection-jvm:1.3.0) with IdentityTransform
Transforming collection-jvm-1.3.0.jar (androidx.collection:collection-jvm:1.3.0) with IdentityTransform
Transforming collection-jvm-1.3.0.jar (androidx.collection:collection-jvm:1.3.0) with CopyTransform
Transforming concurrent-futures-1.1.0.jar (androidx.concurrent:concurrent-futures:1.1.0) with JetifyTransform
Transforming concurrent-futures-1.1.0.jar (androidx.concurrent:concurrent-futures:1.1.0) with IdentityTransform
Transforming concurrent-futures-1.1.0.jar (androidx.concurrent:concurrent-futures:1.1.0) with IdentityTransform
Transforming concurrent-futures-1.1.0.jar (androidx.concurrent:concurrent-futures:1.1.0) with CopyTransform
Transforming annotation-jvm-1.7.0.jar (androidx.annotation:annotation-jvm:1.7.0) with JetifyTransform
Transforming annotation-jvm-1.7.0.jar (androidx.annotation:annotation-jvm:1.7.0) with IdentityTransform
Transforming annotation-jvm-1.7.0.jar (androidx.annotation:annotation-jvm:1.7.0) with IdentityTransform
Transforming annotation-jvm-1.7.0.jar (androidx.annotation:annotation-jvm:1.7.0) with CopyTransform
Transforming kotlin-stdlib-1.9.21.jar (org.jetbrains.kotlin:kotlin-stdlib:1.9.21) with JetifyTransform
Transforming kotlin-stdlib-1.9.21.jar (org.jetbrains.kotlin:kotlin-stdlib:1.9.21) with IdentityTransform
Transforming kotlin-stdlib-1.9.21.jar (org.jetbrains.kotlin:kotlin-stdlib:1.9.21) with IdentityTransform
Transforming kotlin-stdlib-1.9.21.jar (org.jetbrains.kotlin:kotlin-stdlib:1.9.21) with CopyTransform
Transforming annotations-23.0.0.jar (org.jetbrains:annotations:23.0.0) with JetifyTransform
Transforming annotations-23.0.0.jar (org.jetbrains:annotations:23.0.0) with IdentityTransform
Transforming annotations-23.0.0.jar (org.jetbrains:annotations:23.0.0) with IdentityTransform
Transforming annotations-23.0.0.jar (org.jetbrains:annotations:23.0.0) with CopyTransform
Transforming hilt-common-1.1.0.jar (androidx.hilt:hilt-common:1.1.0) with JetifyTransform
Transforming hilt-common-1.1.0.jar (androidx.hilt:hilt-common:1.1.0) with IdentityTransform
Transforming hilt-common-1.1.0.jar (androidx.hilt:hilt-common:1.1.0) with IdentityTransform
Transforming hilt-common-1.1.0.jar (androidx.hilt:hilt-common:1.1.0) with CopyTransform
Transforming hilt-core-2.48.1.jar (com.google.dagger:hilt-core:2.48.1) with JetifyTransform
Transforming hilt-core-2.48.1.jar (com.google.dagger:hilt-core:2.48.1) with IdentityTransform
Transforming hilt-core-2.48.1.jar (com.google.dagger:hilt-core:2.48.1) with IdentityTransform
Transforming hilt-core-2.48.1.jar (com.google.dagger:hilt-core:2.48.1) with CopyTransform
Transforming dagger-2.48.1.jar (com.google.dagger:dagger:2.48.1) with JetifyTransform
Transforming dagger-2.48.1.jar (com.google.dagger:dagger:2.48.1) with IdentityTransform
Transforming dagger-2.48.1.jar (com.google.dagger:dagger:2.48.1) with IdentityTransform
Transforming dagger-2.48.1.jar (com.google.dagger:dagger:2.48.1) with CopyTransform
Transforming dagger-lint-aar-2.48.1.aar (com.google.dagger:dagger-lint-aar:2.48.1) with JetifyTransform
Transforming dagger-lint-aar-2.48.1.aar (com.google.dagger:dagger-lint-aar:2.48.1) with AarToClassTransform
Transforming dagger-lint-aar-2.48.1.aar (com.google.dagger:dagger-lint-aar:2.48.1) with IdentityTransform
Transforming dagger-lint-aar-2.48.1.aar (com.google.dagger:dagger-lint-aar:2.48.1) with CopyTransform
Transforming jsr305-3.0.2.jar (com.google.code.findbugs:jsr305:3.0.2) with JetifyTransform
Transforming jsr305-3.0.2.jar (com.google.code.findbugs:jsr305:3.0.2) with IdentityTransform
Transforming jsr305-3.0.2.jar (com.google.code.findbugs:jsr305:3.0.2) with IdentityTransform
Transforming jsr305-3.0.2.jar (com.google.code.findbugs:jsr305:3.0.2) with CopyTransform
Transforming javax.inject-1.jar (javax.inject:javax.inject:1) with JetifyTransform
Transforming javax.inject-1.jar (javax.inject:javax.inject:1) with IdentityTransform
Transforming javax.inject-1.jar (javax.inject:javax.inject:1) with IdentityTransform
Transforming javax.inject-1.jar (javax.inject:javax.inject:1) with CopyTransform
Transforming gson-2.8.5.jar (com.google.code.gson:gson:2.8.5) with JetifyTransform
Transforming gson-2.8.5.jar (com.google.code.gson:gson:2.8.5) with IdentityTransform
Transforming gson-2.8.5.jar (com.google.code.gson:gson:2.8.5) with IdentityTransform
Transforming gson-2.8.5.jar (com.google.code.gson:gson:2.8.5) with CopyTransform
Transforming listenablefuture-1.0.jar (com.google.guava:listenablefuture:1.0) with JetifyTransform
Transforming listenablefuture-1.0.jar (com.google.guava:listenablefuture:1.0) with IdentityTransform
Transforming listenablefuture-1.0.jar (com.google.guava:listenablefuture:1.0) with IdentityTransform
Transforming listenablefuture-1.0.jar (com.google.guava:listenablefuture:1.0) with CopyTransform
Transforming android.jar with JetifyTransform
Transforming android.jar with IdentityTransform
Transforming android.jar with IdentityTransform
Transforming android.jar with CopyTransform
Transforming core-lambda-stubs.jar with JetifyTransform
Transforming core-lambda-stubs.jar with IdentityTransform
Transforming core-lambda-stubs.jar with IdentityTransform
Transforming core-lambda-stubs.jar with CopyTransform
Transforming R.jar with JetifyTransform
Transforming R.jar with IdentityTransform
Transforming R.jar with IdentityTransform
Transforming R.jar with CopyTransform
Transforming jetified-hilt-navigation-compose-1.1.0-api.jar with JetifyTransform
Transforming jetified-hilt-navigation-compose-1.1.0-api.jar with IdentityTransform
Transforming jetified-hilt-navigation-compose-1.1.0-api.jar with IdentityTransform
Transforming jetified-hilt-navigation-compose-1.1.0-api.jar with CopyTransform
Transforming jetified-hilt-navigation-1.1.0-api.jar with JetifyTransform
Transforming jetified-hilt-navigation-1.1.0-api.jar with IdentityTransform
Transforming jetified-hilt-navigation-1.1.0-api.jar with IdentityTransform
Transforming jetified-hilt-navigation-1.1.0-api.jar with CopyTransform
Transforming navigation-common-2.7.6-api.jar with JetifyTransform
Transforming navigation-common-2.7.6-api.jar with IdentityTransform
Transforming navigation-common-2.7.6-api.jar with IdentityTransform
Transforming navigation-common-2.7.6-api.jar with CopyTransform
Transforming navigation-runtime-2.7.6-api.jar with JetifyTransform
Transforming navigation-runtime-2.7.6-api.jar with IdentityTransform
Transforming navigation-runtime-2.7.6-api.jar with IdentityTransform
Transforming navigation-runtime-2.7.6-api.jar with CopyTransform
Transforming navigation-common-ktx-2.7.6-api.jar with JetifyTransform
Transforming navigation-common-ktx-2.7.6-api.jar with IdentityTransform
Transforming navigation-common-ktx-2.7.6-api.jar with IdentityTransform
Transforming navigation-common-ktx-2.7.6-api.jar with CopyTransform
Transforming navigation-runtime-ktx-2.7.6-api.jar with JetifyTransform
Transforming navigation-runtime-ktx-2.7.6-api.jar with IdentityTransform
Transforming navigation-runtime-ktx-2.7.6-api.jar with IdentityTransform
Transforming navigation-runtime-ktx-2.7.6-api.jar with CopyTransform
Transforming jetified-navigation-compose-2.7.6-api.jar with JetifyTransform
Transforming jetified-navigation-compose-2.7.6-api.jar with IdentityTransform
Transforming jetified-navigation-compose-2.7.6-api.jar with IdentityTransform
Transforming jetified-navigation-compose-2.7.6-api.jar with CopyTransform
Transforming jetified-material3-1.1.2-api.jar with JetifyTransform
Transforming jetified-material3-1.1.2-api.jar with IdentityTransform
Transforming jetified-material3-1.1.2-api.jar with IdentityTransform
Transforming jetified-material3-1.1.2-api.jar with CopyTransform
Transforming jetified-hilt-work-1.1.0-api.jar with JetifyTransform
Transforming jetified-hilt-work-1.1.0-api.jar with IdentityTransform
Transforming jetified-hilt-work-1.1.0-api.jar with IdentityTransform
Transforming jetified-hilt-work-1.1.0-api.jar with CopyTransform
Transforming jetified-hilt-android-2.48.1-api.jar with JetifyTransform
Transforming jetified-hilt-android-2.48.1-api.jar with IdentityTransform
Transforming jetified-hilt-android-2.48.1-api.jar with IdentityTransform
Transforming jetified-hilt-android-2.48.1-api.jar with CopyTransform
Transforming fragment-1.5.1-api.jar with JetifyTransform
Transforming fragment-1.5.1-api.jar with IdentityTransform
Transforming fragment-1.5.1-api.jar with IdentityTransform
Transforming fragment-1.5.1-api.jar with CopyTransform
Transforming loader-1.0.0-api.jar with JetifyTransform
Transforming loader-1.0.0-api.jar with IdentityTransform
Transforming loader-1.0.0-api.jar with IdentityTransform
Transforming loader-1.0.0-api.jar with CopyTransform
Transforming viewpager-1.0.0-api.jar with JetifyTransform
Transforming viewpager-1.0.0-api.jar with IdentityTransform
Transforming viewpager-1.0.0-api.jar with IdentityTransform
Transforming viewpager-1.0.0-api.jar with CopyTransform
Transforming customview-1.0.0-api.jar with JetifyTransform
Transforming customview-1.0.0-api.jar with IdentityTransform
Transforming customview-1.0.0-api.jar with IdentityTransform
Transforming customview-1.0.0-api.jar with CopyTransform
Transforming core-1.12.0-api.jar with JetifyTransform
Transforming core-1.12.0-api.jar with IdentityTransform
Transforming core-1.12.0-api.jar with IdentityTransform
Transforming core-1.12.0-api.jar with CopyTransform
Transforming work-runtime-ktx-2.9.0-api.jar with JetifyTransform
Transforming work-runtime-ktx-2.9.0-api.jar with IdentityTransform
Transforming work-runtime-ktx-2.9.0-api.jar with IdentityTransform
Transforming work-runtime-ktx-2.9.0-api.jar with CopyTransform
Transforming work-runtime-2.9.0-api.jar with JetifyTransform
Transforming work-runtime-2.9.0-api.jar with IdentityTransform
Transforming work-runtime-2.9.0-api.jar with IdentityTransform
Transforming work-runtime-2.9.0-api.jar with CopyTransform
Transforming lifecycle-livedata-2.6.2-api.jar with JetifyTransform
Transforming lifecycle-livedata-2.6.2-api.jar with IdentityTransform
Transforming lifecycle-livedata-2.6.2-api.jar with IdentityTransform
Transforming lifecycle-livedata-2.6.2-api.jar with CopyTransform
Transforming lifecycle-livedata-core-2.6.2-api.jar with JetifyTransform
Transforming lifecycle-livedata-core-2.6.2-api.jar with IdentityTransform
Transforming lifecycle-livedata-core-2.6.2-api.jar with IdentityTransform
Transforming lifecycle-livedata-core-2.6.2-api.jar with CopyTransform
Transforming lifecycle-common-2.6.2.jar with JetifyTransform
Transforming lifecycle-common-2.6.2.jar with IdentityTransform
Transforming lifecycle-common-2.6.2.jar with IdentityTransform
Transforming lifecycle-common-2.6.2.jar with CopyTransform
Transforming jetified-lifecycle-viewmodel-savedstate-2.6.2-api.jar with JetifyTransform
Transforming jetified-lifecycle-viewmodel-savedstate-2.6.2-api.jar with IdentityTransform
Transforming jetified-lifecycle-viewmodel-savedstate-2.6.2-api.jar with IdentityTransform
Transforming jetified-lifecycle-viewmodel-savedstate-2.6.2-api.jar with CopyTransform
Transforming jetified-lifecycle-viewmodel-ktx-2.6.2-api.jar with JetifyTransform
Transforming jetified-lifecycle-viewmodel-ktx-2.6.2-api.jar with IdentityTransform
Transforming jetified-lifecycle-viewmodel-ktx-2.6.2-api.jar with IdentityTransform
Transforming jetified-lifecycle-viewmodel-ktx-2.6.2-api.jar with CopyTransform
Transforming lifecycle-common-java8-2.6.2.jar with JetifyTransform
Transforming lifecycle-common-java8-2.6.2.jar with IdentityTransform
Transforming lifecycle-common-java8-2.6.2.jar with IdentityTransform
Transforming lifecycle-common-java8-2.6.2.jar with CopyTransform
Transforming lifecycle-viewmodel-2.6.2-api.jar with JetifyTransform
Transforming lifecycle-viewmodel-2.6.2-api.jar with IdentityTransform
Transforming lifecycle-viewmodel-2.6.2-api.jar with IdentityTransform
Transforming lifecycle-viewmodel-2.6.2-api.jar with CopyTransform
Transforming jetified-coil-compose-2.5.0-api.jar with JetifyTransform
Transforming jetified-coil-compose-2.5.0-api.jar with IdentityTransform
Transforming jetified-coil-compose-2.5.0-api.jar with IdentityTransform
Transforming jetified-coil-compose-2.5.0-api.jar with CopyTransform
Transforming jetified-coil-compose-base-2.5.0-api.jar with JetifyTransform
Transforming jetified-coil-compose-base-2.5.0-api.jar with IdentityTransform
Transforming jetified-coil-compose-base-2.5.0-api.jar with IdentityTransform
Transforming jetified-coil-compose-base-2.5.0-api.jar with CopyTransform
Transforming jetified-coil-2.5.0-api.jar with JetifyTransform
Transforming jetified-coil-2.5.0-api.jar with IdentityTransform
Transforming jetified-coil-2.5.0-api.jar with IdentityTransform
Transforming jetified-coil-2.5.0-api.jar with CopyTransform
Transforming jetified-coil-base-2.5.0-api.jar with JetifyTransform
Transforming jetified-coil-base-2.5.0-api.jar with IdentityTransform
Transforming jetified-coil-base-2.5.0-api.jar with IdentityTransform
Transforming jetified-coil-base-2.5.0-api.jar with CopyTransform
Transforming lifecycle-runtime-2.6.2-api.jar with JetifyTransform
Transforming lifecycle-runtime-2.6.2-api.jar with IdentityTransform
Transforming lifecycle-runtime-2.6.2-api.jar with IdentityTransform
Transforming lifecycle-runtime-2.6.2-api.jar with CopyTransform
Transforming jetified-lifecycle-runtime-compose-2.6.2-api.jar with JetifyTransform
Transforming jetified-lifecycle-runtime-compose-2.6.2-api.jar with IdentityTransform
Transforming jetified-lifecycle-runtime-compose-2.6.2-api.jar with IdentityTransform
Transforming jetified-lifecycle-runtime-compose-2.6.2-api.jar with CopyTransform
Transforming jetified-lifecycle-runtime-ktx-2.6.2-api.jar with JetifyTransform
Transforming jetified-lifecycle-runtime-ktx-2.6.2-api.jar with IdentityTransform
Transforming jetified-lifecycle-runtime-ktx-2.6.2-api.jar with IdentityTransform
Transforming jetified-lifecycle-runtime-ktx-2.6.2-api.jar with CopyTransform
Transforming jetified-lifecycle-viewmodel-compose-2.6.2-api.jar with JetifyTransform
Transforming jetified-lifecycle-viewmodel-compose-2.6.2-api.jar with IdentityTransform
Transforming jetified-lifecycle-viewmodel-compose-2.6.2-api.jar with IdentityTransform
Transforming jetified-lifecycle-viewmodel-compose-2.6.2-api.jar with CopyTransform
Transforming jetified-material-icons-core-release-api.jar with JetifyTransform
Transforming jetified-material-icons-core-release-api.jar with IdentityTransform
Transforming jetified-material-icons-core-release-api.jar with IdentityTransform
Transforming jetified-material-icons-core-release-api.jar with CopyTransform
Transforming jetified-material-icons-extended-release-api.jar with JetifyTransform
Transforming jetified-material-icons-extended-release-api.jar with IdentityTransform
Transforming jetified-material-icons-extended-release-api.jar with IdentityTransform
Transforming jetified-material-icons-extended-release-api.jar with CopyTransform
Transforming jetified-material-ripple-release-api.jar with JetifyTransform
Transforming jetified-material-ripple-release-api.jar with IdentityTransform
Transforming jetified-material-ripple-release-api.jar with IdentityTransform
Transforming jetified-material-ripple-release-api.jar with CopyTransform
Transforming jetified-foundation-layout-release-api.jar with JetifyTransform
Transforming jetified-foundation-layout-release-api.jar with IdentityTransform
Transforming jetified-foundation-layout-release-api.jar with IdentityTransform
Transforming jetified-foundation-layout-release-api.jar with CopyTransform
Transforming jetified-foundation-release-api.jar with JetifyTransform
Transforming jetified-foundation-release-api.jar with IdentityTransform
Transforming jetified-foundation-release-api.jar with IdentityTransform
Transforming jetified-foundation-release-api.jar with CopyTransform
Transforming jetified-animation-core-release-api.jar with JetifyTransform
Transforming jetified-animation-core-release-api.jar with IdentityTransform
Transforming jetified-animation-core-release-api.jar with IdentityTransform
Transforming jetified-animation-core-release-api.jar with CopyTransform
Transforming jetified-animation-release-api.jar with JetifyTransform
Transforming jetified-animation-release-api.jar with IdentityTransform
Transforming jetified-animation-release-api.jar with IdentityTransform
Transforming jetified-animation-release-api.jar with CopyTransform
Transforming jetified-ui-unit-release-api.jar with JetifyTransform
Transforming jetified-ui-unit-release-api.jar with IdentityTransform
Transforming jetified-ui-unit-release-api.jar with IdentityTransform
Transforming jetified-ui-unit-release-api.jar with CopyTransform
Transforming jetified-ui-geometry-release-api.jar with JetifyTransform
Transforming jetified-ui-geometry-release-api.jar with IdentityTransform
Transforming jetified-ui-geometry-release-api.jar with IdentityTransform
Transforming jetified-ui-geometry-release-api.jar with CopyTransform
Transforming jetified-ui-tooling-data-release-api.jar with JetifyTransform
Transforming jetified-ui-tooling-data-release-api.jar with IdentityTransform
Transforming jetified-ui-tooling-data-release-api.jar with IdentityTransform
Transforming jetified-ui-tooling-data-release-api.jar with CopyTransform
Transforming jetified-ui-text-release-api.jar with JetifyTransform
Transforming jetified-ui-text-release-api.jar with IdentityTransform
Transforming jetified-ui-text-release-api.jar with IdentityTransform
Transforming jetified-ui-text-release-api.jar with CopyTransform
Transforming jetified-ui-tooling-preview-release-api.jar with JetifyTransform
Transforming jetified-ui-tooling-preview-release-api.jar with IdentityTransform
Transforming jetified-ui-tooling-preview-release-api.jar with IdentityTransform
Transforming jetified-ui-tooling-preview-release-api.jar with CopyTransform
Transforming jetified-ui-graphics-release-api.jar with JetifyTransform
Transforming jetified-ui-graphics-release-api.jar with IdentityTransform
Transforming jetified-ui-graphics-release-api.jar with IdentityTransform
Transforming jetified-ui-graphics-release-api.jar with CopyTransform
Transforming jetified-ui-release-api.jar with JetifyTransform
Transforming jetified-ui-release-api.jar with IdentityTransform
Transforming jetified-ui-release-api.jar with IdentityTransform
Transforming jetified-ui-release-api.jar with CopyTransform
Transforming jetified-ui-tooling-release-api.jar with JetifyTransform
Transforming jetified-ui-tooling-release-api.jar with IdentityTransform
Transforming jetified-ui-tooling-release-api.jar with IdentityTransform
Transforming jetified-ui-tooling-release-api.jar with CopyTransform
Transforming jetified-ui-test-manifest-1.5.4-api.jar with JetifyTransform
Transforming jetified-ui-test-manifest-1.5.4-api.jar with IdentityTransform
Transforming jetified-ui-test-manifest-1.5.4-api.jar with IdentityTransform
Transforming jetified-ui-test-manifest-1.5.4-api.jar with CopyTransform
Transforming jetified-activity-1.8.2-api.jar with JetifyTransform
Transforming jetified-activity-1.8.2-api.jar with IdentityTransform
Transforming jetified-activity-1.8.2-api.jar with IdentityTransform
Transforming jetified-activity-1.8.2-api.jar with CopyTransform
Transforming jetified-activity-compose-1.8.2-api.jar with JetifyTransform
Transforming jetified-activity-compose-1.8.2-api.jar with IdentityTransform
Transforming jetified-activity-compose-1.8.2-api.jar with IdentityTransform
Transforming jetified-activity-compose-1.8.2-api.jar with CopyTransform
Transforming jetified-activity-ktx-1.8.2-api.jar with JetifyTransform
Transforming jetified-activity-ktx-1.8.2-api.jar with IdentityTransform
Transforming jetified-activity-ktx-1.8.2-api.jar with IdentityTransform
Transforming jetified-activity-ktx-1.8.2-api.jar with CopyTransform
Transforming jetified-core-ktx-1.12.0-api.jar with JetifyTransform
Transforming jetified-core-ktx-1.12.0-api.jar with IdentityTransform
Transforming jetified-core-ktx-1.12.0-api.jar with IdentityTransform
Transforming jetified-core-ktx-1.12.0-api.jar with CopyTransform
Transforming room-common-2.6.1.jar with JetifyTransform
Transforming room-common-2.6.1.jar with IdentityTransform
Transforming room-common-2.6.1.jar with IdentityTransform
Transforming room-common-2.6.1.jar with CopyTransform
Transforming room-runtime-2.6.1-api.jar with JetifyTransform
Transforming room-runtime-2.6.1-api.jar with IdentityTransform
Transforming room-runtime-2.6.1-api.jar with IdentityTransform
Transforming room-runtime-2.6.1-api.jar with CopyTransform
Transforming jetified-room-ktx-2.6.1-api.jar with JetifyTransform
Transforming jetified-room-ktx-2.6.1-api.jar with IdentityTransform
Transforming jetified-room-ktx-2.6.1-api.jar with IdentityTransform
Transforming jetified-room-ktx-2.6.1-api.jar with CopyTransform
Transforming jetified-datastore-preferences-1.0.0-api.jar with JetifyTransform
Transforming jetified-datastore-preferences-1.0.0-api.jar with IdentityTransform
Transforming jetified-datastore-preferences-1.0.0-api.jar with IdentityTransform
Transforming jetified-datastore-preferences-1.0.0-api.jar with CopyTransform
Transforming jetified-timber-5.0.1-api.jar with JetifyTransform
Transforming jetified-timber-5.0.1-api.jar with IdentityTransform
Transforming jetified-timber-5.0.1-api.jar with IdentityTransform
Transforming jetified-timber-5.0.1-api.jar with CopyTransform
Transforming jetified-annotation-experimental-1.3.0-api.jar with JetifyTransform
Transforming jetified-annotation-experimental-1.3.0-api.jar with IdentityTransform
Transforming jetified-annotation-experimental-1.3.0-api.jar with IdentityTransform
Transforming jetified-annotation-experimental-1.3.0-api.jar with CopyTransform
Transforming jetified-savedstate-ktx-1.2.1-api.jar with JetifyTransform
Transforming jetified-savedstate-ktx-1.2.1-api.jar with IdentityTransform
Transforming jetified-savedstate-ktx-1.2.1-api.jar with IdentityTransform
Transforming jetified-savedstate-ktx-1.2.1-api.jar with CopyTransform
Transforming jetified-savedstate-1.2.1-api.jar with JetifyTransform
Transforming jetified-savedstate-1.2.1-api.jar with IdentityTransform
Transforming jetified-savedstate-1.2.1-api.jar with IdentityTransform
Transforming jetified-savedstate-1.2.1-api.jar with CopyTransform
Transforming jetified-datastore-1.0.0-api.jar with JetifyTransform
Transforming jetified-datastore-1.0.0-api.jar with IdentityTransform
Transforming jetified-datastore-1.0.0-api.jar with IdentityTransform
Transforming jetified-datastore-1.0.0-api.jar with CopyTransform
Transforming jetified-datastore-preferences-core-1.0.0.jar with JetifyTransform
Transforming jetified-datastore-preferences-core-1.0.0.jar with IdentityTransform
Transforming jetified-datastore-preferences-core-1.0.0.jar with IdentityTransform
Transforming jetified-datastore-preferences-core-1.0.0.jar with CopyTransform
Transforming jetified-runtime-saveable-release-api.jar with JetifyTransform
Transforming jetified-runtime-saveable-release-api.jar with IdentityTransform
Transforming jetified-runtime-saveable-release-api.jar with IdentityTransform
Transforming jetified-runtime-saveable-release-api.jar with CopyTransform
Transforming jetified-runtime-release-api.jar with JetifyTransform
Transforming jetified-runtime-release-api.jar with IdentityTransform
Transforming jetified-runtime-release-api.jar with IdentityTransform
Transforming jetified-runtime-release-api.jar with CopyTransform
Transforming jetified-datastore-core-1.0.0.jar with JetifyTransform
Transforming jetified-datastore-core-1.0.0.jar with IdentityTransform
Transforming jetified-datastore-core-1.0.0.jar with IdentityTransform
Transforming jetified-datastore-core-1.0.0.jar with CopyTransform
Transforming jetified-kotlinx-coroutines-core-jvm-1.7.3.jar with JetifyTransform
Transforming jetified-kotlinx-coroutines-core-jvm-1.7.3.jar with IdentityTransform
Transforming jetified-kotlinx-coroutines-core-jvm-1.7.3.jar with IdentityTransform
Transforming jetified-kotlinx-coroutines-core-jvm-1.7.3.jar with CopyTransform
Transforming jetified-kotlinx-coroutines-android-1.7.3.jar with JetifyTransform
Transforming jetified-kotlinx-coroutines-android-1.7.3.jar with IdentityTransform
Transforming jetified-kotlinx-coroutines-android-1.7.3.jar with IdentityTransform
Transforming jetified-kotlinx-coroutines-android-1.7.3.jar with CopyTransform
Transforming jetified-converter-gson-2.9.0.jar with JetifyTransform
Transforming jetified-converter-gson-2.9.0.jar with IdentityTransform
Transforming jetified-converter-gson-2.9.0.jar with IdentityTransform
Transforming jetified-converter-gson-2.9.0.jar with CopyTransform
Transforming jetified-retrofit-2.9.0.jar with JetifyTransform
Transforming jetified-retrofit-2.9.0.jar with IdentityTransform
Transforming jetified-retrofit-2.9.0.jar with IdentityTransform
Transforming jetified-retrofit-2.9.0.jar with CopyTransform
Transforming jetified-logging-interceptor-4.12.0.jar with JetifyTransform
Transforming jetified-logging-interceptor-4.12.0.jar with IdentityTransform
Transforming jetified-logging-interceptor-4.12.0.jar with IdentityTransform
Transforming jetified-logging-interceptor-4.12.0.jar with CopyTransform
Transforming jetified-okhttp-4.12.0.jar with JetifyTransform
Transforming jetified-okhttp-4.12.0.jar with IdentityTransform
Transforming jetified-okhttp-4.12.0.jar with IdentityTransform
Transforming jetified-okhttp-4.12.0.jar with CopyTransform
Transforming jetified-okio-jvm-3.6.0.jar with JetifyTransform
Transforming jetified-okio-jvm-3.6.0.jar with IdentityTransform
Transforming jetified-okio-jvm-3.6.0.jar with IdentityTransform
Transforming jetified-okio-jvm-3.6.0.jar with CopyTransform
Transforming jetified-kotlin-stdlib-jdk8-1.9.10.jar with JetifyTransform
Transforming jetified-kotlin-stdlib-jdk8-1.9.10.jar with IdentityTransform
Transforming jetified-kotlin-stdlib-jdk8-1.9.10.jar with IdentityTransform
Transforming jetified-kotlin-stdlib-jdk8-1.9.10.jar with CopyTransform
Transforming sqlite-framework-2.4.0-api.jar with JetifyTransform
Transforming sqlite-framework-2.4.0-api.jar with IdentityTransform
Transforming sqlite-framework-2.4.0-api.jar with IdentityTransform
Transforming sqlite-framework-2.4.0-api.jar with CopyTransform
Transforming sqlite-2.4.0-api.jar with JetifyTransform
Transforming sqlite-2.4.0-api.jar with IdentityTransform
Transforming sqlite-2.4.0-api.jar with IdentityTransform
Transforming sqlite-2.4.0-api.jar with CopyTransform
Transforming versionedparcelable-1.1.1-api.jar with JetifyTransform
Transforming versionedparcelable-1.1.1-api.jar with IdentityTransform
Transforming versionedparcelable-1.1.1-api.jar with IdentityTransform
Transforming versionedparcelable-1.1.1-api.jar with CopyTransform
Transforming core-runtime-2.2.0-api.jar with JetifyTransform
Transforming core-runtime-2.2.0-api.jar with IdentityTransform
Transforming core-runtime-2.2.0-api.jar with IdentityTransform
Transforming core-runtime-2.2.0-api.jar with CopyTransform
Transforming core-common-2.2.0.jar with JetifyTransform
Transforming core-common-2.2.0.jar with IdentityTransform
Transforming core-common-2.2.0.jar with IdentityTransform
Transforming core-common-2.2.0.jar with CopyTransform
Transforming jetified-collection-jvm-1.3.0.jar with JetifyTransform
Transforming jetified-collection-jvm-1.3.0.jar with IdentityTransform
Transforming jetified-collection-jvm-1.3.0.jar with IdentityTransform
Transforming jetified-collection-jvm-1.3.0.jar with CopyTransform
Transforming jetified-annotation-jvm-1.7.0.jar with JetifyTransform
Transforming jetified-annotation-jvm-1.7.0.jar with IdentityTransform
Transforming jetified-annotation-jvm-1.7.0.jar with IdentityTransform
Transforming jetified-annotation-jvm-1.7.0.jar with CopyTransform
Transforming jetified-kotlin-stdlib-jdk7-1.9.10.jar with JetifyTransform
Transforming jetified-kotlin-stdlib-jdk7-1.9.10.jar with IdentityTransform
Transforming jetified-kotlin-stdlib-jdk7-1.9.10.jar with IdentityTransform
Transforming jetified-kotlin-stdlib-jdk7-1.9.10.jar with CopyTransform
Transforming jetified-kotlin-stdlib-1.9.21.jar with JetifyTransform
Transforming jetified-kotlin-stdlib-1.9.21.jar with IdentityTransform
Transforming jetified-kotlin-stdlib-1.9.21.jar with IdentityTransform
Transforming jetified-kotlin-stdlib-1.9.21.jar with CopyTransform
Transforming jetified-annotations-23.0.0.jar with JetifyTransform
Transforming jetified-annotations-23.0.0.jar with IdentityTransform
Transforming jetified-annotations-23.0.0.jar with IdentityTransform
Transforming jetified-annotations-23.0.0.jar with CopyTransform
Transforming jetified-listenablefuture-1.0.jar with JetifyTransform
Transforming jetified-listenablefuture-1.0.jar with IdentityTransform
Transforming jetified-listenablefuture-1.0.jar with IdentityTransform
Transforming jetified-listenablefuture-1.0.jar with CopyTransform
Transforming jetified-startup-runtime-1.1.1-api.jar with JetifyTransform
Transforming jetified-startup-runtime-1.1.1-api.jar with IdentityTransform
Transforming jetified-startup-runtime-1.1.1-api.jar with IdentityTransform
Transforming jetified-startup-runtime-1.1.1-api.jar with CopyTransform
Transforming jetified-hilt-core-2.48.1.jar with JetifyTransform
Transforming jetified-hilt-core-2.48.1.jar with IdentityTransform
Transforming jetified-hilt-core-2.48.1.jar with IdentityTransform
Transforming jetified-hilt-core-2.48.1.jar with CopyTransform
Transforming jetified-dagger-2.48.1.jar with JetifyTransform
Transforming jetified-dagger-2.48.1.jar with IdentityTransform
Transforming jetified-dagger-2.48.1.jar with IdentityTransform
Transforming jetified-dagger-2.48.1.jar with CopyTransform
Transforming jetified-javax.inject-1.jar with JetifyTransform
Transforming jetified-javax.inject-1.jar with IdentityTransform
Transforming jetified-javax.inject-1.jar with IdentityTransform
Transforming jetified-javax.inject-1.jar with CopyTransform
Transforming jetified-dagger-lint-aar-2.48.1-api.jar with JetifyTransform
Transforming jetified-dagger-lint-aar-2.48.1-api.jar with IdentityTransform
Transforming jetified-dagger-lint-aar-2.48.1-api.jar with IdentityTransform
Transforming jetified-dagger-lint-aar-2.48.1-api.jar with CopyTransform
Transforming jetified-jsr305-3.0.2.jar with JetifyTransform
Transforming jetified-jsr305-3.0.2.jar with IdentityTransform
Transforming jetified-jsr305-3.0.2.jar with IdentityTransform
Transforming jetified-jsr305-3.0.2.jar with CopyTransform
Transforming jetified-hilt-common-1.1.0.jar with JetifyTransform
Transforming jetified-hilt-common-1.1.0.jar with IdentityTransform
Transforming jetified-hilt-common-1.1.0.jar with IdentityTransform
Transforming jetified-hilt-common-1.1.0.jar with CopyTransform
Transforming jetified-gson-2.8.5.jar with JetifyTransform
Transforming jetified-gson-2.8.5.jar with IdentityTransform
Transforming jetified-gson-2.8.5.jar with IdentityTransform
Transforming jetified-gson-2.8.5.jar with CopyTransform
Transforming debug with CopyTransform
Transforming debug with CopyTransform
Transforming classes with CopyTransform
Transforming core-for-system-modules.jar with JdkImageTransform
Transforming core-for-system-modules.jar with JdkImageTransform
Transforming core-for-system-modules.jar with JdkImageTransform
Transforming core-for-system-modules.jar with JdkImageTransform
Transforming android.jar with JetifyTransform
Transforming android.jar with IdentityTransform
Transforming android.jar with IdentityTransform
Transforming android.jar with CopyTransform
Transforming core-lambda-stubs.jar with JetifyTransform
Transforming core-lambda-stubs.jar with IdentityTransform
Transforming core-lambda-stubs.jar with IdentityTransform
Transforming core-lambda-stubs.jar with CopyTransform
Transforming R.jar with JetifyTransform
Transforming R.jar with IdentityTransform
Transforming R.jar with IdentityTransform
Transforming R.jar with CopyTransform
Transforming jetified-hilt-navigation-compose-1.1.0-api.jar with JetifyTransform
Transforming jetified-hilt-navigation-compose-1.1.0-api.jar with IdentityTransform
Transforming jetified-hilt-navigation-compose-1.1.0-api.jar with IdentityTransform
Transforming jetified-hilt-navigation-compose-1.1.0-api.jar with CopyTransform
Transforming jetified-hilt-navigation-1.1.0-api.jar with JetifyTransform
Transforming jetified-hilt-navigation-1.1.0-api.jar with IdentityTransform
Transforming jetified-hilt-navigation-1.1.0-api.jar with IdentityTransform
Transforming jetified-hilt-navigation-1.1.0-api.jar with CopyTransform
Transforming navigation-common-2.7.6-api.jar with JetifyTransform
Transforming navigation-common-2.7.6-api.jar with IdentityTransform
Transforming navigation-common-2.7.6-api.jar with IdentityTransform
Transforming navigation-common-2.7.6-api.jar with CopyTransform
Transforming navigation-runtime-2.7.6-api.jar with JetifyTransform
Transforming navigation-runtime-2.7.6-api.jar with IdentityTransform
Transforming navigation-runtime-2.7.6-api.jar with IdentityTransform
Transforming navigation-runtime-2.7.6-api.jar with CopyTransform
Transforming navigation-common-ktx-2.7.6-api.jar with JetifyTransform
Transforming navigation-common-ktx-2.7.6-api.jar with IdentityTransform
Transforming navigation-common-ktx-2.7.6-api.jar with IdentityTransform
Transforming navigation-common-ktx-2.7.6-api.jar with CopyTransform
Transforming navigation-runtime-ktx-2.7.6-api.jar with JetifyTransform
Transforming navigation-runtime-ktx-2.7.6-api.jar with IdentityTransform
Transforming navigation-runtime-ktx-2.7.6-api.jar with IdentityTransform
Transforming navigation-runtime-ktx-2.7.6-api.jar with CopyTransform
Transforming jetified-navigation-compose-2.7.6-api.jar with JetifyTransform
Transforming jetified-navigation-compose-2.7.6-api.jar with IdentityTransform
Transforming jetified-navigation-compose-2.7.6-api.jar with IdentityTransform
Transforming jetified-navigation-compose-2.7.6-api.jar with CopyTransform
Transforming jetified-material3-1.1.2-api.jar with JetifyTransform
Transforming jetified-material3-1.1.2-api.jar with IdentityTransform
Transforming jetified-material3-1.1.2-api.jar with IdentityTransform
Transforming jetified-material3-1.1.2-api.jar with CopyTransform
Transforming jetified-hilt-work-1.1.0-api.jar with JetifyTransform
Transforming jetified-hilt-work-1.1.0-api.jar with IdentityTransform
Transforming jetified-hilt-work-1.1.0-api.jar with IdentityTransform
Transforming jetified-hilt-work-1.1.0-api.jar with CopyTransform
Transforming jetified-hilt-android-2.48.1-api.jar with JetifyTransform
Transforming jetified-hilt-android-2.48.1-api.jar with IdentityTransform
Transforming jetified-hilt-android-2.48.1-api.jar with IdentityTransform
Transforming jetified-hilt-android-2.48.1-api.jar with CopyTransform
Transforming fragment-1.5.1-api.jar with JetifyTransform
Transforming fragment-1.5.1-api.jar with IdentityTransform
Transforming fragment-1.5.1-api.jar with IdentityTransform
Transforming fragment-1.5.1-api.jar with CopyTransform
Transforming loader-1.0.0-api.jar with JetifyTransform
Transforming loader-1.0.0-api.jar with IdentityTransform
Transforming loader-1.0.0-api.jar with IdentityTransform
Transforming loader-1.0.0-api.jar with CopyTransform
Transforming viewpager-1.0.0-api.jar with JetifyTransform
Transforming viewpager-1.0.0-api.jar with IdentityTransform
Transforming viewpager-1.0.0-api.jar with IdentityTransform
Transforming viewpager-1.0.0-api.jar with CopyTransform
Transforming customview-1.0.0-api.jar with JetifyTransform
Transforming customview-1.0.0-api.jar with IdentityTransform
Transforming customview-1.0.0-api.jar with IdentityTransform
Transforming customview-1.0.0-api.jar with CopyTransform
Transforming core-1.12.0-api.jar with JetifyTransform
Transforming core-1.12.0-api.jar with IdentityTransform
Transforming core-1.12.0-api.jar with IdentityTransform
Transforming core-1.12.0-api.jar with CopyTransform
Transforming work-runtime-ktx-2.9.0-api.jar with JetifyTransform
Transforming work-runtime-ktx-2.9.0-api.jar with IdentityTransform
Transforming work-runtime-ktx-2.9.0-api.jar with IdentityTransform
Transforming work-runtime-ktx-2.9.0-api.jar with CopyTransform
Transforming work-runtime-2.9.0-api.jar with JetifyTransform
Transforming work-runtime-2.9.0-api.jar with IdentityTransform
Transforming work-runtime-2.9.0-api.jar with IdentityTransform
Transforming work-runtime-2.9.0-api.jar with CopyTransform
Transforming lifecycle-livedata-2.6.2-api.jar with JetifyTransform
Transforming lifecycle-livedata-2.6.2-api.jar with IdentityTransform
Transforming lifecycle-livedata-2.6.2-api.jar with IdentityTransform
Transforming lifecycle-livedata-2.6.2-api.jar with CopyTransform
Transforming lifecycle-livedata-core-2.6.2-api.jar with JetifyTransform
Transforming lifecycle-livedata-core-2.6.2-api.jar with IdentityTransform
Transforming lifecycle-livedata-core-2.6.2-api.jar with IdentityTransform
Transforming lifecycle-livedata-core-2.6.2-api.jar with CopyTransform
Transforming lifecycle-common-2.6.2.jar with JetifyTransform
Transforming lifecycle-common-2.6.2.jar with IdentityTransform
Transforming lifecycle-common-2.6.2.jar with IdentityTransform
Transforming lifecycle-common-2.6.2.jar with CopyTransform
Transforming jetified-lifecycle-viewmodel-savedstate-2.6.2-api.jar with JetifyTransform
Transforming jetified-lifecycle-viewmodel-savedstate-2.6.2-api.jar with IdentityTransform
Transforming jetified-lifecycle-viewmodel-savedstate-2.6.2-api.jar with IdentityTransform
Transforming jetified-lifecycle-viewmodel-savedstate-2.6.2-api.jar with CopyTransform
Transforming jetified-lifecycle-viewmodel-ktx-2.6.2-api.jar with JetifyTransform
Transforming jetified-lifecycle-viewmodel-ktx-2.6.2-api.jar with IdentityTransform
Transforming jetified-lifecycle-viewmodel-ktx-2.6.2-api.jar with IdentityTransform
Transforming jetified-lifecycle-viewmodel-ktx-2.6.2-api.jar with CopyTransform
Transforming lifecycle-common-java8-2.6.2.jar with JetifyTransform
Transforming lifecycle-common-java8-2.6.2.jar with IdentityTransform
Transforming lifecycle-common-java8-2.6.2.jar with IdentityTransform
Transforming lifecycle-common-java8-2.6.2.jar with CopyTransform
Transforming lifecycle-viewmodel-2.6.2-api.jar with JetifyTransform
Transforming lifecycle-viewmodel-2.6.2-api.jar with IdentityTransform
Transforming lifecycle-viewmodel-2.6.2-api.jar with IdentityTransform
Transforming lifecycle-viewmodel-2.6.2-api.jar with CopyTransform
Transforming jetified-coil-compose-2.5.0-api.jar with JetifyTransform
Transforming jetified-coil-compose-2.5.0-api.jar with IdentityTransform
Transforming jetified-coil-compose-2.5.0-api.jar with IdentityTransform
Transforming jetified-coil-compose-2.5.0-api.jar with CopyTransform
Transforming jetified-coil-compose-base-2.5.0-api.jar with JetifyTransform
Transforming jetified-coil-compose-base-2.5.0-api.jar with IdentityTransform
Transforming jetified-coil-compose-base-2.5.0-api.jar with IdentityTransform
Transforming jetified-coil-compose-base-2.5.0-api.jar with CopyTransform
Transforming jetified-coil-2.5.0-api.jar with JetifyTransform
Transforming jetified-coil-2.5.0-api.jar with IdentityTransform
Transforming jetified-coil-2.5.0-api.jar with IdentityTransform
Transforming jetified-coil-2.5.0-api.jar with CopyTransform
Transforming jetified-coil-base-2.5.0-api.jar with JetifyTransform
Transforming jetified-coil-base-2.5.0-api.jar with IdentityTransform
Transforming jetified-coil-base-2.5.0-api.jar with IdentityTransform
Transforming jetified-coil-base-2.5.0-api.jar with CopyTransform
Transforming lifecycle-runtime-2.6.2-api.jar with JetifyTransform
Transforming lifecycle-runtime-2.6.2-api.jar with IdentityTransform
Transforming lifecycle-runtime-2.6.2-api.jar with IdentityTransform
Transforming lifecycle-runtime-2.6.2-api.jar with CopyTransform
Transforming jetified-lifecycle-runtime-compose-2.6.2-api.jar with JetifyTransform
Transforming jetified-lifecycle-runtime-compose-2.6.2-api.jar with IdentityTransform
Transforming jetified-lifecycle-runtime-compose-2.6.2-api.jar with IdentityTransform
Transforming jetified-lifecycle-runtime-compose-2.6.2-api.jar with CopyTransform
Transforming jetified-lifecycle-runtime-ktx-2.6.2-api.jar with JetifyTransform
Transforming jetified-lifecycle-runtime-ktx-2.6.2-api.jar with IdentityTransform
Transforming jetified-lifecycle-runtime-ktx-2.6.2-api.jar with IdentityTransform
Transforming jetified-lifecycle-runtime-ktx-2.6.2-api.jar with CopyTransform
Transforming jetified-lifecycle-viewmodel-compose-2.6.2-api.jar with JetifyTransform
Transforming jetified-lifecycle-viewmodel-compose-2.6.2-api.jar with IdentityTransform
Transforming jetified-lifecycle-viewmodel-compose-2.6.2-api.jar with IdentityTransform
Transforming jetified-lifecycle-viewmodel-compose-2.6.2-api.jar with CopyTransform
Transforming jetified-material-icons-core-release-api.jar with JetifyTransform
Transforming jetified-material-icons-core-release-api.jar with IdentityTransform
Transforming jetified-material-icons-core-release-api.jar with IdentityTransform
Transforming jetified-material-icons-core-release-api.jar with CopyTransform
Transforming jetified-material-icons-extended-release-api.jar with JetifyTransform
Transforming jetified-material-icons-extended-release-api.jar with IdentityTransform
Transforming jetified-material-icons-extended-release-api.jar with IdentityTransform
Transforming jetified-material-icons-extended-release-api.jar with CopyTransform
Transforming jetified-material-ripple-release-api.jar with JetifyTransform
Transforming jetified-material-ripple-release-api.jar with IdentityTransform
Transforming jetified-material-ripple-release-api.jar with IdentityTransform
Transforming jetified-material-ripple-release-api.jar with CopyTransform
Transforming jetified-foundation-layout-release-api.jar with JetifyTransform
Transforming jetified-foundation-layout-release-api.jar with IdentityTransform
Transforming jetified-foundation-layout-release-api.jar with IdentityTransform
Transforming jetified-foundation-layout-release-api.jar with CopyTransform
Transforming jetified-foundation-release-api.jar with JetifyTransform
Transforming jetified-foundation-release-api.jar with IdentityTransform
Transforming jetified-foundation-release-api.jar with IdentityTransform
Transforming jetified-foundation-release-api.jar with CopyTransform
Transforming jetified-animation-core-release-api.jar with JetifyTransform
Transforming jetified-animation-core-release-api.jar with IdentityTransform
Transforming jetified-animation-core-release-api.jar with IdentityTransform
Transforming jetified-animation-core-release-api.jar with CopyTransform
Transforming jetified-animation-release-api.jar with JetifyTransform
Transforming jetified-animation-release-api.jar with IdentityTransform
Transforming jetified-animation-release-api.jar with IdentityTransform
Transforming jetified-animation-release-api.jar with CopyTransform
Transforming jetified-ui-unit-release-api.jar with JetifyTransform
Transforming jetified-ui-unit-release-api.jar with IdentityTransform
Transforming jetified-ui-unit-release-api.jar with IdentityTransform
Transforming jetified-ui-unit-release-api.jar with CopyTransform
Transforming jetified-ui-geometry-release-api.jar with JetifyTransform
Transforming jetified-ui-geometry-release-api.jar with IdentityTransform
Transforming jetified-ui-geometry-release-api.jar with IdentityTransform
Transforming jetified-ui-geometry-release-api.jar with CopyTransform
Transforming jetified-ui-tooling-data-release-api.jar with JetifyTransform
Transforming jetified-ui-tooling-data-release-api.jar with IdentityTransform
Transforming jetified-ui-tooling-data-release-api.jar with IdentityTransform
Transforming jetified-ui-tooling-data-release-api.jar with CopyTransform
Transforming jetified-ui-text-release-api.jar with JetifyTransform
Transforming jetified-ui-text-release-api.jar with IdentityTransform
Transforming jetified-ui-text-release-api.jar with IdentityTransform
Transforming jetified-ui-text-release-api.jar with CopyTransform
Transforming jetified-ui-tooling-preview-release-api.jar with JetifyTransform
Transforming jetified-ui-tooling-preview-release-api.jar with IdentityTransform
Transforming jetified-ui-tooling-preview-release-api.jar with IdentityTransform
Transforming jetified-ui-tooling-preview-release-api.jar with CopyTransform
Transforming jetified-ui-graphics-release-api.jar with JetifyTransform
Transforming jetified-ui-graphics-release-api.jar with IdentityTransform
Transforming jetified-ui-graphics-release-api.jar with IdentityTransform
Transforming jetified-ui-graphics-release-api.jar with CopyTransform
Transforming jetified-ui-release-api.jar with JetifyTransform
Transforming jetified-ui-release-api.jar with IdentityTransform
Transforming jetified-ui-release-api.jar with IdentityTransform
Transforming jetified-ui-release-api.jar with CopyTransform
Transforming jetified-ui-tooling-release-api.jar with JetifyTransform
Transforming jetified-ui-tooling-release-api.jar with IdentityTransform
Transforming jetified-ui-tooling-release-api.jar with IdentityTransform
Transforming jetified-ui-tooling-release-api.jar with CopyTransform
Transforming jetified-ui-test-manifest-1.5.4-api.jar with JetifyTransform
Transforming jetified-ui-test-manifest-1.5.4-api.jar with IdentityTransform
Transforming jetified-ui-test-manifest-1.5.4-api.jar with IdentityTransform
Transforming jetified-ui-test-manifest-1.5.4-api.jar with CopyTransform
Transforming jetified-activity-1.8.2-api.jar with JetifyTransform
Transforming jetified-activity-1.8.2-api.jar with IdentityTransform
Transforming jetified-activity-1.8.2-api.jar with IdentityTransform
Transforming jetified-activity-1.8.2-api.jar with CopyTransform
Transforming jetified-activity-compose-1.8.2-api.jar with JetifyTransform
Transforming jetified-activity-compose-1.8.2-api.jar with IdentityTransform
Transforming jetified-activity-compose-1.8.2-api.jar with IdentityTransform
Transforming jetified-activity-compose-1.8.2-api.jar with CopyTransform
Transforming jetified-activity-ktx-1.8.2-api.jar with JetifyTransform
Transforming jetified-activity-ktx-1.8.2-api.jar with IdentityTransform
Transforming jetified-activity-ktx-1.8.2-api.jar with IdentityTransform
Transforming jetified-activity-ktx-1.8.2-api.jar with CopyTransform
Transforming jetified-core-ktx-1.12.0-api.jar with JetifyTransform
Transforming jetified-core-ktx-1.12.0-api.jar with IdentityTransform
Transforming jetified-core-ktx-1.12.0-api.jar with IdentityTransform
Transforming jetified-core-ktx-1.12.0-api.jar with CopyTransform
Transforming room-common-2.6.1.jar with JetifyTransform
Transforming room-common-2.6.1.jar with IdentityTransform
Transforming room-common-2.6.1.jar with IdentityTransform
Transforming room-common-2.6.1.jar with CopyTransform
Transforming room-runtime-2.6.1-api.jar with JetifyTransform
Transforming room-runtime-2.6.1-api.jar with IdentityTransform
Transforming room-runtime-2.6.1-api.jar with IdentityTransform
Transforming room-runtime-2.6.1-api.jar with CopyTransform
Transforming jetified-room-ktx-2.6.1-api.jar with JetifyTransform
Transforming jetified-room-ktx-2.6.1-api.jar with IdentityTransform
Transforming jetified-room-ktx-2.6.1-api.jar with IdentityTransform
Transforming jetified-room-ktx-2.6.1-api.jar with CopyTransform
Transforming jetified-datastore-preferences-1.0.0-api.jar with JetifyTransform
Transforming jetified-datastore-preferences-1.0.0-api.jar with IdentityTransform
Transforming jetified-datastore-preferences-1.0.0-api.jar with IdentityTransform
Transforming jetified-datastore-preferences-1.0.0-api.jar with CopyTransform
Transforming jetified-timber-5.0.1-api.jar with JetifyTransform
Transforming jetified-timber-5.0.1-api.jar with IdentityTransform
Transforming jetified-timber-5.0.1-api.jar with IdentityTransform
Transforming jetified-timber-5.0.1-api.jar with CopyTransform
Transforming jetified-annotation-experimental-1.3.0-api.jar with JetifyTransform
Transforming jetified-annotation-experimental-1.3.0-api.jar with IdentityTransform
Transforming jetified-annotation-experimental-1.3.0-api.jar with IdentityTransform
Transforming jetified-annotation-experimental-1.3.0-api.jar with CopyTransform
Transforming jetified-savedstate-ktx-1.2.1-api.jar with JetifyTransform
Transforming jetified-savedstate-ktx-1.2.1-api.jar with IdentityTransform
Transforming jetified-savedstate-ktx-1.2.1-api.jar with IdentityTransform
Transforming jetified-savedstate-ktx-1.2.1-api.jar with CopyTransform
Transforming jetified-savedstate-1.2.1-api.jar with JetifyTransform
Transforming jetified-savedstate-1.2.1-api.jar with IdentityTransform
Transforming jetified-savedstate-1.2.1-api.jar with IdentityTransform
Transforming jetified-savedstate-1.2.1-api.jar with CopyTransform
Transforming jetified-datastore-1.0.0-api.jar with JetifyTransform
Transforming jetified-datastore-1.0.0-api.jar with IdentityTransform
Transforming jetified-datastore-1.0.0-api.jar with IdentityTransform
Transforming jetified-datastore-1.0.0-api.jar with CopyTransform
Transforming jetified-datastore-preferences-core-1.0.0.jar with JetifyTransform
Transforming jetified-datastore-preferences-core-1.0.0.jar with IdentityTransform
Transforming jetified-datastore-preferences-core-1.0.0.jar with IdentityTransform
Transforming jetified-datastore-preferences-core-1.0.0.jar with CopyTransform
Transforming jetified-runtime-saveable-release-api.jar with JetifyTransform
Transforming jetified-runtime-saveable-release-api.jar with IdentityTransform
Transforming jetified-runtime-saveable-release-api.jar with IdentityTransform
Transforming jetified-runtime-saveable-release-api.jar with CopyTransform
Transforming jetified-runtime-release-api.jar with JetifyTransform
Transforming jetified-runtime-release-api.jar with IdentityTransform
Transforming jetified-runtime-release-api.jar with IdentityTransform
Transforming jetified-runtime-release-api.jar with CopyTransform
Transforming jetified-datastore-core-1.0.0.jar with JetifyTransform
Transforming jetified-datastore-core-1.0.0.jar with IdentityTransform
Transforming jetified-datastore-core-1.0.0.jar with IdentityTransform
Transforming jetified-datastore-core-1.0.0.jar with CopyTransform
Transforming jetified-kotlinx-coroutines-core-jvm-1.7.3.jar with JetifyTransform
Transforming jetified-kotlinx-coroutines-core-jvm-1.7.3.jar with IdentityTransform
Transforming jetified-kotlinx-coroutines-core-jvm-1.7.3.jar with IdentityTransform
Transforming jetified-kotlinx-coroutines-core-jvm-1.7.3.jar with CopyTransform
Transforming jetified-kotlinx-coroutines-android-1.7.3.jar with JetifyTransform
Transforming jetified-kotlinx-coroutines-android-1.7.3.jar with IdentityTransform
Transforming jetified-kotlinx-coroutines-android-1.7.3.jar with IdentityTransform
Transforming jetified-kotlinx-coroutines-android-1.7.3.jar with CopyTransform
Transforming jetified-converter-gson-2.9.0.jar with JetifyTransform
Transforming jetified-converter-gson-2.9.0.jar with IdentityTransform
Transforming jetified-converter-gson-2.9.0.jar with IdentityTransform
Transforming jetified-converter-gson-2.9.0.jar with CopyTransform
Transforming jetified-retrofit-2.9.0.jar with JetifyTransform
Transforming jetified-retrofit-2.9.0.jar with IdentityTransform
Transforming jetified-retrofit-2.9.0.jar with IdentityTransform
Transforming jetified-retrofit-2.9.0.jar with CopyTransform
Transforming jetified-logging-interceptor-4.12.0.jar with JetifyTransform
Transforming jetified-logging-interceptor-4.12.0.jar with IdentityTransform
Transforming jetified-logging-interceptor-4.12.0.jar with IdentityTransform
Transforming jetified-logging-interceptor-4.12.0.jar with CopyTransform
Transforming jetified-okhttp-4.12.0.jar with JetifyTransform
Transforming jetified-okhttp-4.12.0.jar with IdentityTransform
Transforming jetified-okhttp-4.12.0.jar with IdentityTransform
Transforming jetified-okhttp-4.12.0.jar with CopyTransform
Transforming jetified-okio-jvm-3.6.0.jar with JetifyTransform
Transforming jetified-okio-jvm-3.6.0.jar with IdentityTransform
Transforming jetified-okio-jvm-3.6.0.jar with IdentityTransform
Transforming jetified-okio-jvm-3.6.0.jar with CopyTransform
Transforming jetified-kotlin-stdlib-jdk8-1.9.10.jar with JetifyTransform
Transforming jetified-kotlin-stdlib-jdk8-1.9.10.jar with IdentityTransform
Transforming jetified-kotlin-stdlib-jdk8-1.9.10.jar with IdentityTransform
Transforming jetified-kotlin-stdlib-jdk8-1.9.10.jar with CopyTransform
Transforming sqlite-framework-2.4.0-api.jar with JetifyTransform
Transforming sqlite-framework-2.4.0-api.jar with IdentityTransform
Transforming sqlite-framework-2.4.0-api.jar with IdentityTransform
Transforming sqlite-framework-2.4.0-api.jar with CopyTransform
Transforming sqlite-2.4.0-api.jar with JetifyTransform
Transforming sqlite-2.4.0-api.jar with IdentityTransform
Transforming sqlite-2.4.0-api.jar with IdentityTransform
Transforming sqlite-2.4.0-api.jar with CopyTransform
Transforming versionedparcelable-1.1.1-api.jar with JetifyTransform
Transforming versionedparcelable-1.1.1-api.jar with IdentityTransform
Transforming versionedparcelable-1.1.1-api.jar with IdentityTransform
Transforming versionedparcelable-1.1.1-api.jar with CopyTransform
Transforming core-runtime-2.2.0-api.jar with JetifyTransform
Transforming core-runtime-2.2.0-api.jar with IdentityTransform
Transforming core-runtime-2.2.0-api.jar with IdentityTransform
Transforming core-runtime-2.2.0-api.jar with CopyTransform
Transforming core-common-2.2.0.jar with JetifyTransform
Transforming core-common-2.2.0.jar with IdentityTransform
Transforming core-common-2.2.0.jar with IdentityTransform
Transforming core-common-2.2.0.jar with CopyTransform
Transforming jetified-collection-jvm-1.3.0.jar with JetifyTransform
Transforming jetified-collection-jvm-1.3.0.jar with IdentityTransform
Transforming jetified-collection-jvm-1.3.0.jar with IdentityTransform
Transforming jetified-collection-jvm-1.3.0.jar with CopyTransform
Transforming jetified-annotation-jvm-1.7.0.jar with JetifyTransform
Transforming jetified-annotation-jvm-1.7.0.jar with IdentityTransform
Transforming jetified-annotation-jvm-1.7.0.jar with IdentityTransform
Transforming jetified-annotation-jvm-1.7.0.jar with CopyTransform
Transforming jetified-kotlin-stdlib-jdk7-1.9.10.jar with JetifyTransform
Transforming jetified-kotlin-stdlib-jdk7-1.9.10.jar with IdentityTransform
Transforming jetified-kotlin-stdlib-jdk7-1.9.10.jar with IdentityTransform
Transforming jetified-kotlin-stdlib-jdk7-1.9.10.jar with CopyTransform
Transforming jetified-kotlin-stdlib-1.9.21.jar with JetifyTransform
Transforming jetified-kotlin-stdlib-1.9.21.jar with IdentityTransform
Transforming jetified-kotlin-stdlib-1.9.21.jar with IdentityTransform
Transforming jetified-kotlin-stdlib-1.9.21.jar with CopyTransform
Transforming jetified-annotations-23.0.0.jar with JetifyTransform
Transforming jetified-annotations-23.0.0.jar with IdentityTransform
Transforming jetified-annotations-23.0.0.jar with IdentityTransform
Transforming jetified-annotations-23.0.0.jar with CopyTransform
Transforming jetified-listenablefuture-1.0.jar with JetifyTransform
Transforming jetified-listenablefuture-1.0.jar with IdentityTransform
Transforming jetified-listenablefuture-1.0.jar with IdentityTransform
Transforming jetified-listenablefuture-1.0.jar with CopyTransform
Transforming jetified-startup-runtime-1.1.1-api.jar with JetifyTransform
Transforming jetified-startup-runtime-1.1.1-api.jar with IdentityTransform
Transforming jetified-startup-runtime-1.1.1-api.jar with IdentityTransform
Transforming jetified-startup-runtime-1.1.1-api.jar with CopyTransform
Transforming jetified-hilt-core-2.48.1.jar with JetifyTransform
Transforming jetified-hilt-core-2.48.1.jar with IdentityTransform
Transforming jetified-hilt-core-2.48.1.jar with IdentityTransform
Transforming jetified-hilt-core-2.48.1.jar with CopyTransform
Transforming jetified-dagger-2.48.1.jar with JetifyTransform
Transforming jetified-dagger-2.48.1.jar with IdentityTransform
Transforming jetified-dagger-2.48.1.jar with IdentityTransform
Transforming jetified-dagger-2.48.1.jar with CopyTransform
Transforming jetified-javax.inject-1.jar with JetifyTransform
Transforming jetified-javax.inject-1.jar with IdentityTransform
Transforming jetified-javax.inject-1.jar with IdentityTransform
Transforming jetified-javax.inject-1.jar with CopyTransform
Transforming jetified-dagger-lint-aar-2.48.1-api.jar with JetifyTransform
Transforming jetified-dagger-lint-aar-2.48.1-api.jar with IdentityTransform
Transforming jetified-dagger-lint-aar-2.48.1-api.jar with IdentityTransform
Transforming jetified-dagger-lint-aar-2.48.1-api.jar with CopyTransform
Transforming jetified-jsr305-3.0.2.jar with JetifyTransform
Transforming jetified-jsr305-3.0.2.jar with IdentityTransform
Transforming jetified-jsr305-3.0.2.jar with IdentityTransform
Transforming jetified-jsr305-3.0.2.jar with CopyTransform
Transforming jetified-hilt-common-1.1.0.jar with JetifyTransform
Transforming jetified-hilt-common-1.1.0.jar with IdentityTransform
Transforming jetified-hilt-common-1.1.0.jar with IdentityTransform
Transforming jetified-hilt-common-1.1.0.jar with CopyTransform
Transforming jetified-gson-2.8.5.jar with JetifyTransform
Transforming jetified-gson-2.8.5.jar with IdentityTransform
Transforming jetified-gson-2.8.5.jar with IdentityTransform
Transforming jetified-gson-2.8.5.jar with CopyTransform
Transforming debug with CopyTransform
Transforming debug with CopyTransform
Transforming classes with CopyTransform
Transforming core-for-system-modules.jar with JdkImageTransform
Transforming core-for-system-modules.jar with JdkImageTransform
Caching disabled for task ':app:hiltJavaCompileDebug' because:
  Build cache is disabled
Task ':app:hiltJavaCompileDebug' is not up-to-date because:
  Task has failed previously.
The input changes require a full rebuild for incremental task ':app:hiltJavaCompileDebug'.
Transforming android.jar with JetifyTransform
Transforming android.jar with IdentityTransform
Transforming android.jar with IdentityTransform
Transforming android.jar with CopyTransform
Transforming core-lambda-stubs.jar with JetifyTransform
Transforming core-lambda-stubs.jar with IdentityTransform
Transforming core-lambda-stubs.jar with IdentityTransform
Transforming core-lambda-stubs.jar with CopyTransform
Transforming R.jar with JetifyTransform
Transforming R.jar with IdentityTransform
Transforming R.jar with IdentityTransform
Transforming R.jar with CopyTransform
Transforming jetified-hilt-navigation-compose-1.1.0-api.jar with JetifyTransform
Transforming jetified-hilt-navigation-compose-1.1.0-api.jar with IdentityTransform
Transforming jetified-hilt-navigation-compose-1.1.0-api.jar with IdentityTransform
Transforming jetified-hilt-navigation-compose-1.1.0-api.jar with CopyTransform
Transforming jetified-hilt-navigation-1.1.0-api.jar with JetifyTransform
Transforming jetified-hilt-navigation-1.1.0-api.jar with IdentityTransform
Transforming jetified-hilt-navigation-1.1.0-api.jar with IdentityTransform
Transforming jetified-hilt-navigation-1.1.0-api.jar with CopyTransform
Transforming navigation-common-2.7.6-api.jar with JetifyTransform
Transforming navigation-common-2.7.6-api.jar with IdentityTransform
Transforming navigation-common-2.7.6-api.jar with IdentityTransform
Transforming navigation-common-2.7.6-api.jar with CopyTransform
Transforming navigation-runtime-2.7.6-api.jar with JetifyTransform
Transforming navigation-runtime-2.7.6-api.jar with IdentityTransform
Transforming navigation-runtime-2.7.6-api.jar with IdentityTransform
Transforming navigation-runtime-2.7.6-api.jar with CopyTransform
Transforming navigation-common-ktx-2.7.6-api.jar with JetifyTransform
Transforming navigation-common-ktx-2.7.6-api.jar with IdentityTransform
Transforming navigation-common-ktx-2.7.6-api.jar with IdentityTransform
Transforming navigation-common-ktx-2.7.6-api.jar with CopyTransform
Transforming navigation-runtime-ktx-2.7.6-api.jar with JetifyTransform
Transforming navigation-runtime-ktx-2.7.6-api.jar with IdentityTransform
Transforming navigation-runtime-ktx-2.7.6-api.jar with IdentityTransform
Transforming navigation-runtime-ktx-2.7.6-api.jar with CopyTransform
Transforming jetified-navigation-compose-2.7.6-api.jar with JetifyTransform
Transforming jetified-navigation-compose-2.7.6-api.jar with IdentityTransform
Transforming jetified-navigation-compose-2.7.6-api.jar with IdentityTransform
Transforming jetified-navigation-compose-2.7.6-api.jar with CopyTransform
Transforming jetified-material3-1.1.2-api.jar with JetifyTransform
Transforming jetified-material3-1.1.2-api.jar with IdentityTransform
Transforming jetified-material3-1.1.2-api.jar with IdentityTransform
Transforming jetified-material3-1.1.2-api.jar with CopyTransform
Transforming jetified-hilt-work-1.1.0-api.jar with JetifyTransform
Transforming jetified-hilt-work-1.1.0-api.jar with IdentityTransform
Transforming jetified-hilt-work-1.1.0-api.jar with IdentityTransform
Transforming jetified-hilt-work-1.1.0-api.jar with CopyTransform
Transforming jetified-hilt-android-2.48.1-api.jar with JetifyTransform
Transforming jetified-hilt-android-2.48.1-api.jar with IdentityTransform
Transforming jetified-hilt-android-2.48.1-api.jar with IdentityTransform
Transforming jetified-hilt-android-2.48.1-api.jar with CopyTransform
Transforming fragment-1.5.1-api.jar with JetifyTransform
Transforming fragment-1.5.1-api.jar with IdentityTransform
Transforming fragment-1.5.1-api.jar with IdentityTransform
Transforming fragment-1.5.1-api.jar with CopyTransform
Transforming loader-1.0.0-api.jar with JetifyTransform
Transforming loader-1.0.0-api.jar with IdentityTransform
Transforming loader-1.0.0-api.jar with IdentityTransform
Transforming loader-1.0.0-api.jar with CopyTransform
Transforming viewpager-1.0.0-api.jar with JetifyTransform
Transforming viewpager-1.0.0-api.jar with IdentityTransform
Transforming viewpager-1.0.0-api.jar with IdentityTransform
Transforming viewpager-1.0.0-api.jar with CopyTransform
Transforming customview-1.0.0-api.jar with JetifyTransform
Transforming customview-1.0.0-api.jar with IdentityTransform
Transforming customview-1.0.0-api.jar with IdentityTransform
Transforming customview-1.0.0-api.jar with CopyTransform
Transforming core-1.12.0-api.jar with JetifyTransform
Transforming core-1.12.0-api.jar with IdentityTransform
Transforming core-1.12.0-api.jar with IdentityTransform
Transforming core-1.12.0-api.jar with CopyTransform
Transforming work-runtime-ktx-2.9.0-api.jar with JetifyTransform
Transforming work-runtime-ktx-2.9.0-api.jar with IdentityTransform
Transforming work-runtime-ktx-2.9.0-api.jar with IdentityTransform
Transforming work-runtime-ktx-2.9.0-api.jar with CopyTransform
Transforming work-runtime-2.9.0-api.jar with JetifyTransform
Transforming work-runtime-2.9.0-api.jar with IdentityTransform
Transforming work-runtime-2.9.0-api.jar with IdentityTransform
Transforming work-runtime-2.9.0-api.jar with CopyTransform
Transforming lifecycle-livedata-2.6.2-api.jar with JetifyTransform
Transforming lifecycle-livedata-2.6.2-api.jar with IdentityTransform
Transforming lifecycle-livedata-2.6.2-api.jar with IdentityTransform
Transforming lifecycle-livedata-2.6.2-api.jar with CopyTransform
Transforming lifecycle-livedata-core-2.6.2-api.jar with JetifyTransform
Transforming lifecycle-livedata-core-2.6.2-api.jar with IdentityTransform
Transforming lifecycle-livedata-core-2.6.2-api.jar with IdentityTransform
Transforming lifecycle-livedata-core-2.6.2-api.jar with CopyTransform
Transforming lifecycle-common-2.6.2.jar with JetifyTransform
Transforming lifecycle-common-2.6.2.jar with IdentityTransform
Transforming lifecycle-common-2.6.2.jar with IdentityTransform
Transforming lifecycle-common-2.6.2.jar with CopyTransform
Transforming jetified-lifecycle-viewmodel-savedstate-2.6.2-api.jar with JetifyTransform
Transforming jetified-lifecycle-viewmodel-savedstate-2.6.2-api.jar with IdentityTransform
Transforming jetified-lifecycle-viewmodel-savedstate-2.6.2-api.jar with IdentityTransform
Transforming jetified-lifecycle-viewmodel-savedstate-2.6.2-api.jar with CopyTransform
Transforming jetified-lifecycle-viewmodel-ktx-2.6.2-api.jar with JetifyTransform
Transforming jetified-lifecycle-viewmodel-ktx-2.6.2-api.jar with IdentityTransform
Transforming jetified-lifecycle-viewmodel-ktx-2.6.2-api.jar with IdentityTransform
Transforming jetified-lifecycle-viewmodel-ktx-2.6.2-api.jar with CopyTransform
Transforming lifecycle-common-java8-2.6.2.jar with JetifyTransform
Transforming lifecycle-common-java8-2.6.2.jar with IdentityTransform
Transforming lifecycle-common-java8-2.6.2.jar with IdentityTransform
Transforming lifecycle-common-java8-2.6.2.jar with CopyTransform
Transforming lifecycle-viewmodel-2.6.2-api.jar with JetifyTransform
Transforming lifecycle-viewmodel-2.6.2-api.jar with IdentityTransform
Transforming lifecycle-viewmodel-2.6.2-api.jar with IdentityTransform
Transforming lifecycle-viewmodel-2.6.2-api.jar with CopyTransform
Transforming jetified-coil-compose-2.5.0-api.jar with JetifyTransform
Transforming jetified-coil-compose-2.5.0-api.jar with IdentityTransform
Transforming jetified-coil-compose-2.5.0-api.jar with IdentityTransform
Transforming jetified-coil-compose-2.5.0-api.jar with CopyTransform
Transforming jetified-coil-compose-base-2.5.0-api.jar with JetifyTransform
Transforming jetified-coil-compose-base-2.5.0-api.jar with IdentityTransform
Transforming jetified-coil-compose-base-2.5.0-api.jar with IdentityTransform
Transforming jetified-coil-compose-base-2.5.0-api.jar with CopyTransform
Transforming jetified-coil-2.5.0-api.jar with JetifyTransform
Transforming jetified-coil-2.5.0-api.jar with IdentityTransform
Transforming jetified-coil-2.5.0-api.jar with IdentityTransform
Transforming jetified-coil-2.5.0-api.jar with CopyTransform
Transforming jetified-coil-base-2.5.0-api.jar with JetifyTransform
Transforming jetified-coil-base-2.5.0-api.jar with IdentityTransform
Transforming jetified-coil-base-2.5.0-api.jar with IdentityTransform
Transforming jetified-coil-base-2.5.0-api.jar with CopyTransform
Transforming lifecycle-runtime-2.6.2-api.jar with JetifyTransform
Transforming lifecycle-runtime-2.6.2-api.jar with IdentityTransform
Transforming lifecycle-runtime-2.6.2-api.jar with IdentityTransform
Transforming lifecycle-runtime-2.6.2-api.jar with CopyTransform
Transforming jetified-lifecycle-runtime-compose-2.6.2-api.jar with JetifyTransform
Transforming jetified-lifecycle-runtime-compose-2.6.2-api.jar with IdentityTransform
Transforming jetified-lifecycle-runtime-compose-2.6.2-api.jar with IdentityTransform
Transforming jetified-lifecycle-runtime-compose-2.6.2-api.jar with CopyTransform
Transforming jetified-lifecycle-runtime-ktx-2.6.2-api.jar with JetifyTransform
Transforming jetified-lifecycle-runtime-ktx-2.6.2-api.jar with IdentityTransform
Transforming jetified-lifecycle-runtime-ktx-2.6.2-api.jar with IdentityTransform
Transforming jetified-lifecycle-runtime-ktx-2.6.2-api.jar with CopyTransform
Transforming jetified-lifecycle-viewmodel-compose-2.6.2-api.jar with JetifyTransform
Transforming jetified-lifecycle-viewmodel-compose-2.6.2-api.jar with IdentityTransform
Transforming jetified-lifecycle-viewmodel-compose-2.6.2-api.jar with IdentityTransform
Transforming jetified-lifecycle-viewmodel-compose-2.6.2-api.jar with CopyTransform
Transforming jetified-material-icons-core-release-api.jar with JetifyTransform
Transforming jetified-material-icons-core-release-api.jar with IdentityTransform
Transforming jetified-material-icons-core-release-api.jar with IdentityTransform
Transforming jetified-material-icons-core-release-api.jar with CopyTransform
Transforming jetified-material-icons-extended-release-api.jar with JetifyTransform
Transforming jetified-material-icons-extended-release-api.jar with IdentityTransform
Transforming jetified-material-icons-extended-release-api.jar with IdentityTransform
Transforming jetified-material-icons-extended-release-api.jar with CopyTransform
Transforming jetified-material-ripple-release-api.jar with JetifyTransform
Transforming jetified-material-ripple-release-api.jar with IdentityTransform
Transforming jetified-material-ripple-release-api.jar with IdentityTransform
Transforming jetified-material-ripple-release-api.jar with CopyTransform
Transforming jetified-foundation-layout-release-api.jar with JetifyTransform
Transforming jetified-foundation-layout-release-api.jar with IdentityTransform
Transforming jetified-foundation-layout-release-api.jar with IdentityTransform
Transforming jetified-foundation-layout-release-api.jar with CopyTransform
Transforming jetified-foundation-release-api.jar with JetifyTransform
Transforming jetified-foundation-release-api.jar with IdentityTransform
Transforming jetified-foundation-release-api.jar with IdentityTransform
Transforming jetified-foundation-release-api.jar with CopyTransform
Transforming jetified-animation-core-release-api.jar with JetifyTransform
Transforming jetified-animation-core-release-api.jar with IdentityTransform
Transforming jetified-animation-core-release-api.jar with IdentityTransform
Transforming jetified-animation-core-release-api.jar with CopyTransform
Transforming jetified-animation-release-api.jar with JetifyTransform
Transforming jetified-animation-release-api.jar with IdentityTransform
Transforming jetified-animation-release-api.jar with IdentityTransform
Transforming jetified-animation-release-api.jar with CopyTransform
Transforming jetified-ui-unit-release-api.jar with JetifyTransform
Transforming jetified-ui-unit-release-api.jar with IdentityTransform
Transforming jetified-ui-unit-release-api.jar with IdentityTransform
Transforming jetified-ui-unit-release-api.jar with CopyTransform
Transforming jetified-ui-geometry-release-api.jar with JetifyTransform
Transforming jetified-ui-geometry-release-api.jar with IdentityTransform
Transforming jetified-ui-geometry-release-api.jar with IdentityTransform
Transforming jetified-ui-geometry-release-api.jar with CopyTransform
Transforming jetified-ui-tooling-data-release-api.jar with JetifyTransform
Transforming jetified-ui-tooling-data-release-api.jar with IdentityTransform
Transforming jetified-ui-tooling-data-release-api.jar with IdentityTransform
Transforming jetified-ui-tooling-data-release-api.jar with CopyTransform
Transforming jetified-ui-text-release-api.jar with JetifyTransform
Transforming jetified-ui-text-release-api.jar with IdentityTransform
Transforming jetified-ui-text-release-api.jar with IdentityTransform
Transforming jetified-ui-text-release-api.jar with CopyTransform
Transforming jetified-ui-tooling-preview-release-api.jar with JetifyTransform
Transforming jetified-ui-tooling-preview-release-api.jar with IdentityTransform
Transforming jetified-ui-tooling-preview-release-api.jar with IdentityTransform
Transforming jetified-ui-tooling-preview-release-api.jar with CopyTransform
Transforming jetified-ui-graphics-release-api.jar with JetifyTransform
Transforming jetified-ui-graphics-release-api.jar with IdentityTransform
Transforming jetified-ui-graphics-release-api.jar with IdentityTransform
Transforming jetified-ui-graphics-release-api.jar with CopyTransform
Transforming jetified-ui-release-api.jar with JetifyTransform
Transforming jetified-ui-release-api.jar with IdentityTransform
Transforming jetified-ui-release-api.jar with IdentityTransform
Transforming jetified-ui-release-api.jar with CopyTransform
Transforming jetified-ui-tooling-release-api.jar with JetifyTransform
Transforming jetified-ui-tooling-release-api.jar with IdentityTransform
Transforming jetified-ui-tooling-release-api.jar with IdentityTransform
Transforming jetified-ui-tooling-release-api.jar with CopyTransform
Transforming jetified-ui-test-manifest-1.5.4-api.jar with JetifyTransform
Transforming jetified-ui-test-manifest-1.5.4-api.jar with IdentityTransform
Transforming jetified-ui-test-manifest-1.5.4-api.jar with IdentityTransform
Transforming jetified-ui-test-manifest-1.5.4-api.jar with CopyTransform
Transforming jetified-activity-1.8.2-api.jar with JetifyTransform
Transforming jetified-activity-1.8.2-api.jar with IdentityTransform
Transforming jetified-activity-1.8.2-api.jar with IdentityTransform
Transforming jetified-activity-1.8.2-api.jar with CopyTransform
Transforming jetified-activity-compose-1.8.2-api.jar with JetifyTransform
Transforming jetified-activity-compose-1.8.2-api.jar with IdentityTransform
Transforming jetified-activity-compose-1.8.2-api.jar with IdentityTransform
Transforming jetified-activity-compose-1.8.2-api.jar with CopyTransform
Transforming jetified-activity-ktx-1.8.2-api.jar with JetifyTransform
Transforming jetified-activity-ktx-1.8.2-api.jar with IdentityTransform
Transforming jetified-activity-ktx-1.8.2-api.jar with IdentityTransform
Transforming jetified-activity-ktx-1.8.2-api.jar with CopyTransform
Transforming jetified-core-ktx-1.12.0-api.jar with JetifyTransform
Transforming jetified-core-ktx-1.12.0-api.jar with IdentityTransform
Transforming jetified-core-ktx-1.12.0-api.jar with IdentityTransform
Transforming jetified-core-ktx-1.12.0-api.jar with CopyTransform
Transforming room-common-2.6.1.jar with JetifyTransform
Transforming room-common-2.6.1.jar with IdentityTransform
Transforming room-common-2.6.1.jar with IdentityTransform
Transforming room-common-2.6.1.jar with CopyTransform
Transforming room-runtime-2.6.1-api.jar with JetifyTransform
Transforming room-runtime-2.6.1-api.jar with IdentityTransform
Transforming room-runtime-2.6.1-api.jar with IdentityTransform
Transforming room-runtime-2.6.1-api.jar with CopyTransform
Transforming jetified-room-ktx-2.6.1-api.jar with JetifyTransform
Transforming jetified-room-ktx-2.6.1-api.jar with IdentityTransform
Transforming jetified-room-ktx-2.6.1-api.jar with IdentityTransform
Transforming jetified-room-ktx-2.6.1-api.jar with CopyTransform
Transforming jetified-datastore-preferences-1.0.0-api.jar with JetifyTransform
Transforming jetified-datastore-preferences-1.0.0-api.jar with IdentityTransform
Transforming jetified-datastore-preferences-1.0.0-api.jar with IdentityTransform
Transforming jetified-datastore-preferences-1.0.0-api.jar with CopyTransform
Transforming jetified-timber-5.0.1-api.jar with JetifyTransform
Transforming jetified-timber-5.0.1-api.jar with IdentityTransform
Transforming jetified-timber-5.0.1-api.jar with IdentityTransform
Transforming jetified-timber-5.0.1-api.jar with CopyTransform
Transforming jetified-annotation-experimental-1.3.0-api.jar with JetifyTransform
Transforming jetified-annotation-experimental-1.3.0-api.jar with IdentityTransform
Transforming jetified-annotation-experimental-1.3.0-api.jar with IdentityTransform
Transforming jetified-annotation-experimental-1.3.0-api.jar with CopyTransform
Transforming jetified-savedstate-ktx-1.2.1-api.jar with JetifyTransform
Transforming jetified-savedstate-ktx-1.2.1-api.jar with IdentityTransform
Transforming jetified-savedstate-ktx-1.2.1-api.jar with IdentityTransform
Transforming jetified-savedstate-ktx-1.2.1-api.jar with CopyTransform
Transforming jetified-savedstate-1.2.1-api.jar with JetifyTransform
Transforming jetified-savedstate-1.2.1-api.jar with IdentityTransform
Transforming jetified-savedstate-1.2.1-api.jar with IdentityTransform
Transforming jetified-savedstate-1.2.1-api.jar with CopyTransform
Transforming jetified-datastore-1.0.0-api.jar with JetifyTransform
Transforming jetified-datastore-1.0.0-api.jar with IdentityTransform
Transforming jetified-datastore-1.0.0-api.jar with IdentityTransform
Transforming jetified-datastore-1.0.0-api.jar with CopyTransform
Transforming jetified-datastore-preferences-core-1.0.0.jar with JetifyTransform
Transforming jetified-datastore-preferences-core-1.0.0.jar with IdentityTransform
Transforming jetified-datastore-preferences-core-1.0.0.jar with IdentityTransform
Transforming jetified-datastore-preferences-core-1.0.0.jar with CopyTransform
Transforming jetified-runtime-saveable-release-api.jar with JetifyTransform
Transforming jetified-runtime-saveable-release-api.jar with IdentityTransform
Transforming jetified-runtime-saveable-release-api.jar with IdentityTransform
Transforming jetified-runtime-saveable-release-api.jar with CopyTransform
Transforming jetified-runtime-release-api.jar with JetifyTransform
Transforming jetified-runtime-release-api.jar with IdentityTransform
Transforming jetified-runtime-release-api.jar with IdentityTransform
Transforming jetified-runtime-release-api.jar with CopyTransform
Transforming jetified-datastore-core-1.0.0.jar with JetifyTransform
Transforming jetified-datastore-core-1.0.0.jar with IdentityTransform
Transforming jetified-datastore-core-1.0.0.jar with IdentityTransform
Transforming jetified-datastore-core-1.0.0.jar with CopyTransform
Transforming jetified-kotlinx-coroutines-core-jvm-1.7.3.jar with JetifyTransform
Transforming jetified-kotlinx-coroutines-core-jvm-1.7.3.jar with IdentityTransform
Transforming jetified-kotlinx-coroutines-core-jvm-1.7.3.jar with IdentityTransform
Transforming jetified-kotlinx-coroutines-core-jvm-1.7.3.jar with CopyTransform
Transforming jetified-kotlinx-coroutines-android-1.7.3.jar with JetifyTransform
Transforming jetified-kotlinx-coroutines-android-1.7.3.jar with IdentityTransform
Transforming jetified-kotlinx-coroutines-android-1.7.3.jar with IdentityTransform
Transforming jetified-kotlinx-coroutines-android-1.7.3.jar with CopyTransform
Transforming jetified-converter-gson-2.9.0.jar with JetifyTransform
Transforming jetified-converter-gson-2.9.0.jar with IdentityTransform
Transforming jetified-converter-gson-2.9.0.jar with IdentityTransform
Transforming jetified-converter-gson-2.9.0.jar with CopyTransform
Transforming jetified-retrofit-2.9.0.jar with JetifyTransform
Transforming jetified-retrofit-2.9.0.jar with IdentityTransform
Transforming jetified-retrofit-2.9.0.jar with IdentityTransform
Transforming jetified-retrofit-2.9.0.jar with CopyTransform
Transforming jetified-logging-interceptor-4.12.0.jar with JetifyTransform
Transforming jetified-logging-interceptor-4.12.0.jar with IdentityTransform
Transforming jetified-logging-interceptor-4.12.0.jar with IdentityTransform
Transforming jetified-logging-interceptor-4.12.0.jar with CopyTransform
Transforming jetified-okhttp-4.12.0.jar with JetifyTransform
Transforming jetified-okhttp-4.12.0.jar with IdentityTransform
Transforming jetified-okhttp-4.12.0.jar with IdentityTransform
Transforming jetified-okhttp-4.12.0.jar with CopyTransform
Transforming jetified-okio-jvm-3.6.0.jar with JetifyTransform
Transforming jetified-okio-jvm-3.6.0.jar with IdentityTransform
Transforming jetified-okio-jvm-3.6.0.jar with IdentityTransform
Transforming jetified-okio-jvm-3.6.0.jar with CopyTransform
Transforming jetified-kotlin-stdlib-jdk8-1.9.10.jar with JetifyTransform
Transforming jetified-kotlin-stdlib-jdk8-1.9.10.jar with IdentityTransform
Transforming jetified-kotlin-stdlib-jdk8-1.9.10.jar with IdentityTransform
Transforming jetified-kotlin-stdlib-jdk8-1.9.10.jar with CopyTransform
Transforming sqlite-framework-2.4.0-api.jar with JetifyTransform
Transforming sqlite-framework-2.4.0-api.jar with IdentityTransform
Transforming sqlite-framework-2.4.0-api.jar with IdentityTransform
Transforming sqlite-framework-2.4.0-api.jar with CopyTransform
Transforming sqlite-2.4.0-api.jar with JetifyTransform
Transforming sqlite-2.4.0-api.jar with IdentityTransform
Transforming sqlite-2.4.0-api.jar with IdentityTransform
Transforming sqlite-2.4.0-api.jar with CopyTransform
Transforming versionedparcelable-1.1.1-api.jar with JetifyTransform
Transforming versionedparcelable-1.1.1-api.jar with IdentityTransform
Transforming versionedparcelable-1.1.1-api.jar with IdentityTransform
Transforming versionedparcelable-1.1.1-api.jar with CopyTransform
Transforming core-runtime-2.2.0-api.jar with JetifyTransform
Transforming core-runtime-2.2.0-api.jar with IdentityTransform
Transforming core-runtime-2.2.0-api.jar with IdentityTransform
Transforming core-runtime-2.2.0-api.jar with CopyTransform
Transforming core-common-2.2.0.jar with JetifyTransform
Transforming core-common-2.2.0.jar with IdentityTransform
Transforming core-common-2.2.0.jar with IdentityTransform
Transforming core-common-2.2.0.jar with CopyTransform
Transforming jetified-collection-jvm-1.3.0.jar with JetifyTransform
Transforming jetified-collection-jvm-1.3.0.jar with IdentityTransform
Transforming jetified-collection-jvm-1.3.0.jar with IdentityTransform
Transforming jetified-collection-jvm-1.3.0.jar with CopyTransform
Transforming jetified-annotation-jvm-1.7.0.jar with JetifyTransform
Transforming jetified-annotation-jvm-1.7.0.jar with IdentityTransform
Transforming jetified-annotation-jvm-1.7.0.jar with IdentityTransform
Transforming jetified-annotation-jvm-1.7.0.jar with CopyTransform
Transforming jetified-kotlin-stdlib-jdk7-1.9.10.jar with JetifyTransform
Transforming jetified-kotlin-stdlib-jdk7-1.9.10.jar with IdentityTransform
Transforming jetified-kotlin-stdlib-jdk7-1.9.10.jar with IdentityTransform
Transforming jetified-kotlin-stdlib-jdk7-1.9.10.jar with CopyTransform
Transforming jetified-kotlin-stdlib-1.9.21.jar with JetifyTransform
Transforming jetified-kotlin-stdlib-1.9.21.jar with IdentityTransform
Transforming jetified-kotlin-stdlib-1.9.21.jar with IdentityTransform
Transforming jetified-kotlin-stdlib-1.9.21.jar with CopyTransform
Transforming jetified-annotations-23.0.0.jar with JetifyTransform
Transforming jetified-annotations-23.0.0.jar with IdentityTransform
Transforming jetified-annotations-23.0.0.jar with IdentityTransform
Transforming jetified-annotations-23.0.0.jar with CopyTransform
Transforming jetified-listenablefuture-1.0.jar with JetifyTransform
Transforming jetified-listenablefuture-1.0.jar with IdentityTransform
Transforming jetified-listenablefuture-1.0.jar with IdentityTransform
Transforming jetified-listenablefuture-1.0.jar with CopyTransform
Transforming jetified-startup-runtime-1.1.1-api.jar with JetifyTransform
Transforming jetified-startup-runtime-1.1.1-api.jar with IdentityTransform
Transforming jetified-startup-runtime-1.1.1-api.jar with IdentityTransform
Transforming jetified-startup-runtime-1.1.1-api.jar with CopyTransform
Transforming jetified-hilt-core-2.48.1.jar with JetifyTransform
Transforming jetified-hilt-core-2.48.1.jar with IdentityTransform
Transforming jetified-hilt-core-2.48.1.jar with IdentityTransform
Transforming jetified-hilt-core-2.48.1.jar with CopyTransform
Transforming jetified-dagger-2.48.1.jar with JetifyTransform
Transforming jetified-dagger-2.48.1.jar with IdentityTransform
Transforming jetified-dagger-2.48.1.jar with IdentityTransform
Transforming jetified-dagger-2.48.1.jar with CopyTransform
Transforming jetified-javax.inject-1.jar with JetifyTransform
Transforming jetified-javax.inject-1.jar with IdentityTransform
Transforming jetified-javax.inject-1.jar with IdentityTransform
Transforming jetified-javax.inject-1.jar with CopyTransform
Transforming jetified-dagger-lint-aar-2.48.1-api.jar with JetifyTransform
Transforming jetified-dagger-lint-aar-2.48.1-api.jar with IdentityTransform
Transforming jetified-dagger-lint-aar-2.48.1-api.jar with IdentityTransform
Transforming jetified-dagger-lint-aar-2.48.1-api.jar with CopyTransform
Transforming jetified-jsr305-3.0.2.jar with JetifyTransform
Transforming jetified-jsr305-3.0.2.jar with IdentityTransform
Transforming jetified-jsr305-3.0.2.jar with IdentityTransform
Transforming jetified-jsr305-3.0.2.jar with CopyTransform
Transforming jetified-hilt-common-1.1.0.jar with JetifyTransform
Transforming jetified-hilt-common-1.1.0.jar with IdentityTransform
Transforming jetified-hilt-common-1.1.0.jar with IdentityTransform
Transforming jetified-hilt-common-1.1.0.jar with CopyTransform
Transforming jetified-gson-2.8.5.jar with JetifyTransform
Transforming jetified-gson-2.8.5.jar with IdentityTransform
Transforming jetified-gson-2.8.5.jar with IdentityTransform
Transforming jetified-gson-2.8.5.jar with CopyTransform
Transforming debug with CopyTransform
Transforming debug with CopyTransform
Transforming classes with CopyTransform
Transforming core-for-system-modules.jar with JdkImageTransform
Full recompilation is required because no incremental change information is available. This is usually caused by clean builds or changing compiler arguments.
Compiling with toolchain 'C:\Users\13880\.jdks\ms-17.0.18'.
Compiling with JDK Java compiler API.
D:\workspace\workbuddy\csBaby\app\build\generated\hilt\component_sources\debug\com\csbaby\kefu\KefuApplication_HiltComponents.java:157: ����: [Dagger/DuplicateBindings] com.csbaby.kefu.infrastructure.ota.OtaScheduler is bound multiple times:
  public abstract static class SingletonC implements KefuApplication_GeneratedInjector,
                         ^
          @Provides @Singleton com.csbaby.kefu.infrastructure.ota.OtaScheduler com.csbaby.kefu.di.OtaAndOssModule.provideOtaScheduler(@dagger.hilt.android.qualifiers.ApplicationContext android.content.Context)
          @Provides @Singleton com.csbaby.kefu.infrastructure.ota.OtaScheduler com.csbaby.kefu.di.OtaModule.provideOtaScheduler(@dagger.hilt.android.qualifiers.ApplicationContext android.content.Context)
      com.csbaby.kefu.infrastructure.ota.OtaScheduler is injected at
          com.csbaby.kefu.KefuApplication.otaScheduler
      com.csbaby.kefu.KefuApplication is injected at
          com.csbaby.kefu.KefuApplication_GeneratedInjector.injectKefuApplication(com.csbaby.kefu.KefuApplication)
D:\workspace\workbuddy\csBaby\app\build\generated\hilt\component_sources\debug\com\csbaby\kefu\KefuApplication_HiltComponents.java:157: ����: [Dagger/DuplicateBindings] com.csbaby.kefu.infrastructure.ota.OtaManager is bound multiple times:
  public abstract static class SingletonC implements KefuApplication_GeneratedInjector,
                         ^
          @Provides @Singleton com.csbaby.kefu.infrastructure.ota.OtaManager com.csbaby.kefu.di.OtaAndOssModule.provideOtaManager(@dagger.hilt.android.qualifiers.ApplicationContext android.content.Context, com.csbaby.kefu.data.repository.OtaRepository)
          @Provides @Singleton com.csbaby.kefu.infrastructure.ota.OtaManager com.csbaby.kefu.di.OtaModule.provideOtaManager(@dagger.hilt.android.qualifiers.ApplicationContext android.content.Context, com.csbaby.kefu.data.repository.OtaRepository)
      com.csbaby.kefu.infrastructure.ota.OtaManager is injected at
          com.csbaby.kefu.presentation.screens.profile.ProfileViewModel(��, otaManager, ��)
      com.csbaby.kefu.presentation.screens.profile.ProfileViewModel is injected at
          com.csbaby.kefu.presentation.screens.profile.ProfileViewModel_HiltModules.BindsModule.binds(vm)
      @dagger.hilt.android.internal.lifecycle.HiltViewModelMap java.util.Map<java.lang.String,javax.inject.Provider<androidx.lifecycle.ViewModel>> is requested at
          dagger.hilt.android.internal.lifecycle.HiltViewModelFactory.ViewModelFactoriesEntryPoint.getHiltViewModelMap() [com.csbaby.kefu.KefuApplication_HiltComponents.SingletonC �� com.csbaby.kefu.KefuApplication_HiltComponents.ActivityRetainedC �� com.csbaby.kefu.KefuApplication_HiltComponents.ViewModelC]
D:\workspace\workbuddy\csBaby\app\build\generated\hilt\component_sources\debug\com\csbaby\kefu\KefuApplication_HiltComponents.java:157: ����: [Dagger/DuplicateBindings] com.csbaby.kefu.data.repository.OtaRepository is bound multiple times:
  public abstract static class SingletonC implements KefuApplication_GeneratedInjector,
                         ^
          @Provides @Singleton com.csbaby.kefu.data.repository.OtaRepository com.csbaby.kefu.di.OtaAndOssModule.provideOtaRepository(@dagger.hilt.android.qualifiers.ApplicationContext android.content.Context, com.csbaby.kefu.data.remote.OtaApiService)
          @Provides @Singleton com.csbaby.kefu.data.repository.OtaRepository com.csbaby.kefu.di.OtaModule.provideOtaRepository(@dagger.hilt.android.qualifiers.ApplicationContext android.content.Context, com.csbaby.kefu.data.remote.OtaApiService)
      com.csbaby.kefu.data.repository.OtaRepository is injected at
          com.csbaby.kefu.di.OtaModule.provideOtaManager(��, repository)
      com.csbaby.kefu.infrastructure.ota.OtaManager is injected at
          com.csbaby.kefu.presentation.screens.profile.ProfileViewModel(��, otaManager, ��)
      com.csbaby.kefu.presentation.screens.profile.ProfileViewModel is injected at
          com.csbaby.kefu.presentation.screens.profile.ProfileViewModel_HiltModules.BindsModule.binds(vm)
      @dagger.hilt.android.internal.lifecycle.HiltViewModelMap java.util.Map<java.lang.String,javax.inject.Provider<androidx.lifecycle.ViewModel>> is requested at
          dagger.hilt.android.internal.lifecycle.HiltViewModelFactory.ViewModelFactoriesEntryPoint.getHiltViewModelMap() [com.csbaby.kefu.KefuApplication_HiltComponents.SingletonC �� com.csbaby.kefu.KefuApplication_HiltComponents.ActivityRetainedC �� com.csbaby.kefu.KefuApplication_HiltComponents.ViewModelC]
  It is also requested at:
      com.csbaby.kefu.di.OtaAndOssModule.provideOtaManager(��, repository)
D:\workspace\workbuddy\csBaby\app\build\generated\hilt\component_sources\debug\com\csbaby\kefu\KefuApplication_HiltComponents.java:157: ����: [Dagger/DuplicateBindings] com.csbaby.kefu.data.remote.OtaApiService is bound multiple times:
  public abstract static class SingletonC implements KefuApplication_GeneratedInjector,
                         ^
          @Provides @Singleton com.csbaby.kefu.data.remote.OtaApiService com.csbaby.kefu.di.OtaAndOssModule.provideOtaApiService(retrofit2.Retrofit)
          @Provides @Singleton com.csbaby.kefu.data.remote.OtaApiService com.csbaby.kefu.di.OtaModule.provideOtaApiService(retrofit2.Retrofit)
      com.csbaby.kefu.data.remote.OtaApiService is injected at
          com.csbaby.kefu.di.OtaModule.provideOtaRepository(��, apiService)
      com.csbaby.kefu.data.repository.OtaRepository is injected at
          com.csbaby.kefu.di.OtaModule.provideOtaManager(��, repository)
      com.csbaby.kefu.infrastructure.ota.OtaManager is injected at
          com.csbaby.kefu.presentation.screens.profile.ProfileViewModel(��, otaManager, ��)
      com.csbaby.kefu.presentation.screens.profile.ProfileViewModel is injected at
          com.csbaby.kefu.presentation.screens.profile.ProfileViewModel_HiltModules.BindsModule.binds(vm)
      @dagger.hilt.android.internal.lifecycle.HiltViewModelMap java.util.Map<java.lang.String,javax.inject.Provider<androidx.lifecycle.ViewModel>> is requested at
          dagger.hilt.android.internal.lifecycle.HiltViewModelFactory.ViewModelFactoriesEntryPoint.getHiltViewModelMap() [com.csbaby.kefu.KefuApplication_HiltComponents.SingletonC �� com.csbaby.kefu.KefuApplication_HiltComponents.ActivityRetainedC �� com.csbaby.kefu.KefuApplication_HiltComponents.ViewModelC]
  It is also requested at:
      com.csbaby.kefu.di.OtaAndOssModule.provideOtaRepository(��, apiService)
D:\workspace\workbuddy\csBaby\app\build\generated\hilt\component_sources\debug\com\csbaby\kefu\KefuApplication_HiltComponents.java:157: ����: [Dagger/DuplicateBindings] com.csbaby.kefu.infrastructure.oss.AliyunOssManager is bound multiple times:
  public abstract static class SingletonC implements KefuApplication_GeneratedInjector,
                         ^
          @Provides @Singleton com.csbaby.kefu.infrastructure.oss.AliyunOssManager com.csbaby.kefu.di.OssModule.provideAliyunOssManager(@dagger.hilt.android.qualifiers.ApplicationContext android.content.Context)
          @Provides @Singleton com.csbaby.kefu.infrastructure.oss.AliyunOssManager com.csbaby.kefu.di.OtaAndOssModule.provideAliyunOssManager(@dagger.hilt.android.qualifiers.ApplicationContext android.content.Context)
      com.csbaby.kefu.infrastructure.oss.AliyunOssManager is injected at
          com.csbaby.kefu.presentation.screens.profile.ProfileViewModel(��, ossManager)
      com.csbaby.kefu.presentation.screens.profile.ProfileViewModel is injected at
          com.csbaby.kefu.presentation.screens.profile.ProfileViewModel_HiltModules.BindsModule.binds(vm)
      @dagger.hilt.android.internal.lifecycle.HiltViewModelMap java.util.Map<java.lang.String,javax.inject.Provider<androidx.lifecycle.ViewModel>> is requested at
          dagger.hilt.android.internal.lifecycle.HiltViewModelFactory.ViewModelFactoriesEntryPoint.getHiltViewModelMap() [com.csbaby.kefu.KefuApplication_HiltComponents.SingletonC �� com.csbaby.kefu.KefuApplication_HiltComponents.ActivityRetainedC �� com.csbaby.kefu.KefuApplication_HiltComponents.ViewModelC]
5 ������

FAILURE: Build failed with an exception.

* What went wrong:
Execution failed for task ':app:hiltJavaCompileDebug'.
> Compilation failed; see the compiler error output for details.

* Try:
> Run with --scan to get full insights.

BUILD FAILED in 3s
25 actionable tasks: 2 executed, 23 up-to-date
Watched directory hierarchies: [D:\workspace\workbuddy\csBaby]
